../Src/APP/SCommands/SCommands_Program.c:40:16:SCommands_Init	8	static
../Src/APP/SCommands/SCommands_Program.c:83:6:SCommands_GetUVStatus	16	static
../Src/APP/SCommands/SCommands_Program.c:104:6:SCommands_SetUVOn	16	static
../Src/APP/SCommands/SCommands_Program.c:120:6:SCommands_SetUVOff	16	static
../Src/APP/SCommands/SCommands_Program.c:136:6:SCommands_GetVisStatus	16	static
../Src/APP/SCommands/SCommands_Program.c:153:6:SCommands_SetVisOn	16	static
../Src/APP/SCommands/SCommands_Program.c:169:6:SCommands_SetVisOff	16	static
../Src/APP/SCommands/SCommands_Program.c:184:6:SCommands_GetSupplyVoltages	192	static
../Src/APP/SCommands/SCommands_Program.c:246:6:SCommands_SendCurrentMotorsSteps	24	static
../Src/APP/SCommands/SCommands_Program.c:263:6:SCommands_HomeLampMotor	16	static
../Src/APP/SCommands/SCommands_Program.c:276:6:SCommands_HomeWLSelectMotor	16	static
../Src/APP/SCommands/SCommands_Program.c:289:6:SCommands_HomeFilterSelectMotor	16	static
../Src/APP/SCommands/SCommands_Program.c:302:6:SCommands_SendCurrentWL	48	static
../Src/APP/SCommands/SCommands_Program.c:314:6:SCommands_GetLampMotorPosition	16	static
../Src/APP/SCommands/SCommands_Program.c:335:6:SCommands_SetLampMotorVisible	16	static
../Src/APP/SCommands/SCommands_Program.c:348:6:SCommands_SetLampMotorUV	16	static
../Src/APP/SCommands/SCommands_Program.c:361:6:SCommands_SendCurrentDateTime	16	static
../Src/APP/SCommands/SCommands_Program.c:373:6:SCommands_SendCurrentDetectorValues	40	static
../Src/APP/SCommands/SCommands_Program.c:422:6:SCommands_StopScan	4	static
../Src/APP/SCommands/SCommands_Program.c:426:6:SCommands_UpdateDateTime	32	static
../Src/APP/SCommands/SCommands_Program.c:526:6:SCommands_SaveFilterMotorCalibSteps	24	static
../Src/APP/SCommands/SCommands_Program.c:543:6:SCommands_SaveFilterMotorCalibWL	24	static
../Src/APP/SCommands/SCommands_Program.c:559:6:SCommands_SaveGratingMotorCalibSteps	24	static
../Src/APP/SCommands/SCommands_Program.c:574:6:SCommands_SaveGratingMotorCalibWL	24	static
../Src/APP/SCommands/SCommands_Program.c:592:6:SCommands_ScanTimeOperation	16	static
../Src/APP/SCommands/SCommands_Program.c:609:6:SCommands_ScanTimeStartOperation	48	static
../Src/APP/SCommands/SCommands_Program.c:686:6:SCommands_ScanOperation	32	static
../Src/APP/SCommands/SCommands_Program.c:797:6:SCommands_StartOperation	72	static
../Src/APP/SCommands/SCommands_Program.c:904:6:SCommands_SetReferenceGain	24	static
../Src/APP/SCommands/SCommands_Program.c:919:6:SCommands_SetSampleGain	24	static
../Src/APP/SCommands/SCommands_Program.c:935:6:SCommands_MoveFilterRight	24	static
../Src/APP/SCommands/SCommands_Program.c:950:6:SCommands_MoveFilterLeft	24	static
../Src/APP/SCommands/SCommands_Program.c:965:6:SCommands_SelectFilter	24	static
../Src/APP/SCommands/SCommands_Program.c:981:6:SCommands_SelectGratingWL	24	static
../Src/APP/SCommands/SCommands_Program.c:996:6:SCommands_MoveGratingLeft	24	static
../Src/APP/SCommands/SCommands_Program.c:1011:6:SCommands_MoveGratingRight	24	static
