Archive member included to satisfy reference by file (symbol)

C:/ST/STM32CubeIDE_1.4.0/STM32CubeIDE/plugins/com.st.stm32cube.ide.mcu.externaltools.gnu-tools-for-stm32.11.3.rel1.win32_1.1.100.202309141235/tools/bin/../lib/gcc/arm-none-eabi/11.3.1/../../../../arm-none-eabi/lib/thumb/v7-m/nofp\libc_nano.a(libc_a-exit.o)
                              C:/ST/STM32CubeIDE_1.4.0/STM32CubeIDE/plugins/com.st.stm32cube.ide.mcu.externaltools.gnu-tools-for-stm32.11.3.rel1.win32_1.1.100.202309141235/tools/bin/../lib/gcc/arm-none-eabi/11.3.1/../../../../arm-none-eabi/lib/thumb/v7-m/nofp/crt0.o (exit)
C:/ST/STM32CubeIDE_1.4.0/STM32CubeIDE/plugins/com.st.stm32cube.ide.mcu.externaltools.gnu-tools-for-stm32.11.3.rel1.win32_1.1.100.202309141235/tools/bin/../lib/gcc/arm-none-eabi/11.3.1/../../../../arm-none-eabi/lib/thumb/v7-m/nofp\libc_nano.a(libc_a-findfp.o)
                              C:/ST/STM32CubeIDE_1.4.0/STM32CubeIDE/plugins/com.st.stm32cube.ide.mcu.externaltools.gnu-tools-for-stm32.11.3.rel1.win32_1.1.100.202309141235/tools/bin/../lib/gcc/arm-none-eabi/11.3.1/../../../../arm-none-eabi/lib/thumb/v7-m/nofp\libc_nano.a(libc_a-exit.o) (__stdio_exit_handler)
C:/ST/STM32CubeIDE_1.4.0/STM32CubeIDE/plugins/com.st.stm32cube.ide.mcu.externaltools.gnu-tools-for-stm32.11.3.rel1.win32_1.1.100.202309141235/tools/bin/../lib/gcc/arm-none-eabi/11.3.1/../../../../arm-none-eabi/lib/thumb/v7-m/nofp\libc_nano.a(libc_a-fwalk.o)
                              C:/ST/STM32CubeIDE_1.4.0/STM32CubeIDE/plugins/com.st.stm32cube.ide.mcu.externaltools.gnu-tools-for-stm32.11.3.rel1.win32_1.1.100.202309141235/tools/bin/../lib/gcc/arm-none-eabi/11.3.1/../../../../arm-none-eabi/lib/thumb/v7-m/nofp\libc_nano.a(libc_a-findfp.o) (_fwalk_sglue)
C:/ST/STM32CubeIDE_1.4.0/STM32CubeIDE/plugins/com.st.stm32cube.ide.mcu.externaltools.gnu-tools-for-stm32.11.3.rel1.win32_1.1.100.202309141235/tools/bin/../lib/gcc/arm-none-eabi/11.3.1/../../../../arm-none-eabi/lib/thumb/v7-m/nofp\libc_nano.a(libc_a-stdio.o)
                              C:/ST/STM32CubeIDE_1.4.0/STM32CubeIDE/plugins/com.st.stm32cube.ide.mcu.externaltools.gnu-tools-for-stm32.11.3.rel1.win32_1.1.100.202309141235/tools/bin/../lib/gcc/arm-none-eabi/11.3.1/../../../../arm-none-eabi/lib/thumb/v7-m/nofp\libc_nano.a(libc_a-findfp.o) (__sread)
C:/ST/STM32CubeIDE_1.4.0/STM32CubeIDE/plugins/com.st.stm32cube.ide.mcu.externaltools.gnu-tools-for-stm32.11.3.rel1.win32_1.1.100.202309141235/tools/bin/../lib/gcc/arm-none-eabi/11.3.1/../../../../arm-none-eabi/lib/thumb/v7-m/nofp\libc_nano.a(libc_a-memset.o)
                              C:/ST/STM32CubeIDE_1.4.0/STM32CubeIDE/plugins/com.st.stm32cube.ide.mcu.externaltools.gnu-tools-for-stm32.11.3.rel1.win32_1.1.100.202309141235/tools/bin/../lib/gcc/arm-none-eabi/11.3.1/../../../../arm-none-eabi/lib/thumb/v7-m/nofp/crt0.o (memset)
C:/ST/STM32CubeIDE_1.4.0/STM32CubeIDE/plugins/com.st.stm32cube.ide.mcu.externaltools.gnu-tools-for-stm32.11.3.rel1.win32_1.1.100.202309141235/tools/bin/../lib/gcc/arm-none-eabi/11.3.1/../../../../arm-none-eabi/lib/thumb/v7-m/nofp\libc_nano.a(libc_a-difftime.o)
                              ./Src/MCAL/RTC/RTC_Program.o (difftime)
C:/ST/STM32CubeIDE_1.4.0/STM32CubeIDE/plugins/com.st.stm32cube.ide.mcu.externaltools.gnu-tools-for-stm32.11.3.rel1.win32_1.1.100.202309141235/tools/bin/../lib/gcc/arm-none-eabi/11.3.1/../../../../arm-none-eabi/lib/thumb/v7-m/nofp\libc_nano.a(libc_a-lcltime.o)
                              ./Src/MCAL/RTC/RTC_Program.o (localtime)
C:/ST/STM32CubeIDE_1.4.0/STM32CubeIDE/plugins/com.st.stm32cube.ide.mcu.externaltools.gnu-tools-for-stm32.11.3.rel1.win32_1.1.100.202309141235/tools/bin/../lib/gcc/arm-none-eabi/11.3.1/../../../../arm-none-eabi/lib/thumb/v7-m/nofp\libc_nano.a(libc_a-lcltime_r.o)
                              C:/ST/STM32CubeIDE_1.4.0/STM32CubeIDE/plugins/com.st.stm32cube.ide.mcu.externaltools.gnu-tools-for-stm32.11.3.rel1.win32_1.1.100.202309141235/tools/bin/../lib/gcc/arm-none-eabi/11.3.1/../../../../arm-none-eabi/lib/thumb/v7-m/nofp\libc_nano.a(libc_a-lcltime.o) (localtime_r)
C:/ST/STM32CubeIDE_1.4.0/STM32CubeIDE/plugins/com.st.stm32cube.ide.mcu.externaltools.gnu-tools-for-stm32.11.3.rel1.win32_1.1.100.202309141235/tools/bin/../lib/gcc/arm-none-eabi/11.3.1/../../../../arm-none-eabi/lib/thumb/v7-m/nofp\libc_nano.a(libc_a-mktime.o)
                              ./Src/MCAL/RTC/RTC_Program.o (mktime)
C:/ST/STM32CubeIDE_1.4.0/STM32CubeIDE/plugins/com.st.stm32cube.ide.mcu.externaltools.gnu-tools-for-stm32.11.3.rel1.win32_1.1.100.202309141235/tools/bin/../lib/gcc/arm-none-eabi/11.3.1/../../../../arm-none-eabi/lib/thumb/v7-m/nofp\libc_nano.a(libc_a-month_lengths.o)
                              C:/ST/STM32CubeIDE_1.4.0/STM32CubeIDE/plugins/com.st.stm32cube.ide.mcu.externaltools.gnu-tools-for-stm32.11.3.rel1.win32_1.1.100.202309141235/tools/bin/../lib/gcc/arm-none-eabi/11.3.1/../../../../arm-none-eabi/lib/thumb/v7-m/nofp\libc_nano.a(libc_a-lcltime_r.o) (__month_lengths)
[...]
Memory Configuration

Name             Origin             Length             Attributes
RAM              0x0000000020000000 0x0000000000005000 xrw
FLASH            0x0000000008000000 0x0000000000010000 xr
*default*        0x0000000000000000 0xffffffffffffffff

Linker script and memory map

LOAD C:/ST/STM32CubeIDE_1.4.0/STM32CubeIDE/plugins/com.st.stm32cube.ide.mcu.externaltools.gnu-tools-for-stm32.11.3.rel1.win32_1.1.100.202309141235/tools/bin/../lib/gcc/arm-none-eabi/11.3.1/thumb/v7-m/nofp/crti.o
LOAD C:/ST/STM32CubeIDE_1.4.0/STM32CubeIDE/plugins/com.st.stm32cube.ide.mcu.externaltools.gnu-tools-for-stm32.11.3.rel1.win32_1.1.100.202309141235/tools/bin/../lib/gcc/arm-none-eabi/11.3.1/thumb/v7-m/nofp/crtbegin.o
LOAD C:/ST/STM32CubeIDE_1.4.0/STM32CubeIDE/plugins/com.st.stm32cube.ide.mcu.externaltools.gnu-tools-for-stm32.11.3.rel1.win32_1.1.100.202309141235/tools/bin/../lib/gcc/arm-none-eabi/11.3.1/../../../../arm-none-eabi/lib/thumb/v7-m/nofp/crt0.o
LOAD ./Src/HAL/ADS1115/ADS1115.o
LOAD ./Src/HAL/I2C_EEPROM/I2C_Slave_EEPROM.o
LOAD ./Src/MCAL/ADC/ADC_Program.o
LOAD ./Src/MCAL/AFIO/AFIO_Program.o
LOAD ./Src/MCAL/EXTI/EXTI_Program.o
LOAD ./Src/MCAL/GI/GI_Program.o
LOAD ./Src/MCAL/GPIO/GPIO_Program.o
LOAD ./Src/MCAL/GPTMR/GPTMR_Program.o
LOAD ./Src/MCAL/I2C/I2C_Program.o
LOAD ./Src/MCAL/NVIC/NVIC_Program.o
LOAD ./Src/MCAL/RCC/RCC_Program.o
LOAD ./Src/MCAL/RTC/RTC_Program.o
LOAD ./Src/MCAL/SCB/SCB_Program.o
LOAD ./Src/MCAL/SPI/SPI_Program.o
LOAD ./Src/MCAL/STK/STK_Program.o
LOAD ./Src/MCAL/UART/UART_Program.o
LOAD ./Src/main.o
LOAD ./Src/syscalls.o
LOAD ./Src/sysmem.o
LOAD ./Startup/startup_stm32f103c8tx.o
START GROUP
LOAD C:/ST/STM32CubeIDE_1.4.0/STM32CubeIDE/plugins/com.st.stm32cube.ide.mcu.externaltools.gnu-tools-for-stm32.11.3.rel1.win32_1.1.100.202309141235/tools/bin/../lib/gcc/arm-none-eabi/11.3.1/../../../../arm-none-eabi/lib/thumb/v7-m/nofp\libc_nano.a
LOAD C:/ST/STM32CubeIDE_1.4.0/STM32CubeIDE/plugins/com.st.stm32cube.ide.mcu.externaltools.gnu-tools-for-stm32.11.3.rel1.win32_1.1.100.202309141235/tools/bin/../lib/gcc/arm-none-eabi/11.3.1/../../../../arm-none-eabi/lib/thumb/v7-m/nofp\libm.a
END GROUP
START GROUP
LOAD C:/ST/STM32CubeIDE_1.4.0/STM32CubeIDE/plugins/com.st.stm32cube.ide.mcu.externaltools.gnu-tools-for-stm32.11.3.rel1.win32_1.1.100.202309141235/tools/bin/../lib/gcc/arm-none-eabi/11.3.1/thumb/v7-m/nofp\libgcc.a
LOAD C:/ST/STM32CubeIDE_1.4.0/STM32CubeIDE/plugins/com.st.stm32cube.ide.mcu.externaltools.gnu-tools-for-stm32.11.3.rel1.win32_1.1.100.202309141235/tools/bin/../lib/gcc/arm-none-eabi/11.3.1/../../../../arm-none-eabi/lib/thumb/v7-m/nofp\libg_nano.a
LOAD C:/ST/STM32CubeIDE_1.4.0/STM32CubeIDE/plugins/com.st.stm32cube.ide.mcu.externaltools.gnu-tools-for-stm32.11.3.rel1.win32_1.1.100.202309141235/tools/bin/../lib/gcc/arm-none-eabi/11.3.1/../../../../arm-none-eabi/lib/thumb/v7-m/nofp\libc_nano.a
END GROUP
START GROUP
LOAD C:/ST/STM32CubeIDE_1.4.0/STM32CubeIDE/plugins/com.st.stm32cube.ide.mcu.externaltools.gnu-tools-for-stm32.11.3.rel1.win32_1.1.100.202309141235/tools/bin/../lib/gcc/arm-none-eabi/11.3.1/thumb/v7-m/nofp\libgcc.a
LOAD C:/ST/STM32CubeIDE_1.4.0/STM32CubeIDE/plugins/com.st.stm32cube.ide.mcu.externaltools.gnu-tools-for-stm32.11.3.rel1.win32_1.1.100.202309141235/tools/bin/../lib/gcc/arm-none-eabi/11.3.1/../../../../arm-none-eabi/lib/thumb/v7-m/nofp\libc_nano.a
LOAD C:/ST/STM32CubeIDE_1.4.0/STM32CubeIDE/plugins/com.st.stm32cube.ide.mcu.externaltools.gnu-tools-for-stm32.11.3.rel1.win32_1.1.100.202309141235/tools/bin/../lib/gcc/arm-none-eabi/11.3.1/../../../../arm-none-eabi/lib/thumb/v7-m/nofp\libnosys.a
END GROUP
START GROUP
LOAD C:/ST/STM32CubeIDE_1.4.0/STM32CubeIDE/plugins/com.st.stm32cube.ide.mcu.externaltools.gnu-tools-for-stm32.11.3.rel1.win32_1.1.100.202309141235/tools/bin/../lib/gcc/arm-none-eabi/11.3.1/thumb/v7-m/nofp\libgcc.a
LOAD C:/ST/STM32CubeIDE_1.4.0/STM32CubeIDE/plugins/com.st.stm32cube.ide.mcu.externaltools.gnu-tools-for-stm32.11.3.rel1.win32_1.1.100.202309141235/tools/bin/../lib/gcc/arm-none-eabi/11.3.1/../../../../arm-none-eabi/lib/thumb/v7-m/nofp\libc_nano.a
LOAD C:/ST/STM32CubeIDE_1.4.0/STM32CubeIDE/plugins/com.st.stm32cube.ide.mcu.externaltools.gnu-tools-for-stm32.11.3.rel1.win32_1.1.100.202309141235/tools/bin/../lib/gcc/arm-none-eabi/11.3.1/../../../../arm-none-eabi/lib/thumb/v7-m/nofp\libnosys.a
END GROUP
LOAD C:/ST/STM32CubeIDE_1.4.0/STM32CubeIDE/plugins/com.st.stm32cube.ide.mcu.externaltools.gnu-tools-for-stm32.11.3.rel1.win32_1.1.100.202309141235/tools/bin/../lib/gcc/arm-none-eabi/11.3.1/thumb/v7-m/nofp/crtend.o
LOAD C:/ST/STM32CubeIDE_1.4.0/STM32CubeIDE/plugins/com.st.stm32cube.ide.mcu.externaltools.gnu-tools-for-stm32.11.3.rel1.win32_1.1.100.202309141235/tools/bin/../lib/gcc/arm-none-eabi/11.3.1/thumb/v7-m/nofp/crtn.o
                0x0000000020005000                _estack = (ORIGIN (RAM) + LENGTH (RAM))
                0x0000000000000200                _Min_Heap_Size = 0x200
                0x0000000000000400                _Min_Stack_Size = 0x400

.isr_vector     0x0000000008000000      0x130
                0x0000000008000000                . = ALIGN (0x4)
 *(.isr_vector)
 .isr_vector    0x0000000008000000      0x130 ./Startup/startup_stm32f103c8tx.o
                0x0000000008000000                g_pfnVectors
                0x0000000008000130                . = ALIGN (0x4)

.text           0x0000000008000130     0x1084
                0x0000000008000130                . = ALIGN (0x4)
 *(.text)
 .text          0x0000000008000130       0x40 C:/ST/STM32CubeIDE_1.4.0/STM32CubeIDE/plugins/com.st.stm32cube.ide.mcu.externaltools.gnu-tools-for-stm32.11.3.rel1.win32_1.1.100.202309141235/tools/bin/../lib/gcc/arm-none-eabi/11.3.1/thumb/v7-m/nofp/crtbegin.o
 *(.text*)
 .text.eeprom_init
                0x0000000008000170       0x50 ./Src/HAL/I2C_EEPROM/I2C_Slave_EEPROM.o
                0x0000000008000170                eeprom_init
 .text.eeprom_write_Nbytes
                0x00000000080001c0       0xd4 ./Src/HAL/I2C_EEPROM/I2C_Slave_EEPROM.o
                0x00000000080001c0                eeprom_write_Nbytes
 .text.eeprom_read_byte
                0x0000000008000294       0x54 ./Src/HAL/I2C_EEPROM/I2C_Slave_EEPROM.o
                0x0000000008000294                eeprom_read_byte
 .text.ADC1_2_IRQHandler
                0x00000000080002e8       0x4c ./Src/MCAL/ADC/ADC_Program.o
                0x00000000080002e8                ADC1_2_IRQHandler
 .text.EXTI0_IRQHandler
                0x0000000008000334       0x2c ./Src/MCAL/EXTI/EXTI_Program.o
                0x0000000008000334                EXTI0_IRQHandler
 .text.EXTI1_IRQHandler
                0x0000000008000360       0x2c ./Src/MCAL/EXTI/EXTI_Program.o
                0x0000000008000360                EXTI1_IRQHandler
 .text.EXTI2_IRQHandler
                0x000000000800038c       0x2c ./Src/MCAL/EXTI/EXTI_Program.o
                0x000000000800038c                EXTI2_IRQHandler
 .text.EXTI3_IRQHandler
                0x00000000080003b8       0x2c ./Src/MCAL/EXTI/EXTI_Program.o
                0x00000000080003b8                EXTI3_IRQHandler
 .text.EXTI4_IRQHandler
                0x00000000080003e4       0x2c ./Src/MCAL/EXTI/EXTI_Program.o
                0x00000000080003e4                EXTI4_IRQHandler
 .text.EXTI9_5_IRQHandler
                0x0000000008000410       0xd8 ./Src/MCAL/EXTI/EXTI_Program.o
                0x0000000008000410                EXTI9_5_IRQHandler
 .text.EXTI15_10_IRQHandler
                0x00000000080004e8      0x100 ./Src/MCAL/EXTI/EXTI_Program.o
                0x00000000080004e8                EXTI15_10_IRQHandler
 .text.MGPIO_SetPinMode
                0x00000000080005e8      0x1cc ./Src/MCAL/GPIO/GPIO_Program.o
                0x00000000080005e8                MGPIO_SetPinMode
 .text.TIM2_IRQHandler
                0x00000000080007b4       0x30 ./Src/MCAL/GPTMR/GPTMR_Program.o
                0x00000000080007b4                TIM2_IRQHandler
 .text.TIM3_IRQHandler
                0x00000000080007e4       0x30 ./Src/MCAL/GPTMR/GPTMR_Program.o
                0x00000000080007e4                TIM3_IRQHandler
 .text.TIM4_IRQHandler
                0x0000000008000814       0x30 ./Src/MCAL/GPTMR/GPTMR_Program.o
                0x0000000008000814                TIM4_IRQHandler
 .text.MCAL_I2C_Init
                0x0000000008000844      0x190 ./Src/MCAL/I2C/I2C_Program.o
                0x0000000008000844                MCAL_I2C_Init
 .text.MCAL_I2C_RESET
                0x00000000080009d4       0x1c ./Src/MCAL/I2C/I2C_Program.o
                0x00000000080009d4                MCAL_I2C_RESET
 .text.MCAL_I2C_GPIO_Set_Pins
                0x00000000080009f0       0x54 ./Src/MCAL/I2C/I2C_Program.o
                0x00000000080009f0                MCAL_I2C_GPIO_Set_Pins
 .text.MCAL_I2C_MASTER_TX
                0x0000000008000a44       0xbc ./Src/MCAL/I2C/I2C_Program.o
                0x0000000008000a44                MCAL_I2C_MASTER_TX
 .text.MCAL_I2C_MASTER_RX
                0x0000000008000b00      0x100 ./Src/MCAL/I2C/I2C_Program.o
                0x0000000008000b00                MCAL_I2C_MASTER_RX
 .text.I2C_GenerateSTART
                0x0000000008000c00       0x4e ./Src/MCAL/I2C/I2C_Program.o
                0x0000000008000c00                I2C_GenerateSTART
 *fill*         0x0000000008000c4e        0x2 
 .text.I2C_GetFlagStatus
                0x0000000008000c50      0x10c ./Src/MCAL/I2C/I2C_Program.o
                0x0000000008000c50                I2C_GetFlagStatus
 .text.I2C_SendAddress
                0x0000000008000d5c       0x3e ./Src/MCAL/I2C/I2C_Program.o
                0x0000000008000d5c                I2C_SendAddress
 .text.I2C_GenerateSTOP
                0x0000000008000d9a       0x36 ./Src/MCAL/I2C/I2C_Program.o
                0x0000000008000d9a                I2C_GenerateSTOP
 .text.I2C_ACKnowledgeConfig
                0x0000000008000dd0       0x36 ./Src/MCAL/I2C/I2C_Program.o
                0x0000000008000dd0                I2C_ACKnowledgeConfig
 .text.delay_ms
                0x0000000008000e06       0x34 ./Src/MCAL/I2C/I2C_Program.o
                0x0000000008000e06                delay_ms
 *fill*         0x0000000008000e3a        0x2 
 .text.MRCC_InitClock
                0x0000000008000e3c       0x90 ./Src/MCAL/RCC/RCC_Program.o
                0x0000000008000e3c                MRCC_InitClock
 .text.MRCC_EnablePeripheralClock
                0x0000000008000ecc       0x94 ./Src/MCAL/RCC/RCC_Program.o
                0x0000000008000ecc                MRCC_EnablePeripheralClock
 .text.RTC_IRQHandler
                0x0000000008000f60       0x2c ./Src/MCAL/RTC/RTC_Program.o
                0x0000000008000f60                RTC_IRQHandler
 .text.SysTick_Handler
                0x0000000008000f8c       0x1c ./Src/MCAL/STK/STK_Program.o
                0x0000000008000f8c                SysTick_Handler
 .text.USART1_IRQHandler
                0x0000000008000fa8       0x40 ./Src/MCAL/UART/UART_Program.o
                0x0000000008000fa8                USART1_IRQHandler
 .text.USART2_IRQHandler
                0x0000000008000fe8       0x40 ./Src/MCAL/UART/UART_Program.o
                0x0000000008000fe8                USART2_IRQHandler
 .text.USART3_IRQHandler
                0x0000000008001028       0x40 ./Src/MCAL/UART/UART_Program.o
                0x0000000008001028                USART3_IRQHandler
 .text.main     0x0000000008001068       0x98 ./Src/main.o
                0x0000000008001068                main
 .text.Reset_Handler
                0x0000000008001100       0x50 ./Startup/startup_stm32f103c8tx.o
                0x0000000008001100                Reset_Handler
 .text.Default_Handler
                0x0000000008001150        0x2 ./Startup/startup_stm32f103c8tx.o
                0x0000000008001150                TIM8_TRG_COM_IRQHandler
                0x0000000008001150                TIM8_CC_IRQHandler
                0x0000000008001150                DebugMon_Handler
                0x0000000008001150                TIM1_CC_IRQHandler
                0x0000000008001150                HardFault_Handler
                0x0000000008001150                TIM6_IRQHandler
                0x0000000008001150                PVD_IRQHandler
                0x0000000008001150                SDIO_IRQHandler
                0x0000000008001150                PendSV_Handler
                0x0000000008001150                NMI_Handler
                0x0000000008001150                USB_HP_CAN_TX_IRQHandler
                0x0000000008001150                I2C2_EV_IRQHandler
                0x0000000008001150                UsageFault_Handler
                0x0000000008001150                SPI1_IRQHandler
                0x0000000008001150                CAN_SCE_IRQHandler
                0x0000000008001150                TAMPER_IRQHandler
                0x0000000008001150                TIM8_UP_IRQHandler
                0x0000000008001150                DMA2_Channel2_IRQHandler
                0x0000000008001150                DMA1_Channel4_IRQHandler
                0x0000000008001150                DMA1_Channel7_IRQHandler
                0x0000000008001150                UART5_IRQHandler
                0x0000000008001150                ADC3_IRQHandler
                0x0000000008001150                CAN_RX1_IRQHandler
                0x0000000008001150                DMA2_Channel1_IRQHandler
                0x0000000008001150                I2C1_EV_IRQHandler
                0x0000000008001150                DMA1_Channel6_IRQHandler
                0x0000000008001150                UART4_IRQHandler
                0x0000000008001150                RCC_IRQHandler
                0x0000000008001150                TIM1_TRG_COM_IRQHandler
                0x0000000008001150                DMA1_Channel1_IRQHandler
                0x0000000008001150                Default_Handler
                0x0000000008001150                TIM7_IRQHandler
                0x0000000008001150                TIM5_IRQHandler
                0x0000000008001150                SPI2_IRQHandler
                0x0000000008001150                USB_LP_CAN_RX0_IRQHandler
                0x0000000008001150                MemManage_Handler
                0x0000000008001150                SVC_Handler
                0x0000000008001150                DMA1_Channel5_IRQHandler
                0x0000000008001150                DMA1_Channel3_IRQHandler
                0x0000000008001150                FSMC_IRQHandler
                0x0000000008001150                TIM1_UP_IRQHandler
                0x0000000008001150                WWDG_IRQHandler
                0x0000000008001150                TIM1_BRK_IRQHandler
                0x0000000008001150                RTCAlarm_IRQHandler
                0x0000000008001150                DMA2_Channel4_5_IRQHandler
                0x0000000008001150                I2C2_ER_IRQHandler
                0x0000000008001150                DMA1_Channel2_IRQHandler
                0x0000000008001150                TIM8_BRK_IRQHandler
                0x0000000008001150                FLASH_IRQHandler
                0x0000000008001150                BusFault_Handler
                0x0000000008001150                SPI3_IRQHandler
                0x0000000008001150                I2C1_ER_IRQHandler
                0x0000000008001150                DMA2_Channel3_IRQHandler
 *fill*         0x0000000008001152        0x2 
 .text.__libc_init_array
                0x0000000008001154       0x48 C:/ST/STM32CubeIDE_1.4.0/STM32CubeIDE/plugins/com.st.stm32cube.ide.mcu.externaltools.gnu-tools-for-stm32.11.3.rel1.win32_1.1.100.202309141235/tools/bin/../lib/gcc/arm-none-eabi/11.3.1/../../../../arm-none-eabi/lib/thumb/v7-m/nofp\libc_nano.a(libc_a-init.o)
                0x0000000008001154                __libc_init_array
 *(.glue_7)
 .glue_7        0x000000000800119c        0x0 linker stubs
 *(.glue_7t)
 .glue_7t       0x000000000800119c        0x0 linker stubs
 *(.eh_frame)
 .eh_frame      0x000000000800119c        0x0 C:/ST/STM32CubeIDE_1.4.0/STM32CubeIDE/plugins/com.st.stm32cube.ide.mcu.externaltools.gnu-tools-for-stm32.11.3.rel1.win32_1.1.100.202309141235/tools/bin/../lib/gcc/arm-none-eabi/11.3.1/thumb/v7-m/nofp/crtbegin.o
 *(.init)
 .init          0x000000000800119c        0x4 C:/ST/STM32CubeIDE_1.4.0/STM32CubeIDE/plugins/com.st.stm32cube.ide.mcu.externaltools.gnu-tools-for-stm32.11.3.rel1.win32_1.1.100.202309141235/tools/bin/../lib/gcc/arm-none-eabi/11.3.1/thumb/v7-m/nofp/crti.o
                0x000000000800119c                _init
 .init          0x00000000080011a0        0x8 C:/ST/STM32CubeIDE_1.4.0/STM32CubeIDE/plugins/com.st.stm32cube.ide.mcu.externaltools.gnu-tools-for-stm32.11.3.rel1.win32_1.1.100.202309141235/tools/bin/../lib/gcc/arm-none-eabi/11.3.1/thumb/v7-m/nofp/crtn.o
 *(.fini)
 .fini          0x00000000080011a8        0x4 C:/ST/STM32CubeIDE_1.4.0/STM32CubeIDE/plugins/com.st.stm32cube.ide.mcu.externaltools.gnu-tools-for-stm32.11.3.rel1.win32_1.1.100.202309141235/tools/bin/../lib/gcc/arm-none-eabi/11.3.1/thumb/v7-m/nofp/crti.o
                0x00000000080011a8                _fini
 .fini          0x00000000080011ac        0x8 C:/ST/STM32CubeIDE_1.4.0/STM32CubeIDE/plugins/com.st.stm32cube.ide.mcu.externaltools.gnu-tools-for-stm32.11.3.rel1.win32_1.1.100.202309141235/tools/bin/../lib/gcc/arm-none-eabi/11.3.1/thumb/v7-m/nofp/crtn.o
                0x00000000080011b4                . = ALIGN (0x4)
                0x00000000080011b4                _etext = .

.vfp11_veneer   0x00000000080011b4        0x0
 .vfp11_veneer  0x00000000080011b4        0x0 linker stubs

.v4_bx          0x00000000080011b4        0x0
 .v4_bx         0x00000000080011b4        0x0 linker stubs

.iplt           0x00000000080011b4        0x0
 .iplt          0x00000000080011b4        0x0 C:/ST/STM32CubeIDE_1.4.0/STM32CubeIDE/plugins/com.st.stm32cube.ide.mcu.externaltools.gnu-tools-for-stm32.11.3.rel1.win32_1.1.100.202309141235/tools/bin/../lib/gcc/arm-none-eabi/11.3.1/thumb/v7-m/nofp/crtbegin.o

.rodata         0x00000000080011b4        0x8
                0x00000000080011b4                . = ALIGN (0x4)
 *(.rodata)
 .rodata        0x00000000080011b4        0x7 ./Src/main.o
 *(.rodata*)
                0x00000000080011bc                . = ALIGN (0x4)
 *fill*         0x00000000080011bb        0x1 

.rel.dyn        0x00000000080011bc        0x0
 .rel.iplt      0x00000000080011bc        0x0 C:/ST/STM32CubeIDE_1.4.0/STM32CubeIDE/plugins/com.st.stm32cube.ide.mcu.externaltools.gnu-tools-for-stm32.11.3.rel1.win32_1.1.100.202309141235/tools/bin/../lib/gcc/arm-none-eabi/11.3.1/thumb/v7-m/nofp/crtbegin.o

.ARM.extab      0x00000000080011bc        0x0
                0x00000000080011bc                . = ALIGN (0x4)
 *(.ARM.extab* .gnu.linkonce.armextab.*)
                0x00000000080011bc                . = ALIGN (0x4)

.ARM            0x00000000080011bc        0x0
                0x00000000080011bc                . = ALIGN (0x4)
                0x00000000080011bc                __exidx_start = .
 *(.ARM.exidx*)
                0x00000000080011bc                __exidx_end = .
                0x00000000080011bc                . = ALIGN (0x4)

.preinit_array  0x00000000080011bc        0x0
                0x00000000080011bc                . = ALIGN (0x4)
                0x00000000080011bc                PROVIDE (__preinit_array_start = .)
 *(.preinit_array*)
                0x00000000080011bc                PROVIDE (__preinit_array_end = .)
                0x00000000080011bc                . = ALIGN (0x4)

.init_array     0x00000000080011bc        0x4
                0x00000000080011bc                . = ALIGN (0x4)
                0x00000000080011bc                PROVIDE (__init_array_start = .)
 *(SORT_BY_NAME(.init_array.*))
 *(.init_array*)
 .init_array    0x00000000080011bc        0x4 C:/ST/STM32CubeIDE_1.4.0/STM32CubeIDE/plugins/com.st.stm32cube.ide.mcu.externaltools.gnu-tools-for-stm32.11.3.rel1.win32_1.1.100.202309141235/tools/bin/../lib/gcc/arm-none-eabi/11.3.1/thumb/v7-m/nofp/crtbegin.o
                0x00000000080011c0                PROVIDE (__init_array_end = .)
                0x00000000080011c0                . = ALIGN (0x4)

.fini_array     0x00000000080011c0        0x4
                0x00000000080011c0                . = ALIGN (0x4)
                [!provide]                        PROVIDE (__fini_array_start = .)
 *(SORT_BY_NAME(.fini_array.*))
 *(.fini_array*)
 .fini_array    0x00000000080011c0        0x4 C:/ST/STM32CubeIDE_1.4.0/STM32CubeIDE/plugins/com.st.stm32cube.ide.mcu.externaltools.gnu-tools-for-stm32.11.3.rel1.win32_1.1.100.202309141235/tools/bin/../lib/gcc/arm-none-eabi/11.3.1/thumb/v7-m/nofp/crtbegin.o
                [!provide]                        PROVIDE (__fini_array_end = .)
                0x00000000080011c4                . = ALIGN (0x4)
                0x00000000080011c4                _sidata = LOADADDR (.data)

.data           0x0000000020000000       0x20 load address 0x00000000080011c4
                0x0000000020000000                . = ALIGN (0x4)
                0x0000000020000000                _sdata = .
 *(.data)
 *(.data*)
 .data.ADC      0x0000000020000000        0x8 ./Src/MCAL/ADC/ADC_Program.o
 .data.GPTMR    0x0000000020000008        0xc ./Src/MCAL/GPTMR/GPTMR_Program.o
 .data.UART     0x0000000020000014        0xc ./Src/MCAL/UART/UART_Program.o
 *(.RamFunc)
 *(.RamFunc*)
                0x0000000020000020                . = ALIGN (0x4)
                0x0000000020000020                _edata = .

.igot.plt       0x0000000020000020        0x0 load address 0x00000000080011e4
 .igot.plt      0x0000000020000020        0x0 C:/ST/STM32CubeIDE_1.4.0/STM32CubeIDE/plugins/com.st.stm32cube.ide.mcu.externaltools.gnu-tools-for-stm32.11.3.rel1.win32_1.1.100.202309141235/tools/bin/../lib/gcc/arm-none-eabi/11.3.1/thumb/v7-m/nofp/crtbegin.o
                0x0000000020000020                . = ALIGN (0x4)

.bss            0x0000000020000020       0xcc load address 0x00000000080011e4
                0x0000000020000020                _sbss = .
                0x0000000020000020                __bss_start__ = _sbss
 *(.bss)
 .bss           0x0000000020000020       0x1c C:/ST/STM32CubeIDE_1.4.0/STM32CubeIDE/plugins/com.st.stm32cube.ide.mcu.externaltools.gnu-tools-for-stm32.11.3.rel1.win32_1.1.100.202309141235/tools/bin/../lib/gcc/arm-none-eabi/11.3.1/thumb/v7-m/nofp/crtbegin.o
 *(.bss*)
 .bss.glbl_EOCCallbackFunc
                0x000000002000003c        0x8 ./Src/MCAL/ADC/ADC_Program.o
 .bss.glbl_PEXTICallbackFunctions
                0x0000000020000044       0x50 ./Src/MCAL/EXTI/EXTI_Program.o
 .bss.glbl_PCallbackFunc
                0x0000000020000094        0xc ./Src/MCAL/GPTMR/GPTMR_Program.o
 .bss.Global_I2C_Config
                0x00000000200000a0       0x30 ./Src/MCAL/I2C/I2C_Program.o
                0x00000000200000a0                Global_I2C_Config
 .bss.glbl_PCallbackFunc
                0x00000000200000d0        0x4 ./Src/MCAL/RTC/RTC_Program.o
 .bss.STK_PCallbackFunc
                0x00000000200000d4        0x4 ./Src/MCAL/STK/STK_Program.o
 .bss.Glbl_PRxCompleteFunc
                0x00000000200000d8        0xc ./Src/MCAL/UART/UART_Program.o
 .bss.ch2       0x00000000200000e4        0x7 ./Src/main.o
                0x00000000200000e4                ch2
 *(COMMON)
                0x00000000200000ec                . = ALIGN (0x4)
 *fill*         0x00000000200000eb        0x1 
                0x00000000200000ec                _ebss = .
                0x00000000200000ec                __bss_end__ = _ebss

._user_heap_stack
                0x00000000200000ec      0x604 load address 0x00000000080011e4
                0x00000000200000f0                . = ALIGN (0x8)
 *fill*         0x00000000200000ec        0x4 
                [!provide]                        PROVIDE (end = .)
                0x00000000200000f0                PROVIDE (_end = .)
                0x00000000200002f0                . = (. + _Min_Heap_Size)
 *fill*         0x00000000200000f0      0x200 
                0x00000000200006f0                . = (. + _Min_Stack_Size)
 *fill*         0x00000000200002f0      0x400 
                0x00000000200006f0                . = ALIGN (0x8)

/DISCARD/
 libc.a(*)
 libm.a(*)
 libgcc.a(*)

.ARM.attributes
                0x0000000000000000       0x29
 *(.ARM.attributes)
 .ARM.attributes
                0x0000000000000000       0x1d C:/ST/STM32CubeIDE_1.4.0/STM32CubeIDE/plugins/com.st.stm32cube.ide.mcu.externaltools.gnu-tools-for-stm32.11.3.rel1.win32_1.1.100.202309141235/tools/bin/../lib/gcc/arm-none-eabi/11.3.1/thumb/v7-m/nofp/crti.o
 .ARM.attributes
                0x000000000000001d       0x2d C:/ST/STM32CubeIDE_1.4.0/STM32CubeIDE/plugins/com.st.stm32cube.ide.mcu.externaltools.gnu-tools-for-stm32.11.3.rel1.win32_1.1.100.202309141235/tools/bin/../lib/gcc/arm-none-eabi/11.3.1/thumb/v7-m/nofp/crtbegin.o
 .ARM.attributes
                0x000000000000004a       0x2d ./Src/HAL/I2C_EEPROM/I2C_Slave_EEPROM.o
 .ARM.attributes
                0x0000000000000077       0x2d ./Src/MCAL/ADC/ADC_Program.o
 .ARM.attributes
                0x00000000000000a4       0x2d ./Src/MCAL/EXTI/EXTI_Program.o
 .ARM.attributes
                0x00000000000000d1       0x2d ./Src/MCAL/GPIO/GPIO_Program.o
 .ARM.attributes
                0x00000000000000fe       0x2d ./Src/MCAL/GPTMR/GPTMR_Program.o
 .ARM.attributes
                0x000000000000012b       0x2d ./Src/MCAL/I2C/I2C_Program.o
 .ARM.attributes
                0x0000000000000158       0x2d ./Src/MCAL/RCC/RCC_Program.o
 .ARM.attributes
                0x0000000000000185       0x2d ./Src/MCAL/RTC/RTC_Program.o
 .ARM.attributes
                0x00000000000001b2       0x2d ./Src/MCAL/STK/STK_Program.o
 .ARM.attributes
                0x00000000000001df       0x2d ./Src/MCAL/UART/UART_Program.o
 .ARM.attributes
                0x000000000000020c       0x2d ./Src/main.o
 .ARM.attributes
                0x0000000000000239       0x21 ./Startup/startup_stm32f103c8tx.o
 .ARM.attributes
                0x000000000000025a       0x2d C:/ST/STM32CubeIDE_1.4.0/STM32CubeIDE/plugins/com.st.stm32cube.ide.mcu.externaltools.gnu-tools-for-stm32.11.3.rel1.win32_1.1.100.202309141235/tools/bin/../lib/gcc/arm-none-eabi/11.3.1/../../../../arm-none-eabi/lib/thumb/v7-m/nofp\libc_nano.a(libc_a-init.o)
 .ARM.attributes
                0x0000000000000287       0x1d C:/ST/STM32CubeIDE_1.4.0/STM32CubeIDE/plugins/com.st.stm32cube.ide.mcu.externaltools.gnu-tools-for-stm32.11.3.rel1.win32_1.1.100.202309141235/tools/bin/../lib/gcc/arm-none-eabi/11.3.1/thumb/v7-m/nofp/crtn.o
OUTPUT(test20.elf elf32-littlearm)
LOAD linker stubs
LOAD C:/ST/STM32CubeIDE_1.4.0/STM32CubeIDE/plugins/com.st.stm32cube.ide.mcu.externaltools.gnu-tools-for-stm32.11.3.rel1.win32_1.1.100.202309141235/tools/bin/../lib/gcc/arm-none-eabi/11.3.1/../../../../arm-none-eabi/lib/thumb/v7-m/nofp\libc.a
LOAD C:/ST/STM32CubeIDE_1.4.0/STM32CubeIDE/plugins/com.st.stm32cube.ide.mcu.externaltools.gnu-tools-for-stm32.11.3.rel1.win32_1.1.100.202309141235/tools/bin/../lib/gcc/arm-none-eabi/11.3.1/../../../../arm-none-eabi/lib/thumb/v7-m/nofp\libm.a
LOAD C:/ST/STM32CubeIDE_1.4.0/STM32CubeIDE/plugins/com.st.stm32cube.ide.mcu.externaltools.gnu-tools-for-stm32.11.3.rel1.win32_1.1.100.202309141235/tools/bin/../lib/gcc/arm-none-eabi/11.3.1/thumb/v7-m/nofp\libgcc.a

.comment        0x0000000000000000       0x43
 .comment       0x0000000000000000       0x43 C:/ST/STM32CubeIDE_1.4.0/STM32CubeIDE/plugins/com.st.stm32cube.ide.mcu.externaltools.gnu-tools-for-stm32.11.3.rel1.win32_1.1.100.202309141235/tools/bin/../lib/gcc/arm-none-eabi/11.3.1/thumb/v7-m/nofp/crtbegin.o
                                         0x44 (size before relaxing)
 .comment       0x0000000000000043       0x44 ./Src/HAL/I2C_EEPROM/I2C_Slave_EEPROM.o
 .comment       0x0000000000000043       0x44 ./Src/MCAL/ADC/ADC_Program.o
 .comment       0x0000000000000043       0x44 ./Src/MCAL/EXTI/EXTI_Program.o
 .comment       0x0000000000000043       0x44 ./Src/MCAL/GPIO/GPIO_Program.o
 .comment       0x0000000000000043       0x44 ./Src/MCAL/GPTMR/GPTMR_Program.o
 .comment       0x0000000000000043       0x44 ./Src/MCAL/I2C/I2C_Program.o
 .comment       0x0000000000000043       0x44 ./Src/MCAL/RCC/RCC_Program.o
 .comment       0x0000000000000043       0x44 ./Src/MCAL/RTC/RTC_Program.o
 .comment       0x0000000000000043       0x44 ./Src/MCAL/STK/STK_Program.o
 .comment       0x0000000000000043       0x44 ./Src/MCAL/UART/UART_Program.o
 .comment       0x0000000000000043       0x44 ./Src/main.o

.debug_info     0x0000000000000000     0x2f45
 .debug_info    0x0000000000000000      0x465 ./Src/HAL/I2C_EEPROM/I2C_Slave_EEPROM.o
 .debug_info    0x0000000000000465      0x48f ./Src/MCAL/ADC/ADC_Program.o
 .debug_info    0x00000000000008f4      0x318 ./Src/MCAL/EXTI/EXTI_Program.o
 .debug_info    0x0000000000000c0c      0x301 ./Src/MCAL/GPIO/GPIO_Program.o
 .debug_info    0x0000000000000f0d      0x474 ./Src/MCAL/GPTMR/GPTMR_Program.o
 .debug_info    0x0000000000001381      0x987 ./Src/MCAL/I2C/I2C_Program.o
 .debug_info    0x0000000000001d08      0x14d ./Src/MCAL/RCC/RCC_Program.o
 .debug_info    0x0000000000001e55      0x649 ./Src/MCAL/RTC/RTC_Program.o
 .debug_info    0x000000000000249e      0x35c ./Src/MCAL/STK/STK_Program.o
 .debug_info    0x00000000000027fa      0x5a2 ./Src/MCAL/UART/UART_Program.o
 .debug_info    0x0000000000002d9c      0x187 ./Src/main.o
 .debug_info    0x0000000000002f23       0x22 ./Startup/startup_stm32f103c8tx.o

.debug_abbrev   0x0000000000000000      0xd8b
 .debug_abbrev  0x0000000000000000      0x15b ./Src/HAL/I2C_EEPROM/I2C_Slave_EEPROM.o
 .debug_abbrev  0x000000000000015b      0x13b ./Src/MCAL/ADC/ADC_Program.o
 .debug_abbrev  0x0000000000000296      0x10c ./Src/MCAL/EXTI/EXTI_Program.o
 .debug_abbrev  0x00000000000003a2      0x106 ./Src/MCAL/GPIO/GPIO_Program.o
 .debug_abbrev  0x00000000000004a8      0x146 ./Src/MCAL/GPTMR/GPTMR_Program.o
 .debug_abbrev  0x00000000000005ee      0x218 ./Src/MCAL/I2C/I2C_Program.o
 .debug_abbrev  0x0000000000000806       0x8f ./Src/MCAL/RCC/RCC_Program.o
 .debug_abbrev  0x0000000000000895      0x169 ./Src/MCAL/RTC/RTC_Program.o
 .debug_abbrev  0x00000000000009fe      0x105 ./Src/MCAL/STK/STK_Program.o
 .debug_abbrev  0x0000000000000b03      0x191 ./Src/MCAL/UART/UART_Program.o
 .debug_abbrev  0x0000000000000c94       0xe5 ./Src/main.o
 .debug_abbrev  0x0000000000000d79       0x12 ./Startup/startup_stm32f103c8tx.o

.debug_loc      0x0000000000000000     0x181a
 .debug_loc     0x0000000000000000       0xf2 ./Src/HAL/I2C_EEPROM/I2C_Slave_EEPROM.o
 .debug_loc     0x00000000000000f2      0x1f8 ./Src/MCAL/ADC/ADC_Program.o
 .debug_loc     0x00000000000002ea      0x2a4 ./Src/MCAL/EXTI/EXTI_Program.o
 .debug_loc     0x000000000000058e      0x21c ./Src/MCAL/GPIO/GPIO_Program.o
 .debug_loc     0x00000000000007aa      0x2a0 ./Src/MCAL/GPTMR/GPTMR_Program.o
 .debug_loc     0x0000000000000a4a      0x3f0 ./Src/MCAL/I2C/I2C_Program.o
 .debug_loc     0x0000000000000e3a       0xfc ./Src/MCAL/RCC/RCC_Program.o
 .debug_loc     0x0000000000000f36      0x21c ./Src/MCAL/RTC/RTC_Program.o
 .debug_loc     0x0000000000001152      0x2f4 ./Src/MCAL/STK/STK_Program.o
 .debug_loc     0x0000000000001446      0x39c ./Src/MCAL/UART/UART_Program.o
 .debug_loc     0x00000000000017e2       0x38 ./Src/main.o

.debug_aranges  0x0000000000000000      0x3a8
 .debug_aranges
                0x0000000000000000       0x30 ./Src/HAL/I2C_EEPROM/I2C_Slave_EEPROM.o
 .debug_aranges
                0x0000000000000030       0x48 ./Src/MCAL/ADC/ADC_Program.o
 .debug_aranges
                0x0000000000000078       0x70 ./Src/MCAL/EXTI/EXTI_Program.o
 .debug_aranges
                0x00000000000000e8       0x48 ./Src/MCAL/GPIO/GPIO_Program.o
 .debug_aranges
                0x0000000000000130       0x60 ./Src/MCAL/GPTMR/GPTMR_Program.o
 .debug_aranges
                0x0000000000000190       0x78 ./Src/MCAL/I2C/I2C_Program.o
 .debug_aranges
                0x0000000000000208       0x30 ./Src/MCAL/RCC/RCC_Program.o
 .debug_aranges
                0x0000000000000238       0x50 ./Src/MCAL/RTC/RTC_Program.o
 .debug_aranges
                0x0000000000000288       0x60 ./Src/MCAL/STK/STK_Program.o
 .debug_aranges
                0x00000000000002e8       0x78 ./Src/MCAL/UART/UART_Program.o
 .debug_aranges
                0x0000000000000360       0x20 ./Src/main.o
 .debug_aranges
                0x0000000000000380       0x28 ./Startup/startup_stm32f103c8tx.o

.debug_ranges   0x0000000000000000      0x320
 .debug_ranges  0x0000000000000000       0x20 ./Src/HAL/I2C_EEPROM/I2C_Slave_EEPROM.o
 .debug_ranges  0x0000000000000020       0x38 ./Src/MCAL/ADC/ADC_Program.o
 .debug_ranges  0x0000000000000058       0x60 ./Src/MCAL/EXTI/EXTI_Program.o
 .debug_ranges  0x00000000000000b8       0x38 ./Src/MCAL/GPIO/GPIO_Program.o
 .debug_ranges  0x00000000000000f0       0x50 ./Src/MCAL/GPTMR/GPTMR_Program.o
 .debug_ranges  0x0000000000000140       0x68 ./Src/MCAL/I2C/I2C_Program.o
 .debug_ranges  0x00000000000001a8       0x20 ./Src/MCAL/RCC/RCC_Program.o
 .debug_ranges  0x00000000000001c8       0x70 ./Src/MCAL/RTC/RTC_Program.o
 .debug_ranges  0x0000000000000238       0x50 ./Src/MCAL/STK/STK_Program.o
 .debug_ranges  0x0000000000000288       0x68 ./Src/MCAL/UART/UART_Program.o
 .debug_ranges  0x00000000000002f0       0x10 ./Src/main.o
 .debug_ranges  0x0000000000000300       0x20 ./Startup/startup_stm32f103c8tx.o

.debug_macro    0x0000000000000000     0x1d78
 .debug_macro   0x0000000000000000       0x77 ./Src/HAL/I2C_EEPROM/I2C_Slave_EEPROM.o
 .debug_macro   0x0000000000000077       0x4d ./Src/MCAL/ADC/ADC_Program.o
 .debug_macro   0x00000000000000c4      0x1d3 ./Src/MCAL/ADC/ADC_Program.o
 .debug_macro   0x0000000000000297       0x82 ./Src/MCAL/ADC/ADC_Program.o
 .debug_macro   0x0000000000000319       0x2e ./Src/MCAL/ADC/ADC_Program.o
 .debug_macro   0x0000000000000347       0x4e ./Src/MCAL/EXTI/EXTI_Program.o
 .debug_macro   0x0000000000000395       0x16 ./Src/MCAL/EXTI/EXTI_Program.o
 .debug_macro   0x00000000000003ab       0x94 ./Src/MCAL/EXTI/EXTI_Program.o
 .debug_macro   0x000000000000043f       0x4e ./Src/MCAL/GPIO/GPIO_Program.o
 .debug_macro   0x000000000000048d      0x15f ./Src/MCAL/GPIO/GPIO_Program.o
 .debug_macro   0x00000000000005ec       0x4e ./Src/MCAL/GPTMR/GPTMR_Program.o
 .debug_macro   0x000000000000063a      0x108 ./Src/MCAL/GPTMR/GPTMR_Program.o
 .debug_macro   0x0000000000000742       0x40 ./Src/MCAL/GPTMR/GPTMR_Program.o
 .debug_macro   0x0000000000000782       0x8e ./Src/MCAL/I2C/I2C_Program.o
 .debug_macro   0x0000000000000810       0x4d ./Src/MCAL/RCC/RCC_Program.o
 .debug_macro   0x000000000000085d      0x16d ./Src/MCAL/RCC/RCC_Program.o
 .debug_macro   0x00000000000009ca       0x34 ./Src/MCAL/RCC/RCC_Program.o
 .debug_macro   0x00000000000009fe      0x1d0 ./Src/MCAL/RTC/RTC_Program.o
 .debug_macro   0x0000000000000bce       0xbd ./Src/MCAL/RTC/RTC_Program.o
 .debug_macro   0x0000000000000c8b       0x16 ./Src/MCAL/RTC/RTC_Program.o
 .debug_macro   0x0000000000000ca1       0x22 ./Src/MCAL/RTC/RTC_Program.o
 .debug_macro   0x0000000000000cc3       0x5b ./Src/MCAL/RTC/RTC_Program.o
 .debug_macro   0x0000000000000d1e       0x24 ./Src/MCAL/RTC/RTC_Program.o
 .debug_macro   0x0000000000000d42       0x94 ./Src/MCAL/RTC/RTC_Program.o
 .debug_macro   0x0000000000000dd6       0x43 ./Src/MCAL/RTC/RTC_Program.o
 .debug_macro   0x0000000000000e19       0x34 ./Src/MCAL/RTC/RTC_Program.o
 .debug_macro   0x0000000000000e4d       0x57 ./Src/MCAL/RTC/RTC_Program.o
 .debug_macro   0x0000000000000ea4      0x174 ./Src/MCAL/RTC/RTC_Program.o
 .debug_macro   0x0000000000001018      0x369 ./Src/MCAL/RTC/RTC_Program.o
 .debug_macro   0x0000000000001381       0x16 ./Src/MCAL/RTC/RTC_Program.o
 .debug_macro   0x0000000000001397       0x43 ./Src/MCAL/RTC/RTC_Program.o
 .debug_macro   0x00000000000013da       0x34 ./Src/MCAL/RTC/RTC_Program.o
 .debug_macro   0x000000000000140e       0x10 ./Src/MCAL/RTC/RTC_Program.o
 .debug_macro   0x000000000000141e       0x58 ./Src/MCAL/RTC/RTC_Program.o
 .debug_macro   0x0000000000001476       0x8e ./Src/MCAL/RTC/RTC_Program.o
 .debug_macro   0x0000000000001504       0x1c ./Src/MCAL/RTC/RTC_Program.o
 .debug_macro   0x0000000000001520      0x177 ./Src/MCAL/RTC/RTC_Program.o
 .debug_macro   0x0000000000001697       0x10 ./Src/MCAL/RTC/RTC_Program.o
 .debug_macro   0x00000000000016a7       0x35 ./Src/MCAL/RTC/RTC_Program.o
 .debug_macro   0x00000000000016dc       0x10 ./Src/MCAL/RTC/RTC_Program.o
 .debug_macro   0x00000000000016ec       0x10 ./Src/MCAL/RTC/RTC_Program.o
 .debug_macro   0x00000000000016fc       0x10 ./Src/MCAL/RTC/RTC_Program.o
 .debug_macro   0x000000000000170c       0x6a ./Src/MCAL/RTC/RTC_Program.o
 .debug_macro   0x0000000000001776       0x1c ./Src/MCAL/RTC/RTC_Program.o
 .debug_macro   0x0000000000001792       0x52 ./Src/MCAL/RTC/RTC_Program.o
 .debug_macro   0x00000000000017e4       0x22 ./Src/MCAL/RTC/RTC_Program.o
 .debug_macro   0x0000000000001806       0x10 ./Src/MCAL/RTC/RTC_Program.o
 .debug_macro   0x0000000000001816       0x52 ./Src/MCAL/RTC/RTC_Program.o
 .debug_macro   0x0000000000001868       0xcf ./Src/MCAL/RTC/RTC_Program.o
 .debug_macro   0x0000000000001937       0x1c ./Src/MCAL/RTC/RTC_Program.o
 .debug_macro   0x0000000000001953       0x3d ./Src/MCAL/RTC/RTC_Program.o
 .debug_macro   0x0000000000001990       0x35 ./Src/MCAL/RTC/RTC_Program.o
 .debug_macro   0x00000000000019c5       0x4e ./Src/MCAL/STK/STK_Program.o
 .debug_macro   0x0000000000001a13       0x46 ./Src/MCAL/STK/STK_Program.o
 .debug_macro   0x0000000000001a59       0x1c ./Src/MCAL/STK/STK_Program.o
 .debug_macro   0x0000000000001a75       0x4d ./Src/MCAL/UART/UART_Program.o
 .debug_macro   0x0000000000001ac2      0x1b5 ./Src/MCAL/UART/UART_Program.o
 .debug_macro   0x0000000000001c77       0x52 ./Src/MCAL/UART/UART_Program.o
 .debug_macro   0x0000000000001cc9       0x34 ./Src/MCAL/UART/UART_Program.o
 .debug_macro   0x0000000000001cfd       0x7b ./Src/main.o

.debug_line     0x0000000000000000     0x294b
 .debug_line    0x0000000000000000      0x2b0 ./Src/HAL/I2C_EEPROM/I2C_Slave_EEPROM.o
 .debug_line    0x00000000000002b0      0x28d ./Src/MCAL/ADC/ADC_Program.o
 .debug_line    0x000000000000053d      0x37d ./Src/MCAL/EXTI/EXTI_Program.o
 .debug_line    0x00000000000008ba      0x41d ./Src/MCAL/GPIO/GPIO_Program.o
 .debug_line    0x0000000000000cd7      0x259 ./Src/MCAL/GPTMR/GPTMR_Program.o
 .debug_line    0x0000000000000f30      0x64b ./Src/MCAL/I2C/I2C_Program.o
 .debug_line    0x000000000000157b      0x19e ./Src/MCAL/RCC/RCC_Program.o
 .debug_line    0x0000000000001719      0x933 ./Src/MCAL/RTC/RTC_Program.o
 .debug_line    0x000000000000204c      0x27d ./Src/MCAL/STK/STK_Program.o
 .debug_line    0x00000000000022c9      0x3cb ./Src/MCAL/UART/UART_Program.o
 .debug_line    0x0000000000002694      0x233 ./Src/main.o
 .debug_line    0x00000000000028c7       0x84 ./Startup/startup_stm32f103c8tx.o

.debug_str      0x0000000000000000     0xdd6c
 .debug_str     0x0000000000000000     0x4d77 ./Src/HAL/I2C_EEPROM/I2C_Slave_EEPROM.o
                                       0x4e35 (size before relaxing)
 .debug_str     0x0000000000004d77      0xf05 ./Src/MCAL/ADC/ADC_Program.o
                                       0x3e36 (size before relaxing)
 .debug_str     0x0000000000005c7c      0x3a3 ./Src/MCAL/EXTI/EXTI_Program.o
                                       0x339d (size before relaxing)
 .debug_str     0x000000000000601f      0xf19 ./Src/MCAL/GPIO/GPIO_Program.o
                                       0x42e4 (size before relaxing)
 .debug_str     0x0000000000006f38      0x851 ./Src/MCAL/GPTMR/GPTMR_Program.o
                                       0x3860 (size before relaxing)
 .debug_str     0x0000000000007789      0x59d ./Src/MCAL/I2C/I2C_Program.o
                                       0x53f7 (size before relaxing)
 .debug_str     0x0000000000007d26      0x8ab ./Src/MCAL/RCC/RCC_Program.o
                                       0x3cb0 (size before relaxing)
 .debug_str     0x00000000000085d1     0x48ef ./Src/MCAL/RTC/RTC_Program.o
                                       0x7a03 (size before relaxing)
 .debug_str     0x000000000000cec0      0x33a ./Src/MCAL/STK/STK_Program.o
                                       0x3327 (size before relaxing)
 .debug_str     0x000000000000d1fa      0xb30 ./Src/MCAL/UART/UART_Program.o
                                       0x3b40 (size before relaxing)
 .debug_str     0x000000000000dd2a       0x13 ./Src/main.o
                                       0x4bf3 (size before relaxing)
 .debug_str     0x000000000000dd3d       0x2f ./Startup/startup_stm32f103c8tx.o
                                         0x60 (size before relaxing)

.debug_frame    0x0000000000000000      0xc1c
 .debug_frame   0x0000000000000000       0x80 ./Src/HAL/I2C_EEPROM/I2C_Slave_EEPROM.o
 .debug_frame   0x0000000000000080       0xf4 ./Src/MCAL/ADC/ADC_Program.o
 .debug_frame   0x0000000000000174      0x174 ./Src/MCAL/EXTI/EXTI_Program.o
 .debug_frame   0x00000000000002e8      0x100 ./Src/MCAL/GPIO/GPIO_Program.o
 .debug_frame   0x00000000000003e8      0x150 ./Src/MCAL/GPTMR/GPTMR_Program.o
 .debug_frame   0x0000000000000538      0x1d4 ./Src/MCAL/I2C/I2C_Program.o
 .debug_frame   0x000000000000070c       0x80 ./Src/MCAL/RCC/RCC_Program.o
 .debug_frame   0x000000000000078c      0x110 ./Src/MCAL/RTC/RTC_Program.o
 .debug_frame   0x000000000000089c      0x164 ./Src/MCAL/STK/STK_Program.o
 .debug_frame   0x0000000000000a00      0x1c0 ./Src/MCAL/UART/UART_Program.o
 .debug_frame   0x0000000000000bc0       0x30 ./Src/main.o
 .debug_frame   0x0000000000000bf0       0x2c C:/ST/STM32CubeIDE_1.4.0/STM32CubeIDE/plugins/com.st.stm32cube.ide.mcu.externaltools.gnu-tools-for-stm32.11.3.rel1.win32_1.1.100.202309141235/tools/bin/../lib/gcc/arm-none-eabi/11.3.1/../../../../arm-none-eabi/lib/thumb/v7-m/nofp\libc_nano.a(libc_a-init.o)
