../Src/MCAL/GPTMR/GPTMR_Program.c:30:16:MGPTMR_GetPreloadValue	24	static
../Src/MCAL/GPTMR/GPTMR_Program.c:61:16:MGPTMR_Init	16	static
../Src/MCAL/GPTMR/GPTMR_Program.c:196:16:MGPTMR_StartTimer	16	static
../Src/MCAL/GPTMR/GPTMR_Program.c:211:16:MGPTMR_StopTimer	16	static
../Src/MCAL/GPTMR/GPTMR_Program.c:226:16:MGPTMR_SetTimerPeriod	24	static
../Src/MCAL/GPTMR/GPTMR_Program.c:254:16:MGPTMR_SetTimerUpdateCallbackFunc	24	static
../Src/MCAL/GPTMR/GPTMR_Program.c:268:6:TIM2_IRQHandler	8	static
../Src/MCAL/GPTMR/GPTMR_Program.c:281:6:TIM3_IRQHandler	8	static
../Src/MCAL/GPTMR/GPTMR_Program.c:294:6:TIM4_IRQHandler	8	static
