Component: ARM Compiler 6.14.1 Tool: armlink [5db06d00]

==============================================================================

Section Cross References

    esp32_program.o(.text.HESP32_ParseReceivedCommand) refers to uart_program.o(.text.MUART_RxCharAsynchronous) for MUART_RxCharAsynchronous
    esp32_program.o(.text.HESP32_ParseReceivedCommand) refers to esp32_program.o(.bss.glbl_uint8BufferIndex) for glbl_uint8BufferIndex
    esp32_program.o(.text.HESP32_ParseReceivedCommand) refers to esp32_program.o(.bss.glbl_uint8CommandBuffer) for glbl_uint8CommandBuffer
    esp32_program.o(.text.HESP32_ParseReceivedCommand) refers to esp32_program.o(.data.HESP32_AvailableTasks) for HESP32_AvailableTasks
    esp32_program.o(.text.HESP32_ParseReceivedCommand) refers to strcmpv7m.o(.text) for strcmp
    esp32_program.o(.text.HESP32_ParseReceivedCommand) refers to esp32_program.o(.data.glbl_uint8AcknowledgedFlag) for glbl_uint8AcknowledgedFlag
    esp32_program.o(.text.HESP32_ParseReceivedCommand) refers to esp32_program.o(.bss.glbl_PCallbackFunc) for glbl_PCallbackFunc
    esp32_program.o(.ARM.exidx.text.HESP32_ParseReceivedCommand) refers to esp32_program.o(.text.HESP32_ParseReceivedCommand) for [Anonymous Symbol]
    esp32_program.o(.text.HESP32_InitInterface) refers to rcc_program.o(.text.MRCC_EnablePeripheralClock) for MRCC_EnablePeripheralClock
    esp32_program.o(.text.HESP32_InitInterface) refers to gpio_program.o(.text.MGPIO_SetPinMode) for MGPIO_SetPinMode
    esp32_program.o(.text.HESP32_InitInterface) refers to gpio_program.o(.text.MGPIO_ActivatePullUp) for MGPIO_ActivatePullUp
    esp32_program.o(.text.HESP32_InitInterface) refers to nvic_program.o(.text.MNVIC_EnableInterrupt) for MNVIC_EnableInterrupt
    esp32_program.o(.text.HESP32_InitInterface) refers to esp32_program.o(.text.HESP32_ParseReceivedCommand) for HESP32_ParseReceivedCommand
    esp32_program.o(.text.HESP32_InitInterface) refers to uart_program.o(.text.MUART_SetRxCompleteCallback) for MUART_SetRxCompleteCallback
    esp32_program.o(.text.HESP32_InitInterface) refers to uart_program.o(.text.MUART_Init) for MUART_Init
    esp32_program.o(.ARM.exidx.text.HESP32_InitInterface) refers to esp32_program.o(.text.HESP32_InitInterface) for [Anonymous Symbol]
    esp32_program.o(.text.HESP32_SendCommand) refers to uart_program.o(.text.MUART_TxString) for MUART_TxString
    esp32_program.o(.text.HESP32_SendCommand) refers to uart_program.o(.text.MUART_TxChar) for MUART_TxChar
    esp32_program.o(.text.HESP32_SendCommand) refers to esp32_program.o(.data.glbl_uint8AcknowledgedFlag) for glbl_uint8AcknowledgedFlag
    esp32_program.o(.ARM.exidx.text.HESP32_SendCommand) refers to esp32_program.o(.text.HESP32_SendCommand) for [Anonymous Symbol]
    esp32_program.o(.text.HESP32_SetTaskCallbackFunction) refers to esp32_program.o(.bss.glbl_PCallbackFunc) for glbl_PCallbackFunc
    esp32_program.o(.ARM.exidx.text.HESP32_SetTaskCallbackFunction) refers to esp32_program.o(.text.HESP32_SetTaskCallbackFunction) for [Anonymous Symbol]
    gpio_program.o(.ARM.exidx.text.MGPIO_SetPinMode) refers to gpio_program.o(.text.MGPIO_SetPinMode) for [Anonymous Symbol]
    gpio_program.o(.ARM.exidx.text.MGPIO_SetPinValue) refers to gpio_program.o(.text.MGPIO_SetPinValue) for [Anonymous Symbol]
    gpio_program.o(.ARM.exidx.text.MGPIO_GetPinValue) refers to gpio_program.o(.text.MGPIO_GetPinValue) for [Anonymous Symbol]
    gpio_program.o(.ARM.exidx.text.MGPIO_ActivatePullUp) refers to gpio_program.o(.text.MGPIO_ActivatePullUp) for [Anonymous Symbol]
    main.o(.text.acknowledged) refers to gpio_program.o(.text.MGPIO_SetPinValue) for MGPIO_SetPinValue
    main.o(.ARM.exidx.text.acknowledged) refers to main.o(.text.acknowledged) for [Anonymous Symbol]
    main.o(.text.invalid_command) refers to gpio_program.o(.text.MGPIO_SetPinValue) for MGPIO_SetPinValue
    main.o(.ARM.exidx.text.invalid_command) refers to main.o(.text.invalid_command) for [Anonymous Symbol]
    main.o(.text.main) refers to rcc_program.o(.text.MRCC_InitClock) for MRCC_InitClock
    main.o(.text.main) refers to rcc_program.o(.text.MRCC_EnablePeripheralClock) for MRCC_EnablePeripheralClock
    main.o(.text.main) refers to gpio_program.o(.text.MGPIO_SetPinMode) for MGPIO_SetPinMode
    main.o(.text.main) refers to stk_program.o(.text.MSTK_uint8Init) for MSTK_uint8Init
    main.o(.text.main) refers to main.o(.text.acknowledged) for acknowledged
    main.o(.text.main) refers to esp32_program.o(.text.HESP32_SetTaskCallbackFunction) for HESP32_SetTaskCallbackFunction
    main.o(.text.main) refers to main.o(.text.invalid_command) for invalid_command
    main.o(.text.main) refers to esp32_program.o(.text.HESP32_InitInterface) for HESP32_InitInterface
    main.o(.ARM.exidx.text.main) refers to main.o(.text.main) for [Anonymous Symbol]
    nvic_program.o(.ARM.exidx.text.MNVIC_EnableInterrupt) refers to nvic_program.o(.text.MNVIC_EnableInterrupt) for [Anonymous Symbol]
    nvic_program.o(.ARM.exidx.text.MNVIC_DisableInterrupt) refers to nvic_program.o(.text.MNVIC_DisableInterrupt) for [Anonymous Symbol]
    nvic_program.o(.ARM.exidx.text.MNVIC_SetPendingFlag) refers to nvic_program.o(.text.MNVIC_SetPendingFlag) for [Anonymous Symbol]
    nvic_program.o(.ARM.exidx.text.MNVIC_ClearPendingFlag) refers to nvic_program.o(.text.MNVIC_ClearPendingFlag) for [Anonymous Symbol]
    nvic_program.o(.ARM.exidx.text.MNVIC_GetActiveFlag) refers to nvic_program.o(.text.MNVIC_GetActiveFlag) for [Anonymous Symbol]
    nvic_program.o(.ARM.exidx.text.MNVIC_SetInterruptPriority) refers to nvic_program.o(.text.MNVIC_SetInterruptPriority) for [Anonymous Symbol]
    rcc_program.o(.ARM.exidx.text.MRCC_InitClock) refers to rcc_program.o(.text.MRCC_InitClock) for [Anonymous Symbol]
    rcc_program.o(.ARM.exidx.text.MRCC_EnablePeripheralClock) refers to rcc_program.o(.text.MRCC_EnablePeripheralClock) for [Anonymous Symbol]
    rcc_program.o(.ARM.exidx.text.MRCC_DisablePeripheralClock) refers to rcc_program.o(.text.MRCC_DisablePeripheralClock) for [Anonymous Symbol]
    stk_program.o(.ARM.exidx.text.STK_uint8CalculateReloadValue) refers to stk_program.o(.text.STK_uint8CalculateReloadValue) for [Anonymous Symbol]
    stk_program.o(.ARM.exidx.text.MSTK_uint8Init) refers to stk_program.o(.text.MSTK_uint8Init) for [Anonymous Symbol]
    stk_program.o(.text.MSTK_uint8SetTimerDuration) refers to stk_program.o(.text.STK_uint8CalculateReloadValue) for STK_uint8CalculateReloadValue
    stk_program.o(.ARM.exidx.text.MSTK_uint8SetTimerDuration) refers to stk_program.o(.text.MSTK_uint8SetTimerDuration) for [Anonymous Symbol]
    stk_program.o(.ARM.exidx.text.MSTK_uint8StartTimer) refers to stk_program.o(.text.MSTK_uint8StartTimer) for [Anonymous Symbol]
    stk_program.o(.ARM.exidx.text.MSTK_uint8PauseTimer) refers to stk_program.o(.text.MSTK_uint8PauseTimer) for [Anonymous Symbol]
    stk_program.o(.ARM.exidx.text.MSTK_uint8StopTimer) refers to stk_program.o(.text.MSTK_uint8StopTimer) for [Anonymous Symbol]
    stk_program.o(.text.MSTK_uint8Delay) refers to stk_program.o(.text.STK_uint8CalculateReloadValue) for STK_uint8CalculateReloadValue
    stk_program.o(.ARM.exidx.text.MSTK_uint8Delay) refers to stk_program.o(.text.MSTK_uint8Delay) for [Anonymous Symbol]
    stk_program.o(.text.MSTK_uint8SetCallbackFunction) refers to stk_program.o(.bss.STK_PCallbackFunc) for STK_PCallbackFunc
    stk_program.o(.ARM.exidx.text.MSTK_uint8SetCallbackFunction) refers to stk_program.o(.text.MSTK_uint8SetCallbackFunction) for [Anonymous Symbol]
    stk_program.o(.text.SysTick_Handler) refers to stk_program.o(.bss.STK_PCallbackFunc) for STK_PCallbackFunc
    stk_program.o(.ARM.exidx.text.SysTick_Handler) refers to stk_program.o(.text.SysTick_Handler) for [Anonymous Symbol]
    uart_program.o(.text.MUART_Init) refers to uart_program.o(.rodata.UART) for UART
    uart_program.o(.ARM.exidx.text.MUART_Init) refers to uart_program.o(.text.MUART_Init) for [Anonymous Symbol]
    uart_program.o(.text.MUART_TxChar) refers to uart_program.o(.rodata.UART) for UART
    uart_program.o(.ARM.exidx.text.MUART_TxChar) refers to uart_program.o(.text.MUART_TxChar) for [Anonymous Symbol]
    uart_program.o(.text.MUART_TxCharAsynchronous) refers to uart_program.o(.rodata.UART) for UART
    uart_program.o(.ARM.exidx.text.MUART_TxCharAsynchronous) refers to uart_program.o(.text.MUART_TxCharAsynchronous) for [Anonymous Symbol]
    uart_program.o(.text.MUART_RxChar) refers to uart_program.o(.rodata.UART) for UART
    uart_program.o(.ARM.exidx.text.MUART_RxChar) refers to uart_program.o(.text.MUART_RxChar) for [Anonymous Symbol]
    uart_program.o(.text.MUART_RxCharAsynchronous) refers to uart_program.o(.rodata.UART) for UART
    uart_program.o(.ARM.exidx.text.MUART_RxCharAsynchronous) refers to uart_program.o(.text.MUART_RxCharAsynchronous) for [Anonymous Symbol]
    uart_program.o(.text.MUART_TxString) refers to uart_program.o(.text.MUART_TxChar) for MUART_TxChar
    uart_program.o(.ARM.exidx.text.MUART_TxString) refers to uart_program.o(.text.MUART_TxString) for [Anonymous Symbol]
    uart_program.o(.text.MUART_SetTxCompleteCallback) refers to uart_program.o(.bss.Glbl_PTxCompleteFunc) for Glbl_PTxCompleteFunc
    uart_program.o(.ARM.exidx.text.MUART_SetTxCompleteCallback) refers to uart_program.o(.text.MUART_SetTxCompleteCallback) for [Anonymous Symbol]
    uart_program.o(.text.MUART_SetRxCompleteCallback) refers to uart_program.o(.bss.Glbl_PRxCompleteFunc) for Glbl_PRxCompleteFunc
    uart_program.o(.ARM.exidx.text.MUART_SetRxCompleteCallback) refers to uart_program.o(.text.MUART_SetRxCompleteCallback) for [Anonymous Symbol]
    uart_program.o(.text.USART1_IRQHandler) refers to uart_program.o(.bss.Glbl_PRxCompleteFunc) for Glbl_PRxCompleteFunc
    uart_program.o(.text.USART1_IRQHandler) refers to uart_program.o(.bss.Glbl_PTxCompleteFunc) for Glbl_PTxCompleteFunc
    uart_program.o(.ARM.exidx.text.USART1_IRQHandler) refers to uart_program.o(.text.USART1_IRQHandler) for [Anonymous Symbol]
    uart_program.o(.text.USART2_IRQHandler) refers to uart_program.o(.bss.Glbl_PRxCompleteFunc) for Glbl_PRxCompleteFunc
    uart_program.o(.text.USART2_IRQHandler) refers to uart_program.o(.bss.Glbl_PTxCompleteFunc) for Glbl_PTxCompleteFunc
    uart_program.o(.ARM.exidx.text.USART2_IRQHandler) refers to uart_program.o(.text.USART2_IRQHandler) for [Anonymous Symbol]
    uart_program.o(.text.USART3_IRQHandler) refers to uart_program.o(.bss.Glbl_PRxCompleteFunc) for Glbl_PRxCompleteFunc
    uart_program.o(.text.USART3_IRQHandler) refers to uart_program.o(.bss.Glbl_PTxCompleteFunc) for Glbl_PTxCompleteFunc
    uart_program.o(.ARM.exidx.text.USART3_IRQHandler) refers to uart_program.o(.text.USART3_IRQHandler) for [Anonymous Symbol]
    startup_stm32f10x_md.o(STACK) refers (Special) to heapauxi.o(.text) for __use_two_region_memory
    startup_stm32f10x_md.o(HEAP) refers (Special) to heapauxi.o(.text) for __use_two_region_memory
    startup_stm32f10x_md.o(RESET) refers (Special) to heapauxi.o(.text) for __use_two_region_memory
    startup_stm32f10x_md.o(RESET) refers to startup_stm32f10x_md.o(STACK) for __initial_sp
    startup_stm32f10x_md.o(RESET) refers to startup_stm32f10x_md.o(.text) for Reset_Handler
    startup_stm32f10x_md.o(RESET) refers to stk_program.o(.text.SysTick_Handler) for SysTick_Handler
    startup_stm32f10x_md.o(RESET) refers to uart_program.o(.text.USART1_IRQHandler) for USART1_IRQHandler
    startup_stm32f10x_md.o(RESET) refers to uart_program.o(.text.USART2_IRQHandler) for USART2_IRQHandler
    startup_stm32f10x_md.o(RESET) refers to uart_program.o(.text.USART3_IRQHandler) for USART3_IRQHandler
    startup_stm32f10x_md.o(.text) refers (Special) to heapauxi.o(.text) for __use_two_region_memory
    startup_stm32f10x_md.o(.text) refers to system_stm32f10x.o(.text.SystemInit) for SystemInit
    startup_stm32f10x_md.o(.text) refers to __main.o(!!!main) for __main
    startup_stm32f10x_md.o(.text) refers to startup_stm32f10x_md.o(HEAP) for Heap_Mem
    startup_stm32f10x_md.o(.text) refers to startup_stm32f10x_md.o(STACK) for Stack_Mem
    system_stm32f10x.o(.text.SystemInit) refers to system_stm32f10x.o(.text.SetSysClock) for SetSysClock
    system_stm32f10x.o(.ARM.exidx.text.SystemInit) refers to system_stm32f10x.o(.text.SystemInit) for [Anonymous Symbol]
    system_stm32f10x.o(.text.SetSysClock) refers to system_stm32f10x.o(.text.SetSysClockTo72) for SetSysClockTo72
    system_stm32f10x.o(.ARM.exidx.text.SetSysClock) refers to system_stm32f10x.o(.text.SetSysClock) for [Anonymous Symbol]
    system_stm32f10x.o(.text.SystemCoreClockUpdate) refers to system_stm32f10x.o(.data.SystemCoreClock) for SystemCoreClock
    system_stm32f10x.o(.text.SystemCoreClockUpdate) refers to system_stm32f10x.o(.rodata.AHBPrescTable) for AHBPrescTable
    system_stm32f10x.o(.ARM.exidx.text.SystemCoreClockUpdate) refers to system_stm32f10x.o(.text.SystemCoreClockUpdate) for [Anonymous Symbol]
    system_stm32f10x.o(.ARM.exidx.text.SetSysClockTo72) refers to system_stm32f10x.o(.text.SetSysClockTo72) for [Anonymous Symbol]
    __main.o(!!!main) refers to __rtentry.o(.ARM.Collect$$rtentry$$00000000) for __rt_entry
    __rtentry.o(.ARM.Collect$$rtentry$$00000000) refers (Special) to __rtentry2.o(.ARM.Collect$$rtentry$$0000000A) for __rt_entry_li
    __rtentry.o(.ARM.Collect$$rtentry$$00000000) refers (Special) to __rtentry2.o(.ARM.Collect$$rtentry$$0000000D) for __rt_entry_main
    __rtentry.o(.ARM.Collect$$rtentry$$00000000) refers (Special) to __rtentry2.o(.ARM.Collect$$rtentry$$0000000C) for __rt_entry_postli_1
    __rtentry.o(.ARM.Collect$$rtentry$$00000000) refers (Special) to __rtentry2.o(.ARM.Collect$$rtentry$$00000009) for __rt_entry_postsh_1
    __rtentry.o(.ARM.Collect$$rtentry$$00000000) refers (Special) to __rtentry2.o(.ARM.Collect$$rtentry$$00000002) for __rt_entry_presh_1
    __rtentry.o(.ARM.Collect$$rtentry$$00000000) refers (Special) to __rtentry4.o(.ARM.Collect$$rtentry$$00000004) for __rt_entry_sh
    __rtentry2.o(.ARM.Collect$$rtentry$$00000008) refers to boardinit2.o(.text) for _platform_post_stackheap_init
    __rtentry2.o(.ARM.Collect$$rtentry$$0000000A) refers to libinit.o(.ARM.Collect$$libinit$$00000000) for __rt_lib_init
    __rtentry2.o(.ARM.Collect$$rtentry$$0000000B) refers to boardinit3.o(.text) for _platform_post_lib_init
    __rtentry2.o(.ARM.Collect$$rtentry$$0000000D) refers to main.o(.text.main) for main
    __rtentry2.o(.ARM.Collect$$rtentry$$0000000D) refers to exit.o(.text) for exit
    __rtentry2.o(.ARM.exidx) refers to __rtentry2.o(.ARM.Collect$$rtentry$$00000001) for .ARM.Collect$$rtentry$$00000001
    __rtentry2.o(.ARM.exidx) refers to __rtentry2.o(.ARM.Collect$$rtentry$$00000008) for .ARM.Collect$$rtentry$$00000008
    __rtentry2.o(.ARM.exidx) refers to __rtentry2.o(.ARM.Collect$$rtentry$$0000000A) for .ARM.Collect$$rtentry$$0000000A
    __rtentry2.o(.ARM.exidx) refers to __rtentry2.o(.ARM.Collect$$rtentry$$0000000B) for .ARM.Collect$$rtentry$$0000000B
    __rtentry2.o(.ARM.exidx) refers to __rtentry2.o(.ARM.Collect$$rtentry$$0000000D) for .ARM.Collect$$rtentry$$0000000D
    __rtentry4.o(.ARM.Collect$$rtentry$$00000004) refers to sys_stackheap_outer.o(.text) for __user_setup_stackheap
    __rtentry4.o(.ARM.exidx) refers to __rtentry4.o(.ARM.Collect$$rtentry$$00000004) for .ARM.Collect$$rtentry$$00000004
    sys_stackheap_outer.o(.text) refers to libspace.o(.text) for __user_perproc_libspace
    sys_stackheap_outer.o(.text) refers to startup_stm32f10x_md.o(.text) for __user_initial_stackheap
    exit.o(.text) refers to rtexit.o(.ARM.Collect$$rtexit$$00000000) for __rt_exit
    libinit.o(.ARM.Collect$$libinit$$00000000) refers (Special) to libinit2.o(.ARM.Collect$$libinit$$0000002E) for __rt_lib_init_alloca_1
    libinit.o(.ARM.Collect$$libinit$$00000000) refers (Special) to libinit2.o(.ARM.Collect$$libinit$$0000002C) for __rt_lib_init_argv_1
    libinit.o(.ARM.Collect$$libinit$$00000000) refers (Special) to libinit2.o(.ARM.Collect$$libinit$$0000001B) for __rt_lib_init_atexit_1
    libinit.o(.ARM.Collect$$libinit$$00000000) refers (Special) to libinit2.o(.ARM.Collect$$libinit$$00000021) for __rt_lib_init_clock_1
    libinit.o(.ARM.Collect$$libinit$$00000000) refers (Special) to libinit2.o(.ARM.Collect$$libinit$$00000032) for __rt_lib_init_cpp_1
    libinit.o(.ARM.Collect$$libinit$$00000000) refers (Special) to libinit2.o(.ARM.Collect$$libinit$$00000030) for __rt_lib_init_exceptions_1
    libinit.o(.ARM.Collect$$libinit$$00000000) refers (Special) to libinit2.o(.ARM.Collect$$libinit$$00000002) for __rt_lib_init_fp_1
    libinit.o(.ARM.Collect$$libinit$$00000000) refers (Special) to libinit2.o(.ARM.Collect$$libinit$$0000001F) for __rt_lib_init_fp_trap_1
    libinit.o(.ARM.Collect$$libinit$$00000000) refers (Special) to libinit2.o(.ARM.Collect$$libinit$$00000023) for __rt_lib_init_getenv_1
    libinit.o(.ARM.Collect$$libinit$$00000000) refers (Special) to libinit2.o(.ARM.Collect$$libinit$$0000000A) for __rt_lib_init_heap_1
    libinit.o(.ARM.Collect$$libinit$$00000000) refers (Special) to libinit2.o(.ARM.Collect$$libinit$$00000011) for __rt_lib_init_lc_collate_1
    libinit.o(.ARM.Collect$$libinit$$00000000) refers (Special) to libinit2.o(.ARM.Collect$$libinit$$00000013) for __rt_lib_init_lc_ctype_1
    libinit.o(.ARM.Collect$$libinit$$00000000) refers (Special) to libinit2.o(.ARM.Collect$$libinit$$00000015) for __rt_lib_init_lc_monetary_1
    libinit.o(.ARM.Collect$$libinit$$00000000) refers (Special) to libinit2.o(.ARM.Collect$$libinit$$00000017) for __rt_lib_init_lc_numeric_1
    libinit.o(.ARM.Collect$$libinit$$00000000) refers (Special) to libinit2.o(.ARM.Collect$$libinit$$00000019) for __rt_lib_init_lc_time_1
    libinit.o(.ARM.Collect$$libinit$$00000000) refers (Special) to libinit2.o(.ARM.Collect$$libinit$$00000004) for __rt_lib_init_preinit_1
    libinit.o(.ARM.Collect$$libinit$$00000000) refers (Special) to libinit2.o(.ARM.Collect$$libinit$$0000000E) for __rt_lib_init_rand_1
    libinit.o(.ARM.Collect$$libinit$$00000000) refers (Special) to libinit2.o(.ARM.Collect$$libinit$$00000033) for __rt_lib_init_return
    libinit.o(.ARM.Collect$$libinit$$00000000) refers (Special) to libinit2.o(.ARM.Collect$$libinit$$0000001D) for __rt_lib_init_signal_1
    libinit.o(.ARM.Collect$$libinit$$00000000) refers (Special) to libinit2.o(.ARM.Collect$$libinit$$00000025) for __rt_lib_init_stdio_1
    libinit.o(.ARM.Collect$$libinit$$00000000) refers (Special) to libinit2.o(.ARM.Collect$$libinit$$0000000C) for __rt_lib_init_user_alloc_1
    libspace.o(.text) refers to libspace.o(.bss) for __libspace_start
    rtexit.o(.ARM.Collect$$rtexit$$00000000) refers (Special) to rtexit2.o(.ARM.Collect$$rtexit$$00000004) for __rt_exit_exit
    rtexit.o(.ARM.Collect$$rtexit$$00000000) refers (Special) to rtexit2.o(.ARM.Collect$$rtexit$$00000003) for __rt_exit_ls
    rtexit.o(.ARM.Collect$$rtexit$$00000000) refers (Special) to rtexit2.o(.ARM.Collect$$rtexit$$00000002) for __rt_exit_prels_1
    rtexit.o(.ARM.exidx) refers (Special) to rtexit2.o(.ARM.Collect$$rtexit$$00000004) for __rt_exit_exit
    rtexit.o(.ARM.exidx) refers (Special) to rtexit2.o(.ARM.Collect$$rtexit$$00000003) for __rt_exit_ls
    rtexit.o(.ARM.exidx) refers (Special) to rtexit2.o(.ARM.Collect$$rtexit$$00000002) for __rt_exit_prels_1
    rtexit.o(.ARM.exidx) refers to rtexit.o(.ARM.Collect$$rtexit$$00000000) for .ARM.Collect$$rtexit$$00000000
    libinit2.o(.ARM.Collect$$libinit$$00000010) refers to libinit2.o(.ARM.Collect$$libinit$$0000000F) for .ARM.Collect$$libinit$$0000000F
    libinit2.o(.ARM.Collect$$libinit$$00000012) refers to libinit2.o(.ARM.Collect$$libinit$$0000000F) for .ARM.Collect$$libinit$$0000000F
    libinit2.o(.ARM.Collect$$libinit$$00000014) refers to libinit2.o(.ARM.Collect$$libinit$$0000000F) for .ARM.Collect$$libinit$$0000000F
    libinit2.o(.ARM.Collect$$libinit$$00000016) refers to libinit2.o(.ARM.Collect$$libinit$$0000000F) for .ARM.Collect$$libinit$$0000000F
    libinit2.o(.ARM.Collect$$libinit$$00000018) refers to libinit2.o(.ARM.Collect$$libinit$$0000000F) for .ARM.Collect$$libinit$$0000000F
    libinit2.o(.ARM.Collect$$libinit$$00000026) refers to argv_veneer.o(.emb_text) for __ARM_argv_veneer
    libinit2.o(.ARM.Collect$$libinit$$00000027) refers to argv_veneer.o(.emb_text) for __ARM_argv_veneer
    rtexit2.o(.ARM.Collect$$rtexit$$00000003) refers to libshutdown.o(.ARM.Collect$$libshutdown$$00000000) for __rt_lib_shutdown
    rtexit2.o(.ARM.Collect$$rtexit$$00000004) refers to sys_exit.o(.text) for _sys_exit
    rtexit2.o(.ARM.exidx) refers to rtexit2.o(.ARM.Collect$$rtexit$$00000001) for .ARM.Collect$$rtexit$$00000001
    rtexit2.o(.ARM.exidx) refers to rtexit2.o(.ARM.Collect$$rtexit$$00000003) for .ARM.Collect$$rtexit$$00000003
    rtexit2.o(.ARM.exidx) refers to rtexit2.o(.ARM.Collect$$rtexit$$00000004) for .ARM.Collect$$rtexit$$00000004
    argv_veneer.o(.emb_text) refers to no_argv.o(.text) for __ARM_get_argv
    sys_exit.o(.text) refers (Special) to use_no_semi.o(.text) for __I$use$semihosting
    sys_exit.o(.text) refers (Special) to indicate_semi.o(.text) for __semihosting_library_function
    sys_exit_hlt.o(.text) refers (Special) to use_no_semi.o(.text) for __I$use$semihosting
    sys_exit_hlt.o(.text) refers (Special) to indicate_semi.o(.text) for __semihosting_library_function
    _get_argv_nomalloc.o(.text) refers (Special) to hrguard.o(.text) for __heap_region$guard
    _get_argv_nomalloc.o(.text) refers to defsig_rtmem_outer.o(.text) for __rt_SIGRTMEM
    _get_argv_nomalloc.o(.text) refers to sys_command.o(.text) for _sys_command_string
    libshutdown.o(.ARM.Collect$$libshutdown$$00000000) refers (Special) to libshutdown2.o(.ARM.Collect$$libshutdown$$00000002) for __rt_lib_shutdown_cpp_1
    libshutdown.o(.ARM.Collect$$libshutdown$$00000000) refers (Special) to libshutdown2.o(.ARM.Collect$$libshutdown$$00000007) for __rt_lib_shutdown_fp_trap_1
    libshutdown.o(.ARM.Collect$$libshutdown$$00000000) refers (Special) to libshutdown2.o(.ARM.Collect$$libshutdown$$0000000F) for __rt_lib_shutdown_heap_1
    libshutdown.o(.ARM.Collect$$libshutdown$$00000000) refers (Special) to libshutdown2.o(.ARM.Collect$$libshutdown$$00000010) for __rt_lib_shutdown_return
    libshutdown.o(.ARM.Collect$$libshutdown$$00000000) refers (Special) to libshutdown2.o(.ARM.Collect$$libshutdown$$0000000A) for __rt_lib_shutdown_signal_1
    libshutdown.o(.ARM.Collect$$libshutdown$$00000000) refers (Special) to libshutdown2.o(.ARM.Collect$$libshutdown$$00000004) for __rt_lib_shutdown_stdio_1
    libshutdown.o(.ARM.Collect$$libshutdown$$00000000) refers (Special) to libshutdown2.o(.ARM.Collect$$libshutdown$$0000000C) for __rt_lib_shutdown_user_alloc_1
    sys_command.o(.text) refers (Special) to use_no_semi.o(.text) for __I$use$semihosting
    sys_command.o(.text) refers (Special) to indicate_semi.o(.text) for __semihosting_library_function
    sys_command_hlt.o(.text) refers (Special) to use_no_semi.o(.text) for __I$use$semihosting
    sys_command_hlt.o(.text) refers (Special) to indicate_semi.o(.text) for __semihosting_library_function
    defsig_rtmem_outer.o(.text) refers to defsig_rtmem_inner.o(.text) for __rt_SIGRTMEM_inner
    defsig_rtmem_outer.o(.text) refers to defsig_exit.o(.text) for __sig_exit
    defsig_rtmem_formal.o(.text) refers to rt_raise.o(.text) for __rt_raise
    rt_raise.o(.text) refers to __raise.o(.text) for __raise
    rt_raise.o(.text) refers to sys_exit.o(.text) for _sys_exit
    defsig_exit.o(.text) refers to sys_exit.o(.text) for _sys_exit
    defsig_rtmem_inner.o(.text) refers to defsig_general.o(.text) for __default_signal_display
    __raise.o(.text) refers to defsig.o(CL$$defsig) for __default_signal_handler
    defsig_general.o(.text) refers to sys_wrch.o(.text) for _ttywrch
    sys_wrch.o(.text) refers (Special) to use_no_semi.o(.text) for __I$use$semihosting
    sys_wrch.o(.text) refers (Special) to indicate_semi.o(.text) for __semihosting_library_function
    sys_wrch_hlt.o(.text) refers (Special) to use_no_semi.o(.text) for __I$use$semihosting
    sys_wrch_hlt.o(.text) refers (Special) to indicate_semi.o(.text) for __semihosting_library_function
    defsig.o(CL$$defsig) refers to defsig_rtmem_inner.o(.text) for __rt_SIGRTMEM_inner
    defsig_abrt_inner.o(.text) refers to defsig_general.o(.text) for __default_signal_display
    defsig_fpe_inner.o(.text) refers to defsig_general.o(.text) for __default_signal_display
    defsig_rtred_inner.o(.text) refers to defsig_general.o(.text) for __default_signal_display
    defsig_stak_inner.o(.text) refers to defsig_general.o(.text) for __default_signal_display
    defsig_pvfn_inner.o(.text) refers to defsig_general.o(.text) for __default_signal_display
    defsig_cppl_inner.o(.text) refers to defsig_general.o(.text) for __default_signal_display
    defsig_segv_inner.o(.text) refers to defsig_general.o(.text) for __default_signal_display
    defsig_other.o(.text) refers to defsig_general.o(.text) for __default_signal_display


==============================================================================

Removing Unused input sections from the image.

    Removing esp32_program.o(.text), (0 bytes).
    Removing esp32_program.o(.ARM.exidx.text.HESP32_ParseReceivedCommand), (8 bytes).
    Removing esp32_program.o(.ARM.exidx.text.HESP32_InitInterface), (8 bytes).
    Removing esp32_program.o(.text.HESP32_SendCommand), (66 bytes).
    Removing esp32_program.o(.ARM.exidx.text.HESP32_SendCommand), (8 bytes).
    Removing esp32_program.o(.ARM.exidx.text.HESP32_SetTaskCallbackFunction), (8 bytes).
    Removing gpio_program.o(.text), (0 bytes).
    Removing gpio_program.o(.ARM.exidx.text.MGPIO_SetPinMode), (8 bytes).
    Removing gpio_program.o(.ARM.exidx.text.MGPIO_SetPinValue), (8 bytes).
    Removing gpio_program.o(.text.MGPIO_GetPinValue), (94 bytes).
    Removing gpio_program.o(.ARM.exidx.text.MGPIO_GetPinValue), (8 bytes).
    Removing gpio_program.o(.ARM.exidx.text.MGPIO_ActivatePullUp), (8 bytes).
    Removing main.o(.text), (0 bytes).
    Removing main.o(.ARM.exidx.text.acknowledged), (8 bytes).
    Removing main.o(.ARM.exidx.text.invalid_command), (8 bytes).
    Removing main.o(.ARM.exidx.text.main), (8 bytes).
    Removing main.o(.ARM.use_no_argv), (4 bytes).
    Removing nvic_program.o(.text), (0 bytes).
    Removing nvic_program.o(.ARM.exidx.text.MNVIC_EnableInterrupt), (8 bytes).
    Removing nvic_program.o(.text.MNVIC_DisableInterrupt), (62 bytes).
    Removing nvic_program.o(.ARM.exidx.text.MNVIC_DisableInterrupt), (8 bytes).
    Removing nvic_program.o(.text.MNVIC_SetPendingFlag), (62 bytes).
    Removing nvic_program.o(.ARM.exidx.text.MNVIC_SetPendingFlag), (8 bytes).
    Removing nvic_program.o(.text.MNVIC_ClearPendingFlag), (62 bytes).
    Removing nvic_program.o(.ARM.exidx.text.MNVIC_ClearPendingFlag), (8 bytes).
    Removing nvic_program.o(.text.MNVIC_GetActiveFlag), (54 bytes).
    Removing nvic_program.o(.ARM.exidx.text.MNVIC_GetActiveFlag), (8 bytes).
    Removing nvic_program.o(.text.MNVIC_SetInterruptPriority), (86 bytes).
    Removing nvic_program.o(.ARM.exidx.text.MNVIC_SetInterruptPriority), (8 bytes).
    Removing rcc_program.o(.text), (0 bytes).
    Removing rcc_program.o(.ARM.exidx.text.MRCC_InitClock), (8 bytes).
    Removing rcc_program.o(.ARM.exidx.text.MRCC_EnablePeripheralClock), (8 bytes).
    Removing rcc_program.o(.text.MRCC_DisablePeripheralClock), (90 bytes).
    Removing rcc_program.o(.ARM.exidx.text.MRCC_DisablePeripheralClock), (8 bytes).
    Removing stk_program.o(.text), (0 bytes).
    Removing stk_program.o(.text.STK_uint8CalculateReloadValue), (44 bytes).
    Removing stk_program.o(.ARM.exidx.text.STK_uint8CalculateReloadValue), (8 bytes).
    Removing stk_program.o(.ARM.exidx.text.MSTK_uint8Init), (8 bytes).
    Removing stk_program.o(.text.MSTK_uint8SetTimerDuration), (40 bytes).
    Removing stk_program.o(.ARM.exidx.text.MSTK_uint8SetTimerDuration), (8 bytes).
    Removing stk_program.o(.text.MSTK_uint8StartTimer), (20 bytes).
    Removing stk_program.o(.ARM.exidx.text.MSTK_uint8StartTimer), (8 bytes).
    Removing stk_program.o(.text.MSTK_uint8PauseTimer), (20 bytes).
    Removing stk_program.o(.ARM.exidx.text.MSTK_uint8PauseTimer), (8 bytes).
    Removing stk_program.o(.text.MSTK_uint8StopTimer), (24 bytes).
    Removing stk_program.o(.ARM.exidx.text.MSTK_uint8StopTimer), (8 bytes).
    Removing stk_program.o(.text.MSTK_uint8Delay), (76 bytes).
    Removing stk_program.o(.ARM.exidx.text.MSTK_uint8Delay), (8 bytes).
    Removing stk_program.o(.text.MSTK_uint8SetCallbackFunction), (22 bytes).
    Removing stk_program.o(.ARM.exidx.text.MSTK_uint8SetCallbackFunction), (8 bytes).
    Removing stk_program.o(.ARM.exidx.text.SysTick_Handler), (8 bytes).
    Removing uart_program.o(.text), (0 bytes).
    Removing uart_program.o(.ARM.exidx.text.MUART_Init), (8 bytes).
    Removing uart_program.o(.text.MUART_TxChar), (42 bytes).
    Removing uart_program.o(.ARM.exidx.text.MUART_TxChar), (8 bytes).
    Removing uart_program.o(.text.MUART_TxCharAsynchronous), (26 bytes).
    Removing uart_program.o(.ARM.exidx.text.MUART_TxCharAsynchronous), (8 bytes).
    Removing uart_program.o(.text.MUART_RxChar), (44 bytes).
    Removing uart_program.o(.ARM.exidx.text.MUART_RxChar), (8 bytes).
    Removing uart_program.o(.ARM.exidx.text.MUART_RxCharAsynchronous), (8 bytes).
    Removing uart_program.o(.text.MUART_TxString), (42 bytes).
    Removing uart_program.o(.ARM.exidx.text.MUART_TxString), (8 bytes).
    Removing uart_program.o(.text.MUART_SetTxCompleteCallback), (24 bytes).
    Removing uart_program.o(.ARM.exidx.text.MUART_SetTxCompleteCallback), (8 bytes).
    Removing uart_program.o(.ARM.exidx.text.MUART_SetRxCompleteCallback), (8 bytes).
    Removing uart_program.o(.ARM.exidx.text.USART1_IRQHandler), (8 bytes).
    Removing uart_program.o(.ARM.exidx.text.USART2_IRQHandler), (8 bytes).
    Removing uart_program.o(.ARM.exidx.text.USART3_IRQHandler), (8 bytes).
    Removing system_stm32f10x.o(.text), (0 bytes).
    Removing system_stm32f10x.o(.ARM.exidx.text.SystemInit), (8 bytes).
    Removing system_stm32f10x.o(.ARM.exidx.text.SetSysClock), (8 bytes).
    Removing system_stm32f10x.o(.text.SystemCoreClockUpdate), (110 bytes).
    Removing system_stm32f10x.o(.ARM.exidx.text.SystemCoreClockUpdate), (8 bytes).
    Removing system_stm32f10x.o(.ARM.exidx.text.SetSysClockTo72), (8 bytes).
    Removing system_stm32f10x.o(.data.SystemCoreClock), (4 bytes).
    Removing system_stm32f10x.o(.rodata.AHBPrescTable), (16 bytes).

76 unused section(s) (total 1486 bytes) removed from the image.

==============================================================================

Image Symbol Table

    Local Symbols

    Symbol Name                              Value     Ov Type        Size  Object(Section)

    ../clib/angel/boardlib.s                 0x00000000   Number         0  boardinit1.o ABSOLUTE
    ../clib/angel/boardlib.s                 0x00000000   Number         0  boardinit2.o ABSOLUTE
    ../clib/angel/boardlib.s                 0x00000000   Number         0  boardinit3.o ABSOLUTE
    ../clib/angel/boardlib.s                 0x00000000   Number         0  boardshut.o ABSOLUTE
    ../clib/angel/handlers.s                 0x00000000   Number         0  __scatter_copy.o ABSOLUTE
    ../clib/angel/handlers.s                 0x00000000   Number         0  __scatter_zi.o ABSOLUTE
    ../clib/angel/kernel.s                   0x00000000   Number         0  __rtentry.o ABSOLUTE
    ../clib/angel/kernel.s                   0x00000000   Number         0  __rtentry2.o ABSOLUTE
    ../clib/angel/kernel.s                   0x00000000   Number         0  __rtentry4.o ABSOLUTE
    ../clib/angel/kernel.s                   0x00000000   Number         0  rtexit.o ABSOLUTE
    ../clib/angel/kernel.s                   0x00000000   Number         0  rtexit2.o ABSOLUTE
    ../clib/angel/rt.s                       0x00000000   Number         0  rt_raise.o ABSOLUTE
    ../clib/angel/scatter.s                  0x00000000   Number         0  __scatter.o ABSOLUTE
    ../clib/angel/startup.s                  0x00000000   Number         0  __main.o ABSOLUTE
    ../clib/angel/sys.s                      0x00000000   Number         0  sys_stackheap_outer.o ABSOLUTE
    ../clib/angel/sys.s                      0x00000000   Number         0  libspace.o ABSOLUTE
    ../clib/angel/sys.s                      0x00000000   Number         0  use_no_semi.o ABSOLUTE
    ../clib/angel/sys.s                      0x00000000   Number         0  indicate_semi.o ABSOLUTE
    ../clib/angel/sysapp.c                   0x00000000   Number         0  sys_exit.o ABSOLUTE
    ../clib/angel/sysapp.c                   0x00000000   Number         0  sys_exit_hlt.o ABSOLUTE
    ../clib/angel/sysapp.c                   0x00000000   Number         0  sys_command.o ABSOLUTE
    ../clib/angel/sysapp.c                   0x00000000   Number         0  sys_command_hlt.o ABSOLUTE
    ../clib/angel/sysapp.c                   0x00000000   Number         0  sys_wrch.o ABSOLUTE
    ../clib/angel/sysapp.c                   0x00000000   Number         0  sys_wrch_hlt.o ABSOLUTE
    ../clib/armsys.c                         0x00000000   Number         0  argv_veneer.o ABSOLUTE
    ../clib/armsys.c                         0x00000000   Number         0  argv_veneer.o ABSOLUTE
    ../clib/armsys.c                         0x00000000   Number         0  _get_argv_nomalloc.o ABSOLUTE
    ../clib/armsys.c                         0x00000000   Number         0  no_argv.o ABSOLUTE
    ../clib/heapalloc.c                      0x00000000   Number         0  hrguard.o ABSOLUTE
    ../clib/heapaux.c                        0x00000000   Number         0  heapauxi.o ABSOLUTE
    ../clib/libinit.s                        0x00000000   Number         0  libinit.o ABSOLUTE
    ../clib/libinit.s                        0x00000000   Number         0  libinit2.o ABSOLUTE
    ../clib/libinit.s                        0x00000000   Number         0  libshutdown.o ABSOLUTE
    ../clib/libinit.s                        0x00000000   Number         0  libshutdown2.o ABSOLUTE
    ../clib/memcpset.s                       0x00000000   Number         0  strcmpv7m.o ABSOLUTE
    ../clib/signal.c                         0x00000000   Number         0  defsig_rtmem_outer.o ABSOLUTE
    ../clib/signal.c                         0x00000000   Number         0  defsig_rtmem_formal.o ABSOLUTE
    ../clib/signal.c                         0x00000000   Number         0  defsig_exit.o ABSOLUTE
    ../clib/signal.c                         0x00000000   Number         0  defsig_rtmem_inner.o ABSOLUTE
    ../clib/signal.c                         0x00000000   Number         0  __raise.o ABSOLUTE
    ../clib/signal.c                         0x00000000   Number         0  defsig_general.o ABSOLUTE
    ../clib/signal.c                         0x00000000   Number         0  defsig_abrt_inner.o ABSOLUTE
    ../clib/signal.c                         0x00000000   Number         0  defsig_fpe_inner.o ABSOLUTE
    ../clib/signal.c                         0x00000000   Number         0  defsig_rtred_inner.o ABSOLUTE
    ../clib/signal.c                         0x00000000   Number         0  defsig_stak_inner.o ABSOLUTE
    ../clib/signal.c                         0x00000000   Number         0  defsig_pvfn_inner.o ABSOLUTE
    ../clib/signal.c                         0x00000000   Number         0  defsig_cppl_inner.o ABSOLUTE
    ../clib/signal.c                         0x00000000   Number         0  defsig_segv_inner.o ABSOLUTE
    ../clib/signal.c                         0x00000000   Number         0  defsig_other.o ABSOLUTE
    ../clib/signal.s                         0x00000000   Number         0  defsig.o ABSOLUTE
    ../clib/stdlib.c                         0x00000000   Number         0  exit.o ABSOLUTE
    ../fplib/fpinit.s                        0x00000000   Number         0  fpinit.o ABSOLUTE
    ../fplib/fpinit_empty.s                  0x00000000   Number         0  fpinit_empty.o ABSOLUTE
    ESP32_Program.c                          0x00000000   Number         0  esp32_program.o ABSOLUTE
    GPIO_Program.c                           0x00000000   Number         0  gpio_program.o ABSOLUTE
    NVIC_Program.c                           0x00000000   Number         0  nvic_program.o ABSOLUTE
    RCC_Program.c                            0x00000000   Number         0  rcc_program.o ABSOLUTE
    RTE/Device/STM32F103C8/startup_stm32f10x_md.s 0x00000000   Number         0  startup_stm32f10x_md.o ABSOLUTE
    STK_Program.c                            0x00000000   Number         0  stk_program.o ABSOLUTE
    UART_Program.c                           0x00000000   Number         0  uart_program.o ABSOLUTE
    dc.s                                     0x00000000   Number         0  dc.o ABSOLUTE
    main.c                                   0x00000000   Number         0  main.o ABSOLUTE
    system_stm32f10x.c                       0x00000000   Number         0  system_stm32f10x.o ABSOLUTE
    RESET                                    0x08000000   Section      236  startup_stm32f10x_md.o(RESET)
    !!!main                                  0x080000ec   Section        8  __main.o(!!!main)
    !!!scatter                               0x080000f4   Section       52  __scatter.o(!!!scatter)
    !!handler_copy                           0x08000128   Section       26  __scatter_copy.o(!!handler_copy)
    !!handler_zi                             0x08000144   Section       28  __scatter_zi.o(!!handler_zi)
    .ARM.Collect$$libinit$$00000000          0x08000160   Section        2  libinit.o(.ARM.Collect$$libinit$$00000000)
    .ARM.Collect$$libinit$$00000002          0x08000162   Section        0  libinit2.o(.ARM.Collect$$libinit$$00000002)
    .ARM.Collect$$libinit$$00000004          0x08000162   Section        0  libinit2.o(.ARM.Collect$$libinit$$00000004)
    .ARM.Collect$$libinit$$0000000A          0x08000162   Section        0  libinit2.o(.ARM.Collect$$libinit$$0000000A)
    .ARM.Collect$$libinit$$0000000C          0x08000162   Section        0  libinit2.o(.ARM.Collect$$libinit$$0000000C)
    .ARM.Collect$$libinit$$0000000E          0x08000162   Section        0  libinit2.o(.ARM.Collect$$libinit$$0000000E)
    .ARM.Collect$$libinit$$00000011          0x08000162   Section        0  libinit2.o(.ARM.Collect$$libinit$$00000011)
    .ARM.Collect$$libinit$$00000013          0x08000162   Section        0  libinit2.o(.ARM.Collect$$libinit$$00000013)
    .ARM.Collect$$libinit$$00000015          0x08000162   Section        0  libinit2.o(.ARM.Collect$$libinit$$00000015)
    .ARM.Collect$$libinit$$00000017          0x08000162   Section        0  libinit2.o(.ARM.Collect$$libinit$$00000017)
    .ARM.Collect$$libinit$$00000019          0x08000162   Section        0  libinit2.o(.ARM.Collect$$libinit$$00000019)
    .ARM.Collect$$libinit$$0000001B          0x08000162   Section        0  libinit2.o(.ARM.Collect$$libinit$$0000001B)
    .ARM.Collect$$libinit$$0000001D          0x08000162   Section        0  libinit2.o(.ARM.Collect$$libinit$$0000001D)
    .ARM.Collect$$libinit$$0000001F          0x08000162   Section        0  libinit2.o(.ARM.Collect$$libinit$$0000001F)
    .ARM.Collect$$libinit$$00000021          0x08000162   Section        0  libinit2.o(.ARM.Collect$$libinit$$00000021)
    .ARM.Collect$$libinit$$00000023          0x08000162   Section        0  libinit2.o(.ARM.Collect$$libinit$$00000023)
    .ARM.Collect$$libinit$$00000025          0x08000162   Section        0  libinit2.o(.ARM.Collect$$libinit$$00000025)
    .ARM.Collect$$libinit$$0000002C          0x08000162   Section        0  libinit2.o(.ARM.Collect$$libinit$$0000002C)
    .ARM.Collect$$libinit$$0000002E          0x08000162   Section        0  libinit2.o(.ARM.Collect$$libinit$$0000002E)
    .ARM.Collect$$libinit$$00000030          0x08000162   Section        0  libinit2.o(.ARM.Collect$$libinit$$00000030)
    .ARM.Collect$$libinit$$00000032          0x08000162   Section        0  libinit2.o(.ARM.Collect$$libinit$$00000032)
    .ARM.Collect$$libinit$$00000033          0x08000162   Section        2  libinit2.o(.ARM.Collect$$libinit$$00000033)
    .ARM.Collect$$libshutdown$$00000000      0x08000164   Section        2  libshutdown.o(.ARM.Collect$$libshutdown$$00000000)
    .ARM.Collect$$libshutdown$$00000002      0x08000166   Section        0  libshutdown2.o(.ARM.Collect$$libshutdown$$00000002)
    .ARM.Collect$$libshutdown$$00000004      0x08000166   Section        0  libshutdown2.o(.ARM.Collect$$libshutdown$$00000004)
    .ARM.Collect$$libshutdown$$00000007      0x08000166   Section        0  libshutdown2.o(.ARM.Collect$$libshutdown$$00000007)
    .ARM.Collect$$libshutdown$$0000000A      0x08000166   Section        0  libshutdown2.o(.ARM.Collect$$libshutdown$$0000000A)
    .ARM.Collect$$libshutdown$$0000000C      0x08000166   Section        0  libshutdown2.o(.ARM.Collect$$libshutdown$$0000000C)
    .ARM.Collect$$libshutdown$$0000000F      0x08000166   Section        0  libshutdown2.o(.ARM.Collect$$libshutdown$$0000000F)
    .ARM.Collect$$libshutdown$$00000010      0x08000166   Section        2  libshutdown2.o(.ARM.Collect$$libshutdown$$00000010)
    .ARM.Collect$$rtentry$$00000000          0x08000168   Section        0  __rtentry.o(.ARM.Collect$$rtentry$$00000000)
    .ARM.Collect$$rtentry$$00000002          0x08000168   Section        0  __rtentry2.o(.ARM.Collect$$rtentry$$00000002)
    .ARM.Collect$$rtentry$$00000004          0x08000168   Section        6  __rtentry4.o(.ARM.Collect$$rtentry$$00000004)
    .ARM.Collect$$rtentry$$00000009          0x0800016e   Section        0  __rtentry2.o(.ARM.Collect$$rtentry$$00000009)
    .ARM.Collect$$rtentry$$0000000A          0x0800016e   Section        4  __rtentry2.o(.ARM.Collect$$rtentry$$0000000A)
    .ARM.Collect$$rtentry$$0000000C          0x08000172   Section        0  __rtentry2.o(.ARM.Collect$$rtentry$$0000000C)
    .ARM.Collect$$rtentry$$0000000D          0x08000172   Section        8  __rtentry2.o(.ARM.Collect$$rtentry$$0000000D)
    .ARM.Collect$$rtexit$$00000000           0x0800017a   Section        2  rtexit.o(.ARM.Collect$$rtexit$$00000000)
    .ARM.Collect$$rtexit$$00000002           0x0800017c   Section        0  rtexit2.o(.ARM.Collect$$rtexit$$00000002)
    .ARM.Collect$$rtexit$$00000003           0x0800017c   Section        4  rtexit2.o(.ARM.Collect$$rtexit$$00000003)
    .ARM.Collect$$rtexit$$00000004           0x08000180   Section        6  rtexit2.o(.ARM.Collect$$rtexit$$00000004)
    .text                                    0x08000188   Section       64  startup_stm32f10x_md.o(.text)
    .text                                    0x080001c8   Section      128  strcmpv7m.o(.text)
    .text                                    0x08000248   Section        0  heapauxi.o(.text)
    .text                                    0x0800024e   Section       74  sys_stackheap_outer.o(.text)
    .text                                    0x08000298   Section        0  exit.o(.text)
    .text                                    0x080002ac   Section        8  libspace.o(.text)
    .text                                    0x080002b4   Section        0  sys_exit.o(.text)
    .text                                    0x080002c0   Section        2  use_no_semi.o(.text)
    .text                                    0x080002c2   Section        0  indicate_semi.o(.text)
    [Anonymous Symbol]                       0x080002c4   Section        0  esp32_program.o(.text.HESP32_InitInterface)
    [Anonymous Symbol]                       0x08000310   Section        0  esp32_program.o(.text.HESP32_ParseReceivedCommand)
    [Anonymous Symbol]                       0x0800039c   Section        0  esp32_program.o(.text.HESP32_SetTaskCallbackFunction)
    [Anonymous Symbol]                       0x080003bc   Section        0  gpio_program.o(.text.MGPIO_ActivatePullUp)
    [Anonymous Symbol]                       0x08000424   Section        0  gpio_program.o(.text.MGPIO_SetPinMode)
    [Anonymous Symbol]                       0x08000530   Section        0  gpio_program.o(.text.MGPIO_SetPinValue)
    [Anonymous Symbol]                       0x080005f4   Section        0  nvic_program.o(.text.MNVIC_EnableInterrupt)
    [Anonymous Symbol]                       0x08000634   Section        0  rcc_program.o(.text.MRCC_EnablePeripheralClock)
    [Anonymous Symbol]                       0x08000688   Section        0  rcc_program.o(.text.MRCC_InitClock)
    [Anonymous Symbol]                       0x080006e8   Section        0  stk_program.o(.text.MSTK_uint8Init)
    [Anonymous Symbol]                       0x0800070c   Section        0  uart_program.o(.text.MUART_Init)
    [Anonymous Symbol]                       0x08000768   Section        0  uart_program.o(.text.MUART_RxCharAsynchronous)
    [Anonymous Symbol]                       0x08000790   Section        0  uart_program.o(.text.MUART_SetRxCompleteCallback)
    SetSysClock                              0x080007a9   Thumb Code     8  system_stm32f10x.o(.text.SetSysClock)
    [Anonymous Symbol]                       0x080007a8   Section        0  system_stm32f10x.o(.text.SetSysClock)
    SetSysClockTo72                          0x080007b1   Thumb Code   190  system_stm32f10x.o(.text.SetSysClockTo72)
    [Anonymous Symbol]                       0x080007b0   Section        0  system_stm32f10x.o(.text.SetSysClockTo72)
    [Anonymous Symbol]                       0x08000870   Section        0  stk_program.o(.text.SysTick_Handler)
    [Anonymous Symbol]                       0x08000884   Section        0  system_stm32f10x.o(.text.SystemInit)
    [Anonymous Symbol]                       0x080008dc   Section        0  uart_program.o(.text.USART1_IRQHandler)
    [Anonymous Symbol]                       0x08000928   Section        0  uart_program.o(.text.USART2_IRQHandler)
    [Anonymous Symbol]                       0x08000974   Section        0  uart_program.o(.text.USART3_IRQHandler)
    [Anonymous Symbol]                       0x080009c0   Section        0  main.o(.text.acknowledged)
    [Anonymous Symbol]                       0x080009d8   Section        0  main.o(.text.invalid_command)
    [Anonymous Symbol]                       0x080009f0   Section        0  main.o(.text.main)
    UART                                     0x08000a38   Data          12  uart_program.o(.rodata.UART)
    [Anonymous Symbol]                       0x08000a38   Section        0  uart_program.o(.rodata.UART)
    glbl_uint8AcknowledgedFlag               0x20000028   Data           1  esp32_program.o(.data.glbl_uint8AcknowledgedFlag)
    [Anonymous Symbol]                       0x20000028   Section        0  esp32_program.o(.data.glbl_uint8AcknowledgedFlag)
    .bss                                     0x20000030   Section       96  libspace.o(.bss)
    Glbl_PRxCompleteFunc                     0x20000090   Data          12  uart_program.o(.bss.Glbl_PRxCompleteFunc)
    [Anonymous Symbol]                       0x20000090   Section        0  uart_program.o(.bss.Glbl_PRxCompleteFunc)
    Glbl_PTxCompleteFunc                     0x2000009c   Data          12  uart_program.o(.bss.Glbl_PTxCompleteFunc)
    [Anonymous Symbol]                       0x2000009c   Section        0  uart_program.o(.bss.Glbl_PTxCompleteFunc)
    STK_PCallbackFunc                        0x200000a8   Data           4  stk_program.o(.bss.STK_PCallbackFunc)
    [Anonymous Symbol]                       0x200000a8   Section        0  stk_program.o(.bss.STK_PCallbackFunc)
    glbl_PCallbackFunc                       0x200000ac   Data           8  esp32_program.o(.bss.glbl_PCallbackFunc)
    [Anonymous Symbol]                       0x200000ac   Section        0  esp32_program.o(.bss.glbl_PCallbackFunc)
    glbl_uint8BufferIndex                    0x200000b4   Data           1  esp32_program.o(.bss.glbl_uint8BufferIndex)
    [Anonymous Symbol]                       0x200000b4   Section        0  esp32_program.o(.bss.glbl_uint8BufferIndex)
    glbl_uint8CommandBuffer                  0x200000b5   Data          20  esp32_program.o(.bss.glbl_uint8CommandBuffer)
    [Anonymous Symbol]                       0x200000b5   Section        0  esp32_program.o(.bss.glbl_uint8CommandBuffer)
    Heap_Mem                                 0x200000d0   Data         512  startup_stm32f10x_md.o(HEAP)
    HEAP                                     0x200000d0   Section      512  startup_stm32f10x_md.o(HEAP)
    Stack_Mem                                0x200002d0   Data        1024  startup_stm32f10x_md.o(STACK)
    STACK                                    0x200002d0   Section     1024  startup_stm32f10x_md.o(STACK)
    __initial_sp                             0x200006d0   Data           0  startup_stm32f10x_md.o(STACK)

    Global Symbols

    Symbol Name                              Value     Ov Type        Size  Object(Section)

    BuildAttributes$$THM_ISAv4$P$D$K$B$S$PE$A:L22UL41UL21$X:L11$S22US41US21$IEEE1$IW$~IW$USESV6$~STKCKD$USESV7$~SHL$OTIME$ROPI$EBA8$UX$STANDARDLIB$REQ8$PRES8$EABIv2 0x00000000   Number         0  anon$$obj.o ABSOLUTE
    __fp_init_empty                          0x00000000   Number         0  fpinit_empty.o ABSOLUTE
    __ARM_exceptions_init                     - Undefined Weak Reference
    __alloca_initialize                       - Undefined Weak Reference
    __arm_preinit_                            - Undefined Weak Reference
    __cpp_initialize__aeabi_                  - Undefined Weak Reference
    __cxa_finalize                            - Undefined Weak Reference
    __rt_locale                               - Undefined Weak Reference
    __sigvec_lookup                           - Undefined Weak Reference
    _atexit_init                              - Undefined Weak Reference
    _call_atexit_fns                          - Undefined Weak Reference
    _clock_init                               - Undefined Weak Reference
    _fp_trap_init                             - Undefined Weak Reference
    _fp_trap_shutdown                         - Undefined Weak Reference
    _get_lc_collate                           - Undefined Weak Reference
    _get_lc_ctype                             - Undefined Weak Reference
    _get_lc_monetary                          - Undefined Weak Reference
    _get_lc_numeric                           - Undefined Weak Reference
    _get_lc_time                              - Undefined Weak Reference
    _getenv_init                              - Undefined Weak Reference
    _handle_redirection                       - Undefined Weak Reference
    _init_alloc                               - Undefined Weak Reference
    _init_user_alloc                          - Undefined Weak Reference
    _initio                                   - Undefined Weak Reference
    _rand_init                                - Undefined Weak Reference
    _signal_finish                            - Undefined Weak Reference
    _signal_init                              - Undefined Weak Reference
    _terminate_alloc                          - Undefined Weak Reference
    _terminate_user_alloc                     - Undefined Weak Reference
    _terminateio                              - Undefined Weak Reference
    __Vectors_Size                           0x000000ec   Number         0  startup_stm32f10x_md.o ABSOLUTE
    __Vectors                                0x08000000   Data           4  startup_stm32f10x_md.o(RESET)
    __Vectors_End                            0x080000ec   Data           0  startup_stm32f10x_md.o(RESET)
    __main                                   0x080000ed   Thumb Code     8  __main.o(!!!main)
    __scatterload                            0x080000f5   Thumb Code     0  __scatter.o(!!!scatter)
    __scatterload_rt2                        0x080000f5   Thumb Code    44  __scatter.o(!!!scatter)
    __scatterload_rt2_thumb_only             0x080000f5   Thumb Code     0  __scatter.o(!!!scatter)
    __scatterload_null                       0x08000103   Thumb Code     0  __scatter.o(!!!scatter)
    __scatterload_copy                       0x08000129   Thumb Code    26  __scatter_copy.o(!!handler_copy)
    __scatterload_zeroinit                   0x08000145   Thumb Code    28  __scatter_zi.o(!!handler_zi)
    __rt_lib_init                            0x08000161   Thumb Code     0  libinit.o(.ARM.Collect$$libinit$$00000000)
    __rt_lib_init_alloca_1                   0x08000163   Thumb Code     0  libinit2.o(.ARM.Collect$$libinit$$0000002E)
    __rt_lib_init_argv_1                     0x08000163   Thumb Code     0  libinit2.o(.ARM.Collect$$libinit$$0000002C)
    __rt_lib_init_atexit_1                   0x08000163   Thumb Code     0  libinit2.o(.ARM.Collect$$libinit$$0000001B)
    __rt_lib_init_clock_1                    0x08000163   Thumb Code     0  libinit2.o(.ARM.Collect$$libinit$$00000021)
    __rt_lib_init_cpp_1                      0x08000163   Thumb Code     0  libinit2.o(.ARM.Collect$$libinit$$00000032)
    __rt_lib_init_exceptions_1               0x08000163   Thumb Code     0  libinit2.o(.ARM.Collect$$libinit$$00000030)
    __rt_lib_init_fp_1                       0x08000163   Thumb Code     0  libinit2.o(.ARM.Collect$$libinit$$00000002)
    __rt_lib_init_fp_trap_1                  0x08000163   Thumb Code     0  libinit2.o(.ARM.Collect$$libinit$$0000001F)
    __rt_lib_init_getenv_1                   0x08000163   Thumb Code     0  libinit2.o(.ARM.Collect$$libinit$$00000023)
    __rt_lib_init_heap_1                     0x08000163   Thumb Code     0  libinit2.o(.ARM.Collect$$libinit$$0000000A)
    __rt_lib_init_lc_collate_1               0x08000163   Thumb Code     0  libinit2.o(.ARM.Collect$$libinit$$00000011)
    __rt_lib_init_lc_ctype_1                 0x08000163   Thumb Code     0  libinit2.o(.ARM.Collect$$libinit$$00000013)
    __rt_lib_init_lc_monetary_1              0x08000163   Thumb Code     0  libinit2.o(.ARM.Collect$$libinit$$00000015)
    __rt_lib_init_lc_numeric_1               0x08000163   Thumb Code     0  libinit2.o(.ARM.Collect$$libinit$$00000017)
    __rt_lib_init_lc_time_1                  0x08000163   Thumb Code     0  libinit2.o(.ARM.Collect$$libinit$$00000019)
    __rt_lib_init_preinit_1                  0x08000163   Thumb Code     0  libinit2.o(.ARM.Collect$$libinit$$00000004)
    __rt_lib_init_rand_1                     0x08000163   Thumb Code     0  libinit2.o(.ARM.Collect$$libinit$$0000000E)
    __rt_lib_init_return                     0x08000163   Thumb Code     0  libinit2.o(.ARM.Collect$$libinit$$00000033)
    __rt_lib_init_signal_1                   0x08000163   Thumb Code     0  libinit2.o(.ARM.Collect$$libinit$$0000001D)
    __rt_lib_init_stdio_1                    0x08000163   Thumb Code     0  libinit2.o(.ARM.Collect$$libinit$$00000025)
    __rt_lib_init_user_alloc_1               0x08000163   Thumb Code     0  libinit2.o(.ARM.Collect$$libinit$$0000000C)
    __rt_lib_shutdown                        0x08000165   Thumb Code     0  libshutdown.o(.ARM.Collect$$libshutdown$$00000000)
    __rt_lib_shutdown_cpp_1                  0x08000167   Thumb Code     0  libshutdown2.o(.ARM.Collect$$libshutdown$$00000002)
    __rt_lib_shutdown_fp_trap_1              0x08000167   Thumb Code     0  libshutdown2.o(.ARM.Collect$$libshutdown$$00000007)
    __rt_lib_shutdown_heap_1                 0x08000167   Thumb Code     0  libshutdown2.o(.ARM.Collect$$libshutdown$$0000000F)
    __rt_lib_shutdown_return                 0x08000167   Thumb Code     0  libshutdown2.o(.ARM.Collect$$libshutdown$$00000010)
    __rt_lib_shutdown_signal_1               0x08000167   Thumb Code     0  libshutdown2.o(.ARM.Collect$$libshutdown$$0000000A)
    __rt_lib_shutdown_stdio_1                0x08000167   Thumb Code     0  libshutdown2.o(.ARM.Collect$$libshutdown$$00000004)
    __rt_lib_shutdown_user_alloc_1           0x08000167   Thumb Code     0  libshutdown2.o(.ARM.Collect$$libshutdown$$0000000C)
    __rt_entry                               0x08000169   Thumb Code     0  __rtentry.o(.ARM.Collect$$rtentry$$00000000)
    __rt_entry_presh_1                       0x08000169   Thumb Code     0  __rtentry2.o(.ARM.Collect$$rtentry$$00000002)
    __rt_entry_sh                            0x08000169   Thumb Code     0  __rtentry4.o(.ARM.Collect$$rtentry$$00000004)
    __rt_entry_li                            0x0800016f   Thumb Code     0  __rtentry2.o(.ARM.Collect$$rtentry$$0000000A)
    __rt_entry_postsh_1                      0x0800016f   Thumb Code     0  __rtentry2.o(.ARM.Collect$$rtentry$$00000009)
    __rt_entry_main                          0x08000173   Thumb Code     0  __rtentry2.o(.ARM.Collect$$rtentry$$0000000D)
    __rt_entry_postli_1                      0x08000173   Thumb Code     0  __rtentry2.o(.ARM.Collect$$rtentry$$0000000C)
    __rt_exit                                0x0800017b   Thumb Code     0  rtexit.o(.ARM.Collect$$rtexit$$00000000)
    __rt_exit_ls                             0x0800017d   Thumb Code     0  rtexit2.o(.ARM.Collect$$rtexit$$00000003)
    __rt_exit_prels_1                        0x0800017d   Thumb Code     0  rtexit2.o(.ARM.Collect$$rtexit$$00000002)
    __rt_exit_exit                           0x08000181   Thumb Code     0  rtexit2.o(.ARM.Collect$$rtexit$$00000004)
    Reset_Handler                            0x08000189   Thumb Code     8  startup_stm32f10x_md.o(.text)
    NMI_Handler                              0x08000191   Thumb Code     2  startup_stm32f10x_md.o(.text)
    HardFault_Handler                        0x08000193   Thumb Code     2  startup_stm32f10x_md.o(.text)
    MemManage_Handler                        0x08000195   Thumb Code     2  startup_stm32f10x_md.o(.text)
    BusFault_Handler                         0x08000197   Thumb Code     2  startup_stm32f10x_md.o(.text)
    UsageFault_Handler                       0x08000199   Thumb Code     2  startup_stm32f10x_md.o(.text)
    SVC_Handler                              0x0800019b   Thumb Code     2  startup_stm32f10x_md.o(.text)
    DebugMon_Handler                         0x0800019d   Thumb Code     2  startup_stm32f10x_md.o(.text)
    PendSV_Handler                           0x0800019f   Thumb Code     2  startup_stm32f10x_md.o(.text)
    ADC1_2_IRQHandler                        0x080001a3   Thumb Code     0  startup_stm32f10x_md.o(.text)
    CAN1_RX1_IRQHandler                      0x080001a3   Thumb Code     0  startup_stm32f10x_md.o(.text)
    CAN1_SCE_IRQHandler                      0x080001a3   Thumb Code     0  startup_stm32f10x_md.o(.text)
    DMA1_Channel1_IRQHandler                 0x080001a3   Thumb Code     0  startup_stm32f10x_md.o(.text)
    DMA1_Channel2_IRQHandler                 0x080001a3   Thumb Code     0  startup_stm32f10x_md.o(.text)
    DMA1_Channel3_IRQHandler                 0x080001a3   Thumb Code     0  startup_stm32f10x_md.o(.text)
    DMA1_Channel4_IRQHandler                 0x080001a3   Thumb Code     0  startup_stm32f10x_md.o(.text)
    DMA1_Channel5_IRQHandler                 0x080001a3   Thumb Code     0  startup_stm32f10x_md.o(.text)
    DMA1_Channel6_IRQHandler                 0x080001a3   Thumb Code     0  startup_stm32f10x_md.o(.text)
    DMA1_Channel7_IRQHandler                 0x080001a3   Thumb Code     0  startup_stm32f10x_md.o(.text)
    EXTI0_IRQHandler                         0x080001a3   Thumb Code     0  startup_stm32f10x_md.o(.text)
    EXTI15_10_IRQHandler                     0x080001a3   Thumb Code     0  startup_stm32f10x_md.o(.text)
    EXTI1_IRQHandler                         0x080001a3   Thumb Code     0  startup_stm32f10x_md.o(.text)
    EXTI2_IRQHandler                         0x080001a3   Thumb Code     0  startup_stm32f10x_md.o(.text)
    EXTI3_IRQHandler                         0x080001a3   Thumb Code     0  startup_stm32f10x_md.o(.text)
    EXTI4_IRQHandler                         0x080001a3   Thumb Code     0  startup_stm32f10x_md.o(.text)
    EXTI9_5_IRQHandler                       0x080001a3   Thumb Code     0  startup_stm32f10x_md.o(.text)
    FLASH_IRQHandler                         0x080001a3   Thumb Code     0  startup_stm32f10x_md.o(.text)
    I2C1_ER_IRQHandler                       0x080001a3   Thumb Code     0  startup_stm32f10x_md.o(.text)
    I2C1_EV_IRQHandler                       0x080001a3   Thumb Code     0  startup_stm32f10x_md.o(.text)
    I2C2_ER_IRQHandler                       0x080001a3   Thumb Code     0  startup_stm32f10x_md.o(.text)
    I2C2_EV_IRQHandler                       0x080001a3   Thumb Code     0  startup_stm32f10x_md.o(.text)
    PVD_IRQHandler                           0x080001a3   Thumb Code     0  startup_stm32f10x_md.o(.text)
    RCC_IRQHandler                           0x080001a3   Thumb Code     0  startup_stm32f10x_md.o(.text)
    RTCAlarm_IRQHandler                      0x080001a3   Thumb Code     0  startup_stm32f10x_md.o(.text)
    RTC_IRQHandler                           0x080001a3   Thumb Code     0  startup_stm32f10x_md.o(.text)
    SPI1_IRQHandler                          0x080001a3   Thumb Code     0  startup_stm32f10x_md.o(.text)
    SPI2_IRQHandler                          0x080001a3   Thumb Code     0  startup_stm32f10x_md.o(.text)
    TAMPER_IRQHandler                        0x080001a3   Thumb Code     0  startup_stm32f10x_md.o(.text)
    TIM1_BRK_IRQHandler                      0x080001a3   Thumb Code     0  startup_stm32f10x_md.o(.text)
    TIM1_CC_IRQHandler                       0x080001a3   Thumb Code     0  startup_stm32f10x_md.o(.text)
    TIM1_TRG_COM_IRQHandler                  0x080001a3   Thumb Code     0  startup_stm32f10x_md.o(.text)
    TIM1_UP_IRQHandler                       0x080001a3   Thumb Code     0  startup_stm32f10x_md.o(.text)
    TIM2_IRQHandler                          0x080001a3   Thumb Code     0  startup_stm32f10x_md.o(.text)
    TIM3_IRQHandler                          0x080001a3   Thumb Code     0  startup_stm32f10x_md.o(.text)
    TIM4_IRQHandler                          0x080001a3   Thumb Code     0  startup_stm32f10x_md.o(.text)
    USBWakeUp_IRQHandler                     0x080001a3   Thumb Code     0  startup_stm32f10x_md.o(.text)
    USB_HP_CAN1_TX_IRQHandler                0x080001a3   Thumb Code     0  startup_stm32f10x_md.o(.text)
    USB_LP_CAN1_RX0_IRQHandler               0x080001a3   Thumb Code     0  startup_stm32f10x_md.o(.text)
    WWDG_IRQHandler                          0x080001a3   Thumb Code     0  startup_stm32f10x_md.o(.text)
    __user_initial_stackheap                 0x080001a5   Thumb Code     0  startup_stm32f10x_md.o(.text)
    strcmp                                   0x080001c9   Thumb Code   128  strcmpv7m.o(.text)
    __use_two_region_memory                  0x08000249   Thumb Code     2  heapauxi.o(.text)
    __rt_heap_escrow$2region                 0x0800024b   Thumb Code     2  heapauxi.o(.text)
    __rt_heap_expand$2region                 0x0800024d   Thumb Code     2  heapauxi.o(.text)
    __user_setup_stackheap                   0x0800024f   Thumb Code    74  sys_stackheap_outer.o(.text)
    exit                                     0x08000299   Thumb Code    18  exit.o(.text)
    __user_libspace                          0x080002ad   Thumb Code     8  libspace.o(.text)
    __user_perproc_libspace                  0x080002ad   Thumb Code     0  libspace.o(.text)
    __user_perthread_libspace                0x080002ad   Thumb Code     0  libspace.o(.text)
    _sys_exit                                0x080002b5   Thumb Code     8  sys_exit.o(.text)
    __I$use$semihosting                      0x080002c1   Thumb Code     0  use_no_semi.o(.text)
    __use_no_semihosting_swi                 0x080002c1   Thumb Code     2  use_no_semi.o(.text)
    __semihosting_library_function           0x080002c3   Thumb Code     0  indicate_semi.o(.text)
    HESP32_InitInterface                     0x080002c5   Thumb Code    76  esp32_program.o(.text.HESP32_InitInterface)
    HESP32_ParseReceivedCommand              0x08000311   Thumb Code   140  esp32_program.o(.text.HESP32_ParseReceivedCommand)
    HESP32_SetTaskCallbackFunction           0x0800039d   Thumb Code    32  esp32_program.o(.text.HESP32_SetTaskCallbackFunction)
    MGPIO_ActivatePullUp                     0x080003bd   Thumb Code   104  gpio_program.o(.text.MGPIO_ActivatePullUp)
    MGPIO_SetPinMode                         0x08000425   Thumb Code   268  gpio_program.o(.text.MGPIO_SetPinMode)
    MGPIO_SetPinValue                        0x08000531   Thumb Code   194  gpio_program.o(.text.MGPIO_SetPinValue)
    MNVIC_EnableInterrupt                    0x080005f5   Thumb Code    62  nvic_program.o(.text.MNVIC_EnableInterrupt)
    MRCC_EnablePeripheralClock               0x08000635   Thumb Code    84  rcc_program.o(.text.MRCC_EnablePeripheralClock)
    MRCC_InitClock                           0x08000689   Thumb Code    96  rcc_program.o(.text.MRCC_InitClock)
    MSTK_uint8Init                           0x080006e9   Thumb Code    34  stk_program.o(.text.MSTK_uint8Init)
    MUART_Init                               0x0800070d   Thumb Code    90  uart_program.o(.text.MUART_Init)
    MUART_RxCharAsynchronous                 0x08000769   Thumb Code    38  uart_program.o(.text.MUART_RxCharAsynchronous)
    MUART_SetRxCompleteCallback              0x08000791   Thumb Code    24  uart_program.o(.text.MUART_SetRxCompleteCallback)
    SysTick_Handler                          0x08000871   Thumb Code    20  stk_program.o(.text.SysTick_Handler)
    SystemInit                               0x08000885   Thumb Code    86  system_stm32f10x.o(.text.SystemInit)
    USART1_IRQHandler                        0x080008dd   Thumb Code    74  uart_program.o(.text.USART1_IRQHandler)
    USART2_IRQHandler                        0x08000929   Thumb Code    74  uart_program.o(.text.USART2_IRQHandler)
    USART3_IRQHandler                        0x08000975   Thumb Code    74  uart_program.o(.text.USART3_IRQHandler)
    acknowledged                             0x080009c1   Thumb Code    24  main.o(.text.acknowledged)
    invalid_command                          0x080009d9   Thumb Code    24  main.o(.text.invalid_command)
    main                                     0x080009f1   Thumb Code    70  main.o(.text.main)
    Region$$Table$$Base                      0x08000a44   Number         0  anon$$obj.o(Region$$Table)
    Region$$Table$$Limit                     0x08000a64   Number         0  anon$$obj.o(Region$$Table)
    HESP32_AvailableTasks                    0x20000000   Data          40  esp32_program.o(.data.HESP32_AvailableTasks)
    __libspace_start                         0x20000030   Data          96  libspace.o(.bss)
    __temporary_stack_top$libspace           0x20000090   Data           0  libspace.o(.bss)



==============================================================================

Memory Map of the image

  Image Entry point : 0x08000189

  Load Region LR_1 (Base: 0x08000000, Size: 0x00000a90, Max: 0xffffffff, ABSOLUTE)

    Execution Region ER_RO (Exec base: 0x08000000, Load base: 0x08000000, Size: 0x00000a64, Max: 0xffffffff, ABSOLUTE)

    Exec Addr    Load Addr    Size         Type   Attr      Idx    E Section Name        Object

    0x08000000   0x08000000   0x000000ec   Data   RO          148    RESET               startup_stm32f10x_md.o
    0x080000ec   0x080000ec   0x00000008   Code   RO          179  * !!!main             c_w.l(__main.o)
    0x080000f4   0x080000f4   0x00000034   Code   RO          342    !!!scatter          c_w.l(__scatter.o)
    0x08000128   0x08000128   0x0000001a   Code   RO          344    !!handler_copy      c_w.l(__scatter_copy.o)
    0x08000142   0x08000142   0x00000002   PAD
    0x08000144   0x08000144   0x0000001c   Code   RO          346    !!handler_zi        c_w.l(__scatter_zi.o)
    0x08000160   0x08000160   0x00000002   Code   RO          206    .ARM.Collect$$libinit$$00000000  c_w.l(libinit.o)
    0x08000162   0x08000162   0x00000000   Code   RO          213    .ARM.Collect$$libinit$$00000002  c_w.l(libinit2.o)
    0x08000162   0x08000162   0x00000000   Code   RO          215    .ARM.Collect$$libinit$$00000004  c_w.l(libinit2.o)
    0x08000162   0x08000162   0x00000000   Code   RO          218    .ARM.Collect$$libinit$$0000000A  c_w.l(libinit2.o)
    0x08000162   0x08000162   0x00000000   Code   RO          220    .ARM.Collect$$libinit$$0000000C  c_w.l(libinit2.o)
    0x08000162   0x08000162   0x00000000   Code   RO          222    .ARM.Collect$$libinit$$0000000E  c_w.l(libinit2.o)
    0x08000162   0x08000162   0x00000000   Code   RO          225    .ARM.Collect$$libinit$$00000011  c_w.l(libinit2.o)
    0x08000162   0x08000162   0x00000000   Code   RO          227    .ARM.Collect$$libinit$$00000013  c_w.l(libinit2.o)
    0x08000162   0x08000162   0x00000000   Code   RO          229    .ARM.Collect$$libinit$$00000015  c_w.l(libinit2.o)
    0x08000162   0x08000162   0x00000000   Code   RO          231    .ARM.Collect$$libinit$$00000017  c_w.l(libinit2.o)
    0x08000162   0x08000162   0x00000000   Code   RO          233    .ARM.Collect$$libinit$$00000019  c_w.l(libinit2.o)
    0x08000162   0x08000162   0x00000000   Code   RO          235    .ARM.Collect$$libinit$$0000001B  c_w.l(libinit2.o)
    0x08000162   0x08000162   0x00000000   Code   RO          237    .ARM.Collect$$libinit$$0000001D  c_w.l(libinit2.o)
    0x08000162   0x08000162   0x00000000   Code   RO          239    .ARM.Collect$$libinit$$0000001F  c_w.l(libinit2.o)
    0x08000162   0x08000162   0x00000000   Code   RO          241    .ARM.Collect$$libinit$$00000021  c_w.l(libinit2.o)
    0x08000162   0x08000162   0x00000000   Code   RO          243    .ARM.Collect$$libinit$$00000023  c_w.l(libinit2.o)
    0x08000162   0x08000162   0x00000000   Code   RO          245    .ARM.Collect$$libinit$$00000025  c_w.l(libinit2.o)
    0x08000162   0x08000162   0x00000000   Code   RO          249    .ARM.Collect$$libinit$$0000002C  c_w.l(libinit2.o)
    0x08000162   0x08000162   0x00000000   Code   RO          251    .ARM.Collect$$libinit$$0000002E  c_w.l(libinit2.o)
    0x08000162   0x08000162   0x00000000   Code   RO          253    .ARM.Collect$$libinit$$00000030  c_w.l(libinit2.o)
    0x08000162   0x08000162   0x00000000   Code   RO          255    .ARM.Collect$$libinit$$00000032  c_w.l(libinit2.o)
    0x08000162   0x08000162   0x00000002   Code   RO          256    .ARM.Collect$$libinit$$00000033  c_w.l(libinit2.o)
    0x08000164   0x08000164   0x00000002   Code   RO          278    .ARM.Collect$$libshutdown$$00000000  c_w.l(libshutdown.o)
    0x08000166   0x08000166   0x00000000   Code   RO          293    .ARM.Collect$$libshutdown$$00000002  c_w.l(libshutdown2.o)
    0x08000166   0x08000166   0x00000000   Code   RO          295    .ARM.Collect$$libshutdown$$00000004  c_w.l(libshutdown2.o)
    0x08000166   0x08000166   0x00000000   Code   RO          298    .ARM.Collect$$libshutdown$$00000007  c_w.l(libshutdown2.o)
    0x08000166   0x08000166   0x00000000   Code   RO          301    .ARM.Collect$$libshutdown$$0000000A  c_w.l(libshutdown2.o)
    0x08000166   0x08000166   0x00000000   Code   RO          303    .ARM.Collect$$libshutdown$$0000000C  c_w.l(libshutdown2.o)
    0x08000166   0x08000166   0x00000000   Code   RO          306    .ARM.Collect$$libshutdown$$0000000F  c_w.l(libshutdown2.o)
    0x08000166   0x08000166   0x00000002   Code   RO          307    .ARM.Collect$$libshutdown$$00000010  c_w.l(libshutdown2.o)
    0x08000168   0x08000168   0x00000000   Code   RO          181    .ARM.Collect$$rtentry$$00000000  c_w.l(__rtentry.o)
    0x08000168   0x08000168   0x00000000   Code   RO          183    .ARM.Collect$$rtentry$$00000002  c_w.l(__rtentry2.o)
    0x08000168   0x08000168   0x00000006   Code   RO          195    .ARM.Collect$$rtentry$$00000004  c_w.l(__rtentry4.o)
    0x0800016e   0x0800016e   0x00000000   Code   RO          185    .ARM.Collect$$rtentry$$00000009  c_w.l(__rtentry2.o)
    0x0800016e   0x0800016e   0x00000004   Code   RO          186    .ARM.Collect$$rtentry$$0000000A  c_w.l(__rtentry2.o)
    0x08000172   0x08000172   0x00000000   Code   RO          188    .ARM.Collect$$rtentry$$0000000C  c_w.l(__rtentry2.o)
    0x08000172   0x08000172   0x00000008   Code   RO          189    .ARM.Collect$$rtentry$$0000000D  c_w.l(__rtentry2.o)
    0x0800017a   0x0800017a   0x00000002   Code   RO          210    .ARM.Collect$$rtexit$$00000000  c_w.l(rtexit.o)
    0x0800017c   0x0800017c   0x00000000   Code   RO          258    .ARM.Collect$$rtexit$$00000002  c_w.l(rtexit2.o)
    0x0800017c   0x0800017c   0x00000004   Code   RO          259    .ARM.Collect$$rtexit$$00000003  c_w.l(rtexit2.o)
    0x08000180   0x08000180   0x00000006   Code   RO          260    .ARM.Collect$$rtexit$$00000004  c_w.l(rtexit2.o)
    0x08000186   0x08000186   0x00000002   PAD
    0x08000188   0x08000188   0x00000040   Code   RO          149  * .text               startup_stm32f10x_md.o
    0x080001c8   0x080001c8   0x00000080   Code   RO          175    .text               c_w.l(strcmpv7m.o)
    0x08000248   0x08000248   0x00000006   Code   RO          177    .text               c_w.l(heapauxi.o)
    0x0800024e   0x0800024e   0x0000004a   Code   RO          197    .text               c_w.l(sys_stackheap_outer.o)
    0x08000298   0x08000298   0x00000012   Code   RO          199    .text               c_w.l(exit.o)
    0x080002aa   0x080002aa   0x00000002   PAD
    0x080002ac   0x080002ac   0x00000008   Code   RO          207    .text               c_w.l(libspace.o)
    0x080002b4   0x080002b4   0x0000000c   Code   RO          268    .text               c_w.l(sys_exit.o)
    0x080002c0   0x080002c0   0x00000002   Code   RO          283    .text               c_w.l(use_no_semi.o)
    0x080002c2   0x080002c2   0x00000000   Code   RO          285    .text               c_w.l(indicate_semi.o)
    0x080002c2   0x080002c2   0x00000002   PAD
    0x080002c4   0x080002c4   0x0000004c   Code   RO            4    .text.HESP32_InitInterface  esp32_program.o
    0x08000310   0x08000310   0x0000008c   Code   RO            2    .text.HESP32_ParseReceivedCommand  esp32_program.o
    0x0800039c   0x0800039c   0x00000020   Code   RO            8    .text.HESP32_SetTaskCallbackFunction  esp32_program.o
    0x080003bc   0x080003bc   0x00000068   Code   RO           29    .text.MGPIO_ActivatePullUp  gpio_program.o
    0x08000424   0x08000424   0x0000010c   Code   RO           23    .text.MGPIO_SetPinMode  gpio_program.o
    0x08000530   0x08000530   0x000000c2   Code   RO           25    .text.MGPIO_SetPinValue  gpio_program.o
    0x080005f2   0x080005f2   0x00000002   PAD
    0x080005f4   0x080005f4   0x0000003e   Code   RO           53    .text.MNVIC_EnableInterrupt  nvic_program.o
    0x08000632   0x08000632   0x00000002   PAD
    0x08000634   0x08000634   0x00000054   Code   RO           75    .text.MRCC_EnablePeripheralClock  rcc_program.o
    0x08000688   0x08000688   0x00000060   Code   RO           73    .text.MRCC_InitClock  rcc_program.o
    0x080006e8   0x080006e8   0x00000022   Code   RO           89    .text.MSTK_uint8Init  stk_program.o
    0x0800070a   0x0800070a   0x00000002   PAD
    0x0800070c   0x0800070c   0x0000005a   Code   RO          114    .text.MUART_Init    uart_program.o
    0x08000766   0x08000766   0x00000002   PAD
    0x08000768   0x08000768   0x00000026   Code   RO          122    .text.MUART_RxCharAsynchronous  uart_program.o
    0x0800078e   0x0800078e   0x00000002   PAD
    0x08000790   0x08000790   0x00000018   Code   RO          128    .text.MUART_SetRxCompleteCallback  uart_program.o
    0x080007a8   0x080007a8   0x00000008   Code   RO          158    .text.SetSysClock   system_stm32f10x.o
    0x080007b0   0x080007b0   0x000000be   Code   RO          162    .text.SetSysClockTo72  system_stm32f10x.o
    0x0800086e   0x0800086e   0x00000002   PAD
    0x08000870   0x08000870   0x00000014   Code   RO          103    .text.SysTick_Handler  stk_program.o
    0x08000884   0x08000884   0x00000056   Code   RO          156    .text.SystemInit    system_stm32f10x.o
    0x080008da   0x080008da   0x00000002   PAD
    0x080008dc   0x080008dc   0x0000004a   Code   RO          130    .text.USART1_IRQHandler  uart_program.o
    0x08000926   0x08000926   0x00000002   PAD
    0x08000928   0x08000928   0x0000004a   Code   RO          132    .text.USART2_IRQHandler  uart_program.o
    0x08000972   0x08000972   0x00000002   PAD
    0x08000974   0x08000974   0x0000004a   Code   RO          134    .text.USART3_IRQHandler  uart_program.o
    0x080009be   0x080009be   0x00000002   PAD
    0x080009c0   0x080009c0   0x00000018   Code   RO           39    .text.acknowledged  main.o
    0x080009d8   0x080009d8   0x00000018   Code   RO           41    .text.invalid_command  main.o
    0x080009f0   0x080009f0   0x00000046   Code   RO           43    .text.main          main.o
    0x08000a36   0x08000a36   0x00000002   PAD
    0x08000a38   0x08000a38   0x0000000c   Data   RO          136    .rodata.UART        uart_program.o
    0x08000a44   0x08000a44   0x00000020   Data   RO          341    Region$$Table       anon$$obj.o


    Execution Region ER_RW (Exec base: 0x20000000, Load base: 0x08000a64, Size: 0x0000002c, Max: 0xffffffff, ABSOLUTE)

    Exec Addr    Load Addr    Size         Type   Attr      Idx    E Section Name        Object

    0x20000000   0x08000a64   0x00000028   Data   RW           10    .data.HESP32_AvailableTasks  esp32_program.o
    0x20000028   0x08000a8c   0x00000001   Data   RW           13    .data.glbl_uint8AcknowledgedFlag  esp32_program.o


    Execution Region ER_ZI (Exec base: 0x20000030, Load base: 0x08000a90, Size: 0x000006a0, Max: 0xffffffff, ABSOLUTE)

    Exec Addr    Load Addr    Size         Type   Attr      Idx    E Section Name        Object

    0x20000030        -       0x00000060   Zero   RW          208    .bss                c_w.l(libspace.o)
    0x20000090        -       0x0000000c   Zero   RW          138    .bss.Glbl_PRxCompleteFunc  uart_program.o
    0x2000009c        -       0x0000000c   Zero   RW          137    .bss.Glbl_PTxCompleteFunc  uart_program.o
    0x200000a8        -       0x00000004   Zero   RW          105    .bss.STK_PCallbackFunc  stk_program.o
    0x200000ac        -       0x00000008   Zero   RW           14    .bss.glbl_PCallbackFunc  esp32_program.o
    0x200000b4        -       0x00000001   Zero   RW           12    .bss.glbl_uint8BufferIndex  esp32_program.o
    0x200000b5        -       0x00000014   Zero   RW           11    .bss.glbl_uint8CommandBuffer  esp32_program.o
    0x200000c9   0x08000a90   0x00000007   PAD
    0x200000d0        -       0x00000200   Zero   RW          147    HEAP                startup_stm32f10x_md.o
    0x200002d0        -       0x00000400   Zero   RW          146    STACK               startup_stm32f10x_md.o


==============================================================================

Image component sizes


      Code (inc. data)   RO Data    RW Data    ZI Data      Debug   Object Name

       248          0          0         41         29       3784   esp32_program.o
       566          0          0          0          0       2706   gpio_program.o
       118          0          0          0          0        676   main.o
        62          0          0          0          0       4547   nvic_program.o
       180          0          0          0          0       1432   rcc_program.o
        64         26        236          0       1536        860   startup_stm32f10x_md.o
        54          0          0          0          4       3019   stk_program.o
       284          0          0          0          0       2850   system_stm32f10x.o
       374          0         12          0         24       4216   uart_program.o

    ----------------------------------------------------------------------
      1972         26        280         44       1600      24090   Object Totals
         0          0         32          0          0          0   (incl. Generated)
        22          0          0          3          7          0   (incl. Padding)

    ----------------------------------------------------------------------

      Code (inc. data)   RO Data    RW Data    ZI Data      Debug   Library Member Name

         8          0          0          0          0         68   __main.o
         0          0          0          0          0          0   __rtentry.o
        12          0          0          0          0          0   __rtentry2.o
         6          0          0          0          0          0   __rtentry4.o
        52          8          0          0          0          0   __scatter.o
        26          0          0          0          0          0   __scatter_copy.o
        28          0          0          0          0          0   __scatter_zi.o
        18          0          0          0          0         80   exit.o
         6          0          0          0          0        152   heapauxi.o
         0          0          0          0          0          0   indicate_semi.o
         2          0          0          0          0          0   libinit.o
         2          0          0          0          0          0   libinit2.o
         2          0          0          0          0          0   libshutdown.o
         2          0          0          0          0          0   libshutdown2.o
         8          4          0          0         96         68   libspace.o
         2          0          0          0          0          0   rtexit.o
        10          0          0          0          0          0   rtexit2.o
       128          0          0          0          0         68   strcmpv7m.o
        12          4          0          0          0         68   sys_exit.o
        74          0          0          0          0         80   sys_stackheap_outer.o
         2          0          0          0          0         68   use_no_semi.o

    ----------------------------------------------------------------------
       408         16          0          0         96        652   Library Totals
         8          0          0          0          0          0   (incl. Padding)

    ----------------------------------------------------------------------

      Code (inc. data)   RO Data    RW Data    ZI Data      Debug   Library Name

       400         16          0          0         96        652   c_w.l

    ----------------------------------------------------------------------
       408         16          0          0         96        652   Library Totals

    ----------------------------------------------------------------------

==============================================================================


      Code (inc. data)   RO Data    RW Data    ZI Data      Debug   

      2380         42        280         44       1696      24470   Grand Totals
      2380         42        280         44       1696      24470   ELF Image Totals
      2380         42        280         44          0          0   ROM Totals

==============================================================================

    Total RO  Size (Code + RO Data)                 2660 (   2.60kB)
    Total RW  Size (RW Data + ZI Data)              1740 (   1.70kB)
    Total ROM Size (Code + RO Data + RW Data)       2704 (   2.64kB)

==============================================================================

