../Src/HAL/STEPPER_MOTOR/MOTORS_Program.c:510:6:HMOTOR_FilterHomeIndicator	0	static
../Src/HAL/STEPPER_MOTOR/MOTORS_Program.c:514:6:HMOTOR_WLHomeIndicator	0	static
../Src/HAL/STEPPER_MOTOR/MOTORS_Program.c:34:16:HMOTORS_Init	16	static
../Src/HAL/STEPPER_MOTOR/MOTORS_Program.c:75:16:HMOTOR_Step	48	static
../Src/HAL/STEPPER_MOTOR/MOTORS_Program.c:171:16:HMOTOR_MoveFilterMotor	8	static
../Src/HAL/STEPPER_MOTOR/MOTORS_Program.c:298:16:HMOTOR_GetWLSelectCalibration	0	static
../Src/HAL/STEPPER_MOTOR/MOTORS_Program.c:305:16:HMOTOR_MoveWLSelectMotor	16	static
../Src/HAL/STEPPER_MOTOR/MOTORS_Program.c:396:16:HMOTOR_GoHome	32	static
../Src/HAL/STEPPER_MOTOR/MOTORS_Program.c:131:16:HMOTOR_MoveLampMotor	8	static
../Src/HAL/STEPPER_MOTOR/MOTORS_Program.c:339:16:HMOTOR_MoveMotors	8	static
../Src/HAL/STEPPER_MOTOR/MOTORS_Program.c:481:16:HMOTOR_GetCurrentMotorSteps	0	static
../Src/HAL/STEPPER_MOTOR/MOTORS_Program.c:495:16:HMOTOR_GetCurrentWL	8	static
../Src/HAL/STEPPER_MOTOR/MOTORS_Program.c:518:6:HMOTOR4_HomeIndicator	0	static
../Src/HAL/STEPPER_MOTOR/MOTORS_Program.c:523:16:HMOTOR_StepNoDelay	16	static
