../Src/MCAL/I2C/I2C_Program.c:39:6:MCAL_I2C_Init	40	static
../Src/MCAL/I2C/I2C_Program.c:146:6:MCAL_I2C_RESET	8	static
../Src/MCAL/I2C/I2C_Program.c:156:6:MCAL_I2C_DInit	16	static
../Src/MCAL/I2C/I2C_Program.c:170:6:MCAL_I2C_GPIO_Set_Pins	16	static
../Src/MCAL/I2C/I2C_Program.c:188:6:MCAL_I2C_MASTER_TX	32	static
../Src/MCAL/I2C/I2C_Program.c:227:6:MCAL_I2C_MASTER_RX	32	static
../Src/MCAL/I2C/I2C_Program.c:278:6:I2C_GenerateSTART	16	static
../Src/MCAL/I2C/I2C_Program.c:307:12:I2C_GetFlagStatus	32	static
../Src/MCAL/I2C/I2C_Program.c:399:6:I2C_SendAddress	16	static
../Src/MCAL/I2C/I2C_Program.c:417:6:I2C_GenerateSTOP	16	static
../Src/MCAL/I2C/I2C_Program.c:431:6:I2C_ACKnowledgeConfig	16	static
