<html>
<body>
<pre>
<h1>µVision Build Log</h1>
<h2>Tool Versions:</h2>
IDE-Version: µVision V5.32.0.0
Copyright (C) 2020 ARM Ltd and ARM Germany GmbH. All rights reserved.
License Information: Ahmed Atia, HP Inc., LIC=----
 
Tool Versions:
Toolchain:       MDK-Lite  Version: 5.32.0.0
Toolchain Path:  D:\KEIL_v5\ARM\ARMCLANG\Bin
C Compiler:      ArmClang.exe V6.14.1
Assembler:       Armasm.exe V6.14.1
Linker/Locator:  ArmLink.exe V6.14.1
Library Manager: ArmAr.exe V6.14.1
Hex Converter:   FromElf.exe V6.14.1
CPU DLL:         SARMCM3.DLL V5.32.0.0
Dialog DLL:      DCM.DLL V1.17.3.0
Target DLL:      STLink\ST-LINKIII-KEIL_SWO.dll V3.0.8.0
Dialog DLL:      TCM.DLL V1.46.0.0
 
<h2>Project:</h2>
D:\Senior_2\Graduation_Project\COTS\STM32F103C8T6\DRIVERS_TEST\RTC_TEST\RTC_TEST.uvprojx
Project File Date:  01/25/2024

<h2>Output:</h2>
*** Using Compiler 'V6.14.1', folder: 'D:\KEIL_v5\ARM\ARMCLANG\Bin'
Rebuild target 'Target 1'
main.c(2): warning: In file included from...
./Std_Types.h(14): warning: In file included from...
./Platform_Types.h(73): warning: no newline at end of file [-Wnewline-eof]
#endif /*_PLATFORM_TYPES_H_*/
                             ^
main.c(2): warning: In file included from...
./Std_Types.h(31): warning: no newline at end of file [-Wnewline-eof]
#endif /*_STD_TYPES_H_*/
                        ^
main.c(5): warning: In file included from...
./RTC_Interface.h(71): warning: no newline at end of file [-Wnewline-eof]
#endif /*_RTC_INTERFACE_H_*/
                            ^
main.c(7): warning: In file included from...
./GPIO_Interface.h(131): warning: no newline at end of file [-Wnewline-eof]
#endif /*_GPIO_INTERFACE_H_*/
                             ^
main.c(8): warning: In file included from...
./NVIC_Interface.h(151): warning: no newline at end of file [-Wnewline-eof]
#endif /*_NVIC_INTERFACE_H_*/
                             ^
main.c(10): warning: In file included from...
./STK_Interface.h(69): warning: no newline at end of file [-Wnewline-eof]
#endif /*_STK_INTERFACE_H_*/
                            ^
main.c(11): warning: In file included from...
./LCD_Interface.h(65): warning: no newline at end of file [-Wnewline-eof]
#endif /*_LCD_INTERFACE_H_*/
                            ^
main.c(17): warning: passing 'char [7]' to parameter of type 'uint8 *' (aka 'unsigned char *') converts between pointers to integer types with different sign [-Wpointer-sign]
                LCD_WriteString("Date: ");
                                ^~~~~~~~
./LCD_Interface.h(47): note: passing argument to parameter 'P_uint8String' here
Std_ReturnType LCD_WriteString(uint8* P_uint8String);
                                      ^
main.c(25): warning: passing 'char [7]' to parameter of type 'uint8 *' (aka 'unsigned char *') converts between pointers to integer types with different sign [-Wpointer-sign]
                LCD_WriteString("Time: ");
                                ^~~~~~~~
./LCD_Interface.h(47): note: passing argument to parameter 'P_uint8String' here
Std_ReturnType LCD_WriteString(uint8* P_uint8String);
                                      ^
main.c(13): warning: no previous prototype for function 'LCD_WRITE_DATE_TIME' [-Wmissing-prototypes]
void LCD_WRITE_DATE_TIME(Sdate_t* date, Stime_t* time)
     ^
main.c(13): note: declare 'static' if the function is not intended to be used outside of this translation unit
void LCD_WRITE_DATE_TIME(Sdate_t* date, Stime_t* time)
^
static 
main.c(36): warning: no previous prototype for function 'ISR' [-Wmissing-prototypes]
void ISR(void)
     ^
main.c(36): note: declare 'static' if the function is not intended to be used outside of this translation unit
void ISR(void)
^
static 
main.c(70): warning: 'return' will never be executed [-Wunreachable-code-return]
        return 0;
               ^
main.c(34): warning: no previous extern declaration for non-static variable 'date' [-Wmissing-variable-declarations]
Sdate_t date;
        ^
main.c(34): note: declare 'static' if the variable is not intended to be used outside of this translation unit
Sdate_t date;
^
main.c(35): warning: no previous extern declaration for non-static variable 'time' [-Wmissing-variable-declarations]
Stime_t time;
        ^
main.c(35): note: declare 'static' if the variable is not intended to be used outside of this translation unit
Stime_t time;
^
14 warnings generated.
compiling main.c...
RTE/Device/STM32F103C8/system_stm32f10x.c(166): warning: no previous extern declaration for non-static variable 'AHBPrescTable' [-Wmissing-variable-declarations]
__I uint8_t AHBPrescTable[16] = {0, 0, 0, 0, 0, 0, 0, 0, 1, 2, 3, 4, 6, 7, 8, 9};
            ^
RTE/Device/STM32F103C8/system_stm32f10x.c(166): note: declare 'static' if the variable is not intended to be used outside of this translation unit
__I uint8_t AHBPrescTable[16] = {0, 0, 0, 0, 0, 0, 0, 0, 1, 2, 3, 4, 6, 7, 8, 9};
    ^
1 warning generated.
compiling system_stm32f10x.c...
STK_Program.c(2): warning: non-portable path to file '"Std_Types.h"'; specified path differs in case from file name on disk [-Wnonportable-include-path]
#include "STD_TYPES.h"
         ^~~~~~~~~~~~~
         "Std_Types.h"
STK_Program.c(2): warning: In file included from...
./STD_TYPES.h(14): warning: In file included from...
./Platform_Types.h(73): warning: no newline at end of file [-Wnewline-eof]
#endif /*_PLATFORM_TYPES_H_*/
                             ^
STK_Program.c(2): warning: In file included from...
./STD_TYPES.h(31): warning: no newline at end of file [-Wnewline-eof]
#endif /*_STD_TYPES_H_*/
                        ^
STK_Program.c(4): warning: In file included from...
./STK_Private.h(88): warning: no newline at end of file [-Wnewline-eof]
#endif /*_STK_PRIVATE_H_*/
                          ^
STK_Program.c(5): warning: In file included from...
./STK_Interface.h(69): warning: no newline at end of file [-Wnewline-eof]
#endif /*_STK_INTERFACE_H_*/
                            ^
STK_Program.c(80): warning: implicit conversion changes signedness: 'int' to 'unsigned long' [-Wsign-conversion]
        CLR_BIT((STK -> CTRL), STK_CTRL_TICKINT);
        ^~~~~~~~~~~~~~~~~~~~~~~~~~~~~~~~~~~~~~~~
./BIT_MATH.h(15): note: expanded from macro 'CLR_BIT'
#define CLR_BIT(REG,BIT)                        (REG &= ~(1 << BIT))
                                                     ~~ ^~~~~~~~~~~
STK_Program.c(136): warning: implicit conversion changes signedness: 'int' to 'unsigned long' [-Wsign-conversion]
    CLR_BIT((STK -> CTRL), STK_CTRL_ENABLE);
    ^~~~~~~~~~~~~~~~~~~~~~~~~~~~~~~~~~~~~~~
./BIT_MATH.h(15): note: expanded from macro 'CLR_BIT'
#define CLR_BIT(REG,BIT)                        (REG &= ~(1 << BIT))
                                                     ~~ ^~~~~~~~~~~
STK_Program.c(150): warning: implicit conversion changes signedness: 'int' to 'unsigned long' [-Wsign-conversion]
    CLR_BIT((STK -> CTRL), STK_CTRL_ENABLE);
    ^~~~~~~~~~~~~~~~~~~~~~~~~~~~~~~~~~~~~~~
./BIT_MATH.h(15): note: expanded from macro 'CLR_BIT'
#define CLR_BIT(REG,BIT)                        (REG &= ~(1 << BIT))
                                                     ~~ ^~~~~~~~~~~
STK_Program.c(171): warning: implicit conversion changes signedness: 'int' to 'unsigned long' [-Wsign-conversion]
        CLR_BIT((STK -> CTRL), STK_CTRL_ENABLE);
        ^~~~~~~~~~~~~~~~~~~~~~~~~~~~~~~~~~~~~~~
./BIT_MATH.h(15): note: expanded from macro 'CLR_BIT'
#define CLR_BIT(REG,BIT)                        (REG &= ~(1 << BIT))
                                                     ~~ ^~~~~~~~~~~
STK_Program.c(186): warning: implicit conversion changes signedness: 'int' to 'unsigned long' [-Wsign-conversion]
        CLR_BIT((STK -> CTRL), STK_CTRL_ENABLE);
        ^~~~~~~~~~~~~~~~~~~~~~~~~~~~~~~~~~~~~~~
./BIT_MATH.h(15): note: expanded from macro 'CLR_BIT'
#define CLR_BIT(REG,BIT)                        (REG &= ~(1 << BIT))
                                                     ~~ ^~~~~~~~~~~
STK_Program.c(223): warning: no previous prototype for function 'SysTick_Handler' [-Wmissing-prototypes]
void SysTick_Handler(void)
     ^
STK_Program.c(223): note: declare 'static' if the function is not intended to be used outside of this translation unit
void SysTick_Handler(void)
^
static 
11 warnings generated.
compiling STK_Program.c...
RCC_Program.c(13): warning: In file included from...
./Std_Types.h(14): warning: In file included from...
./Platform_Types.h(73): warning: no newline at end of file [-Wnewline-eof]
#endif /*_PLATFORM_TYPES_H_*/
                             ^
RCC_Program.c(13): warning: In file included from...
./Std_Types.h(31): warning: no newline at end of file [-Wnewline-eof]
#endif /*_STD_TYPES_H_*/
                        ^
RCC_Program.c(15): warning: In file included from...
./RCC_Private.h(129): warning: no newline at end of file [-Wnewline-eof]
#endif /*_RCC_PRIVATE_H_*/
                          ^
RCC_Program.c(16): warning: In file included from...
./RCC_Config.h(86): warning: no newline at end of file [-Wnewline-eof]
#endif /*_RCC_CONFIG_H_*/
                         ^
RCC_Program.c(47): warning: implicit conversion changes signedness: 'int' to 'unsigned long' [-Wsign-conversion]
                CLR_BIT(MRCC_CR, MRCC_CR_HSEBYP);
                ^~~~~~~~~~~~~~~~~~~~~~~~~~~~~~~~
./BIT_MATH.h(15): note: expanded from macro 'CLR_BIT'
#define CLR_BIT(REG,BIT)                        (REG &= ~(1 << BIT))
                                                     ~~ ^~~~~~~~~~~
RCC_Program.c(61): warning: implicit conversion changes signedness: 'int' to 'unsigned long' [-Wsign-conversion]
            CLR_BIT(MRCC_CFGR, (MRCC_CFGR_SW_START + 1));
            ^~~~~~~~~~~~~~~~~~~~~~~~~~~~~~~~~~~~~~~~~~~~
./BIT_MATH.h(15): note: expanded from macro 'CLR_BIT'
#define CLR_BIT(REG,BIT)                        (REG &= ~(1 << BIT))
                                                     ~~ ^~~~~~~~~~~
RCC_Program.c(123): warning: binary integer literals are a GNU extension [-Wgnu-binary-literal]
    MRCC_CFGR &= ~(((uint32)0b1111) << (MRCC_CFGR_HPRE_START));
                            ^
RCC_Program.c(124): warning: binary integer literals are a GNU extension [-Wgnu-binary-literal]
    MRCC_CFGR |= (((uint32)(MRCC_AHB_PRESCALAR)) << (MRCC_CFGR_HPRE_START));
                            ^
./RCC_Config.h(64): note: expanded from macro 'MRCC_AHB_PRESCALAR'
#define MRCC_AHB_PRESCALAR                          MRCC_AHB_CLK_DIV_1
                                                    ^
./RCC_Private.h(106): note: expanded from macro 'MRCC_AHB_CLK_DIV_1'
#define MRCC_AHB_CLK_DIV_1                               0b0000
                                                         ^
RCC_Program.c(126): warning: binary integer literals are a GNU extension [-Wgnu-binary-literal]
    MRCC_CFGR &= ~(((uint32)0b111) << (MRCC_CFGR_PPRE1_START));
                            ^
RCC_Program.c(127): warning: binary integer literals are a GNU extension [-Wgnu-binary-literal]
    MRCC_CFGR |= (((uint32)(MRCC_AHB_PRESCALAR)) << (MRCC_CFGR_PPRE1_START));
                            ^
./RCC_Config.h(64): note: expanded from macro 'MRCC_AHB_PRESCALAR'
#define MRCC_AHB_PRESCALAR                          MRCC_AHB_CLK_DIV_1
                                                    ^
./RCC_Private.h(106): note: expanded from macro 'MRCC_AHB_CLK_DIV_1'
#define MRCC_AHB_CLK_DIV_1                               0b0000
                                                         ^
RCC_Program.c(129): warning: binary integer literals are a GNU extension [-Wgnu-binary-literal]
    MRCC_CFGR &= ~(((uint32)0b111) << (MRCC_CFGR_PPRE2_START));
                            ^
RCC_Program.c(130): warning: binary integer literals are a GNU extension [-Wgnu-binary-literal]
    MRCC_CFGR |= (((uint32)(MRCC_AHB_PRESCALAR)) << (MRCC_CFGR_PPRE2_START));
                            ^
./RCC_Config.h(64): note: expanded from macro 'MRCC_AHB_PRESCALAR'
#define MRCC_AHB_PRESCALAR                          MRCC_AHB_CLK_DIV_1
                                                    ^
./RCC_Private.h(106): note: expanded from macro 'MRCC_AHB_CLK_DIV_1'
#define MRCC_AHB_CLK_DIV_1                               0b0000
                                                         ^
RCC_Program.c(217): warning: no newline at end of file [-Wnewline-eof]
}
 ^
13 warnings generated.
compiling RCC_Program.c...
assembling startup_stm32f10x_md.s...
LCD_Program.c(12): warning: In file included from...
./Std_Types.h(14): warning: In file included from...
./Platform_Types.h(73): warning: no newline at end of file [-Wnewline-eof]
#endif /*_PLATFORM_TYPES_H_*/
                             ^
LCD_Program.c(12): warning: In file included from...
./Std_Types.h(31): warning: no newline at end of file [-Wnewline-eof]
#endif /*_STD_TYPES_H_*/
                        ^
LCD_Program.c(14): warning: In file included from...
./GPIO_Interface.h(131): warning: no newline at end of file [-Wnewline-eof]
#endif /*_GPIO_INTERFACE_H_*/
                             ^
LCD_Program.c(15): warning: In file included from...
./STK_Interface.h(69): warning: no newline at end of file [-Wnewline-eof]
#endif /*_STK_INTERFACE_H_*/
                            ^
LCD_Program.c(17): warning: In file included from...
./LCD_Private.h(41): warning: no newline at end of file [-Wnewline-eof]
#endif /*_LCD_PRIVATE_H_*/
                          ^
LCD_Program.c(18): warning: In file included from...
./LCD_Interface.h(65): warning: no newline at end of file [-Wnewline-eof]
#endif /*_LCD_INTERFACE_H_*/
                            ^
LCD_Program.c(19): warning: In file included from...
./LCD_Config.h(56): warning: no newline at end of file [-Wnewline-eof]
#endif /*_LCD_CONFIG_H_*/
                         ^
LCD_Program.c(29): warning: binary integer literals are a GNU extension [-Wgnu-binary-literal]
    MGPIO_SetPinMode(LCD_RS_PORT_ID, LCD_RS_PIN_ID, MGPIO_OUTPUT_PUSH_PULL_2MHZ);
                                                    ^
./GPIO_Interface.h(55): note: expanded from macro 'MGPIO_OUTPUT_PUSH_PULL_2MHZ'
#define MGPIO_OUTPUT_PUSH_PULL_2MHZ                 (uint32)0b0010     /* GPIO Output Push-Pull Mode, 2MHz */
                                                            ^
LCD_Program.c(30): warning: binary integer literals are a GNU extension [-Wgnu-binary-literal]
    MGPIO_SetPinMode(LCD_RW_PORT_ID, LCD_RW_PIN_ID, MGPIO_OUTPUT_PUSH_PULL_2MHZ);
                                                    ^
./GPIO_Interface.h(55): note: expanded from macro 'MGPIO_OUTPUT_PUSH_PULL_2MHZ'
#define MGPIO_OUTPUT_PUSH_PULL_2MHZ                 (uint32)0b0010     /* GPIO Output Push-Pull Mode, 2MHz */
                                                            ^
LCD_Program.c(31): warning: binary integer literals are a GNU extension [-Wgnu-binary-literal]
    MGPIO_SetPinMode(LCD_E_PORT_ID, LCD_E_PIN_ID, MGPIO_OUTPUT_PUSH_PULL_2MHZ);
                                                  ^
./GPIO_Interface.h(55): note: expanded from macro 'MGPIO_OUTPUT_PUSH_PULL_2MHZ'
#define MGPIO_OUTPUT_PUSH_PULL_2MHZ                 (uint32)0b0010     /* GPIO Output Push-Pull Mode, 2MHz */
                                                            ^
LCD_Program.c(32): warning: binary integer literals are a GNU extension [-Wgnu-binary-literal]
    MGPIO_SetPinMode(LCD_INPUT_PORTS_ID, LCD_D4_PIN_ID, MGPIO_OUTPUT_PUSH_PULL_2MHZ);
                                                        ^
./GPIO_Interface.h(55): note: expanded from macro 'MGPIO_OUTPUT_PUSH_PULL_2MHZ'
#define MGPIO_OUTPUT_PUSH_PULL_2MHZ                 (uint32)0b0010     /* GPIO Output Push-Pull Mode, 2MHz */
                                                            ^
LCD_Program.c(33): warning: binary integer literals are a GNU extension [-Wgnu-binary-literal]
    MGPIO_SetPinMode(LCD_INPUT_PORTS_ID, LCD_D5_PIN_ID, MGPIO_OUTPUT_PUSH_PULL_2MHZ);
                                                        ^
./GPIO_Interface.h(55): note: expanded from macro 'MGPIO_OUTPUT_PUSH_PULL_2MHZ'
#define MGPIO_OUTPUT_PUSH_PULL_2MHZ                 (uint32)0b0010     /* GPIO Output Push-Pull Mode, 2MHz */
                                                            ^
LCD_Program.c(34): warning: binary integer literals are a GNU extension [-Wgnu-binary-literal]
    MGPIO_SetPinMode(LCD_INPUT_PORTS_ID, LCD_D6_PIN_ID, MGPIO_OUTPUT_PUSH_PULL_2MHZ);
                                                        ^
./GPIO_Interface.h(55): note: expanded from macro 'MGPIO_OUTPUT_PUSH_PULL_2MHZ'
#define MGPIO_OUTPUT_PUSH_PULL_2MHZ                 (uint32)0b0010     /* GPIO Output Push-Pull Mode, 2MHz */
                                                            ^
LCD_Program.c(35): warning: binary integer literals are a GNU extension [-Wgnu-binary-literal]
    MGPIO_SetPinMode(LCD_INPUT_PORTS_ID, LCD_D7_PIN_ID, MGPIO_OUTPUT_PUSH_PULL_2MHZ);
                                                        ^
./GPIO_Interface.h(55): note: expanded from macro 'MGPIO_OUTPUT_PUSH_PULL_2MHZ'
#define MGPIO_OUTPUT_PUSH_PULL_2MHZ                 (uint32)0b0010     /* GPIO Output Push-Pull Mode, 2MHz */
                                                            ^
LCD_Program.c(120): warning: result of comparison of unsigned expression >= 0 is always true [-Wtautological-unsigned-zero-compare]
        if(Copy_uint8ColumnID >= 0 && Copy_uint8ColumnID <= 15)
           ~~~~~~~~~~~~~~~~~~ ^  ~
LCD_Program.c(196): warning: implicit conversion loses integer precision: 'unsigned long' to 'uint8' (aka 'unsigned char') [-Wimplicit-int-conversion]
        LCD_WriteChar4Bit((Copy_uint32Value + 48));
        ~~~~~~~~~~~~~~~~~  ~~~~~~~~~~~~~~~~~^~~~
LCD_Program.c(244): warning: no newline at end of file [-Wnewline-eof]
}
 ^
17 warnings generated.
compiling LCD_Program.c...
NVIC_Program.c(12): warning: In file included from...
./Std_Types.h(14): warning: In file included from...
./Platform_Types.h(73): warning: no newline at end of file [-Wnewline-eof]
#endif /*_PLATFORM_TYPES_H_*/
                             ^
NVIC_Program.c(12): warning: In file included from...
./Std_Types.h(31): warning: no newline at end of file [-Wnewline-eof]
#endif /*_STD_TYPES_H_*/
                        ^
NVIC_Program.c(14): warning: In file included from...
./NVIC_Private.h(211): warning: no newline at end of file [-Wnewline-eof]
#endif /*_NVIC_PRIVATE_H_*/
                           ^
NVIC_Program.c(15): warning: In file included from...
./NVIC_Interface.h(151): warning: no newline at end of file [-Wnewline-eof]
#endif /*_NVIC_INTERFACE_H_*/
                             ^
NVIC_Program.c(16): warning: In file included from...
./NVIC_Config.h(16): warning: no newline at end of file [-Wnewline-eof]
#endif /*_NVIC_CONFIG_H_*/
                          ^
NVIC_Program.c(202): warning: implicit conversion loses integer precision: 'int' to 'uint8' (aka 'unsigned char') [-Wimplicit-int-conversion]
                Loc_uint8PriorityValue = (Copy_uint8GroupPriority << 4);
                                       ~  ~~~~~~~~~~~~~~~~~~~~~~~~^~~~
NVIC_Program.c(210): warning: implicit conversion loses integer precision: 'int' to 'uint8' (aka 'unsigned char') [-Wimplicit-int-conversion]
                Loc_uint8PriorityValue = ((Copy_uint8SubGroupPriority) | (Copy_uint8GroupPriority << ((Loc_uint16AIRCRPriorityGroupVal - (uint16)MNVIC_PRIORITY_GROUP_4_SUB_0) / 0x100)));
                                       ~  ~~~~~~~~~~~~~~~~~~~~~~~~~~~~~^~~~~~~~~~~~~~~~~~~~~~~~~~~~~~~~~~~~~~~~~~~~~~~~~~~~~~~~~~~~~~~~~~~~~~~~~~~~~~~~~~~~~~~~~~~~~~~~~~~~~~~~~~~~~~~~~
NVIC_Program.c(211): warning: implicit conversion loses integer precision: 'int' to 'uint8' (aka 'unsigned char') [-Wimplicit-int-conversion]
                NVIC -> IPR[Copy_uint32InterruptNumber] = Loc_uint8PriorityValue << 4;
                                                        ~ ~~~~~~~~~~~~~~~~~~~~~~~^~~~
NVIC_Program.c(216): warning: implicit conversion loses integer precision: 'int' to 'uint8' (aka 'unsigned char') [-Wimplicit-int-conversion]
                Loc_uint8PriorityValue = (Copy_uint8SubGroupPriority << 4);
                                       ~  ~~~~~~~~~~~~~~~~~~~~~~~~~~~^~~~
9 warnings generated.
compiling NVIC_Program.c...
RTC_Program.c(12): warning: In file included from...
./Std_Types.h(14): warning: In file included from...
./Platform_Types.h(73): warning: no newline at end of file [-Wnewline-eof]
#endif /*_PLATFORM_TYPES_H_*/
                             ^
RTC_Program.c(12): warning: In file included from...
./Std_Types.h(31): warning: no newline at end of file [-Wnewline-eof]
#endif /*_STD_TYPES_H_*/
                        ^
RTC_Program.c(14): warning: In file included from...
./RTC_Private.h(155): warning: no newline at end of file [-Wnewline-eof]
#endif /*_RTC_PRIVATE_H_*/
                          ^
RTC_Program.c(15): warning: In file included from...
./RTC_Interface.h(71): warning: no newline at end of file [-Wnewline-eof]
#endif /*_RTC_INTERFACE_H_*/
                            ^
RTC_Program.c(16): warning: In file included from...
./RTC_Config.h(27): warning: no newline at end of file [-Wnewline-eof]
#endif /*_RTC_CONFIG_H_*/
                         ^
RTC_Program.c(27): warning: use of GNU empty initializer extension [-Wgnu-empty-initializer]
    struct tm time = {};
                     ^
RTC_Program.c(27): warning: unused variable 'time' [-Wunused-variable]
    struct tm time = {};
              ^
RTC_Program.c(25): warning: no previous prototype for function 'MRTC_CalculateSeconds' [-Wmissing-prototypes]
Std_ReturnType MRTC_CalculateSeconds(Sdate_t* P_SDate, Stime_t* P_STime, uint32* P_uint32Seconds)
               ^
RTC_Program.c(25): note: declare 'static' if the function is not intended to be used outside of this translation unit
Std_ReturnType MRTC_CalculateSeconds(Sdate_t* P_SDate, Stime_t* P_STime, uint32* P_uint32Seconds)
^
static 
RTC_Program.c(73): warning: implicit conversion loses integer precision: 'int' to 'uint16' (aka 'unsigned short') [-Wimplicit-int-conversion]
        P_SDate -> m_years = (Loc_PBrokenTime -> tm_year) + 1900;
                           ~ ~~~~~~~~~~~~~~~~~~~~~~~~~~~~~^~~~~~
RTC_Program.c(74): warning: implicit conversion loses integer precision: 'int' to 'uint8' (aka 'unsigned char') [-Wimplicit-int-conversion]
        P_SDate -> m_months = (Loc_PBrokenTime -> tm_mon) + 1;
                            ~ ~~~~~~~~~~~~~~~~~~~~~~~~~~~~^~~
RTC_Program.c(75): warning: implicit conversion loses integer precision: 'int' to 'uint8' (aka 'unsigned char') [-Wimplicit-int-conversion]
        P_SDate -> m_days = (Loc_PBrokenTime -> tm_mday);
                          ~  ~~~~~~~~~~~~~~~~~~~^~~~~~~
RTC_Program.c(76): warning: implicit conversion loses integer precision: 'int' to 'uint8' (aka 'unsigned char') [-Wimplicit-int-conversion]
        P_STime -> m_hours = Loc_PBrokenTime -> tm_hour;
                           ~ ~~~~~~~~~~~~~~~~~~~^~~~~~~
RTC_Program.c(77): warning: implicit conversion loses integer precision: 'int' to 'uint8' (aka 'unsigned char') [-Wimplicit-int-conversion]
        P_STime -> m_minutes = Loc_PBrokenTime -> tm_min;
                             ~ ~~~~~~~~~~~~~~~~~~~^~~~~~
RTC_Program.c(78): warning: implicit conversion loses integer precision: 'int' to 'uint8' (aka 'unsigned char') [-Wimplicit-int-conversion]
        P_STime ->m_seconds = Loc_PBrokenTime -> tm_sec;
                            ~ ~~~~~~~~~~~~~~~~~~~^~~~~~
RTC_Program.c(52): warning: no previous prototype for function 'MRTC_CalculateDateTime' [-Wmissing-prototypes]
Std_ReturnType MRTC_CalculateDateTime(uint32* P_uint32Seconds, Sdate_t* P_SDate, Stime_t* P_STime)
               ^
RTC_Program.c(52): note: declare 'static' if the function is not intended to be used outside of this translation unit
Std_ReturnType MRTC_CalculateDateTime(uint32* P_uint32Seconds, Sdate_t* P_SDate, Stime_t* P_STime)
^
static 
RTC_Program.c(111): warning: implicit conversion changes signedness: 'int' to 'unsigned long' [-Wsign-conversion]
        CLR_BIT(MRCC_BDCR_R, (MRCC_BDCR_RTCSEL_START_BIT + 1));
        ^~~~~~~~~~~~~~~~~~~~~~~~~~~~~~~~~~~~~~~~~~~~~~~~~~~~~~
./BIT_MATH.h(15): note: expanded from macro 'CLR_BIT'
#define CLR_BIT(REG,BIT)                        (REG &= ~(1 << BIT))
                                                     ~~ ^~~~~~~~~~~
RTC_Program.c(125): warning: implicit conversion changes signedness: 'int' to 'unsigned long' [-Wsign-conversion]
    CLR_BIT((RTC -> CRL), MRTC_CRL_CNF_BIT);
    ^~~~~~~~~~~~~~~~~~~~~~~~~~~~~~~~~~~~~~~
./BIT_MATH.h(15): note: expanded from macro 'CLR_BIT'
#define CLR_BIT(REG,BIT)                        (REG &= ~(1 << BIT))
                                                     ~~ ^~~~~~~~~~~
RTC_Program.c(139): warning: implicit conversion changes signedness: 'int' to 'unsigned long' [-Wsign-conversion]
    CLR_BIT((RTC -> CRL), MRTC_CRL_RSF_BIT);
    ^~~~~~~~~~~~~~~~~~~~~~~~~~~~~~~~~~~~~~~
./BIT_MATH.h(15): note: expanded from macro 'CLR_BIT'
#define CLR_BIT(REG,BIT)                        (REG &= ~(1 << BIT))
                                                     ~~ ^~~~~~~~~~~
RTC_Program.c(144): warning: passing 'volatile Sdate_t *' (aka 'volatile struct Sdate *') to parameter of type 'Sdate_t *' (aka 'struct Sdate *') discards qualifiers [-Wincompatible-pointer-types-discards-qualifiers]
    MRTC_CalculateSeconds(&glbl_SReferenceDate, &glbl_SReferenceTime, &glbl_uint32ReferenceSeconds);
                          ^~~~~~~~~~~~~~~~~~~~
RTC_Program.c(25): note: passing argument to parameter 'P_SDate' here
Std_ReturnType MRTC_CalculateSeconds(Sdate_t* P_SDate, Stime_t* P_STime, uint32* P_uint32Seconds)
                                              ^
RTC_Program.c(144): warning: passing 'volatile Stime_t *' (aka 'volatile struct Stime *') to parameter of type 'Stime_t *' (aka 'struct Stime *') discards qualifiers [-Wincompatible-pointer-types-discards-qualifiers]
    MRTC_CalculateSeconds(&glbl_SReferenceDate, &glbl_SReferenceTime, &glbl_uint32ReferenceSeconds);
                                                ^~~~~~~~~~~~~~~~~~~~
RTC_Program.c(25): note: passing argument to parameter 'P_STime' here
Std_ReturnType MRTC_CalculateSeconds(Sdate_t* P_SDate, Stime_t* P_STime, uint32* P_uint32Seconds)
                                                                ^
RTC_Program.c(144): warning: passing 'volatile uint32 *' (aka 'volatile unsigned long *') to parameter of type 'uint32 *' (aka 'unsigned long *') discards qualifiers [-Wincompatible-pointer-types-discards-qualifiers]
    MRTC_CalculateSeconds(&glbl_SReferenceDate, &glbl_SReferenceTime, &glbl_uint32ReferenceSeconds);
                                                                      ^~~~~~~~~~~~~~~~~~~~~~~~~~~~
RTC_Program.c(25): note: passing argument to parameter 'P_uint32Seconds' here
Std_ReturnType MRTC_CalculateSeconds(Sdate_t* P_SDate, Stime_t* P_STime, uint32* P_uint32Seconds)
                                                                                 ^
RTC_Program.c(121): warning: while loop has empty body [-Wempty-body]
        while(!(GET_BIT((RTC -> CRL), MRTC_CRL_RTOFF_BIT)));
                                                           ^
RTC_Program.c(121): note: put the semicolon on a separate line to silence this warning
RTC_Program.c(127): warning: while loop has empty body [-Wempty-body]
        while(!(GET_BIT((RTC -> CRL), MRTC_CRL_RTOFF_BIT)));
                                                           ^
RTC_Program.c(127): note: put the semicolon on a separate line to silence this warning
RTC_Program.c(175): warning: implicit conversion changes signedness: 'int' to 'unsigned long' [-Wsign-conversion]
            CLR_BIT((RTC -> CRL), MRTC_CRL_CNF_BIT);
            ^~~~~~~~~~~~~~~~~~~~~~~~~~~~~~~~~~~~~~~
./BIT_MATH.h(15): note: expanded from macro 'CLR_BIT'
#define CLR_BIT(REG,BIT)                        (REG &= ~(1 << BIT))
                                                     ~~ ^~~~~~~~~~~
RTC_Program.c(247): warning: implicit conversion changes signedness: 'int' to 'unsigned long' [-Wsign-conversion]
                                CLR_BIT(RTC->CRL, MRTC_CRL_SECF_BIT);
                                ^~~~~~~~~~~~~~~~~~~~~~~~~~~~~~~~~~~~
./BIT_MATH.h(15): note: expanded from macro 'CLR_BIT'
#define CLR_BIT(REG,BIT)                        (REG &= ~(1 << BIT))
                                                     ~~ ^~~~~~~~~~~
RTC_Program.c(253): warning: no newline at end of file [-Wnewline-eof]
}
 ^
RTC_Program.c(242): warning: no previous prototype for function 'RTC_IRQHandler' [-Wmissing-prototypes]
void RTC_IRQHandler(void)
     ^
RTC_Program.c(242): note: declare 'static' if the function is not intended to be used outside of this translation unit
void RTC_IRQHandler(void)
^
static 
27 warnings generated.
compiling RTC_Program.c...
GPIO_Program.c(12): warning: In file included from...
./Std_Types.h(14): warning: In file included from...
./Platform_Types.h(73): warning: no newline at end of file [-Wnewline-eof]
#endif /*_PLATFORM_TYPES_H_*/
                             ^
GPIO_Program.c(12): warning: In file included from...
./Std_Types.h(31): warning: no newline at end of file [-Wnewline-eof]
#endif /*_STD_TYPES_H_*/
                        ^
GPIO_Program.c(14): warning: In file included from...
./GPIO_Private.h(138): warning: no newline at end of file [-Wnewline-eof]
#endif /*_GPIO_PRIVATE_H_*/
                           ^
GPIO_Program.c(15): warning: In file included from...
./GPIO_Interface.h(131): warning: no newline at end of file [-Wnewline-eof]
#endif /*_GPIO_INTERFACE_H_*/
                             ^
GPIO_Program.c(16): warning: In file included from...
./GPIO_Config.h(14): warning: no newline at end of file [-Wnewline-eof]
#endif /*_GPIO_CONFIG_H_*/
                          ^
GPIO_Program.c(38): warning: binary integer literals are a GNU extension [-Wgnu-binary-literal]
                MGPIOA_CRL &= ~((0b1111) << (4 * Copy_uint8PinID));
                                 ^
GPIO_Program.c(38): warning: implicit conversion changes signedness: 'int' to 'unsigned long' [-Wsign-conversion]
                MGPIOA_CRL &= ~((0b1111) << (4 * Copy_uint8PinID));
                           ~~ ^~~~~~~~~~~~~~~~~~~~~~~~~~~~~~~~~~~~
GPIO_Program.c(39): warning: implicit conversion changes signedness: 'int' to 'unsigned long' [-Wsign-conversion]
                MGPIOA_CRL |= ((Copy_uint8PinMode) << (4 * Copy_uint8PinID));
                           ~~  ~~~~~~~~~~~~~~~~~~~~^~~~~~~~~~~~~~~~~~~~~~~~
GPIO_Program.c(44): warning: binary integer literals are a GNU extension [-Wgnu-binary-literal]
                MGPIOA_CRH &= ~((0b1111) << (4 * (Copy_uint8PinID - 8)));
                                 ^
GPIO_Program.c(44): warning: implicit conversion changes signedness: 'int' to 'unsigned long' [-Wsign-conversion]
                MGPIOA_CRH &= ~((0b1111) << (4 * (Copy_uint8PinID - 8)));
                           ~~ ^~~~~~~~~~~~~~~~~~~~~~~~~~~~~~~~~~~~~~~~~~
GPIO_Program.c(45): warning: implicit conversion changes signedness: 'int' to 'unsigned long' [-Wsign-conversion]
                MGPIOA_CRH |= ((Copy_uint8PinMode) << (4 * (Copy_uint8PinID - 8)));
                           ~~  ~~~~~~~~~~~~~~~~~~~~^~~~~~~~~~~~~~~~~~~~~~~~~~~~~~
GPIO_Program.c(54): warning: binary integer literals are a GNU extension [-Wgnu-binary-literal]
                MGPIOB_CRL &= ~((0b1111) << (4 * Copy_uint8PinID));
                                 ^
GPIO_Program.c(54): warning: implicit conversion changes signedness: 'int' to 'unsigned long' [-Wsign-conversion]
                MGPIOB_CRL &= ~((0b1111) << (4 * Copy_uint8PinID));
                           ~~ ^~~~~~~~~~~~~~~~~~~~~~~~~~~~~~~~~~~~
GPIO_Program.c(55): warning: implicit conversion changes signedness: 'int' to 'unsigned long' [-Wsign-conversion]
                MGPIOB_CRL |= ((Copy_uint8PinMode) << (4 * Copy_uint8PinID));
                           ~~  ~~~~~~~~~~~~~~~~~~~~^~~~~~~~~~~~~~~~~~~~~~~~
GPIO_Program.c(60): warning: binary integer literals are a GNU extension [-Wgnu-binary-literal]
                MGPIOB_CRH &= ~((0b1111) << (4 * (Copy_uint8PinID - 8)));
                                 ^
GPIO_Program.c(60): warning: implicit conversion changes signedness: 'int' to 'unsigned long' [-Wsign-conversion]
                MGPIOB_CRH &= ~((0b1111) << (4 * (Copy_uint8PinID - 8)));
                           ~~ ^~~~~~~~~~~~~~~~~~~~~~~~~~~~~~~~~~~~~~~~~~
GPIO_Program.c(61): warning: implicit conversion changes signedness: 'int' to 'unsigned long' [-Wsign-conversion]
                MGPIOB_CRH |= ((Copy_uint8PinMode) << (4 * (Copy_uint8PinID - 8)));
                           ~~  ~~~~~~~~~~~~~~~~~~~~^~~~~~~~~~~~~~~~~~~~~~~~~~~~~~
GPIO_Program.c(70): warning: binary integer literals are a GNU extension [-Wgnu-binary-literal]
                MGPIOC_CRL &= ~((0b1111) << (4 * Copy_uint8PinID));
                                 ^
GPIO_Program.c(70): warning: implicit conversion changes signedness: 'int' to 'unsigned long' [-Wsign-conversion]
                MGPIOC_CRL &= ~((0b1111) << (4 * Copy_uint8PinID));
                           ~~ ^~~~~~~~~~~~~~~~~~~~~~~~~~~~~~~~~~~~
GPIO_Program.c(71): warning: implicit conversion changes signedness: 'int' to 'unsigned long' [-Wsign-conversion]
                MGPIOC_CRL |= ((Copy_uint8PinMode) << (4 * Copy_uint8PinID));
                           ~~  ~~~~~~~~~~~~~~~~~~~~^~~~~~~~~~~~~~~~~~~~~~~~
GPIO_Program.c(77): warning: binary integer literals are a GNU extension [-Wgnu-binary-literal]
                MGPIOC_CRH &= ~((0b1111) << (4 * (Copy_uint8PinID - 8)));
                                 ^
GPIO_Program.c(77): warning: implicit conversion changes signedness: 'int' to 'unsigned long' [-Wsign-conversion]
                MGPIOC_CRH &= ~((0b1111) << (4 * (Copy_uint8PinID - 8)));
                           ~~ ^~~~~~~~~~~~~~~~~~~~~~~~~~~~~~~~~~~~~~~~~~
GPIO_Program.c(78): warning: implicit conversion changes signedness: 'int' to 'unsigned long' [-Wsign-conversion]
                MGPIOC_CRH |= ((Copy_uint8PinMode) << (4 * (Copy_uint8PinID - 8)));
                           ~~  ~~~~~~~~~~~~~~~~~~~~^~~~~~~~~~~~~~~~~~~~~~~~~~~~~~
GPIO_Program.c(358): warning: no newline at end of file [-Wnewline-eof]
}
 ^
24 warnings generated.
compiling GPIO_Program.c...
linking...
Program Size: Code=4792 RO-data=280 RW-data=8 ZI-data=1704  
FromELF: creating hex file...
".\RTC_TEST.axf" - 0 Error(s), 116 Warning(s).

<h2>Software Packages used:</h2>

Package Vendor: ARM
                http://www.keil.com/pack/ARM.CMSIS.5.9.0.pack
                ARM.CMSIS.5.9.0
                CMSIS (Common Microcontroller Software Interface Standard)
   * Component: CORE Version: 5.6.0

Package Vendor: Keil
                https://www.keil.com/pack/Keil.STM32F1xx_DFP.2.4.1.pack
                Keil.STM32F1xx_DFP.2.4.1
                STMicroelectronics STM32F1 Series Device Support, Drivers and Examples
   * Component: Startup Version: 1.0.0

<h2>Collection of Component include folders:</h2>
  .\RTE\Device\STM32F103C8
  .\RTE\_Target_1
  C:\Users\Ahmed\AppData\Local\Arm\Packs\ARM\CMSIS\5.9.0\CMSIS\Core\Include
  C:\Users\Ahmed\AppData\Local\Arm\Packs\Keil\STM32F1xx_DFP\2.4.1\Device\Include

<h2>Collection of Component Files used:</h2>

   * Component: ARM::CMSIS:CORE:5.6.0

   * Component: Keil::Device:Startup:1.0.0
      Include file:  RTE_Driver\Config\RTE_Device.h
      Source file:   Device\Source\ARM\startup_stm32f10x_md.s
      Source file:   Device\Source\system_stm32f10x.c
      Source file:   Device\Source\ARM\STM32F1xx_OPT.s
Build Time Elapsed:  00:00:01
</pre>
</body>
</html>
