Component: ARM Compiler 6.14.1 Tool: armlink [5db06d00]

==============================================================================

Section Cross References

    main.o(.text.LCD_WRITE_DATE_TIME) refers to lcd_program.o(.text.LCD_WriteString) for LCD_WriteString
    main.o(.text.LCD_WRITE_DATE_TIME) refers to lcd_program.o(.text.LCD_WriteIntegerValue) for LCD_WriteIntegerValue
    main.o(.text.LCD_WRITE_DATE_TIME) refers to lcd_program.o(.text.LCD_WriteChar4Bit) for LCD_WriteChar4Bit
    main.o(.text.LCD_WRITE_DATE_TIME) refers to lcd_program.o(.text.LCD_SetCursorPosition) for LCD_SetCursorPosition
    main.o(.ARM.exidx.text.LCD_WRITE_DATE_TIME) refers to main.o(.text.LCD_WRITE_DATE_TIME) for [Anonymous Symbol]
    main.o(.text.ISR) refers to main.o(.bss.ISR.Loc_uint8NoOfSeconds) for ISR.Loc_uint8NoOfSeconds
    main.o(.text.ISR) refers to lcd_program.o(.text.LCD_ClearDisplay) for LCD_ClearDisplay
    main.o(.text.ISR) refers to main.o(.bss.date) for date
    main.o(.text.ISR) refers to main.o(.bss.time) for time
    main.o(.text.ISR) refers to rtc_program.o(.text.MRTC_GetDateAndTime) for MRTC_GetDateAndTime
    main.o(.text.ISR) refers to main.o(.text.LCD_WRITE_DATE_TIME) for LCD_WRITE_DATE_TIME
    main.o(.ARM.exidx.text.ISR) refers to main.o(.text.ISR) for [Anonymous Symbol]
    main.o(.text.main) refers to rcc_program.o(.text.MRCC_InitClock) for MRCC_InitClock
    main.o(.text.main) refers to rcc_program.o(.text.MRCC_EnablePeripheralClock) for MRCC_EnablePeripheralClock
    main.o(.text.main) refers to stk_program.o(.text.MSTK_uint8Init) for MSTK_uint8Init
    main.o(.text.main) refers to lcd_program.o(.text.LCD_Init) for LCD_Init
    main.o(.text.main) refers to nvic_program.o(.text.MNVIC_EnableInterrupt) for MNVIC_EnableInterrupt
    main.o(.text.main) refers to main.o(.text.ISR) for ISR
    main.o(.text.main) refers to rtc_program.o(.text.MRTC_SetSecondIntCallbackFunc) for MRTC_SetSecondIntCallbackFunc
    main.o(.text.main) refers to rtc_program.o(.text.MRTC_Init) for MRTC_Init
    main.o(.text.main) refers to main.o(.bss.date) for date
    main.o(.text.main) refers to main.o(.bss.time) for time
    main.o(.text.main) refers to rtc_program.o(.text.MRTC_GetDateAndTime) for MRTC_GetDateAndTime
    main.o(.text.main) refers to main.o(.text.LCD_WRITE_DATE_TIME) for LCD_WRITE_DATE_TIME
    main.o(.ARM.exidx.text.main) refers to main.o(.text.main) for [Anonymous Symbol]
    rcc_program.o(.ARM.exidx.text.MRCC_InitClock) refers to rcc_program.o(.text.MRCC_InitClock) for [Anonymous Symbol]
    rcc_program.o(.ARM.exidx.text.MRCC_EnablePeripheralClock) refers to rcc_program.o(.text.MRCC_EnablePeripheralClock) for [Anonymous Symbol]
    rcc_program.o(.ARM.exidx.text.MRCC_DisablePeripheralClock) refers to rcc_program.o(.text.MRCC_DisablePeripheralClock) for [Anonymous Symbol]
    rtc_program.o(.text.MRTC_CalculateSeconds) refers to rt_memclr_w.o(.text) for __aeabi_memclr4
    rtc_program.o(.text.MRTC_CalculateSeconds) refers to mktime.o(.text) for mktime
    rtc_program.o(.text.MRTC_CalculateSeconds) refers to difftime.o(i.difftime) for difftime
    rtc_program.o(.text.MRTC_CalculateSeconds) refers to dfixu.o(x$fpl$dfixu) for __aeabi_d2uiz
    rtc_program.o(.ARM.exidx.text.MRTC_CalculateSeconds) refers to rtc_program.o(.text.MRTC_CalculateSeconds) for [Anonymous Symbol]
    rtc_program.o(.text.MRTC_CalculateDateTime) refers to rt_memclr_w.o(.text) for __aeabi_memclr4
    rtc_program.o(.text.MRTC_CalculateDateTime) refers to rtc_program.o(.data.glbl_SReferenceDate) for glbl_SReferenceDate
    rtc_program.o(.text.MRTC_CalculateDateTime) refers to rtc_program.o(.data.glbl_SReferenceTime) for glbl_SReferenceTime
    rtc_program.o(.text.MRTC_CalculateDateTime) refers to mktime.o(.text) for mktime
    rtc_program.o(.text.MRTC_CalculateDateTime) refers to localtime.o(.text) for localtime
    rtc_program.o(.ARM.exidx.text.MRTC_CalculateDateTime) refers to rtc_program.o(.text.MRTC_CalculateDateTime) for [Anonymous Symbol]
    rtc_program.o(.text.MRTC_Init) refers to rtc_program.o(.bss.glbl_uint32ReferenceSeconds) for glbl_uint32ReferenceSeconds
    rtc_program.o(.text.MRTC_Init) refers to rtc_program.o(.data.glbl_SReferenceDate) for glbl_SReferenceDate
    rtc_program.o(.text.MRTC_Init) refers to rtc_program.o(.data.glbl_SReferenceTime) for glbl_SReferenceTime
    rtc_program.o(.text.MRTC_Init) refers to rtc_program.o(.text.MRTC_CalculateSeconds) for MRTC_CalculateSeconds
    rtc_program.o(.ARM.exidx.text.MRTC_Init) refers to rtc_program.o(.text.MRTC_Init) for [Anonymous Symbol]
    rtc_program.o(.text.MRTC_SetDateAndTime) refers to rtc_program.o(.text.MRTC_CalculateSeconds) for MRTC_CalculateSeconds
    rtc_program.o(.text.MRTC_SetDateAndTime) refers to rtc_program.o(.bss.glbl_uint32ReferenceSeconds) for glbl_uint32ReferenceSeconds
    rtc_program.o(.ARM.exidx.text.MRTC_SetDateAndTime) refers to rtc_program.o(.text.MRTC_SetDateAndTime) for [Anonymous Symbol]
    rtc_program.o(.text.MRTC_GetDateAndTime) refers to rtc_program.o(.text.MRTC_CalculateDateTime) for MRTC_CalculateDateTime
    rtc_program.o(.ARM.exidx.text.MRTC_GetDateAndTime) refers to rtc_program.o(.text.MRTC_GetDateAndTime) for [Anonymous Symbol]
    rtc_program.o(.text.MRTC_SetSecondIntCallbackFunc) refers to rtc_program.o(.bss.glbl_PCallbackFunc) for glbl_PCallbackFunc
    rtc_program.o(.ARM.exidx.text.MRTC_SetSecondIntCallbackFunc) refers to rtc_program.o(.text.MRTC_SetSecondIntCallbackFunc) for [Anonymous Symbol]
    rtc_program.o(.text.RTC_IRQHandler) refers to rtc_program.o(.bss.glbl_PCallbackFunc) for glbl_PCallbackFunc
    rtc_program.o(.ARM.exidx.text.RTC_IRQHandler) refers to rtc_program.o(.text.RTC_IRQHandler) for [Anonymous Symbol]
    gpio_program.o(.ARM.exidx.text.MGPIO_SetPinMode) refers to gpio_program.o(.text.MGPIO_SetPinMode) for [Anonymous Symbol]
    gpio_program.o(.ARM.exidx.text.MGPIO_SetPinValue) refers to gpio_program.o(.text.MGPIO_SetPinValue) for [Anonymous Symbol]
    gpio_program.o(.ARM.exidx.text.MGPIO_GetPinValue) refers to gpio_program.o(.text.MGPIO_GetPinValue) for [Anonymous Symbol]
    gpio_program.o(.ARM.exidx.text.MGPIO_TogglePinValue) refers to gpio_program.o(.text.MGPIO_TogglePinValue) for [Anonymous Symbol]
    gpio_program.o(.ARM.exidx.text.MGPIO_ActivatePullUp) refers to gpio_program.o(.text.MGPIO_ActivatePullUp) for [Anonymous Symbol]
    gpio_program.o(.text.MGPIO_SetNibbleValue) refers to gpio_program.o(.text.MGPIO_SetPinValue) for MGPIO_SetPinValue
    gpio_program.o(.ARM.exidx.text.MGPIO_SetNibbleValue) refers to gpio_program.o(.text.MGPIO_SetNibbleValue) for [Anonymous Symbol]
    nvic_program.o(.ARM.exidx.text.MNVIC_EnableInterrupt) refers to nvic_program.o(.text.MNVIC_EnableInterrupt) for [Anonymous Symbol]
    nvic_program.o(.ARM.exidx.text.MNVIC_DisableInterrupt) refers to nvic_program.o(.text.MNVIC_DisableInterrupt) for [Anonymous Symbol]
    nvic_program.o(.ARM.exidx.text.MNVIC_SetPendingFlag) refers to nvic_program.o(.text.MNVIC_SetPendingFlag) for [Anonymous Symbol]
    nvic_program.o(.ARM.exidx.text.MNVIC_ClearPendingFlag) refers to nvic_program.o(.text.MNVIC_ClearPendingFlag) for [Anonymous Symbol]
    nvic_program.o(.ARM.exidx.text.MNVIC_GetActiveFlag) refers to nvic_program.o(.text.MNVIC_GetActiveFlag) for [Anonymous Symbol]
    nvic_program.o(.ARM.exidx.text.MNVIC_SetInterruptPriority) refers to nvic_program.o(.text.MNVIC_SetInterruptPriority) for [Anonymous Symbol]
    lcd_program.o(.text.LCD_Init) refers to gpio_program.o(.text.MGPIO_SetPinMode) for MGPIO_SetPinMode
    lcd_program.o(.text.LCD_Init) refers to stk_program.o(.text.MSTK_uint8Delay) for MSTK_uint8Delay
    lcd_program.o(.text.LCD_Init) refers to lcd_program.o(.text.LCD_WriteCommand4Bit) for LCD_WriteCommand4Bit
    lcd_program.o(.text.LCD_Init) refers to lcd_program.o(.text.LCD_ClearDisplay) for LCD_ClearDisplay
    lcd_program.o(.ARM.exidx.text.LCD_Init) refers to lcd_program.o(.text.LCD_Init) for [Anonymous Symbol]
    lcd_program.o(.text.LCD_WriteCommand4Bit) refers to gpio_program.o(.text.MGPIO_SetPinValue) for MGPIO_SetPinValue
    lcd_program.o(.text.LCD_WriteCommand4Bit) refers to stk_program.o(.text.MSTK_uint8Delay) for MSTK_uint8Delay
    lcd_program.o(.text.LCD_WriteCommand4Bit) refers to gpio_program.o(.text.MGPIO_SetNibbleValue) for MGPIO_SetNibbleValue
    lcd_program.o(.text.LCD_WriteCommand4Bit) refers to lcd_program.o(.text.LCD_Peek) for LCD_Peek
    lcd_program.o(.ARM.exidx.text.LCD_WriteCommand4Bit) refers to lcd_program.o(.text.LCD_WriteCommand4Bit) for [Anonymous Symbol]
    lcd_program.o(.text.LCD_ClearDisplay) refers to lcd_program.o(.text.LCD_WriteCommand4Bit) for LCD_WriteCommand4Bit
    lcd_program.o(.ARM.exidx.text.LCD_ClearDisplay) refers to lcd_program.o(.text.LCD_ClearDisplay) for [Anonymous Symbol]
    lcd_program.o(.text.LCD_Peek) refers to gpio_program.o(.text.MGPIO_SetPinValue) for MGPIO_SetPinValue
    lcd_program.o(.text.LCD_Peek) refers to stk_program.o(.text.MSTK_uint8Delay) for MSTK_uint8Delay
    lcd_program.o(.ARM.exidx.text.LCD_Peek) refers to lcd_program.o(.text.LCD_Peek) for [Anonymous Symbol]
    lcd_program.o(.text.LCD_WriteChar4Bit) refers to gpio_program.o(.text.MGPIO_SetPinValue) for MGPIO_SetPinValue
    lcd_program.o(.text.LCD_WriteChar4Bit) refers to stk_program.o(.text.MSTK_uint8Delay) for MSTK_uint8Delay
    lcd_program.o(.text.LCD_WriteChar4Bit) refers to gpio_program.o(.text.MGPIO_SetNibbleValue) for MGPIO_SetNibbleValue
    lcd_program.o(.text.LCD_WriteChar4Bit) refers to lcd_program.o(.text.LCD_Peek) for LCD_Peek
    lcd_program.o(.ARM.exidx.text.LCD_WriteChar4Bit) refers to lcd_program.o(.text.LCD_WriteChar4Bit) for [Anonymous Symbol]
    lcd_program.o(.text.LCD_SetCursorPosition) refers to lcd_program.o(.text.LCD_WriteCommand4Bit) for LCD_WriteCommand4Bit
    lcd_program.o(.ARM.exidx.text.LCD_SetCursorPosition) refers to lcd_program.o(.text.LCD_SetCursorPosition) for [Anonymous Symbol]
    lcd_program.o(.text.LCD_WriteString) refers to lcd_program.o(.text.LCD_WriteChar4Bit) for LCD_WriteChar4Bit
    lcd_program.o(.ARM.exidx.text.LCD_WriteString) refers to lcd_program.o(.text.LCD_WriteString) for [Anonymous Symbol]
    lcd_program.o(.text.LCD_WriteIntegerValue) refers to lcd_program.o(.text.LCD_WriteChar4Bit) for LCD_WriteChar4Bit
    lcd_program.o(.ARM.exidx.text.LCD_WriteIntegerValue) refers to lcd_program.o(.text.LCD_WriteIntegerValue) for [Anonymous Symbol]
    stk_program.o(.ARM.exidx.text.STK_uint8CalculateReloadValue) refers to stk_program.o(.text.STK_uint8CalculateReloadValue) for [Anonymous Symbol]
    stk_program.o(.ARM.exidx.text.MSTK_uint8Init) refers to stk_program.o(.text.MSTK_uint8Init) for [Anonymous Symbol]
    stk_program.o(.text.MSTK_uint8SetTimerDuration) refers to stk_program.o(.text.STK_uint8CalculateReloadValue) for STK_uint8CalculateReloadValue
    stk_program.o(.ARM.exidx.text.MSTK_uint8SetTimerDuration) refers to stk_program.o(.text.MSTK_uint8SetTimerDuration) for [Anonymous Symbol]
    stk_program.o(.ARM.exidx.text.MSTK_uint8StartTimer) refers to stk_program.o(.text.MSTK_uint8StartTimer) for [Anonymous Symbol]
    stk_program.o(.ARM.exidx.text.MSTK_uint8PauseTimer) refers to stk_program.o(.text.MSTK_uint8PauseTimer) for [Anonymous Symbol]
    stk_program.o(.ARM.exidx.text.MSTK_uint8StopTimer) refers to stk_program.o(.text.MSTK_uint8StopTimer) for [Anonymous Symbol]
    stk_program.o(.text.MSTK_uint8Delay) refers to stk_program.o(.text.STK_uint8CalculateReloadValue) for STK_uint8CalculateReloadValue
    stk_program.o(.ARM.exidx.text.MSTK_uint8Delay) refers to stk_program.o(.text.MSTK_uint8Delay) for [Anonymous Symbol]
    stk_program.o(.text.MSTK_uint8SetCallbackFunction) refers to stk_program.o(.bss.STK_PCallbackFunc) for STK_PCallbackFunc
    stk_program.o(.ARM.exidx.text.MSTK_uint8SetCallbackFunction) refers to stk_program.o(.text.MSTK_uint8SetCallbackFunction) for [Anonymous Symbol]
    stk_program.o(.text.SysTick_Handler) refers to stk_program.o(.bss.STK_PCallbackFunc) for STK_PCallbackFunc
    stk_program.o(.ARM.exidx.text.SysTick_Handler) refers to stk_program.o(.text.SysTick_Handler) for [Anonymous Symbol]
    startup_stm32f10x_md.o(STACK) refers (Special) to heapauxi.o(.text) for __use_two_region_memory
    startup_stm32f10x_md.o(HEAP) refers (Special) to heapauxi.o(.text) for __use_two_region_memory
    startup_stm32f10x_md.o(RESET) refers (Special) to heapauxi.o(.text) for __use_two_region_memory
    startup_stm32f10x_md.o(RESET) refers to startup_stm32f10x_md.o(STACK) for __initial_sp
    startup_stm32f10x_md.o(RESET) refers to startup_stm32f10x_md.o(.text) for Reset_Handler
    startup_stm32f10x_md.o(RESET) refers to stk_program.o(.text.SysTick_Handler) for SysTick_Handler
    startup_stm32f10x_md.o(RESET) refers to rtc_program.o(.text.RTC_IRQHandler) for RTC_IRQHandler
    startup_stm32f10x_md.o(.text) refers (Special) to heapauxi.o(.text) for __use_two_region_memory
    startup_stm32f10x_md.o(.text) refers to system_stm32f10x.o(.text.SystemInit) for SystemInit
    startup_stm32f10x_md.o(.text) refers to __main.o(!!!main) for __main
    startup_stm32f10x_md.o(.text) refers to startup_stm32f10x_md.o(HEAP) for Heap_Mem
    startup_stm32f10x_md.o(.text) refers to startup_stm32f10x_md.o(STACK) for Stack_Mem
    system_stm32f10x.o(.text.SystemInit) refers to system_stm32f10x.o(.text.SetSysClock) for SetSysClock
    system_stm32f10x.o(.ARM.exidx.text.SystemInit) refers to system_stm32f10x.o(.text.SystemInit) for [Anonymous Symbol]
    system_stm32f10x.o(.text.SetSysClock) refers to system_stm32f10x.o(.text.SetSysClockTo72) for SetSysClockTo72
    system_stm32f10x.o(.ARM.exidx.text.SetSysClock) refers to system_stm32f10x.o(.text.SetSysClock) for [Anonymous Symbol]
    system_stm32f10x.o(.text.SystemCoreClockUpdate) refers to system_stm32f10x.o(.data.SystemCoreClock) for SystemCoreClock
    system_stm32f10x.o(.text.SystemCoreClockUpdate) refers to system_stm32f10x.o(.rodata.AHBPrescTable) for AHBPrescTable
    system_stm32f10x.o(.ARM.exidx.text.SystemCoreClockUpdate) refers to system_stm32f10x.o(.text.SystemCoreClockUpdate) for [Anonymous Symbol]
    system_stm32f10x.o(.ARM.exidx.text.SetSysClockTo72) refers to system_stm32f10x.o(.text.SetSysClockTo72) for [Anonymous Symbol]
    localtime.o(.text) refers to localtime_internal.o(.text) for _localtime_r
    localtime.o(.text) refers to localtime.o(.bss) for .bss
    mktime.o(.text) refers to _monlen.o(.constdata) for _monlen
    __main.o(!!!main) refers to __rtentry.o(.ARM.Collect$$rtentry$$00000000) for __rt_entry
    dfixu.o(x$fpl$dfixu) refers (Special) to usenofp.o(x$fpl$usenofp) for __I$use$fp
    dfixu.o(x$fpl$dfixu) refers to dnaninf.o(x$fpl$dnaninf) for __fpl_dnaninf
    dfixu.o(x$fpl$dfixur) refers (Special) to usenofp.o(x$fpl$usenofp) for __I$use$fp
    dfixu.o(x$fpl$dfixur) refers to dnaninf.o(x$fpl$dnaninf) for __fpl_dnaninf
    difftime.o(i.__softfp_difftime) refers (Special) to usenofp.o(x$fpl$usenofp) for __I$use$fp
    difftime.o(i.__softfp_difftime) refers to dflt_clz.o(x$fpl$dfltu) for __aeabi_ui2d
    difftime.o(i.__softfp_difftime) refers to daddsub_clz.o(x$fpl$dsub) for __aeabi_dsub
    difftime.o(i.difftime) refers (Special) to usenofp.o(x$fpl$usenofp) for __I$use$fp
    difftime.o(i.difftime) refers to dflt_clz.o(x$fpl$dfltu) for __aeabi_ui2d
    difftime.o(i.difftime) refers to daddsub_clz.o(x$fpl$dsub) for __aeabi_dsub
    __rtentry.o(.ARM.Collect$$rtentry$$00000000) refers (Special) to __rtentry2.o(.ARM.Collect$$rtentry$$0000000A) for __rt_entry_li
    __rtentry.o(.ARM.Collect$$rtentry$$00000000) refers (Special) to __rtentry2.o(.ARM.Collect$$rtentry$$0000000D) for __rt_entry_main
    __rtentry.o(.ARM.Collect$$rtentry$$00000000) refers (Special) to __rtentry2.o(.ARM.Collect$$rtentry$$0000000C) for __rt_entry_postli_1
    __rtentry.o(.ARM.Collect$$rtentry$$00000000) refers (Special) to __rtentry2.o(.ARM.Collect$$rtentry$$00000009) for __rt_entry_postsh_1
    __rtentry.o(.ARM.Collect$$rtentry$$00000000) refers (Special) to __rtentry2.o(.ARM.Collect$$rtentry$$00000002) for __rt_entry_presh_1
    __rtentry.o(.ARM.Collect$$rtentry$$00000000) refers (Special) to __rtentry4.o(.ARM.Collect$$rtentry$$00000004) for __rt_entry_sh
    localtime_internal.o(.text) refers to rt_memclr_w.o(.text) for __aeabi_memclr4
    localtime_internal.o(.text) refers to _monlen.o(.constdata) for _monlen
    daddsub_clz.o(x$fpl$dadd) refers (Special) to usenofp.o(x$fpl$usenofp) for __I$use$fp
    daddsub_clz.o(x$fpl$dadd) refers to daddsub_clz.o(x$fpl$dsub) for _dsub1
    daddsub_clz.o(x$fpl$dadd) refers to dretinf.o(x$fpl$dretinf) for __fpl_dretinf
    daddsub_clz.o(x$fpl$dadd) refers to dnaninf.o(x$fpl$dnaninf) for __fpl_dnaninf
    daddsub_clz.o(x$fpl$drsb) refers (Special) to usenofp.o(x$fpl$usenofp) for __I$use$fp
    daddsub_clz.o(x$fpl$drsb) refers to daddsub_clz.o(x$fpl$dadd) for _dadd1
    daddsub_clz.o(x$fpl$drsb) refers to daddsub_clz.o(x$fpl$dsub) for _dsub1
    daddsub_clz.o(x$fpl$dsub) refers (Special) to usenofp.o(x$fpl$usenofp) for __I$use$fp
    daddsub_clz.o(x$fpl$dsub) refers to daddsub_clz.o(x$fpl$dadd) for _dadd1
    daddsub_clz.o(x$fpl$dsub) refers to dnaninf.o(x$fpl$dnaninf) for __fpl_dnaninf
    dflt_clz.o(x$fpl$dfltu) refers (Special) to usenofp.o(x$fpl$usenofp) for __I$use$fp
    dflt_clz.o(x$fpl$dflt) refers (Special) to usenofp.o(x$fpl$usenofp) for __I$use$fp
    dflt_clz.o(x$fpl$dfltn) refers (Special) to usenofp.o(x$fpl$usenofp) for __I$use$fp
    dnaninf.o(x$fpl$dnaninf) refers (Special) to usenofp.o(x$fpl$usenofp) for __I$use$fp
    __rtentry2.o(.ARM.Collect$$rtentry$$00000008) refers to boardinit2.o(.text) for _platform_post_stackheap_init
    __rtentry2.o(.ARM.Collect$$rtentry$$0000000A) refers to libinit.o(.ARM.Collect$$libinit$$00000000) for __rt_lib_init
    __rtentry2.o(.ARM.Collect$$rtentry$$0000000B) refers to boardinit3.o(.text) for _platform_post_lib_init
    __rtentry2.o(.ARM.Collect$$rtentry$$0000000D) refers to main.o(.text.main) for main
    __rtentry2.o(.ARM.Collect$$rtentry$$0000000D) refers to exit.o(.text) for exit
    __rtentry2.o(.ARM.exidx) refers to __rtentry2.o(.ARM.Collect$$rtentry$$00000001) for .ARM.Collect$$rtentry$$00000001
    __rtentry2.o(.ARM.exidx) refers to __rtentry2.o(.ARM.Collect$$rtentry$$00000008) for .ARM.Collect$$rtentry$$00000008
    __rtentry2.o(.ARM.exidx) refers to __rtentry2.o(.ARM.Collect$$rtentry$$0000000A) for .ARM.Collect$$rtentry$$0000000A
    __rtentry2.o(.ARM.exidx) refers to __rtentry2.o(.ARM.Collect$$rtentry$$0000000B) for .ARM.Collect$$rtentry$$0000000B
    __rtentry2.o(.ARM.exidx) refers to __rtentry2.o(.ARM.Collect$$rtentry$$0000000D) for .ARM.Collect$$rtentry$$0000000D
    __rtentry4.o(.ARM.Collect$$rtentry$$00000004) refers to sys_stackheap_outer.o(.text) for __user_setup_stackheap
    __rtentry4.o(.ARM.exidx) refers to __rtentry4.o(.ARM.Collect$$rtentry$$00000004) for .ARM.Collect$$rtentry$$00000004
    dretinf.o(x$fpl$dretinf) refers (Special) to usenofp.o(x$fpl$usenofp) for __I$use$fp
    sys_stackheap_outer.o(.text) refers to libspace.o(.text) for __user_perproc_libspace
    sys_stackheap_outer.o(.text) refers to startup_stm32f10x_md.o(.text) for __user_initial_stackheap
    exit.o(.text) refers to rtexit.o(.ARM.Collect$$rtexit$$00000000) for __rt_exit
    libinit.o(.ARM.Collect$$libinit$$00000000) refers (Special) to libinit2.o(.ARM.Collect$$libinit$$0000002E) for __rt_lib_init_alloca_1
    libinit.o(.ARM.Collect$$libinit$$00000000) refers (Special) to libinit2.o(.ARM.Collect$$libinit$$0000002C) for __rt_lib_init_argv_1
    libinit.o(.ARM.Collect$$libinit$$00000000) refers (Special) to libinit2.o(.ARM.Collect$$libinit$$0000001B) for __rt_lib_init_atexit_1
    libinit.o(.ARM.Collect$$libinit$$00000000) refers (Special) to libinit2.o(.ARM.Collect$$libinit$$00000021) for __rt_lib_init_clock_1
    libinit.o(.ARM.Collect$$libinit$$00000000) refers (Special) to libinit2.o(.ARM.Collect$$libinit$$00000032) for __rt_lib_init_cpp_1
    libinit.o(.ARM.Collect$$libinit$$00000000) refers (Special) to libinit2.o(.ARM.Collect$$libinit$$00000030) for __rt_lib_init_exceptions_1
    libinit.o(.ARM.Collect$$libinit$$00000000) refers (Special) to libinit2.o(.ARM.Collect$$libinit$$00000002) for __rt_lib_init_fp_1
    libinit.o(.ARM.Collect$$libinit$$00000000) refers (Special) to libinit2.o(.ARM.Collect$$libinit$$0000001F) for __rt_lib_init_fp_trap_1
    libinit.o(.ARM.Collect$$libinit$$00000000) refers (Special) to libinit2.o(.ARM.Collect$$libinit$$00000023) for __rt_lib_init_getenv_1
    libinit.o(.ARM.Collect$$libinit$$00000000) refers (Special) to libinit2.o(.ARM.Collect$$libinit$$0000000A) for __rt_lib_init_heap_1
    libinit.o(.ARM.Collect$$libinit$$00000000) refers (Special) to libinit2.o(.ARM.Collect$$libinit$$00000011) for __rt_lib_init_lc_collate_1
    libinit.o(.ARM.Collect$$libinit$$00000000) refers (Special) to libinit2.o(.ARM.Collect$$libinit$$00000013) for __rt_lib_init_lc_ctype_1
    libinit.o(.ARM.Collect$$libinit$$00000000) refers (Special) to libinit2.o(.ARM.Collect$$libinit$$00000015) for __rt_lib_init_lc_monetary_1
    libinit.o(.ARM.Collect$$libinit$$00000000) refers (Special) to libinit2.o(.ARM.Collect$$libinit$$00000017) for __rt_lib_init_lc_numeric_1
    libinit.o(.ARM.Collect$$libinit$$00000000) refers (Special) to libinit2.o(.ARM.Collect$$libinit$$00000019) for __rt_lib_init_lc_time_1
    libinit.o(.ARM.Collect$$libinit$$00000000) refers (Special) to libinit2.o(.ARM.Collect$$libinit$$00000004) for __rt_lib_init_preinit_1
    libinit.o(.ARM.Collect$$libinit$$00000000) refers (Special) to libinit2.o(.ARM.Collect$$libinit$$0000000E) for __rt_lib_init_rand_1
    libinit.o(.ARM.Collect$$libinit$$00000000) refers (Special) to libinit2.o(.ARM.Collect$$libinit$$00000033) for __rt_lib_init_return
    libinit.o(.ARM.Collect$$libinit$$00000000) refers (Special) to libinit2.o(.ARM.Collect$$libinit$$0000001D) for __rt_lib_init_signal_1
    libinit.o(.ARM.Collect$$libinit$$00000000) refers (Special) to libinit2.o(.ARM.Collect$$libinit$$00000025) for __rt_lib_init_stdio_1
    libinit.o(.ARM.Collect$$libinit$$00000000) refers (Special) to libinit2.o(.ARM.Collect$$libinit$$0000000C) for __rt_lib_init_user_alloc_1
    libspace.o(.text) refers to libspace.o(.bss) for __libspace_start
    rtexit.o(.ARM.Collect$$rtexit$$00000000) refers (Special) to rtexit2.o(.ARM.Collect$$rtexit$$00000004) for __rt_exit_exit
    rtexit.o(.ARM.Collect$$rtexit$$00000000) refers (Special) to rtexit2.o(.ARM.Collect$$rtexit$$00000003) for __rt_exit_ls
    rtexit.o(.ARM.Collect$$rtexit$$00000000) refers (Special) to rtexit2.o(.ARM.Collect$$rtexit$$00000002) for __rt_exit_prels_1
    rtexit.o(.ARM.exidx) refers (Special) to rtexit2.o(.ARM.Collect$$rtexit$$00000004) for __rt_exit_exit
    rtexit.o(.ARM.exidx) refers (Special) to rtexit2.o(.ARM.Collect$$rtexit$$00000003) for __rt_exit_ls
    rtexit.o(.ARM.exidx) refers (Special) to rtexit2.o(.ARM.Collect$$rtexit$$00000002) for __rt_exit_prels_1
    rtexit.o(.ARM.exidx) refers to rtexit.o(.ARM.Collect$$rtexit$$00000000) for .ARM.Collect$$rtexit$$00000000
    libinit2.o(.ARM.Collect$$libinit$$00000010) refers to libinit2.o(.ARM.Collect$$libinit$$0000000F) for .ARM.Collect$$libinit$$0000000F
    libinit2.o(.ARM.Collect$$libinit$$00000012) refers to libinit2.o(.ARM.Collect$$libinit$$0000000F) for .ARM.Collect$$libinit$$0000000F
    libinit2.o(.ARM.Collect$$libinit$$00000014) refers to libinit2.o(.ARM.Collect$$libinit$$0000000F) for .ARM.Collect$$libinit$$0000000F
    libinit2.o(.ARM.Collect$$libinit$$00000016) refers to libinit2.o(.ARM.Collect$$libinit$$0000000F) for .ARM.Collect$$libinit$$0000000F
    libinit2.o(.ARM.Collect$$libinit$$00000018) refers to libinit2.o(.ARM.Collect$$libinit$$0000000F) for .ARM.Collect$$libinit$$0000000F
    libinit2.o(.ARM.Collect$$libinit$$00000026) refers to argv_veneer.o(.emb_text) for __ARM_argv_veneer
    libinit2.o(.ARM.Collect$$libinit$$00000027) refers to argv_veneer.o(.emb_text) for __ARM_argv_veneer
    rtexit2.o(.ARM.Collect$$rtexit$$00000003) refers to libshutdown.o(.ARM.Collect$$libshutdown$$00000000) for __rt_lib_shutdown
    rtexit2.o(.ARM.Collect$$rtexit$$00000004) refers to sys_exit.o(.text) for _sys_exit
    rtexit2.o(.ARM.exidx) refers to rtexit2.o(.ARM.Collect$$rtexit$$00000001) for .ARM.Collect$$rtexit$$00000001
    rtexit2.o(.ARM.exidx) refers to rtexit2.o(.ARM.Collect$$rtexit$$00000003) for .ARM.Collect$$rtexit$$00000003
    rtexit2.o(.ARM.exidx) refers to rtexit2.o(.ARM.Collect$$rtexit$$00000004) for .ARM.Collect$$rtexit$$00000004
    argv_veneer.o(.emb_text) refers to no_argv.o(.text) for __ARM_get_argv
    sys_exit.o(.text) refers (Special) to use_no_semi.o(.text) for __I$use$semihosting
    sys_exit.o(.text) refers (Special) to indicate_semi.o(.text) for __semihosting_library_function
    sys_exit_hlt.o(.text) refers (Special) to use_no_semi.o(.text) for __I$use$semihosting
    sys_exit_hlt.o(.text) refers (Special) to indicate_semi.o(.text) for __semihosting_library_function
    _get_argv_nomalloc.o(.text) refers (Special) to hrguard.o(.text) for __heap_region$guard
    _get_argv_nomalloc.o(.text) refers to defsig_rtmem_outer.o(.text) for __rt_SIGRTMEM
    _get_argv_nomalloc.o(.text) refers to sys_command.o(.text) for _sys_command_string
    libshutdown.o(.ARM.Collect$$libshutdown$$00000000) refers (Special) to libshutdown2.o(.ARM.Collect$$libshutdown$$00000002) for __rt_lib_shutdown_cpp_1
    libshutdown.o(.ARM.Collect$$libshutdown$$00000000) refers (Special) to libshutdown2.o(.ARM.Collect$$libshutdown$$00000007) for __rt_lib_shutdown_fp_trap_1
    libshutdown.o(.ARM.Collect$$libshutdown$$00000000) refers (Special) to libshutdown2.o(.ARM.Collect$$libshutdown$$0000000F) for __rt_lib_shutdown_heap_1
    libshutdown.o(.ARM.Collect$$libshutdown$$00000000) refers (Special) to libshutdown2.o(.ARM.Collect$$libshutdown$$00000010) for __rt_lib_shutdown_return
    libshutdown.o(.ARM.Collect$$libshutdown$$00000000) refers (Special) to libshutdown2.o(.ARM.Collect$$libshutdown$$0000000A) for __rt_lib_shutdown_signal_1
    libshutdown.o(.ARM.Collect$$libshutdown$$00000000) refers (Special) to libshutdown2.o(.ARM.Collect$$libshutdown$$00000004) for __rt_lib_shutdown_stdio_1
    libshutdown.o(.ARM.Collect$$libshutdown$$00000000) refers (Special) to libshutdown2.o(.ARM.Collect$$libshutdown$$0000000C) for __rt_lib_shutdown_user_alloc_1
    sys_command.o(.text) refers (Special) to use_no_semi.o(.text) for __I$use$semihosting
    sys_command.o(.text) refers (Special) to indicate_semi.o(.text) for __semihosting_library_function
    sys_command_hlt.o(.text) refers (Special) to use_no_semi.o(.text) for __I$use$semihosting
    sys_command_hlt.o(.text) refers (Special) to indicate_semi.o(.text) for __semihosting_library_function
    defsig_rtmem_outer.o(.text) refers to defsig_rtmem_inner.o(.text) for __rt_SIGRTMEM_inner
    defsig_rtmem_outer.o(.text) refers to defsig_exit.o(.text) for __sig_exit
    defsig_rtmem_formal.o(.text) refers to rt_raise.o(.text) for __rt_raise
    rt_raise.o(.text) refers to __raise.o(.text) for __raise
    rt_raise.o(.text) refers to sys_exit.o(.text) for _sys_exit
    defsig_exit.o(.text) refers to sys_exit.o(.text) for _sys_exit
    defsig_rtmem_inner.o(.text) refers to defsig_general.o(.text) for __default_signal_display
    __raise.o(.text) refers to defsig.o(CL$$defsig) for __default_signal_handler
    defsig_general.o(.text) refers to sys_wrch.o(.text) for _ttywrch
    sys_wrch.o(.text) refers (Special) to use_no_semi.o(.text) for __I$use$semihosting
    sys_wrch.o(.text) refers (Special) to indicate_semi.o(.text) for __semihosting_library_function
    sys_wrch_hlt.o(.text) refers (Special) to use_no_semi.o(.text) for __I$use$semihosting
    sys_wrch_hlt.o(.text) refers (Special) to indicate_semi.o(.text) for __semihosting_library_function
    defsig.o(CL$$defsig) refers to defsig_rtmem_inner.o(.text) for __rt_SIGRTMEM_inner
    defsig_abrt_inner.o(.text) refers to defsig_general.o(.text) for __default_signal_display
    defsig_fpe_inner.o(.text) refers to defsig_general.o(.text) for __default_signal_display
    defsig_rtred_inner.o(.text) refers to defsig_general.o(.text) for __default_signal_display
    defsig_stak_inner.o(.text) refers to defsig_general.o(.text) for __default_signal_display
    defsig_pvfn_inner.o(.text) refers to defsig_general.o(.text) for __default_signal_display
    defsig_cppl_inner.o(.text) refers to defsig_general.o(.text) for __default_signal_display
    defsig_segv_inner.o(.text) refers to defsig_general.o(.text) for __default_signal_display
    defsig_other.o(.text) refers to defsig_general.o(.text) for __default_signal_display


==============================================================================

Removing Unused input sections from the image.

    Removing main.o(.text), (0 bytes).
    Removing main.o(.ARM.exidx.text.LCD_WRITE_DATE_TIME), (8 bytes).
    Removing main.o(.ARM.exidx.text.ISR), (8 bytes).
    Removing main.o(.ARM.exidx.text.main), (8 bytes).
    Removing main.o(.ARM.use_no_argv), (4 bytes).
    Removing rcc_program.o(.text), (0 bytes).
    Removing rcc_program.o(.ARM.exidx.text.MRCC_InitClock), (8 bytes).
    Removing rcc_program.o(.ARM.exidx.text.MRCC_EnablePeripheralClock), (8 bytes).
    Removing rcc_program.o(.text.MRCC_DisablePeripheralClock), (90 bytes).
    Removing rcc_program.o(.ARM.exidx.text.MRCC_DisablePeripheralClock), (8 bytes).
    Removing rtc_program.o(.text), (0 bytes).
    Removing rtc_program.o(.ARM.exidx.text.MRTC_CalculateSeconds), (8 bytes).
    Removing rtc_program.o(.ARM.exidx.text.MRTC_CalculateDateTime), (8 bytes).
    Removing rtc_program.o(.ARM.exidx.text.MRTC_Init), (8 bytes).
    Removing rtc_program.o(.text.MRTC_SetDateAndTime), (112 bytes).
    Removing rtc_program.o(.ARM.exidx.text.MRTC_SetDateAndTime), (8 bytes).
    Removing rtc_program.o(.ARM.exidx.text.MRTC_GetDateAndTime), (8 bytes).
    Removing rtc_program.o(.ARM.exidx.text.MRTC_SetSecondIntCallbackFunc), (8 bytes).
    Removing rtc_program.o(.ARM.exidx.text.RTC_IRQHandler), (8 bytes).
    Removing gpio_program.o(.text), (0 bytes).
    Removing gpio_program.o(.ARM.exidx.text.MGPIO_SetPinMode), (8 bytes).
    Removing gpio_program.o(.ARM.exidx.text.MGPIO_SetPinValue), (8 bytes).
    Removing gpio_program.o(.text.MGPIO_GetPinValue), (94 bytes).
    Removing gpio_program.o(.ARM.exidx.text.MGPIO_GetPinValue), (8 bytes).
    Removing gpio_program.o(.text.MGPIO_TogglePinValue), (104 bytes).
    Removing gpio_program.o(.ARM.exidx.text.MGPIO_TogglePinValue), (8 bytes).
    Removing gpio_program.o(.text.MGPIO_ActivatePullUp), (104 bytes).
    Removing gpio_program.o(.ARM.exidx.text.MGPIO_ActivatePullUp), (8 bytes).
    Removing gpio_program.o(.ARM.exidx.text.MGPIO_SetNibbleValue), (8 bytes).
    Removing nvic_program.o(.text), (0 bytes).
    Removing nvic_program.o(.ARM.exidx.text.MNVIC_EnableInterrupt), (8 bytes).
    Removing nvic_program.o(.text.MNVIC_DisableInterrupt), (62 bytes).
    Removing nvic_program.o(.ARM.exidx.text.MNVIC_DisableInterrupt), (8 bytes).
    Removing nvic_program.o(.text.MNVIC_SetPendingFlag), (62 bytes).
    Removing nvic_program.o(.ARM.exidx.text.MNVIC_SetPendingFlag), (8 bytes).
    Removing nvic_program.o(.text.MNVIC_ClearPendingFlag), (62 bytes).
    Removing nvic_program.o(.ARM.exidx.text.MNVIC_ClearPendingFlag), (8 bytes).
    Removing nvic_program.o(.text.MNVIC_GetActiveFlag), (54 bytes).
    Removing nvic_program.o(.ARM.exidx.text.MNVIC_GetActiveFlag), (8 bytes).
    Removing nvic_program.o(.text.MNVIC_SetInterruptPriority), (86 bytes).
    Removing nvic_program.o(.ARM.exidx.text.MNVIC_SetInterruptPriority), (8 bytes).
    Removing lcd_program.o(.text), (0 bytes).
    Removing lcd_program.o(.ARM.exidx.text.LCD_Init), (8 bytes).
    Removing lcd_program.o(.ARM.exidx.text.LCD_WriteCommand4Bit), (8 bytes).
    Removing lcd_program.o(.ARM.exidx.text.LCD_ClearDisplay), (8 bytes).
    Removing lcd_program.o(.ARM.exidx.text.LCD_Peek), (8 bytes).
    Removing lcd_program.o(.ARM.exidx.text.LCD_WriteChar4Bit), (8 bytes).
    Removing lcd_program.o(.ARM.exidx.text.LCD_SetCursorPosition), (8 bytes).
    Removing lcd_program.o(.ARM.exidx.text.LCD_WriteString), (8 bytes).
    Removing lcd_program.o(.ARM.exidx.text.LCD_WriteIntegerValue), (8 bytes).
    Removing stk_program.o(.text), (0 bytes).
    Removing stk_program.o(.ARM.exidx.text.STK_uint8CalculateReloadValue), (8 bytes).
    Removing stk_program.o(.ARM.exidx.text.MSTK_uint8Init), (8 bytes).
    Removing stk_program.o(.text.MSTK_uint8SetTimerDuration), (40 bytes).
    Removing stk_program.o(.ARM.exidx.text.MSTK_uint8SetTimerDuration), (8 bytes).
    Removing stk_program.o(.text.MSTK_uint8StartTimer), (20 bytes).
    Removing stk_program.o(.ARM.exidx.text.MSTK_uint8StartTimer), (8 bytes).
    Removing stk_program.o(.text.MSTK_uint8PauseTimer), (20 bytes).
    Removing stk_program.o(.ARM.exidx.text.MSTK_uint8PauseTimer), (8 bytes).
    Removing stk_program.o(.text.MSTK_uint8StopTimer), (24 bytes).
    Removing stk_program.o(.ARM.exidx.text.MSTK_uint8StopTimer), (8 bytes).
    Removing stk_program.o(.ARM.exidx.text.MSTK_uint8Delay), (8 bytes).
    Removing stk_program.o(.text.MSTK_uint8SetCallbackFunction), (22 bytes).
    Removing stk_program.o(.ARM.exidx.text.MSTK_uint8SetCallbackFunction), (8 bytes).
    Removing stk_program.o(.ARM.exidx.text.SysTick_Handler), (8 bytes).
    Removing system_stm32f10x.o(.text), (0 bytes).
    Removing system_stm32f10x.o(.ARM.exidx.text.SystemInit), (8 bytes).
    Removing system_stm32f10x.o(.ARM.exidx.text.SetSysClock), (8 bytes).
    Removing system_stm32f10x.o(.text.SystemCoreClockUpdate), (110 bytes).
    Removing system_stm32f10x.o(.ARM.exidx.text.SystemCoreClockUpdate), (8 bytes).
    Removing system_stm32f10x.o(.ARM.exidx.text.SetSysClockTo72), (8 bytes).
    Removing system_stm32f10x.o(.data.SystemCoreClock), (4 bytes).
    Removing system_stm32f10x.o(.rodata.AHBPrescTable), (16 bytes).

73 unused section(s) (total 1458 bytes) removed from the image.

==============================================================================

Image Symbol Table

    Local Symbols

    Symbol Name                              Value     Ov Type        Size  Object(Section)

    ../clib/angel/boardlib.s                 0x00000000   Number         0  boardinit1.o ABSOLUTE
    ../clib/angel/boardlib.s                 0x00000000   Number         0  boardinit2.o ABSOLUTE
    ../clib/angel/boardlib.s                 0x00000000   Number         0  boardinit3.o ABSOLUTE
    ../clib/angel/boardlib.s                 0x00000000   Number         0  boardshut.o ABSOLUTE
    ../clib/angel/handlers.s                 0x00000000   Number         0  __scatter_copy.o ABSOLUTE
    ../clib/angel/handlers.s                 0x00000000   Number         0  __scatter_zi.o ABSOLUTE
    ../clib/angel/kernel.s                   0x00000000   Number         0  __rtentry.o ABSOLUTE
    ../clib/angel/kernel.s                   0x00000000   Number         0  __rtentry2.o ABSOLUTE
    ../clib/angel/kernel.s                   0x00000000   Number         0  __rtentry4.o ABSOLUTE
    ../clib/angel/kernel.s                   0x00000000   Number         0  rtexit.o ABSOLUTE
    ../clib/angel/kernel.s                   0x00000000   Number         0  rtexit2.o ABSOLUTE
    ../clib/angel/rt.s                       0x00000000   Number         0  rt_raise.o ABSOLUTE
    ../clib/angel/scatter.s                  0x00000000   Number         0  __scatter.o ABSOLUTE
    ../clib/angel/startup.s                  0x00000000   Number         0  __main.o ABSOLUTE
    ../clib/angel/sys.s                      0x00000000   Number         0  sys_stackheap_outer.o ABSOLUTE
    ../clib/angel/sys.s                      0x00000000   Number         0  libspace.o ABSOLUTE
    ../clib/angel/sys.s                      0x00000000   Number         0  use_no_semi.o ABSOLUTE
    ../clib/angel/sys.s                      0x00000000   Number         0  indicate_semi.o ABSOLUTE
    ../clib/angel/sysapp.c                   0x00000000   Number         0  sys_exit.o ABSOLUTE
    ../clib/angel/sysapp.c                   0x00000000   Number         0  sys_exit_hlt.o ABSOLUTE
    ../clib/angel/sysapp.c                   0x00000000   Number         0  sys_command.o ABSOLUTE
    ../clib/angel/sysapp.c                   0x00000000   Number         0  sys_command_hlt.o ABSOLUTE
    ../clib/angel/sysapp.c                   0x00000000   Number         0  sys_wrch.o ABSOLUTE
    ../clib/angel/sysapp.c                   0x00000000   Number         0  sys_wrch_hlt.o ABSOLUTE
    ../clib/armsys.c                         0x00000000   Number         0  argv_veneer.o ABSOLUTE
    ../clib/armsys.c                         0x00000000   Number         0  argv_veneer.o ABSOLUTE
    ../clib/armsys.c                         0x00000000   Number         0  _get_argv_nomalloc.o ABSOLUTE
    ../clib/armsys.c                         0x00000000   Number         0  no_argv.o ABSOLUTE
    ../clib/heapalloc.c                      0x00000000   Number         0  hrguard.o ABSOLUTE
    ../clib/heapaux.c                        0x00000000   Number         0  heapauxi.o ABSOLUTE
    ../clib/libinit.s                        0x00000000   Number         0  libinit.o ABSOLUTE
    ../clib/libinit.s                        0x00000000   Number         0  libinit2.o ABSOLUTE
    ../clib/libinit.s                        0x00000000   Number         0  libshutdown.o ABSOLUTE
    ../clib/libinit.s                        0x00000000   Number         0  libshutdown2.o ABSOLUTE
    ../clib/memcpset.s                       0x00000000   Number         0  rt_memclr_w.o ABSOLUTE
    ../clib/signal.c                         0x00000000   Number         0  defsig_rtmem_outer.o ABSOLUTE
    ../clib/signal.c                         0x00000000   Number         0  defsig_rtmem_formal.o ABSOLUTE
    ../clib/signal.c                         0x00000000   Number         0  defsig_exit.o ABSOLUTE
    ../clib/signal.c                         0x00000000   Number         0  defsig_rtmem_inner.o ABSOLUTE
    ../clib/signal.c                         0x00000000   Number         0  __raise.o ABSOLUTE
    ../clib/signal.c                         0x00000000   Number         0  defsig_general.o ABSOLUTE
    ../clib/signal.c                         0x00000000   Number         0  defsig_abrt_inner.o ABSOLUTE
    ../clib/signal.c                         0x00000000   Number         0  defsig_fpe_inner.o ABSOLUTE
    ../clib/signal.c                         0x00000000   Number         0  defsig_rtred_inner.o ABSOLUTE
    ../clib/signal.c                         0x00000000   Number         0  defsig_stak_inner.o ABSOLUTE
    ../clib/signal.c                         0x00000000   Number         0  defsig_pvfn_inner.o ABSOLUTE
    ../clib/signal.c                         0x00000000   Number         0  defsig_cppl_inner.o ABSOLUTE
    ../clib/signal.c                         0x00000000   Number         0  defsig_segv_inner.o ABSOLUTE
    ../clib/signal.c                         0x00000000   Number         0  defsig_other.o ABSOLUTE
    ../clib/signal.s                         0x00000000   Number         0  defsig.o ABSOLUTE
    ../clib/stdlib.c                         0x00000000   Number         0  exit.o ABSOLUTE
    ../clib/time.c                           0x00000000   Number         0  localtime.o ABSOLUTE
    ../clib/time.c                           0x00000000   Number         0  mktime.o ABSOLUTE
    ../clib/time.c                           0x00000000   Number         0  _monlen.o ABSOLUTE
    ../clib/time.c                           0x00000000   Number         0  localtime_internal.o ABSOLUTE
    ../fplib/daddsub.s                       0x00000000   Number         0  daddsub_clz.o ABSOLUTE
    ../fplib/dfixu.s                         0x00000000   Number         0  dfixu.o ABSOLUTE
    ../fplib/dflt.s                          0x00000000   Number         0  dflt_clz.o ABSOLUTE
    ../fplib/dnaninf.s                       0x00000000   Number         0  dnaninf.o ABSOLUTE
    ../fplib/dretinf.s                       0x00000000   Number         0  dretinf.o ABSOLUTE
    ../fplib/fpinit.s                        0x00000000   Number         0  fpinit.o ABSOLUTE
    ../fplib/fpinit_empty.s                  0x00000000   Number         0  fpinit_empty.o ABSOLUTE
    ../fplib/usenofp.s                       0x00000000   Number         0  usenofp.o ABSOLUTE
    ../mathlib/difftime.c                    0x00000000   Number         0  difftime.o ABSOLUTE
    GPIO_Program.c                           0x00000000   Number         0  gpio_program.o ABSOLUTE
    LCD_Program.c                            0x00000000   Number         0  lcd_program.o ABSOLUTE
    NVIC_Program.c                           0x00000000   Number         0  nvic_program.o ABSOLUTE
    RCC_Program.c                            0x00000000   Number         0  rcc_program.o ABSOLUTE
    RTC_Program.c                            0x00000000   Number         0  rtc_program.o ABSOLUTE
    RTE/Device/STM32F103C8/startup_stm32f10x_md.s 0x00000000   Number         0  startup_stm32f10x_md.o ABSOLUTE
    STK_Program.c                            0x00000000   Number         0  stk_program.o ABSOLUTE
    dc.s                                     0x00000000   Number         0  dc.o ABSOLUTE
    main.c                                   0x00000000   Number         0  main.o ABSOLUTE
    system_stm32f10x.c                       0x00000000   Number         0  system_stm32f10x.o ABSOLUTE
    RESET                                    0x08000000   Section      236  startup_stm32f10x_md.o(RESET)
    !!!main                                  0x080000ec   Section        8  __main.o(!!!main)
    !!!scatter                               0x080000f4   Section       52  __scatter.o(!!!scatter)
    !!handler_copy                           0x08000128   Section       26  __scatter_copy.o(!!handler_copy)
    !!handler_zi                             0x08000144   Section       28  __scatter_zi.o(!!handler_zi)
    .ARM.Collect$$libinit$$00000000          0x08000160   Section        2  libinit.o(.ARM.Collect$$libinit$$00000000)
    .ARM.Collect$$libinit$$00000002          0x08000162   Section        0  libinit2.o(.ARM.Collect$$libinit$$00000002)
    .ARM.Collect$$libinit$$00000004          0x08000162   Section        0  libinit2.o(.ARM.Collect$$libinit$$00000004)
    .ARM.Collect$$libinit$$0000000A          0x08000162   Section        0  libinit2.o(.ARM.Collect$$libinit$$0000000A)
    .ARM.Collect$$libinit$$0000000C          0x08000162   Section        0  libinit2.o(.ARM.Collect$$libinit$$0000000C)
    .ARM.Collect$$libinit$$0000000E          0x08000162   Section        0  libinit2.o(.ARM.Collect$$libinit$$0000000E)
    .ARM.Collect$$libinit$$00000011          0x08000162   Section        0  libinit2.o(.ARM.Collect$$libinit$$00000011)
    .ARM.Collect$$libinit$$00000013          0x08000162   Section        0  libinit2.o(.ARM.Collect$$libinit$$00000013)
    .ARM.Collect$$libinit$$00000015          0x08000162   Section        0  libinit2.o(.ARM.Collect$$libinit$$00000015)
    .ARM.Collect$$libinit$$00000017          0x08000162   Section        0  libinit2.o(.ARM.Collect$$libinit$$00000017)
    .ARM.Collect$$libinit$$00000019          0x08000162   Section        0  libinit2.o(.ARM.Collect$$libinit$$00000019)
    .ARM.Collect$$libinit$$0000001B          0x08000162   Section        0  libinit2.o(.ARM.Collect$$libinit$$0000001B)
    .ARM.Collect$$libinit$$0000001D          0x08000162   Section        0  libinit2.o(.ARM.Collect$$libinit$$0000001D)
    .ARM.Collect$$libinit$$0000001F          0x08000162   Section        0  libinit2.o(.ARM.Collect$$libinit$$0000001F)
    .ARM.Collect$$libinit$$00000021          0x08000162   Section        0  libinit2.o(.ARM.Collect$$libinit$$00000021)
    .ARM.Collect$$libinit$$00000023          0x08000162   Section        0  libinit2.o(.ARM.Collect$$libinit$$00000023)
    .ARM.Collect$$libinit$$00000025          0x08000162   Section        0  libinit2.o(.ARM.Collect$$libinit$$00000025)
    .ARM.Collect$$libinit$$0000002C          0x08000162   Section        0  libinit2.o(.ARM.Collect$$libinit$$0000002C)
    .ARM.Collect$$libinit$$0000002E          0x08000162   Section        0  libinit2.o(.ARM.Collect$$libinit$$0000002E)
    .ARM.Collect$$libinit$$00000030          0x08000162   Section        0  libinit2.o(.ARM.Collect$$libinit$$00000030)
    .ARM.Collect$$libinit$$00000032          0x08000162   Section        0  libinit2.o(.ARM.Collect$$libinit$$00000032)
    .ARM.Collect$$libinit$$00000033          0x08000162   Section        2  libinit2.o(.ARM.Collect$$libinit$$00000033)
    .ARM.Collect$$libshutdown$$00000000      0x08000164   Section        2  libshutdown.o(.ARM.Collect$$libshutdown$$00000000)
    .ARM.Collect$$libshutdown$$00000002      0x08000166   Section        0  libshutdown2.o(.ARM.Collect$$libshutdown$$00000002)
    .ARM.Collect$$libshutdown$$00000004      0x08000166   Section        0  libshutdown2.o(.ARM.Collect$$libshutdown$$00000004)
    .ARM.Collect$$libshutdown$$00000007      0x08000166   Section        0  libshutdown2.o(.ARM.Collect$$libshutdown$$00000007)
    .ARM.Collect$$libshutdown$$0000000A      0x08000166   Section        0  libshutdown2.o(.ARM.Collect$$libshutdown$$0000000A)
    .ARM.Collect$$libshutdown$$0000000C      0x08000166   Section        0  libshutdown2.o(.ARM.Collect$$libshutdown$$0000000C)
    .ARM.Collect$$libshutdown$$0000000F      0x08000166   Section        0  libshutdown2.o(.ARM.Collect$$libshutdown$$0000000F)
    .ARM.Collect$$libshutdown$$00000010      0x08000166   Section        2  libshutdown2.o(.ARM.Collect$$libshutdown$$00000010)
    .ARM.Collect$$rtentry$$00000000          0x08000168   Section        0  __rtentry.o(.ARM.Collect$$rtentry$$00000000)
    .ARM.Collect$$rtentry$$00000002          0x08000168   Section        0  __rtentry2.o(.ARM.Collect$$rtentry$$00000002)
    .ARM.Collect$$rtentry$$00000004          0x08000168   Section        6  __rtentry4.o(.ARM.Collect$$rtentry$$00000004)
    .ARM.Collect$$rtentry$$00000009          0x0800016e   Section        0  __rtentry2.o(.ARM.Collect$$rtentry$$00000009)
    .ARM.Collect$$rtentry$$0000000A          0x0800016e   Section        4  __rtentry2.o(.ARM.Collect$$rtentry$$0000000A)
    .ARM.Collect$$rtentry$$0000000C          0x08000172   Section        0  __rtentry2.o(.ARM.Collect$$rtentry$$0000000C)
    .ARM.Collect$$rtentry$$0000000D          0x08000172   Section        8  __rtentry2.o(.ARM.Collect$$rtentry$$0000000D)
    .ARM.Collect$$rtexit$$00000000           0x0800017a   Section        2  rtexit.o(.ARM.Collect$$rtexit$$00000000)
    .ARM.Collect$$rtexit$$00000002           0x0800017c   Section        0  rtexit2.o(.ARM.Collect$$rtexit$$00000002)
    .ARM.Collect$$rtexit$$00000003           0x0800017c   Section        4  rtexit2.o(.ARM.Collect$$rtexit$$00000003)
    .ARM.Collect$$rtexit$$00000004           0x08000180   Section        6  rtexit2.o(.ARM.Collect$$rtexit$$00000004)
    .text                                    0x08000188   Section       64  startup_stm32f10x_md.o(.text)
    .text                                    0x080001c8   Section       78  rt_memclr_w.o(.text)
    .text                                    0x08000218   Section        0  localtime.o(.text)
    _tm_carry                                0x08000225   Thumb Code    62  mktime.o(.text)
    .text                                    0x08000224   Section        0  mktime.o(.text)
    .text                                    0x080003cc   Section        0  heapauxi.o(.text)
    .text                                    0x080003d4   Section        0  localtime_internal.o(.text)
    .text                                    0x0800048c   Section       74  sys_stackheap_outer.o(.text)
    .text                                    0x080004d6   Section        0  exit.o(.text)
    .text                                    0x080004e8   Section        8  libspace.o(.text)
    .text                                    0x080004f0   Section        0  sys_exit.o(.text)
    .text                                    0x080004fc   Section        2  use_no_semi.o(.text)
    .text                                    0x080004fe   Section        0  indicate_semi.o(.text)
    [Anonymous Symbol]                       0x08000500   Section        0  main.o(.text.ISR)
    [Anonymous Symbol]                       0x08000540   Section        0  lcd_program.o(.text.LCD_ClearDisplay)
    [Anonymous Symbol]                       0x0800054c   Section        0  lcd_program.o(.text.LCD_Init)
    [Anonymous Symbol]                       0x080005d8   Section        0  lcd_program.o(.text.LCD_Peek)
    [Anonymous Symbol]                       0x080005f8   Section        0  lcd_program.o(.text.LCD_SetCursorPosition)
    [Anonymous Symbol]                       0x08000628   Section        0  main.o(.text.LCD_WRITE_DATE_TIME)
    [Anonymous Symbol]                       0x08000698   Section        0  lcd_program.o(.text.LCD_WriteChar4Bit)
    [Anonymous Symbol]                       0x080006f4   Section        0  lcd_program.o(.text.LCD_WriteCommand4Bit)
    [Anonymous Symbol]                       0x08000750   Section        0  lcd_program.o(.text.LCD_WriteIntegerValue)
    [Anonymous Symbol]                       0x080007bc   Section        0  lcd_program.o(.text.LCD_WriteString)
    [Anonymous Symbol]                       0x080007e0   Section        0  gpio_program.o(.text.MGPIO_SetNibbleValue)
    [Anonymous Symbol]                       0x08000830   Section        0  gpio_program.o(.text.MGPIO_SetPinMode)
    [Anonymous Symbol]                       0x0800093c   Section        0  gpio_program.o(.text.MGPIO_SetPinValue)
    [Anonymous Symbol]                       0x08000a00   Section        0  nvic_program.o(.text.MNVIC_EnableInterrupt)
    [Anonymous Symbol]                       0x08000a40   Section        0  rcc_program.o(.text.MRCC_EnablePeripheralClock)
    [Anonymous Symbol]                       0x08000a94   Section        0  rcc_program.o(.text.MRCC_InitClock)
    [Anonymous Symbol]                       0x08000af4   Section        0  rtc_program.o(.text.MRTC_CalculateDateTime)
    [Anonymous Symbol]                       0x08000b80   Section        0  rtc_program.o(.text.MRTC_CalculateSeconds)
    [Anonymous Symbol]                       0x08000bd8   Section        0  rtc_program.o(.text.MRTC_GetDateAndTime)
    [Anonymous Symbol]                       0x08000c14   Section        0  rtc_program.o(.text.MRTC_Init)
    [Anonymous Symbol]                       0x08000cd4   Section        0  rtc_program.o(.text.MRTC_SetSecondIntCallbackFunc)
    [Anonymous Symbol]                       0x08000cec   Section        0  stk_program.o(.text.MSTK_uint8Delay)
    [Anonymous Symbol]                       0x08000d38   Section        0  stk_program.o(.text.MSTK_uint8Init)
    [Anonymous Symbol]                       0x08000d5c   Section        0  rtc_program.o(.text.RTC_IRQHandler)
    [Anonymous Symbol]                       0x08000d84   Section        0  stk_program.o(.text.STK_uint8CalculateReloadValue)
    SetSysClock                              0x08000dad   Thumb Code     8  system_stm32f10x.o(.text.SetSysClock)
    [Anonymous Symbol]                       0x08000dac   Section        0  system_stm32f10x.o(.text.SetSysClock)
    SetSysClockTo72                          0x08000db5   Thumb Code   190  system_stm32f10x.o(.text.SetSysClockTo72)
    [Anonymous Symbol]                       0x08000db4   Section        0  system_stm32f10x.o(.text.SetSysClockTo72)
    [Anonymous Symbol]                       0x08000e74   Section        0  stk_program.o(.text.SysTick_Handler)
    [Anonymous Symbol]                       0x08000e88   Section        0  system_stm32f10x.o(.text.SystemInit)
    [Anonymous Symbol]                       0x08000ee0   Section        0  main.o(.text.main)
    i.difftime                               0x08000f36   Section        0  difftime.o(i.difftime)
    x$fpl$dadd                               0x08000f58   Section      336  daddsub_clz.o(x$fpl$dadd)
    _dadd1                                   0x08000f69   Thumb Code     0  daddsub_clz.o(x$fpl$dadd)
    x$fpl$dfixu                              0x080010a8   Section       90  dfixu.o(x$fpl$dfixu)
    x$fpl$dfltu                              0x08001102   Section       38  dflt_clz.o(x$fpl$dfltu)
    x$fpl$dnaninf                            0x08001128   Section      156  dnaninf.o(x$fpl$dnaninf)
    x$fpl$dretinf                            0x080011c4   Section       12  dretinf.o(x$fpl$dretinf)
    x$fpl$dsub                               0x080011d0   Section      468  daddsub_clz.o(x$fpl$dsub)
    _dsub1                                   0x080011e1   Thumb Code     0  daddsub_clz.o(x$fpl$dsub)
    .constdata                               0x080013a4   Section       12  _monlen.o(.constdata)
    x$fpl$usenofp                            0x080013a4   Section        0  usenofp.o(x$fpl$usenofp)
    glbl_SReferenceDate                      0x20000000   Data           4  rtc_program.o(.data.glbl_SReferenceDate)
    [Anonymous Symbol]                       0x20000000   Section        0  rtc_program.o(.data.glbl_SReferenceDate)
    glbl_SReferenceTime                      0x20000004   Data           3  rtc_program.o(.data.glbl_SReferenceTime)
    [Anonymous Symbol]                       0x20000004   Section        0  rtc_program.o(.data.glbl_SReferenceTime)
    _tms                                     0x20000008   Data          44  localtime.o(.bss)
    .bss                                     0x20000008   Section       44  localtime.o(.bss)
    .bss                                     0x20000034   Section       96  libspace.o(.bss)
    ISR.Loc_uint8NoOfSeconds                 0x20000094   Data           1  main.o(.bss.ISR.Loc_uint8NoOfSeconds)
    [Anonymous Symbol]                       0x20000094   Section        0  main.o(.bss.ISR.Loc_uint8NoOfSeconds)
    STK_PCallbackFunc                        0x20000098   Data           4  stk_program.o(.bss.STK_PCallbackFunc)
    [Anonymous Symbol]                       0x20000098   Section        0  stk_program.o(.bss.STK_PCallbackFunc)
    glbl_PCallbackFunc                       0x200000a0   Data           4  rtc_program.o(.bss.glbl_PCallbackFunc)
    [Anonymous Symbol]                       0x200000a0   Section        0  rtc_program.o(.bss.glbl_PCallbackFunc)
    glbl_uint32ReferenceSeconds              0x200000a4   Data           4  rtc_program.o(.bss.glbl_uint32ReferenceSeconds)
    [Anonymous Symbol]                       0x200000a4   Section        0  rtc_program.o(.bss.glbl_uint32ReferenceSeconds)
    Heap_Mem                                 0x200000b0   Data         512  startup_stm32f10x_md.o(HEAP)
    HEAP                                     0x200000b0   Section      512  startup_stm32f10x_md.o(HEAP)
    Stack_Mem                                0x200002b0   Data        1024  startup_stm32f10x_md.o(STACK)
    STACK                                    0x200002b0   Section     1024  startup_stm32f10x_md.o(STACK)
    __initial_sp                             0x200006b0   Data           0  startup_stm32f10x_md.o(STACK)

    Global Symbols

    Symbol Name                              Value     Ov Type        Size  Object(Section)

    BuildAttributes$$THM_ISAv4$P$D$K$B$S$PE$A:L22UL41UL21$X:L11$S22US41US21$IEEE1$IW$~IW$USESV6$~STKCKD$USESV7$~SHL$OTIME$ROPI$IEEEJ$EBA8$UX$STANDARDLIB$REQ8$PRES8$EABIv2 0x00000000   Number         0  anon$$obj.o ABSOLUTE
    __fp_init_empty                          0x00000000   Number         0  fpinit_empty.o ABSOLUTE
    __ARM_exceptions_init                     - Undefined Weak Reference
    __alloca_initialize                       - Undefined Weak Reference
    __arm_preinit_                            - Undefined Weak Reference
    __cpp_initialize__aeabi_                  - Undefined Weak Reference
    __cxa_finalize                            - Undefined Weak Reference
    __rt_locale                               - Undefined Weak Reference
    __sigvec_lookup                           - Undefined Weak Reference
    _atexit_init                              - Undefined Weak Reference
    _call_atexit_fns                          - Undefined Weak Reference
    _clock_init                               - Undefined Weak Reference
    _fp_trap_init                             - Undefined Weak Reference
    _fp_trap_shutdown                         - Undefined Weak Reference
    _get_lc_collate                           - Undefined Weak Reference
    _get_lc_ctype                             - Undefined Weak Reference
    _get_lc_monetary                          - Undefined Weak Reference
    _get_lc_numeric                           - Undefined Weak Reference
    _get_lc_time                              - Undefined Weak Reference
    _getenv_init                              - Undefined Weak Reference
    _handle_redirection                       - Undefined Weak Reference
    _init_alloc                               - Undefined Weak Reference
    _init_user_alloc                          - Undefined Weak Reference
    _initio                                   - Undefined Weak Reference
    _rand_init                                - Undefined Weak Reference
    _signal_finish                            - Undefined Weak Reference
    _signal_init                              - Undefined Weak Reference
    _terminate_alloc                          - Undefined Weak Reference
    _terminate_user_alloc                     - Undefined Weak Reference
    _terminateio                              - Undefined Weak Reference
    __Vectors_Size                           0x000000ec   Number         0  startup_stm32f10x_md.o ABSOLUTE
    __Vectors                                0x08000000   Data           4  startup_stm32f10x_md.o(RESET)
    __Vectors_End                            0x080000ec   Data           0  startup_stm32f10x_md.o(RESET)
    __main                                   0x080000ed   Thumb Code     8  __main.o(!!!main)
    __scatterload                            0x080000f5   Thumb Code     0  __scatter.o(!!!scatter)
    __scatterload_rt2                        0x080000f5   Thumb Code    44  __scatter.o(!!!scatter)
    __scatterload_rt2_thumb_only             0x080000f5   Thumb Code     0  __scatter.o(!!!scatter)
    __scatterload_null                       0x08000103   Thumb Code     0  __scatter.o(!!!scatter)
    __scatterload_copy                       0x08000129   Thumb Code    26  __scatter_copy.o(!!handler_copy)
    __scatterload_zeroinit                   0x08000145   Thumb Code    28  __scatter_zi.o(!!handler_zi)
    __rt_lib_init                            0x08000161   Thumb Code     0  libinit.o(.ARM.Collect$$libinit$$00000000)
    __rt_lib_init_alloca_1                   0x08000163   Thumb Code     0  libinit2.o(.ARM.Collect$$libinit$$0000002E)
    __rt_lib_init_argv_1                     0x08000163   Thumb Code     0  libinit2.o(.ARM.Collect$$libinit$$0000002C)
    __rt_lib_init_atexit_1                   0x08000163   Thumb Code     0  libinit2.o(.ARM.Collect$$libinit$$0000001B)
    __rt_lib_init_clock_1                    0x08000163   Thumb Code     0  libinit2.o(.ARM.Collect$$libinit$$00000021)
    __rt_lib_init_cpp_1                      0x08000163   Thumb Code     0  libinit2.o(.ARM.Collect$$libinit$$00000032)
    __rt_lib_init_exceptions_1               0x08000163   Thumb Code     0  libinit2.o(.ARM.Collect$$libinit$$00000030)
    __rt_lib_init_fp_1                       0x08000163   Thumb Code     0  libinit2.o(.ARM.Collect$$libinit$$00000002)
    __rt_lib_init_fp_trap_1                  0x08000163   Thumb Code     0  libinit2.o(.ARM.Collect$$libinit$$0000001F)
    __rt_lib_init_getenv_1                   0x08000163   Thumb Code     0  libinit2.o(.ARM.Collect$$libinit$$00000023)
    __rt_lib_init_heap_1                     0x08000163   Thumb Code     0  libinit2.o(.ARM.Collect$$libinit$$0000000A)
    __rt_lib_init_lc_collate_1               0x08000163   Thumb Code     0  libinit2.o(.ARM.Collect$$libinit$$00000011)
    __rt_lib_init_lc_ctype_1                 0x08000163   Thumb Code     0  libinit2.o(.ARM.Collect$$libinit$$00000013)
    __rt_lib_init_lc_monetary_1              0x08000163   Thumb Code     0  libinit2.o(.ARM.Collect$$libinit$$00000015)
    __rt_lib_init_lc_numeric_1               0x08000163   Thumb Code     0  libinit2.o(.ARM.Collect$$libinit$$00000017)
    __rt_lib_init_lc_time_1                  0x08000163   Thumb Code     0  libinit2.o(.ARM.Collect$$libinit$$00000019)
    __rt_lib_init_preinit_1                  0x08000163   Thumb Code     0  libinit2.o(.ARM.Collect$$libinit$$00000004)
    __rt_lib_init_rand_1                     0x08000163   Thumb Code     0  libinit2.o(.ARM.Collect$$libinit$$0000000E)
    __rt_lib_init_return                     0x08000163   Thumb Code     0  libinit2.o(.ARM.Collect$$libinit$$00000033)
    __rt_lib_init_signal_1                   0x08000163   Thumb Code     0  libinit2.o(.ARM.Collect$$libinit$$0000001D)
    __rt_lib_init_stdio_1                    0x08000163   Thumb Code     0  libinit2.o(.ARM.Collect$$libinit$$00000025)
    __rt_lib_init_user_alloc_1               0x08000163   Thumb Code     0  libinit2.o(.ARM.Collect$$libinit$$0000000C)
    __rt_lib_shutdown                        0x08000165   Thumb Code     0  libshutdown.o(.ARM.Collect$$libshutdown$$00000000)
    __rt_lib_shutdown_cpp_1                  0x08000167   Thumb Code     0  libshutdown2.o(.ARM.Collect$$libshutdown$$00000002)
    __rt_lib_shutdown_fp_trap_1              0x08000167   Thumb Code     0  libshutdown2.o(.ARM.Collect$$libshutdown$$00000007)
    __rt_lib_shutdown_heap_1                 0x08000167   Thumb Code     0  libshutdown2.o(.ARM.Collect$$libshutdown$$0000000F)
    __rt_lib_shutdown_return                 0x08000167   Thumb Code     0  libshutdown2.o(.ARM.Collect$$libshutdown$$00000010)
    __rt_lib_shutdown_signal_1               0x08000167   Thumb Code     0  libshutdown2.o(.ARM.Collect$$libshutdown$$0000000A)
    __rt_lib_shutdown_stdio_1                0x08000167   Thumb Code     0  libshutdown2.o(.ARM.Collect$$libshutdown$$00000004)
    __rt_lib_shutdown_user_alloc_1           0x08000167   Thumb Code     0  libshutdown2.o(.ARM.Collect$$libshutdown$$0000000C)
    __rt_entry                               0x08000169   Thumb Code     0  __rtentry.o(.ARM.Collect$$rtentry$$00000000)
    __rt_entry_presh_1                       0x08000169   Thumb Code     0  __rtentry2.o(.ARM.Collect$$rtentry$$00000002)
    __rt_entry_sh                            0x08000169   Thumb Code     0  __rtentry4.o(.ARM.Collect$$rtentry$$00000004)
    __rt_entry_li                            0x0800016f   Thumb Code     0  __rtentry2.o(.ARM.Collect$$rtentry$$0000000A)
    __rt_entry_postsh_1                      0x0800016f   Thumb Code     0  __rtentry2.o(.ARM.Collect$$rtentry$$00000009)
    __rt_entry_main                          0x08000173   Thumb Code     0  __rtentry2.o(.ARM.Collect$$rtentry$$0000000D)
    __rt_entry_postli_1                      0x08000173   Thumb Code     0  __rtentry2.o(.ARM.Collect$$rtentry$$0000000C)
    __rt_exit                                0x0800017b   Thumb Code     0  rtexit.o(.ARM.Collect$$rtexit$$00000000)
    __rt_exit_ls                             0x0800017d   Thumb Code     0  rtexit2.o(.ARM.Collect$$rtexit$$00000003)
    __rt_exit_prels_1                        0x0800017d   Thumb Code     0  rtexit2.o(.ARM.Collect$$rtexit$$00000002)
    __rt_exit_exit                           0x08000181   Thumb Code     0  rtexit2.o(.ARM.Collect$$rtexit$$00000004)
    Reset_Handler                            0x08000189   Thumb Code     8  startup_stm32f10x_md.o(.text)
    NMI_Handler                              0x08000191   Thumb Code     2  startup_stm32f10x_md.o(.text)
    HardFault_Handler                        0x08000193   Thumb Code     2  startup_stm32f10x_md.o(.text)
    MemManage_Handler                        0x08000195   Thumb Code     2  startup_stm32f10x_md.o(.text)
    BusFault_Handler                         0x08000197   Thumb Code     2  startup_stm32f10x_md.o(.text)
    UsageFault_Handler                       0x08000199   Thumb Code     2  startup_stm32f10x_md.o(.text)
    SVC_Handler                              0x0800019b   Thumb Code     2  startup_stm32f10x_md.o(.text)
    DebugMon_Handler                         0x0800019d   Thumb Code     2  startup_stm32f10x_md.o(.text)
    PendSV_Handler                           0x0800019f   Thumb Code     2  startup_stm32f10x_md.o(.text)
    ADC1_2_IRQHandler                        0x080001a3   Thumb Code     0  startup_stm32f10x_md.o(.text)
    CAN1_RX1_IRQHandler                      0x080001a3   Thumb Code     0  startup_stm32f10x_md.o(.text)
    CAN1_SCE_IRQHandler                      0x080001a3   Thumb Code     0  startup_stm32f10x_md.o(.text)
    DMA1_Channel1_IRQHandler                 0x080001a3   Thumb Code     0  startup_stm32f10x_md.o(.text)
    DMA1_Channel2_IRQHandler                 0x080001a3   Thumb Code     0  startup_stm32f10x_md.o(.text)
    DMA1_Channel3_IRQHandler                 0x080001a3   Thumb Code     0  startup_stm32f10x_md.o(.text)
    DMA1_Channel4_IRQHandler                 0x080001a3   Thumb Code     0  startup_stm32f10x_md.o(.text)
    DMA1_Channel5_IRQHandler                 0x080001a3   Thumb Code     0  startup_stm32f10x_md.o(.text)
    DMA1_Channel6_IRQHandler                 0x080001a3   Thumb Code     0  startup_stm32f10x_md.o(.text)
    DMA1_Channel7_IRQHandler                 0x080001a3   Thumb Code     0  startup_stm32f10x_md.o(.text)
    EXTI0_IRQHandler                         0x080001a3   Thumb Code     0  startup_stm32f10x_md.o(.text)
    EXTI15_10_IRQHandler                     0x080001a3   Thumb Code     0  startup_stm32f10x_md.o(.text)
    EXTI1_IRQHandler                         0x080001a3   Thumb Code     0  startup_stm32f10x_md.o(.text)
    EXTI2_IRQHandler                         0x080001a3   Thumb Code     0  startup_stm32f10x_md.o(.text)
    EXTI3_IRQHandler                         0x080001a3   Thumb Code     0  startup_stm32f10x_md.o(.text)
    EXTI4_IRQHandler                         0x080001a3   Thumb Code     0  startup_stm32f10x_md.o(.text)
    EXTI9_5_IRQHandler                       0x080001a3   Thumb Code     0  startup_stm32f10x_md.o(.text)
    FLASH_IRQHandler                         0x080001a3   Thumb Code     0  startup_stm32f10x_md.o(.text)
    I2C1_ER_IRQHandler                       0x080001a3   Thumb Code     0  startup_stm32f10x_md.o(.text)
    I2C1_EV_IRQHandler                       0x080001a3   Thumb Code     0  startup_stm32f10x_md.o(.text)
    I2C2_ER_IRQHandler                       0x080001a3   Thumb Code     0  startup_stm32f10x_md.o(.text)
    I2C2_EV_IRQHandler                       0x080001a3   Thumb Code     0  startup_stm32f10x_md.o(.text)
    PVD_IRQHandler                           0x080001a3   Thumb Code     0  startup_stm32f10x_md.o(.text)
    RCC_IRQHandler                           0x080001a3   Thumb Code     0  startup_stm32f10x_md.o(.text)
    RTCAlarm_IRQHandler                      0x080001a3   Thumb Code     0  startup_stm32f10x_md.o(.text)
    SPI1_IRQHandler                          0x080001a3   Thumb Code     0  startup_stm32f10x_md.o(.text)
    SPI2_IRQHandler                          0x080001a3   Thumb Code     0  startup_stm32f10x_md.o(.text)
    TAMPER_IRQHandler                        0x080001a3   Thumb Code     0  startup_stm32f10x_md.o(.text)
    TIM1_BRK_IRQHandler                      0x080001a3   Thumb Code     0  startup_stm32f10x_md.o(.text)
    TIM1_CC_IRQHandler                       0x080001a3   Thumb Code     0  startup_stm32f10x_md.o(.text)
    TIM1_TRG_COM_IRQHandler                  0x080001a3   Thumb Code     0  startup_stm32f10x_md.o(.text)
    TIM1_UP_IRQHandler                       0x080001a3   Thumb Code     0  startup_stm32f10x_md.o(.text)
    TIM2_IRQHandler                          0x080001a3   Thumb Code     0  startup_stm32f10x_md.o(.text)
    TIM3_IRQHandler                          0x080001a3   Thumb Code     0  startup_stm32f10x_md.o(.text)
    TIM4_IRQHandler                          0x080001a3   Thumb Code     0  startup_stm32f10x_md.o(.text)
    USART1_IRQHandler                        0x080001a3   Thumb Code     0  startup_stm32f10x_md.o(.text)
    USART2_IRQHandler                        0x080001a3   Thumb Code     0  startup_stm32f10x_md.o(.text)
    USART3_IRQHandler                        0x080001a3   Thumb Code     0  startup_stm32f10x_md.o(.text)
    USBWakeUp_IRQHandler                     0x080001a3   Thumb Code     0  startup_stm32f10x_md.o(.text)
    USB_HP_CAN1_TX_IRQHandler                0x080001a3   Thumb Code     0  startup_stm32f10x_md.o(.text)
    USB_LP_CAN1_RX0_IRQHandler               0x080001a3   Thumb Code     0  startup_stm32f10x_md.o(.text)
    WWDG_IRQHandler                          0x080001a3   Thumb Code     0  startup_stm32f10x_md.o(.text)
    __user_initial_stackheap                 0x080001a5   Thumb Code     0  startup_stm32f10x_md.o(.text)
    __aeabi_memclr4                          0x080001c9   Thumb Code     0  rt_memclr_w.o(.text)
    __aeabi_memclr8                          0x080001c9   Thumb Code     0  rt_memclr_w.o(.text)
    __rt_memclr_w                            0x080001c9   Thumb Code    78  rt_memclr_w.o(.text)
    _memset_w                                0x080001cd   Thumb Code     0  rt_memclr_w.o(.text)
    localtime                                0x08000219   Thumb Code     6  localtime.o(.text)
    mktime                                   0x08000263   Thumb Code   352  mktime.o(.text)
    __use_two_region_memory                  0x080003cd   Thumb Code     2  heapauxi.o(.text)
    __rt_heap_escrow$2region                 0x080003cf   Thumb Code     2  heapauxi.o(.text)
    __rt_heap_expand$2region                 0x080003d1   Thumb Code     2  heapauxi.o(.text)
    _localtime_r                             0x080003d5   Thumb Code   178  localtime_internal.o(.text)
    _n$localtime_r                           0x080003d5   Thumb Code     0  localtime_internal.o(.text)
    __user_setup_stackheap                   0x0800048d   Thumb Code    74  sys_stackheap_outer.o(.text)
    exit                                     0x080004d7   Thumb Code    18  exit.o(.text)
    __user_libspace                          0x080004e9   Thumb Code     8  libspace.o(.text)
    __user_perproc_libspace                  0x080004e9   Thumb Code     0  libspace.o(.text)
    __user_perthread_libspace                0x080004e9   Thumb Code     0  libspace.o(.text)
    _sys_exit                                0x080004f1   Thumb Code     8  sys_exit.o(.text)
    __I$use$semihosting                      0x080004fd   Thumb Code     0  use_no_semi.o(.text)
    __use_no_semihosting_swi                 0x080004fd   Thumb Code     2  use_no_semi.o(.text)
    __semihosting_library_function           0x080004ff   Thumb Code     0  indicate_semi.o(.text)
    ISR                                      0x08000501   Thumb Code    64  main.o(.text.ISR)
    LCD_ClearDisplay                         0x08000541   Thumb Code    12  lcd_program.o(.text.LCD_ClearDisplay)
    LCD_Init                                 0x0800054d   Thumb Code   140  lcd_program.o(.text.LCD_Init)
    LCD_Peek                                 0x080005d9   Thumb Code    32  lcd_program.o(.text.LCD_Peek)
    LCD_SetCursorPosition                    0x080005f9   Thumb Code    48  lcd_program.o(.text.LCD_SetCursorPosition)
    LCD_WRITE_DATE_TIME                      0x08000629   Thumb Code   112  main.o(.text.LCD_WRITE_DATE_TIME)
    LCD_WriteChar4Bit                        0x08000699   Thumb Code    92  lcd_program.o(.text.LCD_WriteChar4Bit)
    LCD_WriteCommand4Bit                     0x080006f5   Thumb Code    92  lcd_program.o(.text.LCD_WriteCommand4Bit)
    LCD_WriteIntegerValue                    0x08000751   Thumb Code   106  lcd_program.o(.text.LCD_WriteIntegerValue)
    LCD_WriteString                          0x080007bd   Thumb Code    36  lcd_program.o(.text.LCD_WriteString)
    MGPIO_SetNibbleValue                     0x080007e1   Thumb Code    80  gpio_program.o(.text.MGPIO_SetNibbleValue)
    MGPIO_SetPinMode                         0x08000831   Thumb Code   268  gpio_program.o(.text.MGPIO_SetPinMode)
    MGPIO_SetPinValue                        0x0800093d   Thumb Code   194  gpio_program.o(.text.MGPIO_SetPinValue)
    MNVIC_EnableInterrupt                    0x08000a01   Thumb Code    62  nvic_program.o(.text.MNVIC_EnableInterrupt)
    MRCC_EnablePeripheralClock               0x08000a41   Thumb Code    84  rcc_program.o(.text.MRCC_EnablePeripheralClock)
    MRCC_InitClock                           0x08000a95   Thumb Code    96  rcc_program.o(.text.MRCC_InitClock)
    MRTC_CalculateDateTime                   0x08000af5   Thumb Code   140  rtc_program.o(.text.MRTC_CalculateDateTime)
    MRTC_CalculateSeconds                    0x08000b81   Thumb Code    86  rtc_program.o(.text.MRTC_CalculateSeconds)
    MRTC_GetDateAndTime                      0x08000bd9   Thumb Code    60  rtc_program.o(.text.MRTC_GetDateAndTime)
    MRTC_Init                                0x08000c15   Thumb Code   190  rtc_program.o(.text.MRTC_Init)
    MRTC_SetSecondIntCallbackFunc            0x08000cd5   Thumb Code    22  rtc_program.o(.text.MRTC_SetSecondIntCallbackFunc)
    MSTK_uint8Delay                          0x08000ced   Thumb Code    76  stk_program.o(.text.MSTK_uint8Delay)
    MSTK_uint8Init                           0x08000d39   Thumb Code    34  stk_program.o(.text.MSTK_uint8Init)
    RTC_IRQHandler                           0x08000d5d   Thumb Code    40  rtc_program.o(.text.RTC_IRQHandler)
    STK_uint8CalculateReloadValue            0x08000d85   Thumb Code    38  stk_program.o(.text.STK_uint8CalculateReloadValue)
    SysTick_Handler                          0x08000e75   Thumb Code    20  stk_program.o(.text.SysTick_Handler)
    SystemInit                               0x08000e89   Thumb Code    86  system_stm32f10x.o(.text.SystemInit)
    main                                     0x08000ee1   Thumb Code    86  main.o(.text.main)
    difftime                                 0x08000f37   Thumb Code    32  difftime.o(i.difftime)
    __aeabi_dadd                             0x08000f59   Thumb Code     0  daddsub_clz.o(x$fpl$dadd)
    _dadd                                    0x08000f59   Thumb Code   332  daddsub_clz.o(x$fpl$dadd)
    __aeabi_d2uiz                            0x080010a9   Thumb Code     0  dfixu.o(x$fpl$dfixu)
    _dfixu                                   0x080010a9   Thumb Code    90  dfixu.o(x$fpl$dfixu)
    __aeabi_ui2d                             0x08001103   Thumb Code     0  dflt_clz.o(x$fpl$dfltu)
    _dfltu                                   0x08001103   Thumb Code    38  dflt_clz.o(x$fpl$dfltu)
    __fpl_dnaninf                            0x08001129   Thumb Code   156  dnaninf.o(x$fpl$dnaninf)
    __fpl_dretinf                            0x080011c5   Thumb Code    12  dretinf.o(x$fpl$dretinf)
    __aeabi_dsub                             0x080011d1   Thumb Code     0  daddsub_clz.o(x$fpl$dsub)
    _dsub                                    0x080011d1   Thumb Code   464  daddsub_clz.o(x$fpl$dsub)
    __I$use$fp                               0x080013a4   Number         0  usenofp.o(x$fpl$usenofp)
    _monlen                                  0x080013a4   Data          12  _monlen.o(.constdata)
    Region$$Table$$Base                      0x080013b0   Number         0  anon$$obj.o(Region$$Table)
    Region$$Table$$Limit                     0x080013d0   Number         0  anon$$obj.o(Region$$Table)
    __libspace_start                         0x20000034   Data          96  libspace.o(.bss)
    __temporary_stack_top$libspace           0x20000094   Data           0  libspace.o(.bss)
    date                                     0x2000009c   Data           4  main.o(.bss.date)
    time                                     0x200000a8   Data           3  main.o(.bss.time)



==============================================================================

Memory Map of the image

  Image Entry point : 0x08000189

  Load Region LR_1 (Base: 0x08000000, Size: 0x000013d8, Max: 0xffffffff, ABSOLUTE)

    Execution Region ER_RO (Exec base: 0x08000000, Load base: 0x08000000, Size: 0x000013d0, Max: 0xffffffff, ABSOLUTE)

    Exec Addr    Load Addr    Size         Type   Attr      Idx    E Section Name        Object

    0x08000000   0x08000000   0x000000ec   Data   RO          152    RESET               startup_stm32f10x_md.o
    0x080000ec   0x080000ec   0x00000008   Code   RO          188  * !!!main             c_w.l(__main.o)
    0x080000f4   0x080000f4   0x00000034   Code   RO          379    !!!scatter          c_w.l(__scatter.o)
    0x08000128   0x08000128   0x0000001a   Code   RO          381    !!handler_copy      c_w.l(__scatter_copy.o)
    0x08000142   0x08000142   0x00000002   PAD
    0x08000144   0x08000144   0x0000001c   Code   RO          383    !!handler_zi        c_w.l(__scatter_zi.o)
    0x08000160   0x08000160   0x00000002   Code   RO          243    .ARM.Collect$$libinit$$00000000  c_w.l(libinit.o)
    0x08000162   0x08000162   0x00000000   Code   RO          250    .ARM.Collect$$libinit$$00000002  c_w.l(libinit2.o)
    0x08000162   0x08000162   0x00000000   Code   RO          252    .ARM.Collect$$libinit$$00000004  c_w.l(libinit2.o)
    0x08000162   0x08000162   0x00000000   Code   RO          255    .ARM.Collect$$libinit$$0000000A  c_w.l(libinit2.o)
    0x08000162   0x08000162   0x00000000   Code   RO          257    .ARM.Collect$$libinit$$0000000C  c_w.l(libinit2.o)
    0x08000162   0x08000162   0x00000000   Code   RO          259    .ARM.Collect$$libinit$$0000000E  c_w.l(libinit2.o)
    0x08000162   0x08000162   0x00000000   Code   RO          262    .ARM.Collect$$libinit$$00000011  c_w.l(libinit2.o)
    0x08000162   0x08000162   0x00000000   Code   RO          264    .ARM.Collect$$libinit$$00000013  c_w.l(libinit2.o)
    0x08000162   0x08000162   0x00000000   Code   RO          266    .ARM.Collect$$libinit$$00000015  c_w.l(libinit2.o)
    0x08000162   0x08000162   0x00000000   Code   RO          268    .ARM.Collect$$libinit$$00000017  c_w.l(libinit2.o)
    0x08000162   0x08000162   0x00000000   Code   RO          270    .ARM.Collect$$libinit$$00000019  c_w.l(libinit2.o)
    0x08000162   0x08000162   0x00000000   Code   RO          272    .ARM.Collect$$libinit$$0000001B  c_w.l(libinit2.o)
    0x08000162   0x08000162   0x00000000   Code   RO          274    .ARM.Collect$$libinit$$0000001D  c_w.l(libinit2.o)
    0x08000162   0x08000162   0x00000000   Code   RO          276    .ARM.Collect$$libinit$$0000001F  c_w.l(libinit2.o)
    0x08000162   0x08000162   0x00000000   Code   RO          278    .ARM.Collect$$libinit$$00000021  c_w.l(libinit2.o)
    0x08000162   0x08000162   0x00000000   Code   RO          280    .ARM.Collect$$libinit$$00000023  c_w.l(libinit2.o)
    0x08000162   0x08000162   0x00000000   Code   RO          282    .ARM.Collect$$libinit$$00000025  c_w.l(libinit2.o)
    0x08000162   0x08000162   0x00000000   Code   RO          286    .ARM.Collect$$libinit$$0000002C  c_w.l(libinit2.o)
    0x08000162   0x08000162   0x00000000   Code   RO          288    .ARM.Collect$$libinit$$0000002E  c_w.l(libinit2.o)
    0x08000162   0x08000162   0x00000000   Code   RO          290    .ARM.Collect$$libinit$$00000030  c_w.l(libinit2.o)
    0x08000162   0x08000162   0x00000000   Code   RO          292    .ARM.Collect$$libinit$$00000032  c_w.l(libinit2.o)
    0x08000162   0x08000162   0x00000002   Code   RO          293    .ARM.Collect$$libinit$$00000033  c_w.l(libinit2.o)
    0x08000164   0x08000164   0x00000002   Code   RO          315    .ARM.Collect$$libshutdown$$00000000  c_w.l(libshutdown.o)
    0x08000166   0x08000166   0x00000000   Code   RO          330    .ARM.Collect$$libshutdown$$00000002  c_w.l(libshutdown2.o)
    0x08000166   0x08000166   0x00000000   Code   RO          332    .ARM.Collect$$libshutdown$$00000004  c_w.l(libshutdown2.o)
    0x08000166   0x08000166   0x00000000   Code   RO          335    .ARM.Collect$$libshutdown$$00000007  c_w.l(libshutdown2.o)
    0x08000166   0x08000166   0x00000000   Code   RO          338    .ARM.Collect$$libshutdown$$0000000A  c_w.l(libshutdown2.o)
    0x08000166   0x08000166   0x00000000   Code   RO          340    .ARM.Collect$$libshutdown$$0000000C  c_w.l(libshutdown2.o)
    0x08000166   0x08000166   0x00000000   Code   RO          343    .ARM.Collect$$libshutdown$$0000000F  c_w.l(libshutdown2.o)
    0x08000166   0x08000166   0x00000002   Code   RO          344    .ARM.Collect$$libshutdown$$00000010  c_w.l(libshutdown2.o)
    0x08000168   0x08000168   0x00000000   Code   RO          198    .ARM.Collect$$rtentry$$00000000  c_w.l(__rtentry.o)
    0x08000168   0x08000168   0x00000000   Code   RO          218    .ARM.Collect$$rtentry$$00000002  c_w.l(__rtentry2.o)
    0x08000168   0x08000168   0x00000006   Code   RO          230    .ARM.Collect$$rtentry$$00000004  c_w.l(__rtentry4.o)
    0x0800016e   0x0800016e   0x00000000   Code   RO          220    .ARM.Collect$$rtentry$$00000009  c_w.l(__rtentry2.o)
    0x0800016e   0x0800016e   0x00000004   Code   RO          221    .ARM.Collect$$rtentry$$0000000A  c_w.l(__rtentry2.o)
    0x08000172   0x08000172   0x00000000   Code   RO          223    .ARM.Collect$$rtentry$$0000000C  c_w.l(__rtentry2.o)
    0x08000172   0x08000172   0x00000008   Code   RO          224    .ARM.Collect$$rtentry$$0000000D  c_w.l(__rtentry2.o)
    0x0800017a   0x0800017a   0x00000002   Code   RO          247    .ARM.Collect$$rtexit$$00000000  c_w.l(rtexit.o)
    0x0800017c   0x0800017c   0x00000000   Code   RO          295    .ARM.Collect$$rtexit$$00000002  c_w.l(rtexit2.o)
    0x0800017c   0x0800017c   0x00000004   Code   RO          296    .ARM.Collect$$rtexit$$00000003  c_w.l(rtexit2.o)
    0x08000180   0x08000180   0x00000006   Code   RO          297    .ARM.Collect$$rtexit$$00000004  c_w.l(rtexit2.o)
    0x08000186   0x08000186   0x00000002   PAD
    0x08000188   0x08000188   0x00000040   Code   RO          153  * .text               startup_stm32f10x_md.o
    0x080001c8   0x080001c8   0x0000004e   Code   RO          179    .text               c_w.l(rt_memclr_w.o)
    0x08000216   0x08000216   0x00000002   PAD
    0x08000218   0x08000218   0x0000000c   Code   RO          181    .text               c_w.l(localtime.o)
    0x08000224   0x08000224   0x000001a8   Code   RO          184    .text               c_w.l(mktime.o)
    0x080003cc   0x080003cc   0x00000006   Code   RO          186    .text               c_w.l(heapauxi.o)
    0x080003d2   0x080003d2   0x00000002   PAD
    0x080003d4   0x080003d4   0x000000b8   Code   RO          200    .text               c_w.l(localtime_internal.o)
    0x0800048c   0x0800048c   0x0000004a   Code   RO          234    .text               c_w.l(sys_stackheap_outer.o)
    0x080004d6   0x080004d6   0x00000012   Code   RO          236    .text               c_w.l(exit.o)
    0x080004e8   0x080004e8   0x00000008   Code   RO          244    .text               c_w.l(libspace.o)
    0x080004f0   0x080004f0   0x0000000c   Code   RO          305    .text               c_w.l(sys_exit.o)
    0x080004fc   0x080004fc   0x00000002   Code   RO          320    .text               c_w.l(use_no_semi.o)
    0x080004fe   0x080004fe   0x00000000   Code   RO          322    .text               c_w.l(indicate_semi.o)
    0x080004fe   0x080004fe   0x00000002   PAD
    0x08000500   0x08000500   0x00000040   Code   RO            4    .text.ISR           main.o
    0x08000540   0x08000540   0x0000000c   Code   RO          104    .text.LCD_ClearDisplay  lcd_program.o
    0x0800054c   0x0800054c   0x0000008c   Code   RO          100    .text.LCD_Init      lcd_program.o
    0x080005d8   0x080005d8   0x00000020   Code   RO          106    .text.LCD_Peek      lcd_program.o
    0x080005f8   0x080005f8   0x00000030   Code   RO          110    .text.LCD_SetCursorPosition  lcd_program.o
    0x08000628   0x08000628   0x00000070   Code   RO            2    .text.LCD_WRITE_DATE_TIME  main.o
    0x08000698   0x08000698   0x0000005c   Code   RO          108    .text.LCD_WriteChar4Bit  lcd_program.o
    0x080006f4   0x080006f4   0x0000005c   Code   RO          102    .text.LCD_WriteCommand4Bit  lcd_program.o
    0x08000750   0x08000750   0x0000006a   Code   RO          114    .text.LCD_WriteIntegerValue  lcd_program.o
    0x080007ba   0x080007ba   0x00000002   PAD
    0x080007bc   0x080007bc   0x00000024   Code   RO          112    .text.LCD_WriteString  lcd_program.o
    0x080007e0   0x080007e0   0x00000050   Code   RO           70    .text.MGPIO_SetNibbleValue  gpio_program.o
    0x08000830   0x08000830   0x0000010c   Code   RO           60    .text.MGPIO_SetPinMode  gpio_program.o
    0x0800093c   0x0800093c   0x000000c2   Code   RO           62    .text.MGPIO_SetPinValue  gpio_program.o
    0x080009fe   0x080009fe   0x00000002   PAD
    0x08000a00   0x08000a00   0x0000003e   Code   RO           80    .text.MNVIC_EnableInterrupt  nvic_program.o
    0x08000a3e   0x08000a3e   0x00000002   PAD
    0x08000a40   0x08000a40   0x00000054   Code   RO           22    .text.MRCC_EnablePeripheralClock  rcc_program.o
    0x08000a94   0x08000a94   0x00000060   Code   RO           20    .text.MRCC_InitClock  rcc_program.o
    0x08000af4   0x08000af4   0x0000008c   Code   RO           36    .text.MRTC_CalculateDateTime  rtc_program.o
    0x08000b80   0x08000b80   0x00000056   Code   RO           34    .text.MRTC_CalculateSeconds  rtc_program.o
    0x08000bd6   0x08000bd6   0x00000002   PAD
    0x08000bd8   0x08000bd8   0x0000003c   Code   RO           42    .text.MRTC_GetDateAndTime  rtc_program.o
    0x08000c14   0x08000c14   0x000000be   Code   RO           38    .text.MRTC_Init     rtc_program.o
    0x08000cd2   0x08000cd2   0x00000002   PAD
    0x08000cd4   0x08000cd4   0x00000016   Code   RO           44    .text.MRTC_SetSecondIntCallbackFunc  rtc_program.o
    0x08000cea   0x08000cea   0x00000002   PAD
    0x08000cec   0x08000cec   0x0000004c   Code   RO          136    .text.MSTK_uint8Delay  stk_program.o
    0x08000d38   0x08000d38   0x00000022   Code   RO          126    .text.MSTK_uint8Init  stk_program.o
    0x08000d5a   0x08000d5a   0x00000002   PAD
    0x08000d5c   0x08000d5c   0x00000028   Code   RO           46    .text.RTC_IRQHandler  rtc_program.o
    0x08000d84   0x08000d84   0x00000026   Code   RO          124    .text.STK_uint8CalculateReloadValue  stk_program.o
    0x08000daa   0x08000daa   0x00000002   PAD
    0x08000dac   0x08000dac   0x00000008   Code   RO          162    .text.SetSysClock   system_stm32f10x.o
    0x08000db4   0x08000db4   0x000000be   Code   RO          166    .text.SetSysClockTo72  system_stm32f10x.o
    0x08000e72   0x08000e72   0x00000002   PAD
    0x08000e74   0x08000e74   0x00000014   Code   RO          140    .text.SysTick_Handler  stk_program.o
    0x08000e88   0x08000e88   0x00000056   Code   RO          160    .text.SystemInit    system_stm32f10x.o
    0x08000ede   0x08000ede   0x00000002   PAD
    0x08000ee0   0x08000ee0   0x00000056   Code   RO            6    .text.main          main.o
    0x08000f36   0x08000f36   0x00000020   Code   RO          195    i.difftime          m_ws.l(difftime.o)
    0x08000f56   0x08000f56   0x00000002   PAD
    0x08000f58   0x08000f58   0x00000150   Code   RO          202    x$fpl$dadd          fz_ws.l(daddsub_clz.o)
    0x080010a8   0x080010a8   0x0000005a   Code   RO          190    x$fpl$dfixu         fz_ws.l(dfixu.o)
    0x08001102   0x08001102   0x00000026   Code   RO          208    x$fpl$dfltu         fz_ws.l(dflt_clz.o)
    0x08001128   0x08001128   0x0000009c   Code   RO          214    x$fpl$dnaninf       fz_ws.l(dnaninf.o)
    0x080011c4   0x080011c4   0x0000000c   Code   RO          232    x$fpl$dretinf       fz_ws.l(dretinf.o)
    0x080011d0   0x080011d0   0x000001d4   Code   RO          204    x$fpl$dsub          fz_ws.l(daddsub_clz.o)
    0x080013a4   0x080013a4   0x00000000   Code   RO          216    x$fpl$usenofp       fz_ws.l(usenofp.o)
    0x080013a4   0x080013a4   0x0000000c   Data   RO          199    .constdata          c_w.l(_monlen.o)
    0x080013b0   0x080013b0   0x00000020   Data   RO          378    Region$$Table       anon$$obj.o


    Execution Region ER_RW (Exec base: 0x20000000, Load base: 0x080013d0, Size: 0x00000008, Max: 0xffffffff, ABSOLUTE)

    Exec Addr    Load Addr    Size         Type   Attr      Idx    E Section Name        Object

    0x20000000   0x080013d0   0x00000004   Data   RW           48    .data.glbl_SReferenceDate  rtc_program.o
    0x20000004   0x080013d4   0x00000003   Data   RW           49    .data.glbl_SReferenceTime  rtc_program.o


    Execution Region ER_ZI (Exec base: 0x20000008, Load base: 0x080013d8, Size: 0x000006a8, Max: 0xffffffff, ABSOLUTE)

    Exec Addr    Load Addr    Size         Type   Attr      Idx    E Section Name        Object

    0x20000008        -       0x0000002c   Zero   RW          182    .bss                c_w.l(localtime.o)
    0x20000034        -       0x00000060   Zero   RW          245    .bss                c_w.l(libspace.o)
    0x20000094        -       0x00000001   Zero   RW            8    .bss.ISR.Loc_uint8NoOfSeconds  main.o
    0x20000095   0x080013d8   0x00000003   PAD
    0x20000098        -       0x00000004   Zero   RW          142    .bss.STK_PCallbackFunc  stk_program.o
    0x2000009c        -       0x00000004   Zero   RW            9    .bss.date           main.o
    0x200000a0        -       0x00000004   Zero   RW           51    .bss.glbl_PCallbackFunc  rtc_program.o
    0x200000a4        -       0x00000004   Zero   RW           50    .bss.glbl_uint32ReferenceSeconds  rtc_program.o
    0x200000a8        -       0x00000003   Zero   RW           10    .bss.time           main.o
    0x200000ab   0x080013d8   0x00000005   PAD
    0x200000b0        -       0x00000200   Zero   RW          151    HEAP                startup_stm32f10x_md.o
    0x200002b0        -       0x00000400   Zero   RW          150    STACK               startup_stm32f10x_md.o


==============================================================================

Image component sizes


      Code (inc. data)   RO Data    RW Data    ZI Data      Debug   Object Name

       542          0          0          0          0       3926   gpio_program.o
       558          0          0          0          0       3056   lcd_program.o
       262         16          0          0          8       2688   main.o
        62          0          0          0          0       4539   nvic_program.o
       180          0          0          0          0       1424   rcc_program.o
       538          0          0          7          8       4912   rtc_program.o
        64         26        236          0       1536        852   startup_stm32f10x_md.o
       168          0          0          0          4       3000   stk_program.o
       284          0          0          0          0       2842   system_stm32f10x.o

    ----------------------------------------------------------------------
      2678         42        268          8       1564      27239   Object Totals
         0          0         32          0          0          0   (incl. Generated)
        20          0          0          1          8          0   (incl. Padding)

    ----------------------------------------------------------------------

      Code (inc. data)   RO Data    RW Data    ZI Data      Debug   Library Member Name

         8          0          0          0          0         68   __main.o
         0          0          0          0          0          0   __rtentry.o
        12          0          0          0          0          0   __rtentry2.o
         6          0          0          0          0          0   __rtentry4.o
        52          8          0          0          0          0   __scatter.o
        26          0          0          0          0          0   __scatter_copy.o
        28          0          0          0          0          0   __scatter_zi.o
         0          0         12          0          0          0   _monlen.o
        18          0          0          0          0         80   exit.o
         6          0          0          0          0        152   heapauxi.o
         0          0          0          0          0          0   indicate_semi.o
         2          0          0          0          0          0   libinit.o
         2          0          0          0          0          0   libinit2.o
         2          0          0          0          0          0   libshutdown.o
         2          0          0          0          0          0   libshutdown2.o
         8          4          0          0         96         68   libspace.o
        12          6          0          0         44         68   localtime.o
       184          6          0          0          0         80   localtime_internal.o
       424         10          0          0          0        124   mktime.o
        78          0          0          0          0         80   rt_memclr_w.o
         2          0          0          0          0          0   rtexit.o
        10          0          0          0          0          0   rtexit2.o
        12          4          0          0          0         68   sys_exit.o
        74          0          0          0          0         80   sys_stackheap_outer.o
         2          0          0          0          0         68   use_no_semi.o
       804         16          0          0          0        280   daddsub_clz.o
        90          4          0          0          0         92   dfixu.o
        38          0          0          0          0         68   dflt_clz.o
       156          4          0          0          0         92   dnaninf.o
        12          0          0          0          0         68   dretinf.o
         0          0          0          0          0          0   usenofp.o
        32          0          0          0          0         88   difftime.o

    ----------------------------------------------------------------------
      2114         62         12          0        140       1624   Library Totals
        12          0          0          0          0          0   (incl. Padding)

    ----------------------------------------------------------------------

      Code (inc. data)   RO Data    RW Data    ZI Data      Debug   Library Name

       970         38         12          0        140        936   c_w.l
      1100         24          0          0          0        600   fz_ws.l
        32          0          0          0          0         88   m_ws.l

    ----------------------------------------------------------------------
      2114         62         12          0        140       1624   Library Totals

    ----------------------------------------------------------------------

==============================================================================


      Code (inc. data)   RO Data    RW Data    ZI Data      Debug   

      4792        104        280          8       1704      28071   Grand Totals
      4792        104        280          8       1704      28071   ELF Image Totals
      4792        104        280          8          0          0   ROM Totals

==============================================================================

    Total RO  Size (Code + RO Data)                 5072 (   4.95kB)
    Total RW  Size (RW Data + ZI Data)              1712 (   1.67kB)
    Total ROM Size (Code + RO Data + RW Data)       5080 (   4.96kB)

==============================================================================

