Component: ARM Compiler 6.14.1 Tool: armlink [5db06d00]

==============================================================================

Section Cross References

    adc_program.o(.text.MADC_Init) refers to adc_program.o(.rodata.cst8) for ADC
    adc_program.o(.ARM.exidx.text.MADC_Init) refers to adc_program.o(.text.MADC_Init) for [Anonymous Symbol]
    adc_program.o(.text.MADC_StartConversion) refers to adc_program.o(.rodata.cst8) for ADC
    adc_program.o(.ARM.exidx.text.MADC_StartConversion) refers to adc_program.o(.text.MADC_StartConversion) for [Anonymous Symbol]
    adc_program.o(.text.MADC_RxConvertedDataAsynchronous) refers to adc_program.o(.rodata.cst8) for ADC
    adc_program.o(.ARM.exidx.text.MADC_RxConvertedDataAsynchronous) refers to adc_program.o(.text.MADC_RxConvertedDataAsynchronous) for [Anonymous Symbol]
    adc_program.o(.text.MADC_Conversion) refers to adc_program.o(.rodata.cst8) for ADC
    adc_program.o(.ARM.exidx.text.MADC_Conversion) refers to adc_program.o(.text.MADC_Conversion) for [Anonymous Symbol]
    adc_program.o(.text.MADC_SetConversionCompleteCallback) refers to adc_program.o(.bss.glbl_EOCCallbackFunc) for glbl_EOCCallbackFunc
    adc_program.o(.ARM.exidx.text.MADC_SetConversionCompleteCallback) refers to adc_program.o(.text.MADC_SetConversionCompleteCallback) for [Anonymous Symbol]
    adc_program.o(.text.ADC1_2_IRQHandler) refers to adc_program.o(.bss.glbl_EOCCallbackFunc) for glbl_EOCCallbackFunc
    adc_program.o(.ARM.exidx.text.ADC1_2_IRQHandler) refers to adc_program.o(.text.ADC1_2_IRQHandler) for [Anonymous Symbol]
    gpio_program.o(.ARM.exidx.text.MGPIO_SetPinMode) refers to gpio_program.o(.text.MGPIO_SetPinMode) for [Anonymous Symbol]
    gpio_program.o(.ARM.exidx.text.MGPIO_SetPinValue) refers to gpio_program.o(.text.MGPIO_SetPinValue) for [Anonymous Symbol]
    gpio_program.o(.ARM.exidx.text.MGPIO_GetPinValue) refers to gpio_program.o(.text.MGPIO_GetPinValue) for [Anonymous Symbol]
    gpio_program.o(.ARM.exidx.text.MGPIO_TogglePinValue) refers to gpio_program.o(.text.MGPIO_TogglePinValue) for [Anonymous Symbol]
    gpio_program.o(.ARM.exidx.text.MGPIO_ActivatePullUp) refers to gpio_program.o(.text.MGPIO_ActivatePullUp) for [Anonymous Symbol]
    gpio_program.o(.text.MGPIO_SetNibbleValue) refers to gpio_program.o(.text.MGPIO_SetPinValue) for MGPIO_SetPinValue
    gpio_program.o(.ARM.exidx.text.MGPIO_SetNibbleValue) refers to gpio_program.o(.text.MGPIO_SetNibbleValue) for [Anonymous Symbol]
    gptmr_program.o(.ARM.exidx.text.MGPTMR_GetPreloadValue) refers to gptmr_program.o(.text.MGPTMR_GetPreloadValue) for [Anonymous Symbol]
    gptmr_program.o(.text.MGPTMR_Init) refers to gptmr_program.o(.rodata.GPTMR) for GPTMR
    gptmr_program.o(.ARM.exidx.text.MGPTMR_Init) refers to gptmr_program.o(.text.MGPTMR_Init) for [Anonymous Symbol]
    gptmr_program.o(.text.MGPTMR_StartTimer) refers to gptmr_program.o(.rodata.GPTMR) for GPTMR
    gptmr_program.o(.ARM.exidx.text.MGPTMR_StartTimer) refers to gptmr_program.o(.text.MGPTMR_StartTimer) for [Anonymous Symbol]
    gptmr_program.o(.text.MGPTMR_StopTimer) refers to gptmr_program.o(.rodata.GPTMR) for GPTMR
    gptmr_program.o(.ARM.exidx.text.MGPTMR_StopTimer) refers to gptmr_program.o(.text.MGPTMR_StopTimer) for [Anonymous Symbol]
    gptmr_program.o(.text.MGPTMR_SetTimerPeriod) refers to gptmr_program.o(.text.MGPTMR_GetPreloadValue) for MGPTMR_GetPreloadValue
    gptmr_program.o(.text.MGPTMR_SetTimerPeriod) refers to gptmr_program.o(.rodata.GPTMR) for GPTMR
    gptmr_program.o(.ARM.exidx.text.MGPTMR_SetTimerPeriod) refers to gptmr_program.o(.text.MGPTMR_SetTimerPeriod) for [Anonymous Symbol]
    gptmr_program.o(.text.MGPTMR_SetTimerUpdateCallbackFunc) refers to gptmr_program.o(.bss.glbl_PCallbackFunc) for glbl_PCallbackFunc
    gptmr_program.o(.ARM.exidx.text.MGPTMR_SetTimerUpdateCallbackFunc) refers to gptmr_program.o(.text.MGPTMR_SetTimerUpdateCallbackFunc) for [Anonymous Symbol]
    gptmr_program.o(.text.TIM2_IRQHandler) refers to gptmr_program.o(.bss.glbl_PCallbackFunc) for glbl_PCallbackFunc
    gptmr_program.o(.ARM.exidx.text.TIM2_IRQHandler) refers to gptmr_program.o(.text.TIM2_IRQHandler) for [Anonymous Symbol]
    gptmr_program.o(.text.TIM3_IRQHandler) refers to gptmr_program.o(.bss.glbl_PCallbackFunc) for glbl_PCallbackFunc
    gptmr_program.o(.ARM.exidx.text.TIM3_IRQHandler) refers to gptmr_program.o(.text.TIM3_IRQHandler) for [Anonymous Symbol]
    gptmr_program.o(.text.TIM4_IRQHandler) refers to gptmr_program.o(.bss.glbl_PCallbackFunc) for glbl_PCallbackFunc
    gptmr_program.o(.ARM.exidx.text.TIM4_IRQHandler) refers to gptmr_program.o(.text.TIM4_IRQHandler) for [Anonymous Symbol]
    lcd_program.o(.text.LCD_Init) refers to gpio_program.o(.text.MGPIO_SetPinMode) for MGPIO_SetPinMode
    lcd_program.o(.text.LCD_Init) refers to stk_program.o(.text.MSTK_uint8Delay) for MSTK_uint8Delay
    lcd_program.o(.text.LCD_Init) refers to lcd_program.o(.text.LCD_WriteCommand4Bit) for LCD_WriteCommand4Bit
    lcd_program.o(.text.LCD_Init) refers to lcd_program.o(.text.LCD_ClearDisplay) for LCD_ClearDisplay
    lcd_program.o(.ARM.exidx.text.LCD_Init) refers to lcd_program.o(.text.LCD_Init) for [Anonymous Symbol]
    lcd_program.o(.text.LCD_WriteCommand4Bit) refers to gpio_program.o(.text.MGPIO_SetPinValue) for MGPIO_SetPinValue
    lcd_program.o(.text.LCD_WriteCommand4Bit) refers to stk_program.o(.text.MSTK_uint8Delay) for MSTK_uint8Delay
    lcd_program.o(.text.LCD_WriteCommand4Bit) refers to gpio_program.o(.text.MGPIO_SetNibbleValue) for MGPIO_SetNibbleValue
    lcd_program.o(.text.LCD_WriteCommand4Bit) refers to lcd_program.o(.text.LCD_Peek) for LCD_Peek
    lcd_program.o(.ARM.exidx.text.LCD_WriteCommand4Bit) refers to lcd_program.o(.text.LCD_WriteCommand4Bit) for [Anonymous Symbol]
    lcd_program.o(.text.LCD_ClearDisplay) refers to lcd_program.o(.text.LCD_WriteCommand4Bit) for LCD_WriteCommand4Bit
    lcd_program.o(.ARM.exidx.text.LCD_ClearDisplay) refers to lcd_program.o(.text.LCD_ClearDisplay) for [Anonymous Symbol]
    lcd_program.o(.text.LCD_Peek) refers to gpio_program.o(.text.MGPIO_SetPinValue) for MGPIO_SetPinValue
    lcd_program.o(.text.LCD_Peek) refers to stk_program.o(.text.MSTK_uint8Delay) for MSTK_uint8Delay
    lcd_program.o(.ARM.exidx.text.LCD_Peek) refers to lcd_program.o(.text.LCD_Peek) for [Anonymous Symbol]
    lcd_program.o(.text.LCD_WriteChar4Bit) refers to gpio_program.o(.text.MGPIO_SetPinValue) for MGPIO_SetPinValue
    lcd_program.o(.text.LCD_WriteChar4Bit) refers to stk_program.o(.text.MSTK_uint8Delay) for MSTK_uint8Delay
    lcd_program.o(.text.LCD_WriteChar4Bit) refers to gpio_program.o(.text.MGPIO_SetNibbleValue) for MGPIO_SetNibbleValue
    lcd_program.o(.text.LCD_WriteChar4Bit) refers to lcd_program.o(.text.LCD_Peek) for LCD_Peek
    lcd_program.o(.ARM.exidx.text.LCD_WriteChar4Bit) refers to lcd_program.o(.text.LCD_WriteChar4Bit) for [Anonymous Symbol]
    lcd_program.o(.text.LCD_SetCursorPosition) refers to lcd_program.o(.text.LCD_WriteCommand4Bit) for LCD_WriteCommand4Bit
    lcd_program.o(.ARM.exidx.text.LCD_SetCursorPosition) refers to lcd_program.o(.text.LCD_SetCursorPosition) for [Anonymous Symbol]
    lcd_program.o(.text.LCD_WriteString) refers to lcd_program.o(.text.LCD_WriteChar4Bit) for LCD_WriteChar4Bit
    lcd_program.o(.ARM.exidx.text.LCD_WriteString) refers to lcd_program.o(.text.LCD_WriteString) for [Anonymous Symbol]
    lcd_program.o(.text.LCD_WriteIntegerValue) refers to lcd_program.o(.text.LCD_WriteChar4Bit) for LCD_WriteChar4Bit
    lcd_program.o(.ARM.exidx.text.LCD_WriteIntegerValue) refers to lcd_program.o(.text.LCD_WriteIntegerValue) for [Anonymous Symbol]
    main.o(.text.ADC_ISR) refers to adc_program.o(.text.MADC_RxConvertedDataAsynchronous) for MADC_RxConvertedDataAsynchronous
    main.o(.text.ADC_ISR) refers to lcd_program.o(.text.LCD_ClearDisplay) for LCD_ClearDisplay
    main.o(.text.ADC_ISR) refers to lcd_program.o(.text.LCD_WriteString) for LCD_WriteString
    main.o(.text.ADC_ISR) refers to lcd_program.o(.text.LCD_WriteIntegerValue) for LCD_WriteIntegerValue
    main.o(.ARM.exidx.text.ADC_ISR) refers to main.o(.text.ADC_ISR) for [Anonymous Symbol]
    main.o(.text.TIM_ISR) refers to adc_program.o(.text.MADC_StartConversion) for MADC_StartConversion
    main.o(.ARM.exidx.text.TIM_ISR) refers to main.o(.text.TIM_ISR) for [Anonymous Symbol]
    main.o(.text.main) refers to rcc_program.o(.text.MRCC_InitClock) for MRCC_InitClock
    main.o(.text.main) refers to rcc_program.o(.text.MRCC_EnablePeripheralClock) for MRCC_EnablePeripheralClock
    main.o(.text.main) refers to stk_program.o(.text.MSTK_uint8Init) for MSTK_uint8Init
    main.o(.text.main) refers to lcd_program.o(.text.LCD_Init) for LCD_Init
    main.o(.text.main) refers to nvic_program.o(.text.MNVIC_EnableInterrupt) for MNVIC_EnableInterrupt
    main.o(.text.main) refers to scb_program.o(.text.MSCB_SetPriorityGrouping) for MSCB_SetPriorityGrouping
    main.o(.text.main) refers to nvic_program.o(.text.MNVIC_SetInterruptPriority) for MNVIC_SetInterruptPriority
    main.o(.text.main) refers to gptmr_program.o(.text.MGPTMR_Init) for MGPTMR_Init
    main.o(.text.main) refers to gptmr_program.o(.text.MGPTMR_SetTimerPeriod) for MGPTMR_SetTimerPeriod
    main.o(.text.main) refers to main.o(.text.TIM_ISR) for TIM_ISR
    main.o(.text.main) refers to gptmr_program.o(.text.MGPTMR_SetTimerUpdateCallbackFunc) for MGPTMR_SetTimerUpdateCallbackFunc
    main.o(.text.main) refers to main.o(.text.ADC_ISR) for ADC_ISR
    main.o(.text.main) refers to adc_program.o(.text.MADC_SetConversionCompleteCallback) for MADC_SetConversionCompleteCallback
    main.o(.text.main) refers to adc_program.o(.text.MADC_Init) for MADC_Init
    main.o(.text.main) refers to gptmr_program.o(.text.MGPTMR_StartTimer) for MGPTMR_StartTimer
    main.o(.ARM.exidx.text.main) refers to main.o(.text.main) for [Anonymous Symbol]
    nvic_program.o(.ARM.exidx.text.MNVIC_EnableInterrupt) refers to nvic_program.o(.text.MNVIC_EnableInterrupt) for [Anonymous Symbol]
    nvic_program.o(.ARM.exidx.text.MNVIC_DisableInterrupt) refers to nvic_program.o(.text.MNVIC_DisableInterrupt) for [Anonymous Symbol]
    nvic_program.o(.ARM.exidx.text.MNVIC_SetPendingFlag) refers to nvic_program.o(.text.MNVIC_SetPendingFlag) for [Anonymous Symbol]
    nvic_program.o(.ARM.exidx.text.MNVIC_ClearPendingFlag) refers to nvic_program.o(.text.MNVIC_ClearPendingFlag) for [Anonymous Symbol]
    nvic_program.o(.ARM.exidx.text.MNVIC_GetActiveFlag) refers to nvic_program.o(.text.MNVIC_GetActiveFlag) for [Anonymous Symbol]
    nvic_program.o(.ARM.exidx.text.MNVIC_SetInterruptPriority) refers to nvic_program.o(.text.MNVIC_SetInterruptPriority) for [Anonymous Symbol]
    rcc_program.o(.ARM.exidx.text.MRCC_InitClock) refers to rcc_program.o(.text.MRCC_InitClock) for [Anonymous Symbol]
    rcc_program.o(.ARM.exidx.text.MRCC_EnablePeripheralClock) refers to rcc_program.o(.text.MRCC_EnablePeripheralClock) for [Anonymous Symbol]
    rcc_program.o(.ARM.exidx.text.MRCC_DisablePeripheralClock) refers to rcc_program.o(.text.MRCC_DisablePeripheralClock) for [Anonymous Symbol]
    stk_program.o(.ARM.exidx.text.STK_uint8CalculateReloadValue) refers to stk_program.o(.text.STK_uint8CalculateReloadValue) for [Anonymous Symbol]
    stk_program.o(.ARM.exidx.text.MSTK_uint8Init) refers to stk_program.o(.text.MSTK_uint8Init) for [Anonymous Symbol]
    stk_program.o(.text.MSTK_uint8SetTimerDuration) refers to stk_program.o(.text.STK_uint8CalculateReloadValue) for STK_uint8CalculateReloadValue
    stk_program.o(.ARM.exidx.text.MSTK_uint8SetTimerDuration) refers to stk_program.o(.text.MSTK_uint8SetTimerDuration) for [Anonymous Symbol]
    stk_program.o(.ARM.exidx.text.MSTK_uint8StartTimer) refers to stk_program.o(.text.MSTK_uint8StartTimer) for [Anonymous Symbol]
    stk_program.o(.ARM.exidx.text.MSTK_uint8PauseTimer) refers to stk_program.o(.text.MSTK_uint8PauseTimer) for [Anonymous Symbol]
    stk_program.o(.ARM.exidx.text.MSTK_uint8StopTimer) refers to stk_program.o(.text.MSTK_uint8StopTimer) for [Anonymous Symbol]
    stk_program.o(.text.MSTK_uint8Delay) refers to stk_program.o(.text.STK_uint8CalculateReloadValue) for STK_uint8CalculateReloadValue
    stk_program.o(.ARM.exidx.text.MSTK_uint8Delay) refers to stk_program.o(.text.MSTK_uint8Delay) for [Anonymous Symbol]
    stk_program.o(.text.MSTK_uint8SetCallbackFunction) refers to stk_program.o(.bss.STK_PCallbackFunc) for STK_PCallbackFunc
    stk_program.o(.ARM.exidx.text.MSTK_uint8SetCallbackFunction) refers to stk_program.o(.text.MSTK_uint8SetCallbackFunction) for [Anonymous Symbol]
    stk_program.o(.text.SysTick_Handler) refers to stk_program.o(.bss.STK_PCallbackFunc) for STK_PCallbackFunc
    stk_program.o(.ARM.exidx.text.SysTick_Handler) refers to stk_program.o(.text.SysTick_Handler) for [Anonymous Symbol]
    scb_program.o(.ARM.exidx.text.MSCB_SystemReset) refers to scb_program.o(.text.MSCB_SystemReset) for [Anonymous Symbol]
    scb_program.o(.ARM.exidx.text.MSCB_SetPriorityGrouping) refers to scb_program.o(.text.MSCB_SetPriorityGrouping) for [Anonymous Symbol]
    scb_program.o(.ARM.exidx.text.MSCB_SetNMIPendingFlag) refers to scb_program.o(.text.MSCB_SetNMIPendingFlag) for [Anonymous Symbol]
    scb_program.o(.ARM.exidx.text.MSCB_SetSysTickPendingFlag) refers to scb_program.o(.text.MSCB_SetSysTickPendingFlag) for [Anonymous Symbol]
    scb_program.o(.ARM.exidx.text.MSCB_ClearSysTickPendingFlag) refers to scb_program.o(.text.MSCB_ClearSysTickPendingFlag) for [Anonymous Symbol]
    scb_program.o(.ARM.exidx.text.MSCB_SetPendSVPendingFlag) refers to scb_program.o(.text.MSCB_SetPendSVPendingFlag) for [Anonymous Symbol]
    scb_program.o(.ARM.exidx.text.MSCB_ClearPendSVPendingFlag) refers to scb_program.o(.text.MSCB_ClearPendSVPendingFlag) for [Anonymous Symbol]
    scb_program.o(.ARM.exidx.text.MSCB_GetActiveIRQ) refers to scb_program.o(.text.MSCB_GetActiveIRQ) for [Anonymous Symbol]
    scb_program.o(.ARM.exidx.text.MSCB_SetSystemHandlerPriority) refers to scb_program.o(.text.MSCB_SetSystemHandlerPriority) for [Anonymous Symbol]
    scb_program.o(.ARM.exidx.text.MSCB_EnableMemFault) refers to scb_program.o(.text.MSCB_EnableMemFault) for [Anonymous Symbol]
    scb_program.o(.ARM.exidx.text.MSCB_EnableBusFault) refers to scb_program.o(.text.MSCB_EnableBusFault) for [Anonymous Symbol]
    scb_program.o(.ARM.exidx.text.MSCB_EnableUsageFault) refers to scb_program.o(.text.MSCB_EnableUsageFault) for [Anonymous Symbol]
    startup_stm32f10x_md.o(STACK) refers (Special) to heapauxi.o(.text) for __use_two_region_memory
    startup_stm32f10x_md.o(HEAP) refers (Special) to heapauxi.o(.text) for __use_two_region_memory
    startup_stm32f10x_md.o(RESET) refers (Special) to heapauxi.o(.text) for __use_two_region_memory
    startup_stm32f10x_md.o(RESET) refers to startup_stm32f10x_md.o(STACK) for __initial_sp
    startup_stm32f10x_md.o(RESET) refers to startup_stm32f10x_md.o(.text) for Reset_Handler
    startup_stm32f10x_md.o(RESET) refers to stk_program.o(.text.SysTick_Handler) for SysTick_Handler
    startup_stm32f10x_md.o(RESET) refers to adc_program.o(.text.ADC1_2_IRQHandler) for ADC1_2_IRQHandler
    startup_stm32f10x_md.o(RESET) refers to gptmr_program.o(.text.TIM2_IRQHandler) for TIM2_IRQHandler
    startup_stm32f10x_md.o(RESET) refers to gptmr_program.o(.text.TIM3_IRQHandler) for TIM3_IRQHandler
    startup_stm32f10x_md.o(RESET) refers to gptmr_program.o(.text.TIM4_IRQHandler) for TIM4_IRQHandler
    startup_stm32f10x_md.o(.text) refers (Special) to heapauxi.o(.text) for __use_two_region_memory
    startup_stm32f10x_md.o(.text) refers to system_stm32f10x.o(.text.SystemInit) for SystemInit
    startup_stm32f10x_md.o(.text) refers to __main.o(!!!main) for __main
    startup_stm32f10x_md.o(.text) refers to startup_stm32f10x_md.o(HEAP) for Heap_Mem
    startup_stm32f10x_md.o(.text) refers to startup_stm32f10x_md.o(STACK) for Stack_Mem
    system_stm32f10x.o(.text.SystemInit) refers to system_stm32f10x.o(.text.SetSysClock) for SetSysClock
    system_stm32f10x.o(.ARM.exidx.text.SystemInit) refers to system_stm32f10x.o(.text.SystemInit) for [Anonymous Symbol]
    system_stm32f10x.o(.text.SetSysClock) refers to system_stm32f10x.o(.text.SetSysClockTo72) for SetSysClockTo72
    system_stm32f10x.o(.ARM.exidx.text.SetSysClock) refers to system_stm32f10x.o(.text.SetSysClock) for [Anonymous Symbol]
    system_stm32f10x.o(.text.SystemCoreClockUpdate) refers to system_stm32f10x.o(.data.SystemCoreClock) for SystemCoreClock
    system_stm32f10x.o(.text.SystemCoreClockUpdate) refers to system_stm32f10x.o(.rodata.AHBPrescTable) for AHBPrescTable
    system_stm32f10x.o(.ARM.exidx.text.SystemCoreClockUpdate) refers to system_stm32f10x.o(.text.SystemCoreClockUpdate) for [Anonymous Symbol]
    system_stm32f10x.o(.ARM.exidx.text.SetSysClockTo72) refers to system_stm32f10x.o(.text.SetSysClockTo72) for [Anonymous Symbol]
    __main.o(!!!main) refers to __rtentry.o(.ARM.Collect$$rtentry$$00000000) for __rt_entry
    __rtentry.o(.ARM.Collect$$rtentry$$00000000) refers (Special) to __rtentry2.o(.ARM.Collect$$rtentry$$0000000A) for __rt_entry_li
    __rtentry.o(.ARM.Collect$$rtentry$$00000000) refers (Special) to __rtentry2.o(.ARM.Collect$$rtentry$$0000000D) for __rt_entry_main
    __rtentry.o(.ARM.Collect$$rtentry$$00000000) refers (Special) to __rtentry2.o(.ARM.Collect$$rtentry$$0000000C) for __rt_entry_postli_1
    __rtentry.o(.ARM.Collect$$rtentry$$00000000) refers (Special) to __rtentry2.o(.ARM.Collect$$rtentry$$00000009) for __rt_entry_postsh_1
    __rtentry.o(.ARM.Collect$$rtentry$$00000000) refers (Special) to __rtentry2.o(.ARM.Collect$$rtentry$$00000002) for __rt_entry_presh_1
    __rtentry.o(.ARM.Collect$$rtentry$$00000000) refers (Special) to __rtentry4.o(.ARM.Collect$$rtentry$$00000004) for __rt_entry_sh
    __rtentry2.o(.ARM.Collect$$rtentry$$00000008) refers to boardinit2.o(.text) for _platform_post_stackheap_init
    __rtentry2.o(.ARM.Collect$$rtentry$$0000000A) refers to libinit.o(.ARM.Collect$$libinit$$00000000) for __rt_lib_init
    __rtentry2.o(.ARM.Collect$$rtentry$$0000000B) refers to boardinit3.o(.text) for _platform_post_lib_init
    __rtentry2.o(.ARM.Collect$$rtentry$$0000000D) refers to main.o(.text.main) for main
    __rtentry2.o(.ARM.Collect$$rtentry$$0000000D) refers to exit.o(.text) for exit
    __rtentry2.o(.ARM.exidx) refers to __rtentry2.o(.ARM.Collect$$rtentry$$00000001) for .ARM.Collect$$rtentry$$00000001
    __rtentry2.o(.ARM.exidx) refers to __rtentry2.o(.ARM.Collect$$rtentry$$00000008) for .ARM.Collect$$rtentry$$00000008
    __rtentry2.o(.ARM.exidx) refers to __rtentry2.o(.ARM.Collect$$rtentry$$0000000A) for .ARM.Collect$$rtentry$$0000000A
    __rtentry2.o(.ARM.exidx) refers to __rtentry2.o(.ARM.Collect$$rtentry$$0000000B) for .ARM.Collect$$rtentry$$0000000B
    __rtentry2.o(.ARM.exidx) refers to __rtentry2.o(.ARM.Collect$$rtentry$$0000000D) for .ARM.Collect$$rtentry$$0000000D
    __rtentry4.o(.ARM.Collect$$rtentry$$00000004) refers to sys_stackheap_outer.o(.text) for __user_setup_stackheap
    __rtentry4.o(.ARM.exidx) refers to __rtentry4.o(.ARM.Collect$$rtentry$$00000004) for .ARM.Collect$$rtentry$$00000004
    sys_stackheap_outer.o(.text) refers to libspace.o(.text) for __user_perproc_libspace
    sys_stackheap_outer.o(.text) refers to startup_stm32f10x_md.o(.text) for __user_initial_stackheap
    exit.o(.text) refers to rtexit.o(.ARM.Collect$$rtexit$$00000000) for __rt_exit
    libinit.o(.ARM.Collect$$libinit$$00000000) refers (Special) to libinit2.o(.ARM.Collect$$libinit$$0000002E) for __rt_lib_init_alloca_1
    libinit.o(.ARM.Collect$$libinit$$00000000) refers (Special) to libinit2.o(.ARM.Collect$$libinit$$0000002C) for __rt_lib_init_argv_1
    libinit.o(.ARM.Collect$$libinit$$00000000) refers (Special) to libinit2.o(.ARM.Collect$$libinit$$0000001B) for __rt_lib_init_atexit_1
    libinit.o(.ARM.Collect$$libinit$$00000000) refers (Special) to libinit2.o(.ARM.Collect$$libinit$$00000021) for __rt_lib_init_clock_1
    libinit.o(.ARM.Collect$$libinit$$00000000) refers (Special) to libinit2.o(.ARM.Collect$$libinit$$00000032) for __rt_lib_init_cpp_1
    libinit.o(.ARM.Collect$$libinit$$00000000) refers (Special) to libinit2.o(.ARM.Collect$$libinit$$00000030) for __rt_lib_init_exceptions_1
    libinit.o(.ARM.Collect$$libinit$$00000000) refers (Special) to libinit2.o(.ARM.Collect$$libinit$$00000002) for __rt_lib_init_fp_1
    libinit.o(.ARM.Collect$$libinit$$00000000) refers (Special) to libinit2.o(.ARM.Collect$$libinit$$0000001F) for __rt_lib_init_fp_trap_1
    libinit.o(.ARM.Collect$$libinit$$00000000) refers (Special) to libinit2.o(.ARM.Collect$$libinit$$00000023) for __rt_lib_init_getenv_1
    libinit.o(.ARM.Collect$$libinit$$00000000) refers (Special) to libinit2.o(.ARM.Collect$$libinit$$0000000A) for __rt_lib_init_heap_1
    libinit.o(.ARM.Collect$$libinit$$00000000) refers (Special) to libinit2.o(.ARM.Collect$$libinit$$00000011) for __rt_lib_init_lc_collate_1
    libinit.o(.ARM.Collect$$libinit$$00000000) refers (Special) to libinit2.o(.ARM.Collect$$libinit$$00000013) for __rt_lib_init_lc_ctype_1
    libinit.o(.ARM.Collect$$libinit$$00000000) refers (Special) to libinit2.o(.ARM.Collect$$libinit$$00000015) for __rt_lib_init_lc_monetary_1
    libinit.o(.ARM.Collect$$libinit$$00000000) refers (Special) to libinit2.o(.ARM.Collect$$libinit$$00000017) for __rt_lib_init_lc_numeric_1
    libinit.o(.ARM.Collect$$libinit$$00000000) refers (Special) to libinit2.o(.ARM.Collect$$libinit$$00000019) for __rt_lib_init_lc_time_1
    libinit.o(.ARM.Collect$$libinit$$00000000) refers (Special) to libinit2.o(.ARM.Collect$$libinit$$00000004) for __rt_lib_init_preinit_1
    libinit.o(.ARM.Collect$$libinit$$00000000) refers (Special) to libinit2.o(.ARM.Collect$$libinit$$0000000E) for __rt_lib_init_rand_1
    libinit.o(.ARM.Collect$$libinit$$00000000) refers (Special) to libinit2.o(.ARM.Collect$$libinit$$00000033) for __rt_lib_init_return
    libinit.o(.ARM.Collect$$libinit$$00000000) refers (Special) to libinit2.o(.ARM.Collect$$libinit$$0000001D) for __rt_lib_init_signal_1
    libinit.o(.ARM.Collect$$libinit$$00000000) refers (Special) to libinit2.o(.ARM.Collect$$libinit$$00000025) for __rt_lib_init_stdio_1
    libinit.o(.ARM.Collect$$libinit$$00000000) refers (Special) to libinit2.o(.ARM.Collect$$libinit$$0000000C) for __rt_lib_init_user_alloc_1
    libspace.o(.text) refers to libspace.o(.bss) for __libspace_start
    rtexit.o(.ARM.Collect$$rtexit$$00000000) refers (Special) to rtexit2.o(.ARM.Collect$$rtexit$$00000004) for __rt_exit_exit
    rtexit.o(.ARM.Collect$$rtexit$$00000000) refers (Special) to rtexit2.o(.ARM.Collect$$rtexit$$00000003) for __rt_exit_ls
    rtexit.o(.ARM.Collect$$rtexit$$00000000) refers (Special) to rtexit2.o(.ARM.Collect$$rtexit$$00000002) for __rt_exit_prels_1
    rtexit.o(.ARM.exidx) refers (Special) to rtexit2.o(.ARM.Collect$$rtexit$$00000004) for __rt_exit_exit
    rtexit.o(.ARM.exidx) refers (Special) to rtexit2.o(.ARM.Collect$$rtexit$$00000003) for __rt_exit_ls
    rtexit.o(.ARM.exidx) refers (Special) to rtexit2.o(.ARM.Collect$$rtexit$$00000002) for __rt_exit_prels_1
    rtexit.o(.ARM.exidx) refers to rtexit.o(.ARM.Collect$$rtexit$$00000000) for .ARM.Collect$$rtexit$$00000000
    libinit2.o(.ARM.Collect$$libinit$$00000010) refers to libinit2.o(.ARM.Collect$$libinit$$0000000F) for .ARM.Collect$$libinit$$0000000F
    libinit2.o(.ARM.Collect$$libinit$$00000012) refers to libinit2.o(.ARM.Collect$$libinit$$0000000F) for .ARM.Collect$$libinit$$0000000F
    libinit2.o(.ARM.Collect$$libinit$$00000014) refers to libinit2.o(.ARM.Collect$$libinit$$0000000F) for .ARM.Collect$$libinit$$0000000F
    libinit2.o(.ARM.Collect$$libinit$$00000016) refers to libinit2.o(.ARM.Collect$$libinit$$0000000F) for .ARM.Collect$$libinit$$0000000F
    libinit2.o(.ARM.Collect$$libinit$$00000018) refers to libinit2.o(.ARM.Collect$$libinit$$0000000F) for .ARM.Collect$$libinit$$0000000F
    libinit2.o(.ARM.Collect$$libinit$$00000026) refers to argv_veneer.o(.emb_text) for __ARM_argv_veneer
    libinit2.o(.ARM.Collect$$libinit$$00000027) refers to argv_veneer.o(.emb_text) for __ARM_argv_veneer
    rtexit2.o(.ARM.Collect$$rtexit$$00000003) refers to libshutdown.o(.ARM.Collect$$libshutdown$$00000000) for __rt_lib_shutdown
    rtexit2.o(.ARM.Collect$$rtexit$$00000004) refers to sys_exit.o(.text) for _sys_exit
    rtexit2.o(.ARM.exidx) refers to rtexit2.o(.ARM.Collect$$rtexit$$00000001) for .ARM.Collect$$rtexit$$00000001
    rtexit2.o(.ARM.exidx) refers to rtexit2.o(.ARM.Collect$$rtexit$$00000003) for .ARM.Collect$$rtexit$$00000003
    rtexit2.o(.ARM.exidx) refers to rtexit2.o(.ARM.Collect$$rtexit$$00000004) for .ARM.Collect$$rtexit$$00000004
    argv_veneer.o(.emb_text) refers to no_argv.o(.text) for __ARM_get_argv
    sys_exit.o(.text) refers (Special) to use_no_semi.o(.text) for __I$use$semihosting
    sys_exit.o(.text) refers (Special) to indicate_semi.o(.text) for __semihosting_library_function
    sys_exit_hlt.o(.text) refers (Special) to use_no_semi.o(.text) for __I$use$semihosting
    sys_exit_hlt.o(.text) refers (Special) to indicate_semi.o(.text) for __semihosting_library_function
    _get_argv_nomalloc.o(.text) refers (Special) to hrguard.o(.text) for __heap_region$guard
    _get_argv_nomalloc.o(.text) refers to defsig_rtmem_outer.o(.text) for __rt_SIGRTMEM
    _get_argv_nomalloc.o(.text) refers to sys_command.o(.text) for _sys_command_string
    libshutdown.o(.ARM.Collect$$libshutdown$$00000000) refers (Special) to libshutdown2.o(.ARM.Collect$$libshutdown$$00000002) for __rt_lib_shutdown_cpp_1
    libshutdown.o(.ARM.Collect$$libshutdown$$00000000) refers (Special) to libshutdown2.o(.ARM.Collect$$libshutdown$$00000007) for __rt_lib_shutdown_fp_trap_1
    libshutdown.o(.ARM.Collect$$libshutdown$$00000000) refers (Special) to libshutdown2.o(.ARM.Collect$$libshutdown$$0000000F) for __rt_lib_shutdown_heap_1
    libshutdown.o(.ARM.Collect$$libshutdown$$00000000) refers (Special) to libshutdown2.o(.ARM.Collect$$libshutdown$$00000010) for __rt_lib_shutdown_return
    libshutdown.o(.ARM.Collect$$libshutdown$$00000000) refers (Special) to libshutdown2.o(.ARM.Collect$$libshutdown$$0000000A) for __rt_lib_shutdown_signal_1
    libshutdown.o(.ARM.Collect$$libshutdown$$00000000) refers (Special) to libshutdown2.o(.ARM.Collect$$libshutdown$$00000004) for __rt_lib_shutdown_stdio_1
    libshutdown.o(.ARM.Collect$$libshutdown$$00000000) refers (Special) to libshutdown2.o(.ARM.Collect$$libshutdown$$0000000C) for __rt_lib_shutdown_user_alloc_1
    sys_command.o(.text) refers (Special) to use_no_semi.o(.text) for __I$use$semihosting
    sys_command.o(.text) refers (Special) to indicate_semi.o(.text) for __semihosting_library_function
    sys_command_hlt.o(.text) refers (Special) to use_no_semi.o(.text) for __I$use$semihosting
    sys_command_hlt.o(.text) refers (Special) to indicate_semi.o(.text) for __semihosting_library_function
    defsig_rtmem_outer.o(.text) refers to defsig_rtmem_inner.o(.text) for __rt_SIGRTMEM_inner
    defsig_rtmem_outer.o(.text) refers to defsig_exit.o(.text) for __sig_exit
    defsig_rtmem_formal.o(.text) refers to rt_raise.o(.text) for __rt_raise
    rt_raise.o(.text) refers to __raise.o(.text) for __raise
    rt_raise.o(.text) refers to sys_exit.o(.text) for _sys_exit
    defsig_exit.o(.text) refers to sys_exit.o(.text) for _sys_exit
    defsig_rtmem_inner.o(.text) refers to defsig_general.o(.text) for __default_signal_display
    __raise.o(.text) refers to defsig.o(CL$$defsig) for __default_signal_handler
    defsig_general.o(.text) refers to sys_wrch.o(.text) for _ttywrch
    sys_wrch.o(.text) refers (Special) to use_no_semi.o(.text) for __I$use$semihosting
    sys_wrch.o(.text) refers (Special) to indicate_semi.o(.text) for __semihosting_library_function
    sys_wrch_hlt.o(.text) refers (Special) to use_no_semi.o(.text) for __I$use$semihosting
    sys_wrch_hlt.o(.text) refers (Special) to indicate_semi.o(.text) for __semihosting_library_function
    defsig.o(CL$$defsig) refers to defsig_rtmem_inner.o(.text) for __rt_SIGRTMEM_inner
    defsig_abrt_inner.o(.text) refers to defsig_general.o(.text) for __default_signal_display
    defsig_fpe_inner.o(.text) refers to defsig_general.o(.text) for __default_signal_display
    defsig_rtred_inner.o(.text) refers to defsig_general.o(.text) for __default_signal_display
    defsig_stak_inner.o(.text) refers to defsig_general.o(.text) for __default_signal_display
    defsig_pvfn_inner.o(.text) refers to defsig_general.o(.text) for __default_signal_display
    defsig_cppl_inner.o(.text) refers to defsig_general.o(.text) for __default_signal_display
    defsig_segv_inner.o(.text) refers to defsig_general.o(.text) for __default_signal_display
    defsig_other.o(.text) refers to defsig_general.o(.text) for __default_signal_display


==============================================================================

Removing Unused input sections from the image.

    Removing adc_program.o(.text), (0 bytes).
    Removing adc_program.o(.ARM.exidx.text.MADC_Init), (8 bytes).
    Removing adc_program.o(.ARM.exidx.text.MADC_StartConversion), (8 bytes).
    Removing adc_program.o(.ARM.exidx.text.MADC_RxConvertedDataAsynchronous), (8 bytes).
    Removing adc_program.o(.text.MADC_Conversion), (62 bytes).
    Removing adc_program.o(.ARM.exidx.text.MADC_Conversion), (8 bytes).
    Removing adc_program.o(.ARM.exidx.text.MADC_SetConversionCompleteCallback), (8 bytes).
    Removing adc_program.o(.ARM.exidx.text.ADC1_2_IRQHandler), (8 bytes).
    Removing gpio_program.o(.text), (0 bytes).
    Removing gpio_program.o(.ARM.exidx.text.MGPIO_SetPinMode), (8 bytes).
    Removing gpio_program.o(.ARM.exidx.text.MGPIO_SetPinValue), (8 bytes).
    Removing gpio_program.o(.text.MGPIO_GetPinValue), (94 bytes).
    Removing gpio_program.o(.ARM.exidx.text.MGPIO_GetPinValue), (8 bytes).
    Removing gpio_program.o(.text.MGPIO_TogglePinValue), (104 bytes).
    Removing gpio_program.o(.ARM.exidx.text.MGPIO_TogglePinValue), (8 bytes).
    Removing gpio_program.o(.text.MGPIO_ActivatePullUp), (104 bytes).
    Removing gpio_program.o(.ARM.exidx.text.MGPIO_ActivatePullUp), (8 bytes).
    Removing gpio_program.o(.ARM.exidx.text.MGPIO_SetNibbleValue), (8 bytes).
    Removing gptmr_program.o(.text), (0 bytes).
    Removing gptmr_program.o(.ARM.exidx.text.MGPTMR_GetPreloadValue), (8 bytes).
    Removing gptmr_program.o(.ARM.exidx.text.MGPTMR_Init), (8 bytes).
    Removing gptmr_program.o(.ARM.exidx.text.MGPTMR_StartTimer), (8 bytes).
    Removing gptmr_program.o(.text.MGPTMR_StopTimer), (24 bytes).
    Removing gptmr_program.o(.ARM.exidx.text.MGPTMR_StopTimer), (8 bytes).
    Removing gptmr_program.o(.ARM.exidx.text.MGPTMR_SetTimerPeriod), (8 bytes).
    Removing gptmr_program.o(.ARM.exidx.text.MGPTMR_SetTimerUpdateCallbackFunc), (8 bytes).
    Removing gptmr_program.o(.ARM.exidx.text.TIM2_IRQHandler), (8 bytes).
    Removing gptmr_program.o(.ARM.exidx.text.TIM3_IRQHandler), (8 bytes).
    Removing gptmr_program.o(.ARM.exidx.text.TIM4_IRQHandler), (8 bytes).
    Removing lcd_program.o(.text), (0 bytes).
    Removing lcd_program.o(.ARM.exidx.text.LCD_Init), (8 bytes).
    Removing lcd_program.o(.ARM.exidx.text.LCD_WriteCommand4Bit), (8 bytes).
    Removing lcd_program.o(.ARM.exidx.text.LCD_ClearDisplay), (8 bytes).
    Removing lcd_program.o(.ARM.exidx.text.LCD_Peek), (8 bytes).
    Removing lcd_program.o(.ARM.exidx.text.LCD_WriteChar4Bit), (8 bytes).
    Removing lcd_program.o(.text.LCD_SetCursorPosition), (48 bytes).
    Removing lcd_program.o(.ARM.exidx.text.LCD_SetCursorPosition), (8 bytes).
    Removing lcd_program.o(.ARM.exidx.text.LCD_WriteString), (8 bytes).
    Removing lcd_program.o(.ARM.exidx.text.LCD_WriteIntegerValue), (8 bytes).
    Removing main.o(.text), (0 bytes).
    Removing main.o(.ARM.exidx.text.ADC_ISR), (8 bytes).
    Removing main.o(.ARM.exidx.text.TIM_ISR), (8 bytes).
    Removing main.o(.ARM.exidx.text.main), (8 bytes).
    Removing main.o(.ARM.use_no_argv), (4 bytes).
    Removing nvic_program.o(.text), (0 bytes).
    Removing nvic_program.o(.ARM.exidx.text.MNVIC_EnableInterrupt), (8 bytes).
    Removing nvic_program.o(.text.MNVIC_DisableInterrupt), (62 bytes).
    Removing nvic_program.o(.ARM.exidx.text.MNVIC_DisableInterrupt), (8 bytes).
    Removing nvic_program.o(.text.MNVIC_SetPendingFlag), (62 bytes).
    Removing nvic_program.o(.ARM.exidx.text.MNVIC_SetPendingFlag), (8 bytes).
    Removing nvic_program.o(.text.MNVIC_ClearPendingFlag), (62 bytes).
    Removing nvic_program.o(.ARM.exidx.text.MNVIC_ClearPendingFlag), (8 bytes).
    Removing nvic_program.o(.text.MNVIC_GetActiveFlag), (54 bytes).
    Removing nvic_program.o(.ARM.exidx.text.MNVIC_GetActiveFlag), (8 bytes).
    Removing nvic_program.o(.ARM.exidx.text.MNVIC_SetInterruptPriority), (8 bytes).
    Removing rcc_program.o(.text), (0 bytes).
    Removing rcc_program.o(.ARM.exidx.text.MRCC_InitClock), (8 bytes).
    Removing rcc_program.o(.ARM.exidx.text.MRCC_EnablePeripheralClock), (8 bytes).
    Removing rcc_program.o(.text.MRCC_DisablePeripheralClock), (90 bytes).
    Removing rcc_program.o(.ARM.exidx.text.MRCC_DisablePeripheralClock), (8 bytes).
    Removing stk_program.o(.text), (0 bytes).
    Removing stk_program.o(.ARM.exidx.text.STK_uint8CalculateReloadValue), (8 bytes).
    Removing stk_program.o(.ARM.exidx.text.MSTK_uint8Init), (8 bytes).
    Removing stk_program.o(.text.MSTK_uint8SetTimerDuration), (40 bytes).
    Removing stk_program.o(.ARM.exidx.text.MSTK_uint8SetTimerDuration), (8 bytes).
    Removing stk_program.o(.text.MSTK_uint8StartTimer), (20 bytes).
    Removing stk_program.o(.ARM.exidx.text.MSTK_uint8StartTimer), (8 bytes).
    Removing stk_program.o(.text.MSTK_uint8PauseTimer), (20 bytes).
    Removing stk_program.o(.ARM.exidx.text.MSTK_uint8PauseTimer), (8 bytes).
    Removing stk_program.o(.text.MSTK_uint8StopTimer), (24 bytes).
    Removing stk_program.o(.ARM.exidx.text.MSTK_uint8StopTimer), (8 bytes).
    Removing stk_program.o(.ARM.exidx.text.MSTK_uint8Delay), (8 bytes).
    Removing stk_program.o(.text.MSTK_uint8SetCallbackFunction), (22 bytes).
    Removing stk_program.o(.ARM.exidx.text.MSTK_uint8SetCallbackFunction), (8 bytes).
    Removing stk_program.o(.ARM.exidx.text.SysTick_Handler), (8 bytes).
    Removing scb_program.o(.text), (0 bytes).
    Removing scb_program.o(.text.MSCB_SystemReset), (18 bytes).
    Removing scb_program.o(.ARM.exidx.text.MSCB_SystemReset), (8 bytes).
    Removing scb_program.o(.ARM.exidx.text.MSCB_SetPriorityGrouping), (8 bytes).
    Removing scb_program.o(.text.MSCB_SetNMIPendingFlag), (20 bytes).
    Removing scb_program.o(.ARM.exidx.text.MSCB_SetNMIPendingFlag), (8 bytes).
    Removing scb_program.o(.text.MSCB_SetSysTickPendingFlag), (20 bytes).
    Removing scb_program.o(.ARM.exidx.text.MSCB_SetSysTickPendingFlag), (8 bytes).
    Removing scb_program.o(.text.MSCB_ClearSysTickPendingFlag), (20 bytes).
    Removing scb_program.o(.ARM.exidx.text.MSCB_ClearSysTickPendingFlag), (8 bytes).
    Removing scb_program.o(.text.MSCB_SetPendSVPendingFlag), (20 bytes).
    Removing scb_program.o(.ARM.exidx.text.MSCB_SetPendSVPendingFlag), (8 bytes).
    Removing scb_program.o(.text.MSCB_ClearPendSVPendingFlag), (20 bytes).
    Removing scb_program.o(.ARM.exidx.text.MSCB_ClearPendSVPendingFlag), (8 bytes).
    Removing scb_program.o(.text.MSCB_GetActiveIRQ), (26 bytes).
    Removing scb_program.o(.ARM.exidx.text.MSCB_GetActiveIRQ), (8 bytes).
    Removing scb_program.o(.text.MSCB_SetSystemHandlerPriority), (52 bytes).
    Removing scb_program.o(.ARM.exidx.text.MSCB_SetSystemHandlerPriority), (8 bytes).
    Removing scb_program.o(.text.MSCB_EnableMemFault), (20 bytes).
    Removing scb_program.o(.ARM.exidx.text.MSCB_EnableMemFault), (8 bytes).
    Removing scb_program.o(.text.MSCB_EnableBusFault), (20 bytes).
    Removing scb_program.o(.ARM.exidx.text.MSCB_EnableBusFault), (8 bytes).
    Removing scb_program.o(.text.MSCB_EnableUsageFault), (20 bytes).
    Removing scb_program.o(.ARM.exidx.text.MSCB_EnableUsageFault), (8 bytes).
    Removing system_stm32f10x.o(.text), (0 bytes).
    Removing system_stm32f10x.o(.ARM.exidx.text.SystemInit), (8 bytes).
    Removing system_stm32f10x.o(.ARM.exidx.text.SetSysClock), (8 bytes).
    Removing system_stm32f10x.o(.text.SystemCoreClockUpdate), (110 bytes).
    Removing system_stm32f10x.o(.ARM.exidx.text.SystemCoreClockUpdate), (8 bytes).
    Removing system_stm32f10x.o(.ARM.exidx.text.SetSysClockTo72), (8 bytes).
    Removing system_stm32f10x.o(.data.SystemCoreClock), (4 bytes).
    Removing system_stm32f10x.o(.rodata.AHBPrescTable), (16 bytes).

107 unused section(s) (total 1810 bytes) removed from the image.

==============================================================================

Image Symbol Table

    Local Symbols

    Symbol Name                              Value     Ov Type        Size  Object(Section)

    ../clib/angel/boardlib.s                 0x00000000   Number         0  boardinit1.o ABSOLUTE
    ../clib/angel/boardlib.s                 0x00000000   Number         0  boardinit2.o ABSOLUTE
    ../clib/angel/boardlib.s                 0x00000000   Number         0  boardinit3.o ABSOLUTE
    ../clib/angel/boardlib.s                 0x00000000   Number         0  boardshut.o ABSOLUTE
    ../clib/angel/handlers.s                 0x00000000   Number         0  __scatter_zi.o ABSOLUTE
    ../clib/angel/kernel.s                   0x00000000   Number         0  __rtentry.o ABSOLUTE
    ../clib/angel/kernel.s                   0x00000000   Number         0  __rtentry2.o ABSOLUTE
    ../clib/angel/kernel.s                   0x00000000   Number         0  __rtentry4.o ABSOLUTE
    ../clib/angel/kernel.s                   0x00000000   Number         0  rtexit.o ABSOLUTE
    ../clib/angel/kernel.s                   0x00000000   Number         0  rtexit2.o ABSOLUTE
    ../clib/angel/rt.s                       0x00000000   Number         0  rt_raise.o ABSOLUTE
    ../clib/angel/scatter.s                  0x00000000   Number         0  __scatter.o ABSOLUTE
    ../clib/angel/startup.s                  0x00000000   Number         0  __main.o ABSOLUTE
    ../clib/angel/sys.s                      0x00000000   Number         0  sys_stackheap_outer.o ABSOLUTE
    ../clib/angel/sys.s                      0x00000000   Number         0  libspace.o ABSOLUTE
    ../clib/angel/sys.s                      0x00000000   Number         0  use_no_semi.o ABSOLUTE
    ../clib/angel/sys.s                      0x00000000   Number         0  indicate_semi.o ABSOLUTE
    ../clib/angel/sysapp.c                   0x00000000   Number         0  sys_exit.o ABSOLUTE
    ../clib/angel/sysapp.c                   0x00000000   Number         0  sys_exit_hlt.o ABSOLUTE
    ../clib/angel/sysapp.c                   0x00000000   Number         0  sys_command.o ABSOLUTE
    ../clib/angel/sysapp.c                   0x00000000   Number         0  sys_command_hlt.o ABSOLUTE
    ../clib/angel/sysapp.c                   0x00000000   Number         0  sys_wrch.o ABSOLUTE
    ../clib/angel/sysapp.c                   0x00000000   Number         0  sys_wrch_hlt.o ABSOLUTE
    ../clib/armsys.c                         0x00000000   Number         0  argv_veneer.o ABSOLUTE
    ../clib/armsys.c                         0x00000000   Number         0  argv_veneer.o ABSOLUTE
    ../clib/armsys.c                         0x00000000   Number         0  _get_argv_nomalloc.o ABSOLUTE
    ../clib/armsys.c                         0x00000000   Number         0  no_argv.o ABSOLUTE
    ../clib/heapalloc.c                      0x00000000   Number         0  hrguard.o ABSOLUTE
    ../clib/heapaux.c                        0x00000000   Number         0  heapauxi.o ABSOLUTE
    ../clib/libinit.s                        0x00000000   Number         0  libinit.o ABSOLUTE
    ../clib/libinit.s                        0x00000000   Number         0  libinit2.o ABSOLUTE
    ../clib/libinit.s                        0x00000000   Number         0  libshutdown.o ABSOLUTE
    ../clib/libinit.s                        0x00000000   Number         0  libshutdown2.o ABSOLUTE
    ../clib/signal.c                         0x00000000   Number         0  defsig_rtmem_outer.o ABSOLUTE
    ../clib/signal.c                         0x00000000   Number         0  defsig_rtmem_formal.o ABSOLUTE
    ../clib/signal.c                         0x00000000   Number         0  defsig_exit.o ABSOLUTE
    ../clib/signal.c                         0x00000000   Number         0  defsig_rtmem_inner.o ABSOLUTE
    ../clib/signal.c                         0x00000000   Number         0  __raise.o ABSOLUTE
    ../clib/signal.c                         0x00000000   Number         0  defsig_general.o ABSOLUTE
    ../clib/signal.c                         0x00000000   Number         0  defsig_abrt_inner.o ABSOLUTE
    ../clib/signal.c                         0x00000000   Number         0  defsig_fpe_inner.o ABSOLUTE
    ../clib/signal.c                         0x00000000   Number         0  defsig_rtred_inner.o ABSOLUTE
    ../clib/signal.c                         0x00000000   Number         0  defsig_stak_inner.o ABSOLUTE
    ../clib/signal.c                         0x00000000   Number         0  defsig_pvfn_inner.o ABSOLUTE
    ../clib/signal.c                         0x00000000   Number         0  defsig_cppl_inner.o ABSOLUTE
    ../clib/signal.c                         0x00000000   Number         0  defsig_segv_inner.o ABSOLUTE
    ../clib/signal.c                         0x00000000   Number         0  defsig_other.o ABSOLUTE
    ../clib/signal.s                         0x00000000   Number         0  defsig.o ABSOLUTE
    ../clib/stdlib.c                         0x00000000   Number         0  exit.o ABSOLUTE
    ../fplib/fpinit.s                        0x00000000   Number         0  fpinit.o ABSOLUTE
    ../fplib/fpinit_empty.s                  0x00000000   Number         0  fpinit_empty.o ABSOLUTE
    ADC_Program.c                            0x00000000   Number         0  adc_program.o ABSOLUTE
    GPIO_Program.c                           0x00000000   Number         0  gpio_program.o ABSOLUTE
    GPTMR_Program.c                          0x00000000   Number         0  gptmr_program.o ABSOLUTE
    LCD_Program.c                            0x00000000   Number         0  lcd_program.o ABSOLUTE
    NVIC_Program.c                           0x00000000   Number         0  nvic_program.o ABSOLUTE
    RCC_Program.c                            0x00000000   Number         0  rcc_program.o ABSOLUTE
    RTE/Device/STM32F103C8/startup_stm32f10x_md.s 0x00000000   Number         0  startup_stm32f10x_md.o ABSOLUTE
    SCB_Program.c                            0x00000000   Number         0  scb_program.o ABSOLUTE
    STK_Program.c                            0x00000000   Number         0  stk_program.o ABSOLUTE
    dc.s                                     0x00000000   Number         0  dc.o ABSOLUTE
    main.c                                   0x00000000   Number         0  main.o ABSOLUTE
    system_stm32f10x.c                       0x00000000   Number         0  system_stm32f10x.o ABSOLUTE
    RESET                                    0x08000000   Section      236  startup_stm32f10x_md.o(RESET)
    !!!main                                  0x080000ec   Section        8  __main.o(!!!main)
    !!!scatter                               0x080000f4   Section       52  __scatter.o(!!!scatter)
    !!handler_zi                             0x08000128   Section       28  __scatter_zi.o(!!handler_zi)
    .ARM.Collect$$libinit$$00000000          0x08000144   Section        2  libinit.o(.ARM.Collect$$libinit$$00000000)
    .ARM.Collect$$libinit$$00000002          0x08000146   Section        0  libinit2.o(.ARM.Collect$$libinit$$00000002)
    .ARM.Collect$$libinit$$00000004          0x08000146   Section        0  libinit2.o(.ARM.Collect$$libinit$$00000004)
    .ARM.Collect$$libinit$$0000000A          0x08000146   Section        0  libinit2.o(.ARM.Collect$$libinit$$0000000A)
    .ARM.Collect$$libinit$$0000000C          0x08000146   Section        0  libinit2.o(.ARM.Collect$$libinit$$0000000C)
    .ARM.Collect$$libinit$$0000000E          0x08000146   Section        0  libinit2.o(.ARM.Collect$$libinit$$0000000E)
    .ARM.Collect$$libinit$$00000011          0x08000146   Section        0  libinit2.o(.ARM.Collect$$libinit$$00000011)
    .ARM.Collect$$libinit$$00000013          0x08000146   Section        0  libinit2.o(.ARM.Collect$$libinit$$00000013)
    .ARM.Collect$$libinit$$00000015          0x08000146   Section        0  libinit2.o(.ARM.Collect$$libinit$$00000015)
    .ARM.Collect$$libinit$$00000017          0x08000146   Section        0  libinit2.o(.ARM.Collect$$libinit$$00000017)
    .ARM.Collect$$libinit$$00000019          0x08000146   Section        0  libinit2.o(.ARM.Collect$$libinit$$00000019)
    .ARM.Collect$$libinit$$0000001B          0x08000146   Section        0  libinit2.o(.ARM.Collect$$libinit$$0000001B)
    .ARM.Collect$$libinit$$0000001D          0x08000146   Section        0  libinit2.o(.ARM.Collect$$libinit$$0000001D)
    .ARM.Collect$$libinit$$0000001F          0x08000146   Section        0  libinit2.o(.ARM.Collect$$libinit$$0000001F)
    .ARM.Collect$$libinit$$00000021          0x08000146   Section        0  libinit2.o(.ARM.Collect$$libinit$$00000021)
    .ARM.Collect$$libinit$$00000023          0x08000146   Section        0  libinit2.o(.ARM.Collect$$libinit$$00000023)
    .ARM.Collect$$libinit$$00000025          0x08000146   Section        0  libinit2.o(.ARM.Collect$$libinit$$00000025)
    .ARM.Collect$$libinit$$0000002C          0x08000146   Section        0  libinit2.o(.ARM.Collect$$libinit$$0000002C)
    .ARM.Collect$$libinit$$0000002E          0x08000146   Section        0  libinit2.o(.ARM.Collect$$libinit$$0000002E)
    .ARM.Collect$$libinit$$00000030          0x08000146   Section        0  libinit2.o(.ARM.Collect$$libinit$$00000030)
    .ARM.Collect$$libinit$$00000032          0x08000146   Section        0  libinit2.o(.ARM.Collect$$libinit$$00000032)
    .ARM.Collect$$libinit$$00000033          0x08000146   Section        2  libinit2.o(.ARM.Collect$$libinit$$00000033)
    .ARM.Collect$$libshutdown$$00000000      0x08000148   Section        2  libshutdown.o(.ARM.Collect$$libshutdown$$00000000)
    .ARM.Collect$$libshutdown$$00000002      0x0800014a   Section        0  libshutdown2.o(.ARM.Collect$$libshutdown$$00000002)
    .ARM.Collect$$libshutdown$$00000004      0x0800014a   Section        0  libshutdown2.o(.ARM.Collect$$libshutdown$$00000004)
    .ARM.Collect$$libshutdown$$00000007      0x0800014a   Section        0  libshutdown2.o(.ARM.Collect$$libshutdown$$00000007)
    .ARM.Collect$$libshutdown$$0000000A      0x0800014a   Section        0  libshutdown2.o(.ARM.Collect$$libshutdown$$0000000A)
    .ARM.Collect$$libshutdown$$0000000C      0x0800014a   Section        0  libshutdown2.o(.ARM.Collect$$libshutdown$$0000000C)
    .ARM.Collect$$libshutdown$$0000000F      0x0800014a   Section        0  libshutdown2.o(.ARM.Collect$$libshutdown$$0000000F)
    .ARM.Collect$$libshutdown$$00000010      0x0800014a   Section        2  libshutdown2.o(.ARM.Collect$$libshutdown$$00000010)
    .ARM.Collect$$rtentry$$00000000          0x0800014c   Section        0  __rtentry.o(.ARM.Collect$$rtentry$$00000000)
    .ARM.Collect$$rtentry$$00000002          0x0800014c   Section        0  __rtentry2.o(.ARM.Collect$$rtentry$$00000002)
    .ARM.Collect$$rtentry$$00000004          0x0800014c   Section        6  __rtentry4.o(.ARM.Collect$$rtentry$$00000004)
    .ARM.Collect$$rtentry$$00000009          0x08000152   Section        0  __rtentry2.o(.ARM.Collect$$rtentry$$00000009)
    .ARM.Collect$$rtentry$$0000000A          0x08000152   Section        4  __rtentry2.o(.ARM.Collect$$rtentry$$0000000A)
    .ARM.Collect$$rtentry$$0000000C          0x08000156   Section        0  __rtentry2.o(.ARM.Collect$$rtentry$$0000000C)
    .ARM.Collect$$rtentry$$0000000D          0x08000156   Section        8  __rtentry2.o(.ARM.Collect$$rtentry$$0000000D)
    .ARM.Collect$$rtexit$$00000000           0x0800015e   Section        2  rtexit.o(.ARM.Collect$$rtexit$$00000000)
    .ARM.Collect$$rtexit$$00000002           0x08000160   Section        0  rtexit2.o(.ARM.Collect$$rtexit$$00000002)
    .ARM.Collect$$rtexit$$00000003           0x08000160   Section        4  rtexit2.o(.ARM.Collect$$rtexit$$00000003)
    .ARM.Collect$$rtexit$$00000004           0x08000164   Section        6  rtexit2.o(.ARM.Collect$$rtexit$$00000004)
    .text                                    0x0800016c   Section       64  startup_stm32f10x_md.o(.text)
    .text                                    0x080001ac   Section        0  heapauxi.o(.text)
    .text                                    0x080001b2   Section       74  sys_stackheap_outer.o(.text)
    .text                                    0x080001fc   Section        0  exit.o(.text)
    .text                                    0x08000210   Section        8  libspace.o(.text)
    .text                                    0x08000218   Section        0  sys_exit.o(.text)
    .text                                    0x08000224   Section        2  use_no_semi.o(.text)
    .text                                    0x08000226   Section        0  indicate_semi.o(.text)
    [Anonymous Symbol]                       0x08000228   Section        0  adc_program.o(.text.ADC1_2_IRQHandler)
    [Anonymous Symbol]                       0x0800026c   Section        0  main.o(.text.ADC_ISR)
    [Anonymous Symbol]                       0x080002a4   Section        0  lcd_program.o(.text.LCD_ClearDisplay)
    [Anonymous Symbol]                       0x080002b0   Section        0  lcd_program.o(.text.LCD_Init)
    [Anonymous Symbol]                       0x0800033c   Section        0  lcd_program.o(.text.LCD_Peek)
    [Anonymous Symbol]                       0x0800035c   Section        0  lcd_program.o(.text.LCD_WriteChar4Bit)
    [Anonymous Symbol]                       0x080003b8   Section        0  lcd_program.o(.text.LCD_WriteCommand4Bit)
    [Anonymous Symbol]                       0x08000414   Section        0  lcd_program.o(.text.LCD_WriteIntegerValue)
    [Anonymous Symbol]                       0x08000480   Section        0  lcd_program.o(.text.LCD_WriteString)
    [Anonymous Symbol]                       0x080004a4   Section        0  adc_program.o(.text.MADC_Init)
    [Anonymous Symbol]                       0x08000518   Section        0  adc_program.o(.text.MADC_RxConvertedDataAsynchronous)
    [Anonymous Symbol]                       0x08000534   Section        0  adc_program.o(.text.MADC_SetConversionCompleteCallback)
    [Anonymous Symbol]                       0x0800054c   Section        0  adc_program.o(.text.MADC_StartConversion)
    [Anonymous Symbol]                       0x0800057c   Section        0  gpio_program.o(.text.MGPIO_SetNibbleValue)
    [Anonymous Symbol]                       0x080005cc   Section        0  gpio_program.o(.text.MGPIO_SetPinMode)
    [Anonymous Symbol]                       0x080006d8   Section        0  gpio_program.o(.text.MGPIO_SetPinValue)
    [Anonymous Symbol]                       0x0800079c   Section        0  gptmr_program.o(.text.MGPTMR_GetPreloadValue)
    [Anonymous Symbol]                       0x080007bc   Section        0  gptmr_program.o(.text.MGPTMR_Init)
    [Anonymous Symbol]                       0x08000814   Section        0  gptmr_program.o(.text.MGPTMR_SetTimerPeriod)
    [Anonymous Symbol]                       0x0800084c   Section        0  gptmr_program.o(.text.MGPTMR_SetTimerUpdateCallbackFunc)
    [Anonymous Symbol]                       0x08000860   Section        0  gptmr_program.o(.text.MGPTMR_StartTimer)
    [Anonymous Symbol]                       0x08000878   Section        0  nvic_program.o(.text.MNVIC_EnableInterrupt)
    [Anonymous Symbol]                       0x080008b8   Section        0  nvic_program.o(.text.MNVIC_SetInterruptPriority)
    [Anonymous Symbol]                       0x08000910   Section        0  rcc_program.o(.text.MRCC_EnablePeripheralClock)
    [Anonymous Symbol]                       0x08000964   Section        0  rcc_program.o(.text.MRCC_InitClock)
    [Anonymous Symbol]                       0x080009c4   Section        0  scb_program.o(.text.MSCB_SetPriorityGrouping)
    [Anonymous Symbol]                       0x080009e8   Section        0  stk_program.o(.text.MSTK_uint8Delay)
    [Anonymous Symbol]                       0x08000a34   Section        0  stk_program.o(.text.MSTK_uint8Init)
    [Anonymous Symbol]                       0x08000a58   Section        0  stk_program.o(.text.STK_uint8CalculateReloadValue)
    SetSysClock                              0x08000a81   Thumb Code     8  system_stm32f10x.o(.text.SetSysClock)
    [Anonymous Symbol]                       0x08000a80   Section        0  system_stm32f10x.o(.text.SetSysClock)
    SetSysClockTo72                          0x08000a89   Thumb Code   190  system_stm32f10x.o(.text.SetSysClockTo72)
    [Anonymous Symbol]                       0x08000a88   Section        0  system_stm32f10x.o(.text.SetSysClockTo72)
    [Anonymous Symbol]                       0x08000b48   Section        0  stk_program.o(.text.SysTick_Handler)
    [Anonymous Symbol]                       0x08000b5c   Section        0  system_stm32f10x.o(.text.SystemInit)
    [Anonymous Symbol]                       0x08000bb4   Section        0  gptmr_program.o(.text.TIM2_IRQHandler)
    [Anonymous Symbol]                       0x08000bd8   Section        0  gptmr_program.o(.text.TIM3_IRQHandler)
    [Anonymous Symbol]                       0x08000bfc   Section        0  gptmr_program.o(.text.TIM4_IRQHandler)
    [Anonymous Symbol]                       0x08000c20   Section        0  main.o(.text.TIM_ISR)
    [Anonymous Symbol]                       0x08000c2c   Section        0  main.o(.text.main)
    GPTMR                                    0x08000cc0   Data          12  gptmr_program.o(.rodata.GPTMR)
    [Anonymous Symbol]                       0x08000cc0   Section        0  gptmr_program.o(.rodata.GPTMR)
    ADC                                      0x08000ccc   Data           8  adc_program.o(.rodata.cst8)
    .bss                                     0x20000000   Section       96  libspace.o(.bss)
    STK_PCallbackFunc                        0x20000060   Data           4  stk_program.o(.bss.STK_PCallbackFunc)
    [Anonymous Symbol]                       0x20000060   Section        0  stk_program.o(.bss.STK_PCallbackFunc)
    glbl_EOCCallbackFunc                     0x20000064   Data           8  adc_program.o(.bss.glbl_EOCCallbackFunc)
    [Anonymous Symbol]                       0x20000064   Section        0  adc_program.o(.bss.glbl_EOCCallbackFunc)
    glbl_PCallbackFunc                       0x2000006c   Data          12  gptmr_program.o(.bss.glbl_PCallbackFunc)
    [Anonymous Symbol]                       0x2000006c   Section        0  gptmr_program.o(.bss.glbl_PCallbackFunc)
    Heap_Mem                                 0x20000078   Data         512  startup_stm32f10x_md.o(HEAP)
    HEAP                                     0x20000078   Section      512  startup_stm32f10x_md.o(HEAP)
    Stack_Mem                                0x20000278   Data        1024  startup_stm32f10x_md.o(STACK)
    STACK                                    0x20000278   Section     1024  startup_stm32f10x_md.o(STACK)
    __initial_sp                             0x20000678   Data           0  startup_stm32f10x_md.o(STACK)

    Global Symbols

    Symbol Name                              Value     Ov Type        Size  Object(Section)

    BuildAttributes$$THM_ISAv4$P$D$K$B$S$PE$A:L22UL41UL21$X:L11$S22US41US21$IEEE1$IW$~IW$USESV6$~STKCKD$USESV7$~SHL$OTIME$ROPI$EBA8$UX$STANDARDLIB$REQ8$PRES8$EABIv2 0x00000000   Number         0  anon$$obj.o ABSOLUTE
    __fp_init_empty                          0x00000000   Number         0  fpinit_empty.o ABSOLUTE
    __ARM_exceptions_init                     - Undefined Weak Reference
    __alloca_initialize                       - Undefined Weak Reference
    __arm_preinit_                            - Undefined Weak Reference
    __cpp_initialize__aeabi_                  - Undefined Weak Reference
    __cxa_finalize                            - Undefined Weak Reference
    __rt_locale                               - Undefined Weak Reference
    __sigvec_lookup                           - Undefined Weak Reference
    _atexit_init                              - Undefined Weak Reference
    _call_atexit_fns                          - Undefined Weak Reference
    _clock_init                               - Undefined Weak Reference
    _fp_trap_init                             - Undefined Weak Reference
    _fp_trap_shutdown                         - Undefined Weak Reference
    _get_lc_collate                           - Undefined Weak Reference
    _get_lc_ctype                             - Undefined Weak Reference
    _get_lc_monetary                          - Undefined Weak Reference
    _get_lc_numeric                           - Undefined Weak Reference
    _get_lc_time                              - Undefined Weak Reference
    _getenv_init                              - Undefined Weak Reference
    _handle_redirection                       - Undefined Weak Reference
    _init_alloc                               - Undefined Weak Reference
    _init_user_alloc                          - Undefined Weak Reference
    _initio                                   - Undefined Weak Reference
    _rand_init                                - Undefined Weak Reference
    _signal_finish                            - Undefined Weak Reference
    _signal_init                              - Undefined Weak Reference
    _terminate_alloc                          - Undefined Weak Reference
    _terminate_user_alloc                     - Undefined Weak Reference
    _terminateio                              - Undefined Weak Reference
    __Vectors_Size                           0x000000ec   Number         0  startup_stm32f10x_md.o ABSOLUTE
    __Vectors                                0x08000000   Data           4  startup_stm32f10x_md.o(RESET)
    __Vectors_End                            0x080000ec   Data           0  startup_stm32f10x_md.o(RESET)
    __main                                   0x080000ed   Thumb Code     8  __main.o(!!!main)
    __scatterload                            0x080000f5   Thumb Code     0  __scatter.o(!!!scatter)
    __scatterload_rt2                        0x080000f5   Thumb Code    44  __scatter.o(!!!scatter)
    __scatterload_rt2_thumb_only             0x080000f5   Thumb Code     0  __scatter.o(!!!scatter)
    __scatterload_null                       0x08000103   Thumb Code     0  __scatter.o(!!!scatter)
    __scatterload_zeroinit                   0x08000129   Thumb Code    28  __scatter_zi.o(!!handler_zi)
    __rt_lib_init                            0x08000145   Thumb Code     0  libinit.o(.ARM.Collect$$libinit$$00000000)
    __rt_lib_init_alloca_1                   0x08000147   Thumb Code     0  libinit2.o(.ARM.Collect$$libinit$$0000002E)
    __rt_lib_init_argv_1                     0x08000147   Thumb Code     0  libinit2.o(.ARM.Collect$$libinit$$0000002C)
    __rt_lib_init_atexit_1                   0x08000147   Thumb Code     0  libinit2.o(.ARM.Collect$$libinit$$0000001B)
    __rt_lib_init_clock_1                    0x08000147   Thumb Code     0  libinit2.o(.ARM.Collect$$libinit$$00000021)
    __rt_lib_init_cpp_1                      0x08000147   Thumb Code     0  libinit2.o(.ARM.Collect$$libinit$$00000032)
    __rt_lib_init_exceptions_1               0x08000147   Thumb Code     0  libinit2.o(.ARM.Collect$$libinit$$00000030)
    __rt_lib_init_fp_1                       0x08000147   Thumb Code     0  libinit2.o(.ARM.Collect$$libinit$$00000002)
    __rt_lib_init_fp_trap_1                  0x08000147   Thumb Code     0  libinit2.o(.ARM.Collect$$libinit$$0000001F)
    __rt_lib_init_getenv_1                   0x08000147   Thumb Code     0  libinit2.o(.ARM.Collect$$libinit$$00000023)
    __rt_lib_init_heap_1                     0x08000147   Thumb Code     0  libinit2.o(.ARM.Collect$$libinit$$0000000A)
    __rt_lib_init_lc_collate_1               0x08000147   Thumb Code     0  libinit2.o(.ARM.Collect$$libinit$$00000011)
    __rt_lib_init_lc_ctype_1                 0x08000147   Thumb Code     0  libinit2.o(.ARM.Collect$$libinit$$00000013)
    __rt_lib_init_lc_monetary_1              0x08000147   Thumb Code     0  libinit2.o(.ARM.Collect$$libinit$$00000015)
    __rt_lib_init_lc_numeric_1               0x08000147   Thumb Code     0  libinit2.o(.ARM.Collect$$libinit$$00000017)
    __rt_lib_init_lc_time_1                  0x08000147   Thumb Code     0  libinit2.o(.ARM.Collect$$libinit$$00000019)
    __rt_lib_init_preinit_1                  0x08000147   Thumb Code     0  libinit2.o(.ARM.Collect$$libinit$$00000004)
    __rt_lib_init_rand_1                     0x08000147   Thumb Code     0  libinit2.o(.ARM.Collect$$libinit$$0000000E)
    __rt_lib_init_return                     0x08000147   Thumb Code     0  libinit2.o(.ARM.Collect$$libinit$$00000033)
    __rt_lib_init_signal_1                   0x08000147   Thumb Code     0  libinit2.o(.ARM.Collect$$libinit$$0000001D)
    __rt_lib_init_stdio_1                    0x08000147   Thumb Code     0  libinit2.o(.ARM.Collect$$libinit$$00000025)
    __rt_lib_init_user_alloc_1               0x08000147   Thumb Code     0  libinit2.o(.ARM.Collect$$libinit$$0000000C)
    __rt_lib_shutdown                        0x08000149   Thumb Code     0  libshutdown.o(.ARM.Collect$$libshutdown$$00000000)
    __rt_lib_shutdown_cpp_1                  0x0800014b   Thumb Code     0  libshutdown2.o(.ARM.Collect$$libshutdown$$00000002)
    __rt_lib_shutdown_fp_trap_1              0x0800014b   Thumb Code     0  libshutdown2.o(.ARM.Collect$$libshutdown$$00000007)
    __rt_lib_shutdown_heap_1                 0x0800014b   Thumb Code     0  libshutdown2.o(.ARM.Collect$$libshutdown$$0000000F)
    __rt_lib_shutdown_return                 0x0800014b   Thumb Code     0  libshutdown2.o(.ARM.Collect$$libshutdown$$00000010)
    __rt_lib_shutdown_signal_1               0x0800014b   Thumb Code     0  libshutdown2.o(.ARM.Collect$$libshutdown$$0000000A)
    __rt_lib_shutdown_stdio_1                0x0800014b   Thumb Code     0  libshutdown2.o(.ARM.Collect$$libshutdown$$00000004)
    __rt_lib_shutdown_user_alloc_1           0x0800014b   Thumb Code     0  libshutdown2.o(.ARM.Collect$$libshutdown$$0000000C)
    __rt_entry                               0x0800014d   Thumb Code     0  __rtentry.o(.ARM.Collect$$rtentry$$00000000)
    __rt_entry_presh_1                       0x0800014d   Thumb Code     0  __rtentry2.o(.ARM.Collect$$rtentry$$00000002)
    __rt_entry_sh                            0x0800014d   Thumb Code     0  __rtentry4.o(.ARM.Collect$$rtentry$$00000004)
    __rt_entry_li                            0x08000153   Thumb Code     0  __rtentry2.o(.ARM.Collect$$rtentry$$0000000A)
    __rt_entry_postsh_1                      0x08000153   Thumb Code     0  __rtentry2.o(.ARM.Collect$$rtentry$$00000009)
    __rt_entry_main                          0x08000157   Thumb Code     0  __rtentry2.o(.ARM.Collect$$rtentry$$0000000D)
    __rt_entry_postli_1                      0x08000157   Thumb Code     0  __rtentry2.o(.ARM.Collect$$rtentry$$0000000C)
    __rt_exit                                0x0800015f   Thumb Code     0  rtexit.o(.ARM.Collect$$rtexit$$00000000)
    __rt_exit_ls                             0x08000161   Thumb Code     0  rtexit2.o(.ARM.Collect$$rtexit$$00000003)
    __rt_exit_prels_1                        0x08000161   Thumb Code     0  rtexit2.o(.ARM.Collect$$rtexit$$00000002)
    __rt_exit_exit                           0x08000165   Thumb Code     0  rtexit2.o(.ARM.Collect$$rtexit$$00000004)
    Reset_Handler                            0x0800016d   Thumb Code     8  startup_stm32f10x_md.o(.text)
    NMI_Handler                              0x08000175   Thumb Code     2  startup_stm32f10x_md.o(.text)
    HardFault_Handler                        0x08000177   Thumb Code     2  startup_stm32f10x_md.o(.text)
    MemManage_Handler                        0x08000179   Thumb Code     2  startup_stm32f10x_md.o(.text)
    BusFault_Handler                         0x0800017b   Thumb Code     2  startup_stm32f10x_md.o(.text)
    UsageFault_Handler                       0x0800017d   Thumb Code     2  startup_stm32f10x_md.o(.text)
    SVC_Handler                              0x0800017f   Thumb Code     2  startup_stm32f10x_md.o(.text)
    DebugMon_Handler                         0x08000181   Thumb Code     2  startup_stm32f10x_md.o(.text)
    PendSV_Handler                           0x08000183   Thumb Code     2  startup_stm32f10x_md.o(.text)
    CAN1_RX1_IRQHandler                      0x08000187   Thumb Code     0  startup_stm32f10x_md.o(.text)
    CAN1_SCE_IRQHandler                      0x08000187   Thumb Code     0  startup_stm32f10x_md.o(.text)
    DMA1_Channel1_IRQHandler                 0x08000187   Thumb Code     0  startup_stm32f10x_md.o(.text)
    DMA1_Channel2_IRQHandler                 0x08000187   Thumb Code     0  startup_stm32f10x_md.o(.text)
    DMA1_Channel3_IRQHandler                 0x08000187   Thumb Code     0  startup_stm32f10x_md.o(.text)
    DMA1_Channel4_IRQHandler                 0x08000187   Thumb Code     0  startup_stm32f10x_md.o(.text)
    DMA1_Channel5_IRQHandler                 0x08000187   Thumb Code     0  startup_stm32f10x_md.o(.text)
    DMA1_Channel6_IRQHandler                 0x08000187   Thumb Code     0  startup_stm32f10x_md.o(.text)
    DMA1_Channel7_IRQHandler                 0x08000187   Thumb Code     0  startup_stm32f10x_md.o(.text)
    EXTI0_IRQHandler                         0x08000187   Thumb Code     0  startup_stm32f10x_md.o(.text)
    EXTI15_10_IRQHandler                     0x08000187   Thumb Code     0  startup_stm32f10x_md.o(.text)
    EXTI1_IRQHandler                         0x08000187   Thumb Code     0  startup_stm32f10x_md.o(.text)
    EXTI2_IRQHandler                         0x08000187   Thumb Code     0  startup_stm32f10x_md.o(.text)
    EXTI3_IRQHandler                         0x08000187   Thumb Code     0  startup_stm32f10x_md.o(.text)
    EXTI4_IRQHandler                         0x08000187   Thumb Code     0  startup_stm32f10x_md.o(.text)
    EXTI9_5_IRQHandler                       0x08000187   Thumb Code     0  startup_stm32f10x_md.o(.text)
    FLASH_IRQHandler                         0x08000187   Thumb Code     0  startup_stm32f10x_md.o(.text)
    I2C1_ER_IRQHandler                       0x08000187   Thumb Code     0  startup_stm32f10x_md.o(.text)
    I2C1_EV_IRQHandler                       0x08000187   Thumb Code     0  startup_stm32f10x_md.o(.text)
    I2C2_ER_IRQHandler                       0x08000187   Thumb Code     0  startup_stm32f10x_md.o(.text)
    I2C2_EV_IRQHandler                       0x08000187   Thumb Code     0  startup_stm32f10x_md.o(.text)
    PVD_IRQHandler                           0x08000187   Thumb Code     0  startup_stm32f10x_md.o(.text)
    RCC_IRQHandler                           0x08000187   Thumb Code     0  startup_stm32f10x_md.o(.text)
    RTCAlarm_IRQHandler                      0x08000187   Thumb Code     0  startup_stm32f10x_md.o(.text)
    RTC_IRQHandler                           0x08000187   Thumb Code     0  startup_stm32f10x_md.o(.text)
    SPI1_IRQHandler                          0x08000187   Thumb Code     0  startup_stm32f10x_md.o(.text)
    SPI2_IRQHandler                          0x08000187   Thumb Code     0  startup_stm32f10x_md.o(.text)
    TAMPER_IRQHandler                        0x08000187   Thumb Code     0  startup_stm32f10x_md.o(.text)
    TIM1_BRK_IRQHandler                      0x08000187   Thumb Code     0  startup_stm32f10x_md.o(.text)
    TIM1_CC_IRQHandler                       0x08000187   Thumb Code     0  startup_stm32f10x_md.o(.text)
    TIM1_TRG_COM_IRQHandler                  0x08000187   Thumb Code     0  startup_stm32f10x_md.o(.text)
    TIM1_UP_IRQHandler                       0x08000187   Thumb Code     0  startup_stm32f10x_md.o(.text)
    USART1_IRQHandler                        0x08000187   Thumb Code     0  startup_stm32f10x_md.o(.text)
    USART2_IRQHandler                        0x08000187   Thumb Code     0  startup_stm32f10x_md.o(.text)
    USART3_IRQHandler                        0x08000187   Thumb Code     0  startup_stm32f10x_md.o(.text)
    USBWakeUp_IRQHandler                     0x08000187   Thumb Code     0  startup_stm32f10x_md.o(.text)
    USB_HP_CAN1_TX_IRQHandler                0x08000187   Thumb Code     0  startup_stm32f10x_md.o(.text)
    USB_LP_CAN1_RX0_IRQHandler               0x08000187   Thumb Code     0  startup_stm32f10x_md.o(.text)
    WWDG_IRQHandler                          0x08000187   Thumb Code     0  startup_stm32f10x_md.o(.text)
    __user_initial_stackheap                 0x08000189   Thumb Code     0  startup_stm32f10x_md.o(.text)
    __use_two_region_memory                  0x080001ad   Thumb Code     2  heapauxi.o(.text)
    __rt_heap_escrow$2region                 0x080001af   Thumb Code     2  heapauxi.o(.text)
    __rt_heap_expand$2region                 0x080001b1   Thumb Code     2  heapauxi.o(.text)
    __user_setup_stackheap                   0x080001b3   Thumb Code    74  sys_stackheap_outer.o(.text)
    exit                                     0x080001fd   Thumb Code    18  exit.o(.text)
    __user_libspace                          0x08000211   Thumb Code     8  libspace.o(.text)
    __user_perproc_libspace                  0x08000211   Thumb Code     0  libspace.o(.text)
    __user_perthread_libspace                0x08000211   Thumb Code     0  libspace.o(.text)
    _sys_exit                                0x08000219   Thumb Code     8  sys_exit.o(.text)
    __I$use$semihosting                      0x08000225   Thumb Code     0  use_no_semi.o(.text)
    __use_no_semihosting_swi                 0x08000225   Thumb Code     2  use_no_semi.o(.text)
    __semihosting_library_function           0x08000227   Thumb Code     0  indicate_semi.o(.text)
    ADC1_2_IRQHandler                        0x08000229   Thumb Code    66  adc_program.o(.text.ADC1_2_IRQHandler)
    ADC_ISR                                  0x0800026d   Thumb Code    56  main.o(.text.ADC_ISR)
    LCD_ClearDisplay                         0x080002a5   Thumb Code    12  lcd_program.o(.text.LCD_ClearDisplay)
    LCD_Init                                 0x080002b1   Thumb Code   140  lcd_program.o(.text.LCD_Init)
    LCD_Peek                                 0x0800033d   Thumb Code    32  lcd_program.o(.text.LCD_Peek)
    LCD_WriteChar4Bit                        0x0800035d   Thumb Code    92  lcd_program.o(.text.LCD_WriteChar4Bit)
    LCD_WriteCommand4Bit                     0x080003b9   Thumb Code    92  lcd_program.o(.text.LCD_WriteCommand4Bit)
    LCD_WriteIntegerValue                    0x08000415   Thumb Code   106  lcd_program.o(.text.LCD_WriteIntegerValue)
    LCD_WriteString                          0x08000481   Thumb Code    36  lcd_program.o(.text.LCD_WriteString)
    MADC_Init                                0x080004a5   Thumb Code   114  adc_program.o(.text.MADC_Init)
    MADC_RxConvertedDataAsynchronous         0x08000519   Thumb Code    28  adc_program.o(.text.MADC_RxConvertedDataAsynchronous)
    MADC_SetConversionCompleteCallback       0x08000535   Thumb Code    24  adc_program.o(.text.MADC_SetConversionCompleteCallback)
    MADC_StartConversion                     0x0800054d   Thumb Code    46  adc_program.o(.text.MADC_StartConversion)
    MGPIO_SetNibbleValue                     0x0800057d   Thumb Code    80  gpio_program.o(.text.MGPIO_SetNibbleValue)
    MGPIO_SetPinMode                         0x080005cd   Thumb Code   268  gpio_program.o(.text.MGPIO_SetPinMode)
    MGPIO_SetPinValue                        0x080006d9   Thumb Code   194  gpio_program.o(.text.MGPIO_SetPinValue)
    MGPTMR_GetPreloadValue                   0x0800079d   Thumb Code    30  gptmr_program.o(.text.MGPTMR_GetPreloadValue)
    MGPTMR_Init                              0x080007bd   Thumb Code    86  gptmr_program.o(.text.MGPTMR_Init)
    MGPTMR_SetTimerPeriod                    0x08000815   Thumb Code    56  gptmr_program.o(.text.MGPTMR_SetTimerPeriod)
    MGPTMR_SetTimerUpdateCallbackFunc        0x0800084d   Thumb Code    20  gptmr_program.o(.text.MGPTMR_SetTimerUpdateCallbackFunc)
    MGPTMR_StartTimer                        0x08000861   Thumb Code    24  gptmr_program.o(.text.MGPTMR_StartTimer)
    MNVIC_EnableInterrupt                    0x08000879   Thumb Code    62  nvic_program.o(.text.MNVIC_EnableInterrupt)
    MNVIC_SetInterruptPriority               0x080008b9   Thumb Code    86  nvic_program.o(.text.MNVIC_SetInterruptPriority)
    MRCC_EnablePeripheralClock               0x08000911   Thumb Code    84  rcc_program.o(.text.MRCC_EnablePeripheralClock)
    MRCC_InitClock                           0x08000965   Thumb Code    96  rcc_program.o(.text.MRCC_InitClock)
    MSCB_SetPriorityGrouping                 0x080009c5   Thumb Code    36  scb_program.o(.text.MSCB_SetPriorityGrouping)
    MSTK_uint8Delay                          0x080009e9   Thumb Code    76  stk_program.o(.text.MSTK_uint8Delay)
    MSTK_uint8Init                           0x08000a35   Thumb Code    34  stk_program.o(.text.MSTK_uint8Init)
    STK_uint8CalculateReloadValue            0x08000a59   Thumb Code    40  stk_program.o(.text.STK_uint8CalculateReloadValue)
    SysTick_Handler                          0x08000b49   Thumb Code    20  stk_program.o(.text.SysTick_Handler)
    SystemInit                               0x08000b5d   Thumb Code    86  system_stm32f10x.o(.text.SystemInit)
    TIM2_IRQHandler                          0x08000bb5   Thumb Code    34  gptmr_program.o(.text.TIM2_IRQHandler)
    TIM3_IRQHandler                          0x08000bd9   Thumb Code    36  gptmr_program.o(.text.TIM3_IRQHandler)
    TIM4_IRQHandler                          0x08000bfd   Thumb Code    36  gptmr_program.o(.text.TIM4_IRQHandler)
    TIM_ISR                                  0x08000c21   Thumb Code    12  main.o(.text.TIM_ISR)
    main                                     0x08000c2d   Thumb Code   146  main.o(.text.main)
    Region$$Table$$Base                      0x08000cd4   Number         0  anon$$obj.o(Region$$Table)
    Region$$Table$$Limit                     0x08000ce4   Number         0  anon$$obj.o(Region$$Table)
    __libspace_start                         0x20000000   Data          96  libspace.o(.bss)
    __temporary_stack_top$libspace           0x20000060   Data           0  libspace.o(.bss)



==============================================================================

Memory Map of the image

  Image Entry point : 0x0800016d

  Load Region LR_1 (Base: 0x08000000, Size: 0x00000ce4, Max: 0xffffffff, ABSOLUTE)

    Execution Region ER_RO (Exec base: 0x08000000, Load base: 0x08000000, Size: 0x00000ce4, Max: 0xffffffff, ABSOLUTE)

    Exec Addr    Load Addr    Size         Type   Attr      Idx    E Section Name        Object

    0x08000000   0x08000000   0x000000ec   Data   RO          205    RESET               startup_stm32f10x_md.o
    0x080000ec   0x080000ec   0x00000008   Code   RO          234  * !!!main             c_w.l(__main.o)
    0x080000f4   0x080000f4   0x00000034   Code   RO          397    !!!scatter          c_w.l(__scatter.o)
    0x08000128   0x08000128   0x0000001c   Code   RO          399    !!handler_zi        c_w.l(__scatter_zi.o)
    0x08000144   0x08000144   0x00000002   Code   RO          261    .ARM.Collect$$libinit$$00000000  c_w.l(libinit.o)
    0x08000146   0x08000146   0x00000000   Code   RO          268    .ARM.Collect$$libinit$$00000002  c_w.l(libinit2.o)
    0x08000146   0x08000146   0x00000000   Code   RO          270    .ARM.Collect$$libinit$$00000004  c_w.l(libinit2.o)
    0x08000146   0x08000146   0x00000000   Code   RO          273    .ARM.Collect$$libinit$$0000000A  c_w.l(libinit2.o)
    0x08000146   0x08000146   0x00000000   Code   RO          275    .ARM.Collect$$libinit$$0000000C  c_w.l(libinit2.o)
    0x08000146   0x08000146   0x00000000   Code   RO          277    .ARM.Collect$$libinit$$0000000E  c_w.l(libinit2.o)
    0x08000146   0x08000146   0x00000000   Code   RO          280    .ARM.Collect$$libinit$$00000011  c_w.l(libinit2.o)
    0x08000146   0x08000146   0x00000000   Code   RO          282    .ARM.Collect$$libinit$$00000013  c_w.l(libinit2.o)
    0x08000146   0x08000146   0x00000000   Code   RO          284    .ARM.Collect$$libinit$$00000015  c_w.l(libinit2.o)
    0x08000146   0x08000146   0x00000000   Code   RO          286    .ARM.Collect$$libinit$$00000017  c_w.l(libinit2.o)
    0x08000146   0x08000146   0x00000000   Code   RO          288    .ARM.Collect$$libinit$$00000019  c_w.l(libinit2.o)
    0x08000146   0x08000146   0x00000000   Code   RO          290    .ARM.Collect$$libinit$$0000001B  c_w.l(libinit2.o)
    0x08000146   0x08000146   0x00000000   Code   RO          292    .ARM.Collect$$libinit$$0000001D  c_w.l(libinit2.o)
    0x08000146   0x08000146   0x00000000   Code   RO          294    .ARM.Collect$$libinit$$0000001F  c_w.l(libinit2.o)
    0x08000146   0x08000146   0x00000000   Code   RO          296    .ARM.Collect$$libinit$$00000021  c_w.l(libinit2.o)
    0x08000146   0x08000146   0x00000000   Code   RO          298    .ARM.Collect$$libinit$$00000023  c_w.l(libinit2.o)
    0x08000146   0x08000146   0x00000000   Code   RO          300    .ARM.Collect$$libinit$$00000025  c_w.l(libinit2.o)
    0x08000146   0x08000146   0x00000000   Code   RO          304    .ARM.Collect$$libinit$$0000002C  c_w.l(libinit2.o)
    0x08000146   0x08000146   0x00000000   Code   RO          306    .ARM.Collect$$libinit$$0000002E  c_w.l(libinit2.o)
    0x08000146   0x08000146   0x00000000   Code   RO          308    .ARM.Collect$$libinit$$00000030  c_w.l(libinit2.o)
    0x08000146   0x08000146   0x00000000   Code   RO          310    .ARM.Collect$$libinit$$00000032  c_w.l(libinit2.o)
    0x08000146   0x08000146   0x00000002   Code   RO          311    .ARM.Collect$$libinit$$00000033  c_w.l(libinit2.o)
    0x08000148   0x08000148   0x00000002   Code   RO          333    .ARM.Collect$$libshutdown$$00000000  c_w.l(libshutdown.o)
    0x0800014a   0x0800014a   0x00000000   Code   RO          348    .ARM.Collect$$libshutdown$$00000002  c_w.l(libshutdown2.o)
    0x0800014a   0x0800014a   0x00000000   Code   RO          350    .ARM.Collect$$libshutdown$$00000004  c_w.l(libshutdown2.o)
    0x0800014a   0x0800014a   0x00000000   Code   RO          353    .ARM.Collect$$libshutdown$$00000007  c_w.l(libshutdown2.o)
    0x0800014a   0x0800014a   0x00000000   Code   RO          356    .ARM.Collect$$libshutdown$$0000000A  c_w.l(libshutdown2.o)
    0x0800014a   0x0800014a   0x00000000   Code   RO          358    .ARM.Collect$$libshutdown$$0000000C  c_w.l(libshutdown2.o)
    0x0800014a   0x0800014a   0x00000000   Code   RO          361    .ARM.Collect$$libshutdown$$0000000F  c_w.l(libshutdown2.o)
    0x0800014a   0x0800014a   0x00000002   Code   RO          362    .ARM.Collect$$libshutdown$$00000010  c_w.l(libshutdown2.o)
    0x0800014c   0x0800014c   0x00000000   Code   RO          236    .ARM.Collect$$rtentry$$00000000  c_w.l(__rtentry.o)
    0x0800014c   0x0800014c   0x00000000   Code   RO          238    .ARM.Collect$$rtentry$$00000002  c_w.l(__rtentry2.o)
    0x0800014c   0x0800014c   0x00000006   Code   RO          250    .ARM.Collect$$rtentry$$00000004  c_w.l(__rtentry4.o)
    0x08000152   0x08000152   0x00000000   Code   RO          240    .ARM.Collect$$rtentry$$00000009  c_w.l(__rtentry2.o)
    0x08000152   0x08000152   0x00000004   Code   RO          241    .ARM.Collect$$rtentry$$0000000A  c_w.l(__rtentry2.o)
    0x08000156   0x08000156   0x00000000   Code   RO          243    .ARM.Collect$$rtentry$$0000000C  c_w.l(__rtentry2.o)
    0x08000156   0x08000156   0x00000008   Code   RO          244    .ARM.Collect$$rtentry$$0000000D  c_w.l(__rtentry2.o)
    0x0800015e   0x0800015e   0x00000002   Code   RO          265    .ARM.Collect$$rtexit$$00000000  c_w.l(rtexit.o)
    0x08000160   0x08000160   0x00000000   Code   RO          313    .ARM.Collect$$rtexit$$00000002  c_w.l(rtexit2.o)
    0x08000160   0x08000160   0x00000004   Code   RO          314    .ARM.Collect$$rtexit$$00000003  c_w.l(rtexit2.o)
    0x08000164   0x08000164   0x00000006   Code   RO          315    .ARM.Collect$$rtexit$$00000004  c_w.l(rtexit2.o)
    0x0800016a   0x0800016a   0x00000002   PAD
    0x0800016c   0x0800016c   0x00000040   Code   RO          206  * .text               startup_stm32f10x_md.o
    0x080001ac   0x080001ac   0x00000006   Code   RO          232    .text               c_w.l(heapauxi.o)
    0x080001b2   0x080001b2   0x0000004a   Code   RO          252    .text               c_w.l(sys_stackheap_outer.o)
    0x080001fc   0x080001fc   0x00000012   Code   RO          254    .text               c_w.l(exit.o)
    0x0800020e   0x0800020e   0x00000002   PAD
    0x08000210   0x08000210   0x00000008   Code   RO          262    .text               c_w.l(libspace.o)
    0x08000218   0x08000218   0x0000000c   Code   RO          323    .text               c_w.l(sys_exit.o)
    0x08000224   0x08000224   0x00000002   Code   RO          338    .text               c_w.l(use_no_semi.o)
    0x08000226   0x08000226   0x00000000   Code   RO          340    .text               c_w.l(indicate_semi.o)
    0x08000226   0x08000226   0x00000002   PAD
    0x08000228   0x08000228   0x00000042   Code   RO           12    .text.ADC1_2_IRQHandler  adc_program.o
    0x0800026a   0x0800026a   0x00000002   PAD
    0x0800026c   0x0800026c   0x00000038   Code   RO           96    .text.ADC_ISR       main.o
    0x080002a4   0x080002a4   0x0000000c   Code   RO           76    .text.LCD_ClearDisplay  lcd_program.o
    0x080002b0   0x080002b0   0x0000008c   Code   RO           72    .text.LCD_Init      lcd_program.o
    0x0800033c   0x0800033c   0x00000020   Code   RO           78    .text.LCD_Peek      lcd_program.o
    0x0800035c   0x0800035c   0x0000005c   Code   RO           80    .text.LCD_WriteChar4Bit  lcd_program.o
    0x080003b8   0x080003b8   0x0000005c   Code   RO           74    .text.LCD_WriteCommand4Bit  lcd_program.o
    0x08000414   0x08000414   0x0000006a   Code   RO           86    .text.LCD_WriteIntegerValue  lcd_program.o
    0x0800047e   0x0800047e   0x00000002   PAD
    0x08000480   0x08000480   0x00000024   Code   RO           84    .text.LCD_WriteString  lcd_program.o
    0x080004a4   0x080004a4   0x00000072   Code   RO            2    .text.MADC_Init     adc_program.o
    0x08000516   0x08000516   0x00000002   PAD
    0x08000518   0x08000518   0x0000001c   Code   RO            6    .text.MADC_RxConvertedDataAsynchronous  adc_program.o
    0x08000534   0x08000534   0x00000018   Code   RO           10    .text.MADC_SetConversionCompleteCallback  adc_program.o
    0x0800054c   0x0800054c   0x0000002e   Code   RO            4    .text.MADC_StartConversion  adc_program.o
    0x0800057a   0x0800057a   0x00000002   PAD
    0x0800057c   0x0800057c   0x00000050   Code   RO           34    .text.MGPIO_SetNibbleValue  gpio_program.o
    0x080005cc   0x080005cc   0x0000010c   Code   RO           24    .text.MGPIO_SetPinMode  gpio_program.o
    0x080006d8   0x080006d8   0x000000c2   Code   RO           26    .text.MGPIO_SetPinValue  gpio_program.o
    0x0800079a   0x0800079a   0x00000002   PAD
    0x0800079c   0x0800079c   0x0000001e   Code   RO           44    .text.MGPTMR_GetPreloadValue  gptmr_program.o
    0x080007ba   0x080007ba   0x00000002   PAD
    0x080007bc   0x080007bc   0x00000056   Code   RO           46    .text.MGPTMR_Init   gptmr_program.o
    0x08000812   0x08000812   0x00000002   PAD
    0x08000814   0x08000814   0x00000038   Code   RO           52    .text.MGPTMR_SetTimerPeriod  gptmr_program.o
    0x0800084c   0x0800084c   0x00000014   Code   RO           54    .text.MGPTMR_SetTimerUpdateCallbackFunc  gptmr_program.o
    0x08000860   0x08000860   0x00000018   Code   RO           48    .text.MGPTMR_StartTimer  gptmr_program.o
    0x08000878   0x08000878   0x0000003e   Code   RO          111    .text.MNVIC_EnableInterrupt  nvic_program.o
    0x080008b6   0x080008b6   0x00000002   PAD
    0x080008b8   0x080008b8   0x00000056   Code   RO          121    .text.MNVIC_SetInterruptPriority  nvic_program.o
    0x0800090e   0x0800090e   0x00000002   PAD
    0x08000910   0x08000910   0x00000054   Code   RO          133    .text.MRCC_EnablePeripheralClock  rcc_program.o
    0x08000964   0x08000964   0x00000060   Code   RO          131    .text.MRCC_InitClock  rcc_program.o
    0x080009c4   0x080009c4   0x00000024   Code   RO          174    .text.MSCB_SetPriorityGrouping  scb_program.o
    0x080009e8   0x080009e8   0x0000004c   Code   RO          157    .text.MSTK_uint8Delay  stk_program.o
    0x08000a34   0x08000a34   0x00000022   Code   RO          147    .text.MSTK_uint8Init  stk_program.o
    0x08000a56   0x08000a56   0x00000002   PAD
    0x08000a58   0x08000a58   0x00000028   Code   RO          145    .text.STK_uint8CalculateReloadValue  stk_program.o
    0x08000a80   0x08000a80   0x00000008   Code   RO          215    .text.SetSysClock   system_stm32f10x.o
    0x08000a88   0x08000a88   0x000000be   Code   RO          219    .text.SetSysClockTo72  system_stm32f10x.o
    0x08000b46   0x08000b46   0x00000002   PAD
    0x08000b48   0x08000b48   0x00000014   Code   RO          161    .text.SysTick_Handler  stk_program.o
    0x08000b5c   0x08000b5c   0x00000056   Code   RO          213    .text.SystemInit    system_stm32f10x.o
    0x08000bb2   0x08000bb2   0x00000002   PAD
    0x08000bb4   0x08000bb4   0x00000022   Code   RO           56    .text.TIM2_IRQHandler  gptmr_program.o
    0x08000bd6   0x08000bd6   0x00000002   PAD
    0x08000bd8   0x08000bd8   0x00000024   Code   RO           58    .text.TIM3_IRQHandler  gptmr_program.o
    0x08000bfc   0x08000bfc   0x00000024   Code   RO           60    .text.TIM4_IRQHandler  gptmr_program.o
    0x08000c20   0x08000c20   0x0000000c   Code   RO           98    .text.TIM_ISR       main.o
    0x08000c2c   0x08000c2c   0x00000092   Code   RO          100    .text.main          main.o
    0x08000cbe   0x08000cbe   0x00000002   PAD
    0x08000cc0   0x08000cc0   0x0000000c   Data   RO           62    .rodata.GPTMR       gptmr_program.o
    0x08000ccc   0x08000ccc   0x00000008   Data   RO           14    .rodata.cst8        adc_program.o
    0x08000cd4   0x08000cd4   0x00000010   Data   RO          396    Region$$Table       anon$$obj.o


    Execution Region ER_RW (Exec base: 0x20000000, Load base: 0x08000ce4, Size: 0x00000000, Max: 0xffffffff, ABSOLUTE)

    **** No section assigned to this execution region ****


    Execution Region ER_ZI (Exec base: 0x20000000, Load base: 0x08000ce4, Size: 0x00000678, Max: 0xffffffff, ABSOLUTE)

    Exec Addr    Load Addr    Size         Type   Attr      Idx    E Section Name        Object

    0x20000000        -       0x00000060   Zero   RW          263    .bss                c_w.l(libspace.o)
    0x20000060        -       0x00000004   Zero   RW          163    .bss.STK_PCallbackFunc  stk_program.o
    0x20000064        -       0x00000008   Zero   RW           15    .bss.glbl_EOCCallbackFunc  adc_program.o
    0x2000006c        -       0x0000000c   Zero   RW           63    .bss.glbl_PCallbackFunc  gptmr_program.o
    0x20000078        -       0x00000200   Zero   RW          204    HEAP                startup_stm32f10x_md.o
    0x20000278        -       0x00000400   Zero   RW          203    STACK               startup_stm32f10x_md.o


==============================================================================

Image component sizes


      Code (inc. data)   RO Data    RW Data    ZI Data      Debug   Object Name

       278          0          8          0          8       3126   adc_program.o
       542          0          0          0          0       3928   gpio_program.o
       322          0         12          0         12       3206   gptmr_program.o
       510          0          0          0          0       3058   lcd_program.o
       214         12          0          0          0       2586   main.o
       148          0          0          0          0       4541   nvic_program.o
       180          0          0          0          0       1426   rcc_program.o
        36          0          0          0          0       3162   scb_program.o
        64         26        236          0       1536        856   startup_stm32f10x_md.o
       170          0          0          0          4       3020   stk_program.o
       284          0          0          0          0       2844   system_stm32f10x.o

    ----------------------------------------------------------------------
      2776         38        272          0       1560      31753   Object Totals
         0          0         16          0          0          0   (incl. Generated)
        28          0          0          0          0          0   (incl. Padding)

    ----------------------------------------------------------------------

      Code (inc. data)   RO Data    RW Data    ZI Data      Debug   Library Member Name

         8          0          0          0          0         68   __main.o
         0          0          0          0          0          0   __rtentry.o
        12          0          0          0          0          0   __rtentry2.o
         6          0          0          0          0          0   __rtentry4.o
        52          8          0          0          0          0   __scatter.o
        28          0          0          0          0          0   __scatter_zi.o
        18          0          0          0          0         80   exit.o
         6          0          0          0          0        152   heapauxi.o
         0          0          0          0          0          0   indicate_semi.o
         2          0          0          0          0          0   libinit.o
         2          0          0          0          0          0   libinit2.o
         2          0          0          0          0          0   libshutdown.o
         2          0          0          0          0          0   libshutdown2.o
         8          4          0          0         96         68   libspace.o
         2          0          0          0          0          0   rtexit.o
        10          0          0          0          0          0   rtexit2.o
        12          4          0          0          0         68   sys_exit.o
        74          0          0          0          0         80   sys_stackheap_outer.o
         2          0          0          0          0         68   use_no_semi.o

    ----------------------------------------------------------------------
       252         16          0          0         96        584   Library Totals
         6          0          0          0          0          0   (incl. Padding)

    ----------------------------------------------------------------------

      Code (inc. data)   RO Data    RW Data    ZI Data      Debug   Library Name

       246         16          0          0         96        584   c_w.l

    ----------------------------------------------------------------------
       252         16          0          0         96        584   Library Totals

    ----------------------------------------------------------------------

==============================================================================


      Code (inc. data)   RO Data    RW Data    ZI Data      Debug   

      3028         54        272          0       1656      32017   Grand Totals
      3028         54        272          0       1656      32017   ELF Image Totals
      3028         54        272          0          0          0   ROM Totals

==============================================================================

    Total RO  Size (Code + RO Data)                 3300 (   3.22kB)
    Total RW  Size (RW Data + ZI Data)              1656 (   1.62kB)
    Total ROM Size (Code + RO Data + RW Data)       3300 (   3.22kB)

==============================================================================

