../Src/APP/SCommands/SCommands_Program.c:39:16:SCommands_Init	8	static
../Src/APP/SCommands/SCommands_Program.c:78:6:SCommands_GetUVStatus	16	static
../Src/APP/SCommands/SCommands_Program.c:109:6:SCommands_SetUVOn	16	static
../Src/APP/SCommands/SCommands_Program.c:127:6:SCommands_SetUVOff	16	static
../Src/APP/SCommands/SCommands_Program.c:145:6:SCommands_GetVisStatus	16	static
../Src/APP/SCommands/SCommands_Program.c:176:6:SCommands_SetVisOn	16	static
../Src/APP/SCommands/SCommands_Program.c:194:6:SCommands_SetVisOff	16	static
../Src/APP/SCommands/SCommands_Program.c:211:6:SCommands_GetSupplyVoltages	192	static
../Src/APP/SCommands/SCommands_Program.c:273:6:SCommands_SendCurrentMotorsSteps	32	static
../Src/APP/SCommands/SCommands_Program.c:290:6:SCommands_HomeLampMotor	16	static
../Src/APP/SCommands/SCommands_Program.c:303:6:SCommands_HomeWLSelectMotor	16	static
../Src/APP/SCommands/SCommands_Program.c:316:6:SCommands_HomeFilterSelectMotor	16	static
../Src/APP/SCommands/SCommands_Program.c:329:6:SCommands_SendCurrentWL	32	static
../Src/APP/SCommands/SCommands_Program.c:341:6:SCommands_GetLampMotorPosition	16	static
../Src/APP/SCommands/SCommands_Program.c:362:6:SCommands_SetLampMotorVisible	16	static
../Src/APP/SCommands/SCommands_Program.c:375:6:SCommands_SetLampMotorUV	16	static
../Src/APP/SCommands/SCommands_Program.c:388:6:SCommands_SendCurrentDateTime	16	static
../Src/APP/SCommands/SCommands_Program.c:400:6:SCommands_SendCurrentDetectorValues	40	static
../Src/APP/SCommands/SCommands_Program.c:447:6:SCommands_UpdateDateTime	32	static
../Src/APP/SCommands/SCommands_Program.c:547:6:SCommands_MoveFilterSelectMotor	32	static
../Src/APP/SCommands/SCommands_Program.c:581:6:SCommands_SaveFilterMotorCalibSteps	24	static
../Src/APP/SCommands/SCommands_Program.c:598:6:SCommands_SaveFilterMotorCalibWL	24	static
../Src/APP/SCommands/SCommands_Program.c:616:6:seed_random	8	static
../Src/APP/SCommands/SCommands_Program.c:620:9:random_float	32	static
../Src/APP/SCommands/SCommands_Program.c:629:6:generate_random_values	24	static
../Src/APP/SCommands/SCommands_Program.c:646:6:SCommands_StartOperation	72	static
../Src/APP/SCommands/SCommands_Program.c:732:6:SCommands_SetReferenceGain	24	static
../Src/APP/SCommands/SCommands_Program.c:747:6:SCommands_SetSampleGain	24	static
../Src/APP/SCommands/SCommands_Program.c:763:6:SCommands_MoveFilterRight	24	static
../Src/APP/SCommands/SCommands_Program.c:778:6:SCommands_MoveFilterLeft	24	static
../Src/APP/SCommands/SCommands_Program.c:793:6:SCommands_SelectFilter	24	static
../Src/APP/SCommands/SCommands_Program.c:809:6:SCommands_SelectGratingWL	24	static
../Src/APP/SCommands/SCommands_Program.c:824:6:SCommands_MoveGratingLeft	24	static
../Src/APP/SCommands/SCommands_Program.c:839:6:SCommands_MoveGratingRight	24	static
