../Src/MCAL/UART/UART_Program.c:30:16:MUART_Init	32	static
../Src/MCAL/UART/UART_Program.c:110:16:MUART_TxChar	24	static
../Src/MCAL/UART/UART_Program.c:141:16:MUART_TxCharAsynchronous	24	static
../Src/MCAL/UART/UART_Program.c:167:16:MUART_RxChar	24	static
../Src/MCAL/UART/UART_Program.c:213:16:MUART_RxCharAsynchronous	24	static
../Src/MCAL/UART/UART_Program.c:256:16:MUART_TxString	24	static
../Src/MCAL/UART/UART_Program.c:284:16:MUART_SetTxCompleteCallback	24	static
../Src/MCAL/UART/UART_Program.c:307:16:MUART_SetRxCompleteCallback	24	static
../Src/MCAL/UART/UART_Program.c:322:16:MUART_SendIntegerValue	48	static
../Src/MCAL/UART/UART_Program.c:352:6:USART1_IRQHandler	8	static
../Src/MCAL/UART/UART_Program.c:365:6:USART2_IRQHandler	8	static
../Src/MCAL/UART/UART_Program.c:379:6:USART3_IRQHandler	8	static
