../Src/HAL/STEPPER_MOTOR/MOTORS_Program.c:34:16:HMOTORS_Init	16	static
../Src/HAL/STEPPER_MOTOR/MOTORS_Program.c:75:16:HMOTOR_Step	24	static
../Src/HAL/STEPPER_MOTOR/MOTORS_Program.c:131:16:HMOTOR_MoveLampMotor	16	static
../Src/HAL/STEPPER_MOTOR/MOTORS_Program.c:171:16:HMOTOR_MoveFilterMotor	24	static
../Src/HAL/STEPPER_MOTOR/MOTORS_Program.c:298:16:HMOTOR_GetWLSelectCalibration	16	static
../Src/HAL/STEPPER_MOTOR/MOTORS_Program.c:305:16:HMOTOR_MoveWLSelectMotor	24	static
../Src/HAL/STEPPER_MOTOR/MOTORS_Program.c:335:16:HMOTOR_MoveMotors	16	static
../Src/HAL/STEPPER_MOTOR/MOTORS_Program.c:392:16:HMOTOR_GoHome	32	static
../Src/HAL/STEPPER_MOTOR/MOTORS_Program.c:477:16:HMOTOR_GetCurrentMotorSteps	24	static
../Src/HAL/STEPPER_MOTOR/MOTORS_Program.c:491:16:HMOTOR_GetCurrentWL	24	static
../Src/HAL/STEPPER_MOTOR/MOTORS_Program.c:506:6:HMOTOR_FilterHomeIndicator	4	static
../Src/HAL/STEPPER_MOTOR/MOTORS_Program.c:510:6:HMOTOR_WLHomeIndicator	4	static
../Src/HAL/STEPPER_MOTOR/MOTORS_Program.c:514:6:HMOTOR4_HomeIndicator	4	static
../Src/HAL/STEPPER_MOTOR/MOTORS_Program.c:519:16:HMOTOR_StepNoDelay	16	static
../Src/HAL/STEPPER_MOTOR/MOTORS_Program.c:565:16:HMOTOR_GetStepsPerNm	16	static
