../Src/MCAL/STK/STK_Program.c:21:16:STK_uint8CalculateReloadValue	24	static
../Src/MCAL/STK/STK_Program.c:61:16:MSTK_uint8Init	16	static
../Src/MCAL/STK/STK_Program.c:95:16:MSTK_uint8SetTimerDuration	24	static
../Src/MCAL/STK/STK_Program.c:118:16:MSTK_uint8StartTimer	16	static
../Src/MCAL/STK/STK_Program.c:132:16:MSTK_uint8PauseTimer	16	static
../Src/MCAL/STK/STK_Program.c:146:16:MSTK_uint8StopTimer	16	static
../Src/MCAL/STK/STK_Program.c:162:16:MSTK_uint8Delay	24	static
../Src/MCAL/STK/STK_Program.c:207:16:MSTK_uint8SetCallbackFunction	24	static
../Src/MCAL/STK/STK_Program.c:222:6:SysTick_Handler	8	static
