../Src/MCAL/STK/STK_Program.c:35:16:STK_uint8CalculateReloadValue	24	static
../Src/MCAL/STK/STK_Program.c:84:16:STK_uint8CalculateReloadValueUs	24	static
../Src/MCAL/STK/STK_Program.c:132:16:MSTK_uint8Init	16	static
../Src/MCAL/STK/STK_Program.c:175:16:MSTK_uint8SetTimerDuration	24	static
../Src/MCAL/STK/STK_Program.c:206:16:MSTK_uint8StartTimer	16	static
../Src/MCAL/STK/STK_Program.c:220:16:MSTK_uint8PauseTimer	16	static
../Src/MCAL/STK/STK_Program.c:234:16:MSTK_uint8StopTimer	16	static
../Src/MCAL/STK/STK_Program.c:250:16:MSTK_uint8Delay	24	static
../Src/MCAL/STK/STK_Program.c:311:16:MSTK_uint8DelayUs	24	static
../Src/MCAL/STK/STK_Program.c:372:16:MSTK_uint8SetCallbackFunction	24	static
../Src/MCAL/STK/STK_Program.c:387:6:SysTick_Handler	8	static
