../Src/MCAL/EXTI/EXTI_Program.c:34:16:MEXTI_EnableExternalInterrupt	0	static
../Src/MCAL/EXTI/EXTI_Program.c:92:16:MEXTI_DisableExternalInterrupt	0	static
../Src/MCAL/EXTI/EXTI_Program.c:115:16:MEXTI_SoftwareTrigger	0	static
../Src/MCAL/EXTI/EXTI_Program.c:140:16:MEXTI_SetCallbackFunction	0	static
../Src/MCAL/EXTI/EXTI_Program.c:157:6:EXTI0_IRQHandler	8	static
../Src/MCAL/EXTI/EXTI_Program.c:173:6:EXTI1_IRQHandler	8	static
../Src/MCAL/EXTI/EXTI_Program.c:189:6:EXTI2_IRQHandler	8	static
../Src/MCAL/EXTI/EXTI_Program.c:205:6:EXTI3_IRQHandler	8	static
../Src/MCAL/EXTI/EXTI_Program.c:221:6:EXTI4_IRQHandler	8	static
../Src/MCAL/EXTI/EXTI_Program.c:237:6:EXTI9_5_IRQHandler	8	static
../Src/MCAL/EXTI/EXTI_Program.c:308:6:EXTI15_10_IRQHandler	8	static
