../Src/HAL/ESP32/ESP32_Program.c:99:6:HESP32_ParseReceivedCommand	32	static
../Src/HAL/ESP32/ESP32_Program.c:42:6:float_to_string_manual	40	static
../Src/HAL/ESP32/ESP32_Program.c:181:16:HESP32_InitInterface	8	static
../Src/HAL/ESP32/ESP32_Program.c:244:16:HESP32_SendCommand	8	static
../Src/HAL/ESP32/ESP32_Program.c:260:16:HESP32_SetCommandCallbackFunction	0	static
../Src/HAL/ESP32/ESP32_Program.c:275:16:HESP32_SetCommandCallbackArgFunction	0	static
../Src/HAL/ESP32/ESP32_Program.c:296:16:HESP32_SendMotorStatus	56	static
../Src/HAL/ESP32/ESP32_Program.c:330:16:HESP32_SendDateTime	16	static
../Src/HAL/ESP32/ESP32_Program.c:359:16:HESP32_SendTime	8	static
../Src/HAL/ESP32/ESP32_Program.c:378:16:HESP32_SendIntensities	56	static
../Src/HAL/ESP32/ESP32_Program.c:406:16:HESP32_SendVoltages	16	static
../Src/HAL/ESP32/ESP32_Program.c:429:16:HESP32_SendDetectorValues	48	static
../Src/HAL/ESP32/ESP32_Program.c:459:16:HESP32_SendAllDetectorValues	48	static
