../Src/APP/SCommands/SCommands_Program.c:40:16:SCommands_Init	8	static
../Src/APP/SCommands/SCommands_Program.c:79:6:SCommands_GetUVStatus	16	static
../Src/APP/SCommands/SCommands_Program.c:110:6:SCommands_SetUVOn	16	static
../Src/APP/SCommands/SCommands_Program.c:128:6:SCommands_SetUVOff	16	static
../Src/APP/SCommands/SCommands_Program.c:146:6:SCommands_GetVisStatus	16	static
../Src/APP/SCommands/SCommands_Program.c:177:6:SCommands_SetVisOn	16	static
../Src/APP/SCommands/SCommands_Program.c:195:6:SCommands_SetVisOff	16	static
../Src/APP/SCommands/SCommands_Program.c:212:6:SCommands_GetSupplyVoltages	192	static
../Src/APP/SCommands/SCommands_Program.c:274:6:SCommands_SendCurrentMotorsSteps	32	static
../Src/APP/SCommands/SCommands_Program.c:291:6:SCommands_HomeLampMotor	16	static
../Src/APP/SCommands/SCommands_Program.c:304:6:SCommands_HomeWLSelectMotor	16	static
../Src/APP/SCommands/SCommands_Program.c:317:6:SCommands_HomeFilterSelectMotor	16	static
../Src/APP/SCommands/SCommands_Program.c:330:6:SCommands_SendCurrentWL	32	static
../Src/APP/SCommands/SCommands_Program.c:342:6:SCommands_GetLampMotorPosition	16	static
../Src/APP/SCommands/SCommands_Program.c:363:6:SCommands_SetLampMotorVisible	16	static
../Src/APP/SCommands/SCommands_Program.c:376:6:SCommands_SetLampMotorUV	16	static
../Src/APP/SCommands/SCommands_Program.c:389:6:SCommands_SendCurrentDateTime	16	static
../Src/APP/SCommands/SCommands_Program.c:401:6:SCommands_SendCurrentDetectorValues	40	static
../Src/APP/SCommands/SCommands_Program.c:448:6:SCommands_UpdateDateTime	32	static
../Src/APP/SCommands/SCommands_Program.c:548:6:SCommands_MoveFilterSelectMotor	32	static
../Src/APP/SCommands/SCommands_Program.c:582:6:SCommands_SaveFilterMotorCalibSteps	24	static
../Src/APP/SCommands/SCommands_Program.c:599:6:SCommands_SaveFilterMotorCalibWL	24	static
../Src/APP/SCommands/SCommands_Program.c:617:6:seed_random	8	static
../Src/APP/SCommands/SCommands_Program.c:621:9:random_float	32	static
../Src/APP/SCommands/SCommands_Program.c:630:6:generate_random_values	24	static
../Src/APP/SCommands/SCommands_Program.c:647:9:round_float	16	static
../Src/APP/SCommands/SCommands_Program.c:667:6:SCommands_ScanOperation	32	static
../Src/APP/SCommands/SCommands_Program.c:778:6:SCommands_StartOperation	48	static
../Src/APP/SCommands/SCommands_Program.c:874:6:SCommands_SetReferenceGain	24	static
../Src/APP/SCommands/SCommands_Program.c:889:6:SCommands_SetSampleGain	24	static
../Src/APP/SCommands/SCommands_Program.c:905:6:SCommands_MoveFilterRight	24	static
../Src/APP/SCommands/SCommands_Program.c:920:6:SCommands_MoveFilterLeft	24	static
../Src/APP/SCommands/SCommands_Program.c:935:6:SCommands_SelectFilter	24	static
../Src/APP/SCommands/SCommands_Program.c:951:6:SCommands_SelectGratingWL	24	static
../Src/APP/SCommands/SCommands_Program.c:966:6:SCommands_MoveGratingLeft	24	static
../Src/APP/SCommands/SCommands_Program.c:981:6:SCommands_MoveGratingRight	24	static
