../Src/MCAL/I2C/I2C_Program.c:38:6:MCAL_I2C_Init	40	static
../Src/MCAL/I2C/I2C_Program.c:145:6:MCAL_I2C_RESET	8	static
../Src/MCAL/I2C/I2C_Program.c:153:6:MCAL_I2C_DInit	16	static
../Src/MCAL/I2C/I2C_Program.c:167:6:MCAL_I2C_GPIO_Set_Pins	16	static
../Src/MCAL/I2C/I2C_Program.c:185:6:MCAL_I2C_MASTER_TX	32	static
../Src/MCAL/I2C/I2C_Program.c:224:6:MCAL_I2C_MASTER_RX	32	static
../Src/MCAL/I2C/I2C_Program.c:275:6:I2C_GenerateSTART	16	static
../Src/MCAL/I2C/I2C_Program.c:304:12:I2C_GetFlagStatus	32	static
../Src/MCAL/I2C/I2C_Program.c:396:6:I2C_SendAddress	16	static
../Src/MCAL/I2C/I2C_Program.c:414:6:I2C_GenerateSTOP	16	static
../Src/MCAL/I2C/I2C_Program.c:428:6:I2C_ACKnowledgeConfig	16	static
