<html>
<body>
<pre>
<h1>µVision Build Log</h1>
<h2>Tool Versions:</h2>
IDE-Version: µVision V5.32.0.0
Copyright (C) 2020 ARM Ltd and ARM Germany GmbH. All rights reserved.
License Information: Ahmed Atia, HP Inc., LIC=----
 
Tool Versions:
Toolchain:       MDK-Lite  Version: 5.32.0.0
Toolchain Path:  D:\KEIL_v5\ARM\ARMCLANG\Bin
C Compiler:      ArmClang.exe V6.14.1
Assembler:       Armasm.exe V6.14.1
Linker/Locator:  ArmLink.exe V6.14.1
Library Manager: ArmAr.exe V6.14.1
Hex Converter:   FromElf.exe V6.14.1
CPU DLL:         SARMCM3.DLL V5.32.0.0
Dialog DLL:      DCM.DLL V1.17.3.0
Target DLL:      STLink\ST-LINKIII-KEIL_SWO.dll V3.0.8.0
Dialog DLL:      TCM.DLL V1.46.0.0
 
<h2>Project:</h2>
D:\Senior_2\Graduation_Project\COTS\STM32F103C8T6\DRIVERS_TEST\EXTI_TEST\EXTI_TEST.uvprojx
Project File Date:  01/24/2024

<h2>Output:</h2>
*** Using Compiler 'V6.14.1', folder: 'D:\KEIL_v5\ARM\ARMCLANG\Bin'
Rebuild target 'Target 1'
assembling startup_stm32f10x_md.s...
SCB_Program.c(1): warning: In file included from...
./Std_Types.h(14): warning: In file included from...
./Platform_Types.h(73): warning: no newline at end of file [-Wnewline-eof]
#endif /*_PLATFORM_TYPES_H_*/
                             ^
SCB_Program.c(1): warning: In file included from...
./Std_Types.h(31): warning: no newline at end of file [-Wnewline-eof]
#endif /*_STD_TYPES_H_*/
                        ^
SCB_Program.c(4): warning: In file included from...
./SCB_Private.h(294): warning: 'SCB_SHCSR_MEMFAULTACT' macro redefined [-Wmacro-redefined]
#define SCB_SHCSR_MEMFAULTACT                               7
        ^
./SCB_Private.h(288): note: previous definition is here
#define SCB_SHCSR_MEMFAULTACT                               0
        ^
./SCB_Private.h(315): warning: no newline at end of file [-Wnewline-eof]
#endif /*_SCB_PRIVATE_H_*/
                          ^
SCB_Program.c(5): warning: In file included from...
./SCB_Interface.h(142): warning: no newline at end of file [-Wnewline-eof]
#endif /*_SCB_INTERFACE_H_*/
                            ^
SCB_Program.c(6): warning: In file included from...
./SCB_Config.h(4): warning: no newline at end of file [-Wnewline-eof]
#endif
      ^
SCB_Program.c(13): warning: function 'MSCB_SystemReset' could be declared with attribute 'noreturn' [-Wmissing-noreturn]
{
^
SCB_Program.c(65): warning: signed shift result (0x80000000) sets the sign bit of the shift expression's type ('int') and becomes negative [-Wshift-sign-overflow]
    SET_BIT(SCB -> ICSR, SCB_ICSR_NMIPENDSET);
    ^~~~~~~~~~~~~~~~~~~~~~~~~~~~~~~~~~~~~~~~~
./BIT_MATH.h(14): note: expanded from macro 'SET_BIT'
#define SET_BIT(REG,BIT)                        (REG |= (1 << BIT))
                                                         ~ ^  ~~~
SCB_Program.c(65): warning: implicit conversion changes signedness: 'int' to 'unsigned long' [-Wsign-conversion]
    SET_BIT(SCB -> ICSR, SCB_ICSR_NMIPENDSET);
    ^~~~~~~~~~~~~~~~~~~~~~~~~~~~~~~~~~~~~~~~~
./BIT_MATH.h(14): note: expanded from macro 'SET_BIT'
#define SET_BIT(REG,BIT)                        (REG |= (1 << BIT))
                                                     ~~  ~~^~~~~~
SCB_Program.c(139): warning: binary integer literals are a GNU extension [-Wgnu-binary-literal]
        uint16 Loc_uint16ExceptionNum = (SCB -> ICSR) & ((0b111111111) << SCB_ICSR_VECTACTIVE_START);
                                                          ^
SCB_Program.c(179): warning: implicit conversion loses integer precision: 'int' to 'uint8' (aka 'unsigned char') [-Wimplicit-int-conversion]
                SCB -> SHPR[Copy_uint8SystemHandler] = (Copy_uint8SysHandlerPriority << 4);
                                                     ~  ~~~~~~~~~~~~~~~~~~~~~~~~~~~~~^~~~
SCB_Program.c(243): warning: no newline at end of file [-Wnewline-eof]
}
 ^
12 warnings generated.
compiling SCB_Program.c...
AFIO_Program.c(3): warning: non-portable path to file '"Std_Types.h"'; specified path differs in case from file name on disk [-Wnonportable-include-path]
#include "STD_TYPES.h"
         ^~~~~~~~~~~~~
         "Std_Types.h"
AFIO_Program.c(3): warning: In file included from...
./STD_TYPES.h(14): warning: In file included from...
./Platform_Types.h(73): warning: no newline at end of file [-Wnewline-eof]
#endif /*_PLATFORM_TYPES_H_*/
                             ^
AFIO_Program.c(3): warning: In file included from...
./STD_TYPES.h(31): warning: no newline at end of file [-Wnewline-eof]
#endif /*_STD_TYPES_H_*/
                        ^
AFIO_Program.c(5): warning: In file included from...
./AFIO_Private.h(21): warning: no newline at end of file [-Wnewline-eof]
#endif /*_AFIO_PRIVATE_H_*/
                           ^
AFIO_Program.c(6): warning: In file included from...
./AFIO_Interface.h(31): warning: no newline at end of file [-Wnewline-eof]
#endif /*_AFIO_INTERFACE_H_*/
                             ^
AFIO_Program.c(7): warning: In file included from...
./AFIO_Config.h(5): warning: no newline at end of file [-Wnewline-eof]
#endif /*_AFIO_CONFIG_H_*/
                          ^
AFIO_Program.c(12): warning: binary integer literals are a GNU extension [-Wgnu-binary-literal]
    if((Copy_uint8Port <= MAFIO_PORTG_PIN) && (Copy_uint8EXTILine <= MAFIO_EXTI15))
                          ^
./AFIO_Interface.h(28): note: expanded from macro 'MAFIO_PORTG_PIN'
#define MAFIO_PORTG_PIN                                 0b0110
                                                        ^
AFIO_Program.c(17): warning: binary integer literals are a GNU extension [-Wgnu-binary-literal]
        MAFIO ->EXTICR[Loc_uint8RegIndex] &= ~((0b1111) << Loc_uint8RegOffset * 4);
                                                ^
AFIO_Program.c(17): warning: implicit conversion changes signedness: 'int' to 'unsigned long' [-Wsign-conversion]
        MAFIO ->EXTICR[Loc_uint8RegIndex] &= ~((0b1111) << Loc_uint8RegOffset * 4);
                                          ~~ ^~~~~~~~~~~~~~~~~~~~~~~~~~~~~~~~~~~~~
AFIO_Program.c(18): warning: implicit conversion changes signedness: 'int' to 'unsigned long' [-Wsign-conversion]
        MAFIO ->EXTICR[Loc_uint8RegIndex] |= ((Copy_uint8Port) << Loc_uint8RegOffset * 4);
                                          ~~  ~~~~~~~~~~~~~~~~~^~~~~~~~~~~~~~~~~~~~~~~~~
AFIO_Program.c(25): warning: no newline at end of file [-Wnewline-eof]
}
 ^
11 warnings generated.
compiling AFIO_Program.c...
main.c(2): warning: In file included from...
./Std_Types.h(14): warning: In file included from...
./Platform_Types.h(73): warning: no newline at end of file [-Wnewline-eof]
#endif /*_PLATFORM_TYPES_H_*/
                             ^
main.c(2): warning: In file included from...
./Std_Types.h(31): warning: no newline at end of file [-Wnewline-eof]
#endif /*_STD_TYPES_H_*/
                        ^
main.c(5): warning: In file included from...
./GPIO_Interface.h(119): warning: no newline at end of file [-Wnewline-eof]
#endif /*_GPIO_INTERFACE_H_*/
                             ^
main.c(6): warning: In file included from...
./AFIO_Interface.h(31): warning: no newline at end of file [-Wnewline-eof]
#endif /*_AFIO_INTERFACE_H_*/
                             ^
main.c(8): warning: In file included from...
./EXTI_Interface.h(36): warning: no newline at end of file [-Wnewline-eof]
#endif /*_EXTI_INTERFACE_H_*/
                             ^
main.c(9): warning: In file included from...
./NVIC_Interface.h(151): warning: no newline at end of file [-Wnewline-eof]
#endif /*_NVIC_INTERFACE_H_*/
                             ^
main.c(10): warning: In file included from...
./SCB_Interface.h(142): warning: no newline at end of file [-Wnewline-eof]
#endif /*_SCB_INTERFACE_H_*/
                            ^
main.c(12): warning: no previous prototype for function 'ISR_EXTI4' [-Wmissing-prototypes]
void ISR_EXTI4(void)
     ^
main.c(12): note: declare 'static' if the function is not intended to be used outside of this translation unit
void ISR_EXTI4(void)
^
static 
main.c(17): warning: no previous prototype for function 'ISR_EXTI6' [-Wmissing-prototypes]
void ISR_EXTI6(void)
     ^
main.c(17): note: declare 'static' if the function is not intended to be used outside of this translation unit
void ISR_EXTI6(void)
^
static 
main.c(36): warning: binary integer literals are a GNU extension [-Wgnu-binary-literal]
        MGPIO_SetPinMode(MGPIO_PORTA, MGPIO_PIN5, MGPIO_OUTPUT_PUSH_PULL_2MHZ);
                                                  ^
./GPIO_Interface.h(55): note: expanded from macro 'MGPIO_OUTPUT_PUSH_PULL_2MHZ'
#define MGPIO_OUTPUT_PUSH_PULL_2MHZ                 (uint32)0b0010     /* GPIO Output Push-Pull Mode, 2MHz */
                                                            ^
main.c(51): warning: binary integer literals are a GNU extension [-Wgnu-binary-literal]
        MGPIO_SetPinMode(MGPIO_PORTA, MGPIO_PIN5, MGPIO_OUTPUT_PUSH_PULL_2MHZ);
                                                  ^
./GPIO_Interface.h(55): note: expanded from macro 'MGPIO_OUTPUT_PUSH_PULL_2MHZ'
#define MGPIO_OUTPUT_PUSH_PULL_2MHZ                 (uint32)0b0010     /* GPIO Output Push-Pull Mode, 2MHz */
                                                            ^
main.c(55): warning: binary integer literals are a GNU extension [-Wgnu-binary-literal]
        MGPIO_SetPinMode(MGPIO_PORTC, MGPIO_PIN13, MGPIO_INPUT_PULL_UP_OR_DOWN_MODE);
                                                   ^
./GPIO_Interface.h(47): note: expanded from macro 'MGPIO_INPUT_PULL_UP_OR_DOWN_MODE'
#define MGPIO_INPUT_PULL_UP_OR_DOWN_MODE            (uint32)0b1000     /* GPIO Input Pull down Mode */
                                                            ^
main.c(60): warning: binary integer literals are a GNU extension [-Wgnu-binary-literal]
        MGPIO_SetPinMode(MGPIO_PORTC, MGPIO_PIN15, MGPIO_INPUT_PULL_UP_OR_DOWN_MODE);
                                                   ^
./GPIO_Interface.h(47): note: expanded from macro 'MGPIO_INPUT_PULL_UP_OR_DOWN_MODE'
#define MGPIO_INPUT_PULL_UP_OR_DOWN_MODE            (uint32)0b1000     /* GPIO Input Pull down Mode */
                                                            ^
main.c(61): warning: binary integer literals are a GNU extension [-Wgnu-binary-literal]
        MGPIO_SetPinMode(MGPIO_PORTA, MGPIO_PIN7, MGPIO_OUTPUT_PUSH_PULL_2MHZ);
                                                  ^
./GPIO_Interface.h(55): note: expanded from macro 'MGPIO_OUTPUT_PUSH_PULL_2MHZ'
#define MGPIO_OUTPUT_PUSH_PULL_2MHZ                 (uint32)0b0010     /* GPIO Output Push-Pull Mode, 2MHz */
                                                            ^
main.c(64): warning: binary integer literals are a GNU extension [-Wgnu-binary-literal]
        MAFIO_SetEXTIPinConfigurations(MEXTI_EXTI13, MAFIO_PORTC_PIN);
                                                     ^
./AFIO_Interface.h(24): note: expanded from macro 'MAFIO_PORTC_PIN'
#define MAFIO_PORTC_PIN                                 0b0010
                                                        ^
main.c(65): warning: binary integer literals are a GNU extension [-Wgnu-binary-literal]
        MAFIO_SetEXTIPinConfigurations(MEXTI_EXTI15, MAFIO_PORTC_PIN);
                                                     ^
./AFIO_Interface.h(24): note: expanded from macro 'MAFIO_PORTC_PIN'
#define MAFIO_PORTC_PIN                                 0b0010
                                                        ^
main.c(82): warning: 'return' will never be executed [-Wunreachable-code-return]
        return 0;
               ^
17 warnings generated.
compiling main.c...
RCC_Program.c(13): warning: In file included from...
./Std_Types.h(14): warning: In file included from...
./Platform_Types.h(73): warning: no newline at end of file [-Wnewline-eof]
#endif /*_PLATFORM_TYPES_H_*/
                             ^
RCC_Program.c(13): warning: In file included from...
./Std_Types.h(31): warning: no newline at end of file [-Wnewline-eof]
#endif /*_STD_TYPES_H_*/
                        ^
RCC_Program.c(15): warning: In file included from...
./RCC_Private.h(129): warning: no newline at end of file [-Wnewline-eof]
#endif /*_RCC_PRIVATE_H_*/
                          ^
RCC_Program.c(16): warning: In file included from...
./RCC_Config.h(86): warning: no newline at end of file [-Wnewline-eof]
#endif /*_RCC_CONFIG_H_*/
                         ^
RCC_Program.c(47): warning: implicit conversion changes signedness: 'int' to 'unsigned long' [-Wsign-conversion]
                CLR_BIT(MRCC_CR, MRCC_CR_HSEBYP);
                ^~~~~~~~~~~~~~~~~~~~~~~~~~~~~~~~
./BIT_MATH.h(15): note: expanded from macro 'CLR_BIT'
#define CLR_BIT(REG,BIT)                        (REG &= ~(1 << BIT))
                                                     ~~ ^~~~~~~~~~~
RCC_Program.c(61): warning: implicit conversion changes signedness: 'int' to 'unsigned long' [-Wsign-conversion]
            CLR_BIT(MRCC_CFGR, (MRCC_CFGR_SW_START + 1));
            ^~~~~~~~~~~~~~~~~~~~~~~~~~~~~~~~~~~~~~~~~~~~
./BIT_MATH.h(15): note: expanded from macro 'CLR_BIT'
#define CLR_BIT(REG,BIT)                        (REG &= ~(1 << BIT))
                                                     ~~ ^~~~~~~~~~~
RCC_Program.c(123): warning: binary integer literals are a GNU extension [-Wgnu-binary-literal]
    MRCC_CFGR &= ~(((uint32)0b1111) << (MRCC_CFGR_HPRE_START));
                            ^
RCC_Program.c(124): warning: binary integer literals are a GNU extension [-Wgnu-binary-literal]
    MRCC_CFGR |= (((uint32)(MRCC_AHB_PRESCALAR)) << (MRCC_CFGR_HPRE_START));
                            ^
./RCC_Config.h(64): note: expanded from macro 'MRCC_AHB_PRESCALAR'
#define MRCC_AHB_PRESCALAR                          MRCC_AHB_CLK_DIV_1
                                                    ^
./RCC_Private.h(106): note: expanded from macro 'MRCC_AHB_CLK_DIV_1'
#define MRCC_AHB_CLK_DIV_1                               0b0000
                                                         ^
RCC_Program.c(126): warning: binary integer literals are a GNU extension [-Wgnu-binary-literal]
    MRCC_CFGR &= ~(((uint32)0b111) << (MRCC_CFGR_PPRE1_START));
                            ^
RCC_Program.c(127): warning: binary integer literals are a GNU extension [-Wgnu-binary-literal]
    MRCC_CFGR |= (((uint32)(MRCC_APB1_PRESCALAR)) << (MRCC_CFGR_PPRE1_START));
                            ^
./RCC_Config.h(74): note: expanded from macro 'MRCC_APB1_PRESCALAR'
#define MRCC_APB1_PRESCALAR                         MRCC_APB1_CLK_DIV_1
                                                    ^
./RCC_Private.h(117): note: expanded from macro 'MRCC_APB1_CLK_DIV_1'
#define MRCC_APB1_CLK_DIV_1                              0b000
                                                         ^
RCC_Program.c(129): warning: binary integer literals are a GNU extension [-Wgnu-binary-literal]
    MRCC_CFGR &= ~(((uint32)0b111) << (MRCC_CFGR_PPRE2_START));
                            ^
RCC_Program.c(130): warning: binary integer literals are a GNU extension [-Wgnu-binary-literal]
    MRCC_CFGR |= (((uint32)(MRCC_APB2_PRESCALAR)) << (MRCC_CFGR_PPRE2_START));
                            ^
./RCC_Config.h(84): note: expanded from macro 'MRCC_APB2_PRESCALAR'
#define MRCC_APB2_PRESCALAR                         MRCC_APB2_CLK_DIV_1
                                                    ^
./RCC_Private.h(124): note: expanded from macro 'MRCC_APB2_CLK_DIV_1'
#define MRCC_APB2_CLK_DIV_1                              0b000
                                                         ^
RCC_Program.c(217): warning: no newline at end of file [-Wnewline-eof]
}
 ^
13 warnings generated.
compiling RCC_Program.c...
GPIO_Program.c(12): warning: In file included from...
./Std_Types.h(14): warning: In file included from...
./Platform_Types.h(73): warning: no newline at end of file [-Wnewline-eof]
#endif /*_PLATFORM_TYPES_H_*/
                             ^
GPIO_Program.c(12): warning: In file included from...
./Std_Types.h(31): warning: no newline at end of file [-Wnewline-eof]
#endif /*_STD_TYPES_H_*/
                        ^
GPIO_Program.c(14): warning: In file included from...
./GPIO_Private.h(138): warning: no newline at end of file [-Wnewline-eof]
#endif /*_GPIO_PRIVATE_H_*/
                           ^
GPIO_Program.c(15): warning: In file included from...
./GPIO_Interface.h(119): warning: no newline at end of file [-Wnewline-eof]
#endif /*_GPIO_INTERFACE_H_*/
                             ^
GPIO_Program.c(16): warning: In file included from...
./GPIO_Config.h(14): warning: no newline at end of file [-Wnewline-eof]
#endif /*_GPIO_CONFIG_H_*/
                          ^
GPIO_Program.c(38): warning: binary integer literals are a GNU extension [-Wgnu-binary-literal]
                MGPIOA_CRL &= ~((0b1111) << (4 * Copy_uint8PinID));
                                 ^
GPIO_Program.c(38): warning: implicit conversion changes signedness: 'int' to 'unsigned long' [-Wsign-conversion]
                MGPIOA_CRL &= ~((0b1111) << (4 * Copy_uint8PinID));
                           ~~ ^~~~~~~~~~~~~~~~~~~~~~~~~~~~~~~~~~~~
GPIO_Program.c(39): warning: implicit conversion changes signedness: 'int' to 'unsigned long' [-Wsign-conversion]
                MGPIOA_CRL |= ((Copy_uint8PinMode) << (4 * Copy_uint8PinID));
                           ~~  ~~~~~~~~~~~~~~~~~~~~^~~~~~~~~~~~~~~~~~~~~~~~
GPIO_Program.c(44): warning: binary integer literals are a GNU extension [-Wgnu-binary-literal]
                MGPIOA_CRH &= ~((0b1111) << (4 * (Copy_uint8PinID - 8)));
                                 ^
GPIO_Program.c(44): warning: implicit conversion changes signedness: 'int' to 'unsigned long' [-Wsign-conversion]
                MGPIOA_CRH &= ~((0b1111) << (4 * (Copy_uint8PinID - 8)));
                           ~~ ^~~~~~~~~~~~~~~~~~~~~~~~~~~~~~~~~~~~~~~~~~
GPIO_Program.c(45): warning: implicit conversion changes signedness: 'int' to 'unsigned long' [-Wsign-conversion]
                MGPIOA_CRH |= ((Copy_uint8PinMode) << (4 * (Copy_uint8PinID - 8)));
                           ~~  ~~~~~~~~~~~~~~~~~~~~^~~~~~~~~~~~~~~~~~~~~~~~~~~~~~
GPIO_Program.c(54): warning: binary integer literals are a GNU extension [-Wgnu-binary-literal]
                MGPIOB_CRL &= ~((0b1111) << (4 * Copy_uint8PinID));
                                 ^
GPIO_Program.c(54): warning: implicit conversion changes signedness: 'int' to 'unsigned long' [-Wsign-conversion]
                MGPIOB_CRL &= ~((0b1111) << (4 * Copy_uint8PinID));
                           ~~ ^~~~~~~~~~~~~~~~~~~~~~~~~~~~~~~~~~~~
GPIO_Program.c(55): warning: implicit conversion changes signedness: 'int' to 'unsigned long' [-Wsign-conversion]
                MGPIOB_CRL |= ((Copy_uint8PinMode) << (4 * Copy_uint8PinID));
                           ~~  ~~~~~~~~~~~~~~~~~~~~^~~~~~~~~~~~~~~~~~~~~~~~
GPIO_Program.c(60): warning: binary integer literals are a GNU extension [-Wgnu-binary-literal]
                MGPIOB_CRH &= ~((0b1111) << (4 * (Copy_uint8PinID - 8)));
                                 ^
GPIO_Program.c(60): warning: implicit conversion changes signedness: 'int' to 'unsigned long' [-Wsign-conversion]
                MGPIOB_CRH &= ~((0b1111) << (4 * (Copy_uint8PinID - 8)));
                           ~~ ^~~~~~~~~~~~~~~~~~~~~~~~~~~~~~~~~~~~~~~~~~
GPIO_Program.c(61): warning: implicit conversion changes signedness: 'int' to 'unsigned long' [-Wsign-conversion]
                MGPIOB_CRH |= ((Copy_uint8PinMode) << (4 * (Copy_uint8PinID - 8)));
                           ~~  ~~~~~~~~~~~~~~~~~~~~^~~~~~~~~~~~~~~~~~~~~~~~~~~~~~
GPIO_Program.c(70): warning: binary integer literals are a GNU extension [-Wgnu-binary-literal]
                MGPIOC_CRL &= ~((0b1111) << (4 * Copy_uint8PinID));
                                 ^
GPIO_Program.c(70): warning: implicit conversion changes signedness: 'int' to 'unsigned long' [-Wsign-conversion]
                MGPIOC_CRL &= ~((0b1111) << (4 * Copy_uint8PinID));
                           ~~ ^~~~~~~~~~~~~~~~~~~~~~~~~~~~~~~~~~~~
GPIO_Program.c(71): warning: implicit conversion changes signedness: 'int' to 'unsigned long' [-Wsign-conversion]
                MGPIOC_CRL |= ((Copy_uint8PinMode) << (4 * Copy_uint8PinID));
                           ~~  ~~~~~~~~~~~~~~~~~~~~^~~~~~~~~~~~~~~~~~~~~~~~
GPIO_Program.c(77): warning: binary integer literals are a GNU extension [-Wgnu-binary-literal]
                MGPIOC_CRH &= ~((0b1111) << (4 * (Copy_uint8PinID - 8)));
                                 ^
GPIO_Program.c(77): warning: implicit conversion changes signedness: 'int' to 'unsigned long' [-Wsign-conversion]
                MGPIOC_CRH &= ~((0b1111) << (4 * (Copy_uint8PinID - 8)));
                           ~~ ^~~~~~~~~~~~~~~~~~~~~~~~~~~~~~~~~~~~~~~~~~
GPIO_Program.c(78): warning: implicit conversion changes signedness: 'int' to 'unsigned long' [-Wsign-conversion]
                MGPIOC_CRH |= ((Copy_uint8PinMode) << (4 * (Copy_uint8PinID - 8)));
                           ~~  ~~~~~~~~~~~~~~~~~~~~^~~~~~~~~~~~~~~~~~~~~~~~~~~~~~
GPIO_Program.c(319): warning: no newline at end of file [-Wnewline-eof]
}
 ^
24 warnings generated.
compiling GPIO_Program.c...
RTE/Device/STM32F103C8/system_stm32f10x.c(166): warning: no previous extern declaration for non-static variable 'AHBPrescTable' [-Wmissing-variable-declarations]
__I uint8_t AHBPrescTable[16] = {0, 0, 0, 0, 0, 0, 0, 0, 1, 2, 3, 4, 6, 7, 8, 9};
            ^
RTE/Device/STM32F103C8/system_stm32f10x.c(166): note: declare 'static' if the variable is not intended to be used outside of this translation unit
__I uint8_t AHBPrescTable[16] = {0, 0, 0, 0, 0, 0, 0, 0, 1, 2, 3, 4, 6, 7, 8, 9};
    ^
1 warning generated.
compiling system_stm32f10x.c...
NVIC_Program.c(12): warning: In file included from...
./Std_Types.h(14): warning: In file included from...
./Platform_Types.h(73): warning: no newline at end of file [-Wnewline-eof]
#endif /*_PLATFORM_TYPES_H_*/
                             ^
NVIC_Program.c(12): warning: In file included from...
./Std_Types.h(31): warning: no newline at end of file [-Wnewline-eof]
#endif /*_STD_TYPES_H_*/
                        ^
NVIC_Program.c(14): warning: In file included from...
./NVIC_Private.h(211): warning: no newline at end of file [-Wnewline-eof]
#endif /*_NVIC_PRIVATE_H_*/
                           ^
NVIC_Program.c(15): warning: In file included from...
./NVIC_Interface.h(151): warning: no newline at end of file [-Wnewline-eof]
#endif /*_NVIC_INTERFACE_H_*/
                             ^
NVIC_Program.c(16): warning: In file included from...
./NVIC_Config.h(16): warning: no newline at end of file [-Wnewline-eof]
#endif /*_NVIC_CONFIG_H_*/
                          ^
NVIC_Program.c(207): warning: implicit conversion loses integer precision: 'int' to 'uint8' (aka 'unsigned char') [-Wimplicit-int-conversion]
                Loc_uint8PriorityValue = (Copy_uint8GroupPriority << 4);
                                       ~  ~~~~~~~~~~~~~~~~~~~~~~~~^~~~
NVIC_Program.c(215): warning: implicit conversion loses integer precision: 'int' to 'uint8' (aka 'unsigned char') [-Wimplicit-int-conversion]
                Loc_uint8PriorityValue = ((Copy_uint8SubGroupPriority) | (Copy_uint8GroupPriority << ((Loc_uint16AIRCRPriorityGroupVal - (uint16)MNVIC_PRIORITY_GROUP_4_SUB_0) / 0x100)));
                                       ~  ~~~~~~~~~~~~~~~~~~~~~~~~~~~~~^~~~~~~~~~~~~~~~~~~~~~~~~~~~~~~~~~~~~~~~~~~~~~~~~~~~~~~~~~~~~~~~~~~~~~~~~~~~~~~~~~~~~~~~~~~~~~~~~~~~~~~~~~~~~~~~~
NVIC_Program.c(216): warning: implicit conversion loses integer precision: 'int' to 'uint8' (aka 'unsigned char') [-Wimplicit-int-conversion]
                NVIC -> IPR[Copy_uint32InterruptNumber] = Loc_uint8PriorityValue << 4;
                                                        ~ ~~~~~~~~~~~~~~~~~~~~~~~^~~~
NVIC_Program.c(221): warning: implicit conversion loses integer precision: 'int' to 'uint8' (aka 'unsigned char') [-Wimplicit-int-conversion]
                Loc_uint8PriorityValue = (Copy_uint8SubGroupPriority << 4);
                                       ~  ~~~~~~~~~~~~~~~~~~~~~~~~~~~^~~~
9 warnings generated.
compiling NVIC_Program.c...
EXTI_Program.c(1): warning: non-portable path to file '"Std_Types.h"'; specified path differs in case from file name on disk [-Wnonportable-include-path]
#include "STD_TYPES.h"
         ^~~~~~~~~~~~~
         "Std_Types.h"
EXTI_Program.c(1): warning: In file included from...
./STD_TYPES.h(14): warning: In file included from...
./Platform_Types.h(73): warning: no newline at end of file [-Wnewline-eof]
#endif /*_PLATFORM_TYPES_H_*/
                             ^
EXTI_Program.c(1): warning: In file included from...
./STD_TYPES.h(31): warning: no newline at end of file [-Wnewline-eof]
#endif /*_STD_TYPES_H_*/
                        ^
EXTI_Program.c(4): warning: In file included from...
./EXTI_Private.h(23): warning: no newline at end of file [-Wnewline-eof]
#endif /*_EXTI_PRIVATE_H_*/
                           ^
EXTI_Program.c(5): warning: In file included from...
./EXTI_Interface.h(36): warning: no newline at end of file [-Wnewline-eof]
#endif /*_EXTI_INTERFACE_H_*/
                             ^
EXTI_Program.c(6): warning: In file included from...
./EXTI_Config.h(5): warning: no newline at end of file [-Wnewline-eof]
#endif /*_EXTI_CONFIG_H_*/
                          ^
EXTI_Program.c(35): warning: unannotated fall-through between switch labels [-Wimplicit-fallthrough]
            default:
            ^
EXTI_Program.c(35): note: insert '__attribute__((fallthrough));' to silence this warning
            default:
            ^
            __attribute__((fallthrough)); 
EXTI_Program.c(35): note: insert 'break;' to avoid fall-through
            default:
            ^
            break; 
EXTI_Program.c(92): warning: no previous prototype for function 'EXTI0_IRQHandler' [-Wmissing-prototypes]
void EXTI0_IRQHandler(void)
     ^
EXTI_Program.c(92): note: declare 'static' if the function is not intended to be used outside of this translation unit
void EXTI0_IRQHandler(void)
^
static 
EXTI_Program.c(104): warning: no previous prototype for function 'EXTI1_IRQHandler' [-Wmissing-prototypes]
void EXTI1_IRQHandler(void)
     ^
EXTI_Program.c(104): note: declare 'static' if the function is not intended to be used outside of this translation unit
void EXTI1_IRQHandler(void)
^
static 
EXTI_Program.c(116): warning: no previous prototype for function 'EXTI2_IRQHandler' [-Wmissing-prototypes]
void EXTI2_IRQHandler(void)
     ^
EXTI_Program.c(116): note: declare 'static' if the function is not intended to be used outside of this translation unit
void EXTI2_IRQHandler(void)
^
static 
EXTI_Program.c(128): warning: no previous prototype for function 'EXTI3_IRQHandler' [-Wmissing-prototypes]
void EXTI3_IRQHandler(void)
     ^
EXTI_Program.c(128): note: declare 'static' if the function is not intended to be used outside of this translation unit
void EXTI3_IRQHandler(void)
^
static 
EXTI_Program.c(141): warning: no previous prototype for function 'EXTI4_IRQHandler' [-Wmissing-prototypes]
void EXTI4_IRQHandler(void)
     ^
EXTI_Program.c(141): note: declare 'static' if the function is not intended to be used outside of this translation unit
void EXTI4_IRQHandler(void)
^
static 
EXTI_Program.c(153): warning: no previous prototype for function 'EXTI9_5_IRQHandler' [-Wmissing-prototypes]
void EXTI9_5_IRQHandler(void)
     ^
EXTI_Program.c(153): note: declare 'static' if the function is not intended to be used outside of this translation unit
void EXTI9_5_IRQHandler(void)
^
static 
EXTI_Program.c(298): warning: no newline at end of file [-Wnewline-eof]
}
 ^
EXTI_Program.c(220): warning: no previous prototype for function 'EXTI15_10_IRQHandler' [-Wmissing-prototypes]
void EXTI15_10_IRQHandler(void)
     ^
EXTI_Program.c(220): note: declare 'static' if the function is not intended to be used outside of this translation unit
void EXTI15_10_IRQHandler(void)
^
static 
15 warnings generated.
compiling EXTI_Program.c...
linking...
Program Size: Code=2240 RO-data=252 RW-data=0 ZI-data=1712  
FromELF: creating hex file...
".\Objects\EXTI_TEST.axf" - 0 Error(s), 102 Warning(s).

<h2>Software Packages used:</h2>

Package Vendor: ARM
                http://www.keil.com/pack/ARM.CMSIS.5.9.0.pack
                ARM.CMSIS.5.9.0
                CMSIS (Common Microcontroller Software Interface Standard)
   * Component: CORE Version: 5.6.0

Package Vendor: Keil
                https://www.keil.com/pack/Keil.STM32F1xx_DFP.2.4.1.pack
                Keil.STM32F1xx_DFP.2.4.1
                STMicroelectronics STM32F1 Series Device Support, Drivers and Examples
   * Component: Startup Version: 1.0.0

<h2>Collection of Component include folders:</h2>
  .\RTE\Device\STM32F103C8
  .\RTE\_Target_1
  C:\Users\Ahmed\AppData\Local\Arm\Packs\ARM\CMSIS\5.9.0\CMSIS\Core\Include
  C:\Users\Ahmed\AppData\Local\Arm\Packs\Keil\STM32F1xx_DFP\2.4.1\Device\Include

<h2>Collection of Component Files used:</h2>

   * Component: ARM::CMSIS:CORE:5.6.0

   * Component: Keil::Device:Startup:1.0.0
      Source file:   Device\Source\system_stm32f10x.c
      Include file:  RTE_Driver\Config\RTE_Device.h
      Source file:   Device\Source\ARM\STM32F1xx_OPT.s
      Source file:   Device\Source\ARM\startup_stm32f10x_md.s
Build Time Elapsed:  00:00:01
</pre>
</body>
</html>
