../Src/MCAL/GPTMR/GPTMR_Program.c:31:16:MGPTMR_GetPreloadValue	24	static
../Src/MCAL/GPTMR/GPTMR_Program.c:73:16:MGPTMR_Init	16	static
../Src/MCAL/GPTMR/GPTMR_Program.c:184:16:MGPTMR_StartTimer	16	static
../Src/MCAL/GPTMR/GPTMR_Program.c:199:16:MGPTMR_StopTimer	16	static
../Src/MCAL/GPTMR/GPTMR_Program.c:214:16:MGPTMR_SetTimerPeriod	24	static
../Src/MCAL/GPTMR/GPTMR_Program.c:251:16:MGPTMR_SetTimerUpdateCallbackFunc	24	static
../Src/MCAL/GPTMR/GPTMR_Program.c:268:6:TIM2_IRQHandler	8	static
../Src/MCAL/GPTMR/GPTMR_Program.c:284:6:TIM3_IRQHandler	8	static
../Src/MCAL/GPTMR/GPTMR_Program.c:300:6:TIM4_IRQHandler	8	static
