<html>
<body>
<pre>
<h1>µVision Build Log</h1>
<h2>Tool Versions:</h2>
IDE-Version: µVision V5.32.0.0
Copyright (C) 2020 ARM Ltd and ARM Germany GmbH. All rights reserved.
License Information: Ahmed Atia, HP Inc., LIC=----
 
Tool Versions:
Toolchain:       MDK-Lite  Version: 5.32.0.0
Toolchain Path:  D:\KEIL_v5\ARM\ARMCLANG\Bin
C Compiler:      ArmClang.exe V6.14.1
Assembler:       Armasm.exe V6.14.1
Linker/Locator:  ArmLink.exe V6.14.1
Library Manager: ArmAr.exe V6.14.1
Hex Converter:   FromElf.exe V6.14.1
CPU DLL:         SARMCM3.DLL V5.32.0.0
Dialog DLL:      DCM.DLL V1.17.3.0
Target DLL:      UL2CM3.DLL V1.163.9.0
Dialog DLL:      TCM.DLL V1.46.0.0
 
<h2>Project:</h2>
D:\Senior_2\Graduation_Project\COTS\STM32F103C8T6\DRIVERS_TEST\RCC_GPIO_TEST\RCC_GPIO_TEST.uvprojx
Project File Date:  11/19/2023

<h2>Output:</h2>
*** Using Compiler 'V6.14.1', folder: 'D:\KEIL_v5\ARM\ARMCLANG\Bin'
Rebuild target 'Target 1'
main.c(12): warning: In file included from...
./Std_Types.h(14): warning: In file included from...
./Platform_Types.h(73): warning: no newline at end of file [-Wnewline-eof]
#endif /*_PLATFORM_TYPES_H_*/
                             ^
main.c(12): warning: In file included from...
./Std_Types.h(31): warning: no newline at end of file [-Wnewline-eof]
#endif /*_STD_TYPES_H_*/
                        ^
main.c(15): warning: In file included from...
./GPIO_Interface.h(108): warning: no newline at end of file [-Wnewline-eof]
#endif /*_GPIO_INTERFACE_H_*/
                             ^
main.c(29): warning: binary integer literals are a GNU extension [-Wgnu-binary-literal]
            Loc_uint8FuncStatus = MGPIO_SetPinMode(LED_PORT, LED_PIN, MGPIO_OUTPUT_PUSH_PULL_2MHZ);
                                                                      ^
./GPIO_Interface.h(55): note: expanded from macro 'MGPIO_OUTPUT_PUSH_PULL_2MHZ'
#define MGPIO_OUTPUT_PUSH_PULL_2MHZ                 (uint32)0b0010     /* GPIO Output Push-Pull Mode, 2MHz */
                                                            ^
main.c(52): warning: 'return' will never be executed [-Wunreachable-code-return]
    return 0;
           ^
5 warnings generated.
compiling main.c...
RCC_Program.c(13): warning: In file included from...
./Std_Types.h(14): warning: In file included from...
./Platform_Types.h(73): warning: no newline at end of file [-Wnewline-eof]
#endif /*_PLATFORM_TYPES_H_*/
                             ^
RCC_Program.c(13): warning: In file included from...
./Std_Types.h(31): warning: no newline at end of file [-Wnewline-eof]
#endif /*_STD_TYPES_H_*/
                        ^
RCC_Program.c(15): warning: In file included from...
./RCC_Private.h(129): warning: no newline at end of file [-Wnewline-eof]
#endif /*_RCC_PRIVATE_H_*/
                          ^
RCC_Program.c(16): warning: In file included from...
./RCC_Config.h(86): warning: no newline at end of file [-Wnewline-eof]
#endif /*_RCC_CONFIG_H_*/
                         ^
RCC_Program.c(47): warning: implicit conversion changes signedness: 'int' to 'unsigned long' [-Wsign-conversion]
                CLR_BIT(RCC_CR, RCC_CR_HSEBYP);
                ^~~~~~~~~~~~~~~~~~~~~~~~~~~~~~
./BIT_MATH.h(15): note: expanded from macro 'CLR_BIT'
#define CLR_BIT(REG,BIT)                        (REG &= ~(1 << BIT))
                                                     ~~ ^~~~~~~~~~~
RCC_Program.c(61): warning: implicit conversion changes signedness: 'int' to 'unsigned long' [-Wsign-conversion]
            CLR_BIT(RCC_CFGR, (RCC_CFGR_SW_START + 1));
            ^~~~~~~~~~~~~~~~~~~~~~~~~~~~~~~~~~~~~~~~~~
./BIT_MATH.h(15): note: expanded from macro 'CLR_BIT'
#define CLR_BIT(REG,BIT)                        (REG &= ~(1 << BIT))
                                                     ~~ ^~~~~~~~~~~
RCC_Program.c(123): warning: binary integer literals are a GNU extension [-Wgnu-binary-literal]
    RCC_CFGR &= ~(((uint32)0b1111) << (RCC_CFGR_HPRE_START));
                           ^
RCC_Program.c(124): warning: binary integer literals are a GNU extension [-Wgnu-binary-literal]
    RCC_CFGR |= (((uint32)(MRCC_AHB_PRESCALAR)) << (RCC_CFGR_HPRE_START));
                           ^
./RCC_Config.h(64): note: expanded from macro 'MRCC_AHB_PRESCALAR'
#define MRCC_AHB_PRESCALAR                          MRCC_AHB_CLK_DIV_1
                                                    ^
./RCC_Private.h(106): note: expanded from macro 'MRCC_AHB_CLK_DIV_1'
#define MRCC_AHB_CLK_DIV_1                               0b0000
                                                         ^
RCC_Program.c(126): warning: binary integer literals are a GNU extension [-Wgnu-binary-literal]
    RCC_CFGR &= ~(((uint32)0b111) << (RCC_CFGR_PPRE1_START));
                           ^
RCC_Program.c(127): warning: binary integer literals are a GNU extension [-Wgnu-binary-literal]
    RCC_CFGR |= (((uint32)(MRCC_AHB_PRESCALAR)) << (RCC_CFGR_PPRE1_START));
                           ^
./RCC_Config.h(64): note: expanded from macro 'MRCC_AHB_PRESCALAR'
#define MRCC_AHB_PRESCALAR                          MRCC_AHB_CLK_DIV_1
                                                    ^
./RCC_Private.h(106): note: expanded from macro 'MRCC_AHB_CLK_DIV_1'
#define MRCC_AHB_CLK_DIV_1                               0b0000
                                                         ^
RCC_Program.c(129): warning: binary integer literals are a GNU extension [-Wgnu-binary-literal]
    RCC_CFGR &= ~(((uint32)0b111) << (RCC_CFGR_PPRE2_START));
                           ^
RCC_Program.c(130): warning: binary integer literals are a GNU extension [-Wgnu-binary-literal]
    RCC_CFGR |= (((uint32)(MRCC_AHB_PRESCALAR)) << (RCC_CFGR_PPRE2_START));
                           ^
./RCC_Config.h(64): note: expanded from macro 'MRCC_AHB_PRESCALAR'
#define MRCC_AHB_PRESCALAR                          MRCC_AHB_CLK_DIV_1
                                                    ^
./RCC_Private.h(106): note: expanded from macro 'MRCC_AHB_CLK_DIV_1'
#define MRCC_AHB_CLK_DIV_1                               0b0000
                                                         ^
RCC_Program.c(217): warning: no newline at end of file [-Wnewline-eof]
}
 ^
13 warnings generated.
compiling RCC_Program.c...
assembling startup_stm32f10x_md.s...
GPIO_Program.c(12): warning: In file included from...
./Std_Types.h(14): warning: In file included from...
./Platform_Types.h(73): warning: no newline at end of file [-Wnewline-eof]
#endif /*_PLATFORM_TYPES_H_*/
                             ^
GPIO_Program.c(12): warning: In file included from...
./Std_Types.h(31): warning: no newline at end of file [-Wnewline-eof]
#endif /*_STD_TYPES_H_*/
                        ^
GPIO_Program.c(14): warning: In file included from...
./GPIO_Private.h(138): warning: no newline at end of file [-Wnewline-eof]
#endif /*_GPIO_PRIVATE_H_*/
                           ^
GPIO_Program.c(15): warning: In file included from...
./GPIO_Interface.h(108): warning: no newline at end of file [-Wnewline-eof]
#endif /*_GPIO_INTERFACE_H_*/
                             ^
GPIO_Program.c(16): warning: In file included from...
./GPIO_Config.h(14): warning: no newline at end of file [-Wnewline-eof]
#endif /*_GPIO_CONFIG_H_*/
                          ^
GPIO_Program.c(38): warning: binary integer literals are a GNU extension [-Wgnu-binary-literal]
                MGPIOA_CRL &= ~((0b1111) << (4 * Copy_uint8PinID));
                                 ^
GPIO_Program.c(38): warning: implicit conversion changes signedness: 'int' to 'unsigned long' [-Wsign-conversion]
                MGPIOA_CRL &= ~((0b1111) << (4 * Copy_uint8PinID));
                           ~~ ^~~~~~~~~~~~~~~~~~~~~~~~~~~~~~~~~~~~
GPIO_Program.c(39): warning: implicit conversion changes signedness: 'int' to 'unsigned long' [-Wsign-conversion]
                MGPIOA_CRL |= ((Copy_uint8PinMode) << (4 * Copy_uint8PinID));
                           ~~  ~~~~~~~~~~~~~~~~~~~~^~~~~~~~~~~~~~~~~~~~~~~~
GPIO_Program.c(44): warning: binary integer literals are a GNU extension [-Wgnu-binary-literal]
                MGPIOA_CRH &= ~((0b1111) << (4 * (Copy_uint8PinID - 8)));
                                 ^
GPIO_Program.c(44): warning: implicit conversion changes signedness: 'int' to 'unsigned long' [-Wsign-conversion]
                MGPIOA_CRH &= ~((0b1111) << (4 * (Copy_uint8PinID - 8)));
                           ~~ ^~~~~~~~~~~~~~~~~~~~~~~~~~~~~~~~~~~~~~~~~~
GPIO_Program.c(45): warning: implicit conversion changes signedness: 'int' to 'unsigned long' [-Wsign-conversion]
                MGPIOA_CRH |= ((Copy_uint8PinMode) << (Copy_uint8PinID - 8));
                           ~~  ~~~~~~~~~~~~~~~~~~~~^~~~~~~~~~~~~~~~~~~~~~~~
GPIO_Program.c(54): warning: binary integer literals are a GNU extension [-Wgnu-binary-literal]
                MGPIOB_CRL &= ~((0b1111) << (4 * Copy_uint8PinID));
                                 ^
GPIO_Program.c(54): warning: implicit conversion changes signedness: 'int' to 'unsigned long' [-Wsign-conversion]
                MGPIOB_CRL &= ~((0b1111) << (4 * Copy_uint8PinID));
                           ~~ ^~~~~~~~~~~~~~~~~~~~~~~~~~~~~~~~~~~~
GPIO_Program.c(55): warning: implicit conversion changes signedness: 'int' to 'unsigned long' [-Wsign-conversion]
                MGPIOB_CRL |= ((Copy_uint8PinMode) << (4 * Copy_uint8PinID));
                           ~~  ~~~~~~~~~~~~~~~~~~~~^~~~~~~~~~~~~~~~~~~~~~~~
GPIO_Program.c(60): warning: binary integer literals are a GNU extension [-Wgnu-binary-literal]
                MGPIOB_CRH &= ~((0b1111) << (4 * (Copy_uint8PinID - 8)));
                                 ^
GPIO_Program.c(60): warning: implicit conversion changes signedness: 'int' to 'unsigned long' [-Wsign-conversion]
                MGPIOB_CRH &= ~((0b1111) << (4 * (Copy_uint8PinID - 8)));
                           ~~ ^~~~~~~~~~~~~~~~~~~~~~~~~~~~~~~~~~~~~~~~~~
GPIO_Program.c(61): warning: implicit conversion changes signedness: 'int' to 'unsigned long' [-Wsign-conversion]
                MGPIOB_CRH |= ((Copy_uint8PinMode) << (Copy_uint8PinID - 8));
                           ~~  ~~~~~~~~~~~~~~~~~~~~^~~~~~~~~~~~~~~~~~~~~~~~
GPIO_Program.c(70): warning: binary integer literals are a GNU extension [-Wgnu-binary-literal]
                MGPIOC_CRL &= ~((0b1111) << (4 * Copy_uint8PinID));
                                 ^
GPIO_Program.c(70): warning: implicit conversion changes signedness: 'int' to 'unsigned long' [-Wsign-conversion]
                MGPIOC_CRL &= ~((0b1111) << (4 * Copy_uint8PinID));
                           ~~ ^~~~~~~~~~~~~~~~~~~~~~~~~~~~~~~~~~~~
GPIO_Program.c(71): warning: implicit conversion changes signedness: 'int' to 'unsigned long' [-Wsign-conversion]
                MGPIOC_CRL |= ((Copy_uint8PinMode) << (4 * Copy_uint8PinID));
                           ~~  ~~~~~~~~~~~~~~~~~~~~^~~~~~~~~~~~~~~~~~~~~~~~
GPIO_Program.c(77): warning: binary integer literals are a GNU extension [-Wgnu-binary-literal]
                MGPIOC_CRH &= ~((0b1111) << (4 * (Copy_uint8PinID - 8)));
                                 ^
GPIO_Program.c(77): warning: implicit conversion changes signedness: 'int' to 'unsigned long' [-Wsign-conversion]
                MGPIOC_CRH &= ~((0b1111) << (4 * (Copy_uint8PinID - 8)));
                           ~~ ^~~~~~~~~~~~~~~~~~~~~~~~~~~~~~~~~~~~~~~~~~
GPIO_Program.c(78): warning: implicit conversion changes signedness: 'int' to 'unsigned long' [-Wsign-conversion]
                MGPIOC_CRH |= ((Copy_uint8PinMode) << (Copy_uint8PinID - 8));
                           ~~  ~~~~~~~~~~~~~~~~~~~~^~~~~~~~~~~~~~~~~~~~~~~~
GPIO_Program.c(270): warning: no newline at end of file [-Wnewline-eof]
}
 ^
24 warnings generated.
compiling GPIO_Program.c...
RTE/Device/STM32F103C8/system_stm32f10x.c(166): warning: no previous extern declaration for non-static variable 'AHBPrescTable' [-Wmissing-variable-declarations]
__I uint8_t AHBPrescTable[16] = {0, 0, 0, 0, 0, 0, 0, 0, 1, 2, 3, 4, 6, 7, 8, 9};
            ^
RTE/Device/STM32F103C8/system_stm32f10x.c(166): note: declare 'static' if the variable is not intended to be used outside of this translation unit
__I uint8_t AHBPrescTable[16] = {0, 0, 0, 0, 0, 0, 0, 0, 1, 2, 3, 4, 6, 7, 8, 9};
    ^
1 warning generated.
compiling system_stm32f10x.c...
linking...
Program Size: Code=1352 RO-data=252 RW-data=0 ZI-data=1632  
FromELF: creating hex file...
".\RCC_GPIO_TEST.axf" - 0 Error(s), 43 Warning(s).

<h2>Software Packages used:</h2>

Package Vendor: ARM
                http://www.keil.com/pack/ARM.CMSIS.5.9.0.pack
                ARM.CMSIS.5.9.0
                CMSIS (Common Microcontroller Software Interface Standard)
   * Component: CORE Version: 5.6.0

Package Vendor: Keil
                https://www.keil.com/pack/Keil.STM32F1xx_DFP.2.4.1.pack
                Keil.STM32F1xx_DFP.2.4.1
                STMicroelectronics STM32F1 Series Device Support, Drivers and Examples
   * Component: Startup Version: 1.0.0

<h2>Collection of Component include folders:</h2>
  .\RTE\Device\STM32F103C8
  .\RTE\_Target_1
  C:\Users\Ahmed\AppData\Local\Arm\Packs\ARM\CMSIS\5.9.0\CMSIS\Core\Include
  C:\Users\Ahmed\AppData\Local\Arm\Packs\Keil\STM32F1xx_DFP\2.4.1\Device\Include

<h2>Collection of Component Files used:</h2>

   * Component: ARM::CMSIS:CORE:5.6.0

   * Component: Keil::Device:Startup:1.0.0
      Source file:   Device\Source\ARM\startup_stm32f10x_md.s
      Include file:  RTE_Driver\Config\RTE_Device.h
      Source file:   Device\Source\system_stm32f10x.c
      Source file:   Device\Source\ARM\STM32F1xx_OPT.s
Build Time Elapsed:  00:00:01
</pre>
</body>
</html>
