<html>
<body>
<pre>
<h1>µVision Build Log</h1>
<h2>Tool Versions:</h2>
IDE-Version: µVision V5.32.0.0
Copyright (C) 2020 ARM Ltd and ARM Germany GmbH. All rights reserved.
License Information: Ahmed Atia, HP Inc., LIC=----
 
Tool Versions:
Toolchain:       MDK-Lite  Version: 5.32.0.0
Toolchain Path:  D:\KEIL_v5\ARM\ARMCLANG\Bin
C Compiler:      ArmClang.exe V6.14.1
Assembler:       Armasm.exe V6.14.1
Linker/Locator:  ArmLink.exe V6.14.1
Library Manager: ArmAr.exe V6.14.1
Hex Converter:   FromElf.exe V6.14.1
CPU DLL:         SARMCM3.DLL V5.32.0.0
Dialog DLL:      DCM.DLL V1.17.3.0
Target DLL:      STLink\ST-LINKIII-KEIL_SWO.dll V3.0.8.0
Dialog DLL:      TCM.DLL V1.46.0.0
 
<h2>Project:</h2>
D:\Senior_2\Graduation_Project\COTS\STM32F103C8T6\DRIVERS_TEST\ESP32_TEST\STM32\STM32_TEST.uvprojx
Project File Date:  12/03/2023

<h2>Output:</h2>
*** Using Compiler 'V6.14.1', folder: 'D:\KEIL_v5\ARM\ARMCLANG\Bin'
Rebuild target 'Target 1'
RTE/Device/STM32F103C8/system_stm32f10x.c(166): warning: no previous extern declaration for non-static variable 'AHBPrescTable' [-Wmissing-variable-declarations]
__I uint8_t AHBPrescTable[16] = {0, 0, 0, 0, 0, 0, 0, 0, 1, 2, 3, 4, 6, 7, 8, 9};
            ^
RTE/Device/STM32F103C8/system_stm32f10x.c(166): note: declare 'static' if the variable is not intended to be used outside of this translation unit
__I uint8_t AHBPrescTable[16] = {0, 0, 0, 0, 0, 0, 0, 0, 1, 2, 3, 4, 6, 7, 8, 9};
    ^
1 warning generated.
compiling system_stm32f10x.c...
GPIO_Program.c(12): warning: In file included from...
./Std_Types.h(14): warning: In file included from...
./Platform_Types.h(73): warning: no newline at end of file [-Wnewline-eof]
#endif /*_PLATFORM_TYPES_H_*/
                             ^
GPIO_Program.c(12): warning: In file included from...
./Std_Types.h(31): warning: no newline at end of file [-Wnewline-eof]
#endif /*_STD_TYPES_H_*/
                        ^
GPIO_Program.c(14): warning: In file included from...
./GPIO_Private.h(138): warning: no newline at end of file [-Wnewline-eof]
#endif /*_GPIO_PRIVATE_H_*/
                           ^
GPIO_Program.c(15): warning: In file included from...
./GPIO_Interface.h(119): warning: no newline at end of file [-Wnewline-eof]
#endif /*_GPIO_INTERFACE_H_*/
                             ^
GPIO_Program.c(16): warning: In file included from...
./GPIO_Config.h(14): warning: no newline at end of file [-Wnewline-eof]
#endif /*_GPIO_CONFIG_H_*/
                          ^
GPIO_Program.c(38): warning: binary integer literals are a GNU extension [-Wgnu-binary-literal]
                MGPIOA_CRL &= ~((0b1111) << (4 * Copy_uint8PinID));
                                 ^
GPIO_Program.c(38): warning: implicit conversion changes signedness: 'int' to 'unsigned long' [-Wsign-conversion]
                MGPIOA_CRL &= ~((0b1111) << (4 * Copy_uint8PinID));
                           ~~ ^~~~~~~~~~~~~~~~~~~~~~~~~~~~~~~~~~~~
GPIO_Program.c(39): warning: implicit conversion changes signedness: 'int' to 'unsigned long' [-Wsign-conversion]
                MGPIOA_CRL |= ((Copy_uint8PinMode) << (4 * Copy_uint8PinID));
                           ~~  ~~~~~~~~~~~~~~~~~~~~^~~~~~~~~~~~~~~~~~~~~~~~
GPIO_Program.c(44): warning: binary integer literals are a GNU extension [-Wgnu-binary-literal]
                MGPIOA_CRH &= ~((0b1111) << (4 * (Copy_uint8PinID - 8)));
                                 ^
GPIO_Program.c(44): warning: implicit conversion changes signedness: 'int' to 'unsigned long' [-Wsign-conversion]
                MGPIOA_CRH &= ~((0b1111) << (4 * (Copy_uint8PinID - 8)));
                           ~~ ^~~~~~~~~~~~~~~~~~~~~~~~~~~~~~~~~~~~~~~~~~
GPIO_Program.c(45): warning: implicit conversion changes signedness: 'int' to 'unsigned long' [-Wsign-conversion]
                MGPIOA_CRH |= ((Copy_uint8PinMode) << (4 * (Copy_uint8PinID - 8)));
                           ~~  ~~~~~~~~~~~~~~~~~~~~^~~~~~~~~~~~~~~~~~~~~~~~~~~~~~
GPIO_Program.c(54): warning: binary integer literals are a GNU extension [-Wgnu-binary-literal]
                MGPIOB_CRL &= ~((0b1111) << (4 * Copy_uint8PinID));
                                 ^
GPIO_Program.c(54): warning: implicit conversion changes signedness: 'int' to 'unsigned long' [-Wsign-conversion]
                MGPIOB_CRL &= ~((0b1111) << (4 * Copy_uint8PinID));
                           ~~ ^~~~~~~~~~~~~~~~~~~~~~~~~~~~~~~~~~~~
GPIO_Program.c(55): warning: implicit conversion changes signedness: 'int' to 'unsigned long' [-Wsign-conversion]
                MGPIOB_CRL |= ((Copy_uint8PinMode) << (4 * Copy_uint8PinID));
                           ~~  ~~~~~~~~~~~~~~~~~~~~^~~~~~~~~~~~~~~~~~~~~~~~
GPIO_Program.c(60): warning: binary integer literals are a GNU extension [-Wgnu-binary-literal]
                MGPIOB_CRH &= ~((0b1111) << (4 * (Copy_uint8PinID - 8)));
                                 ^
GPIO_Program.c(60): warning: implicit conversion changes signedness: 'int' to 'unsigned long' [-Wsign-conversion]
                MGPIOB_CRH &= ~((0b1111) << (4 * (Copy_uint8PinID - 8)));
                           ~~ ^~~~~~~~~~~~~~~~~~~~~~~~~~~~~~~~~~~~~~~~~~
GPIO_Program.c(61): warning: implicit conversion changes signedness: 'int' to 'unsigned long' [-Wsign-conversion]
                MGPIOB_CRH |= ((Copy_uint8PinMode) << (4 * (Copy_uint8PinID - 8)));
                           ~~  ~~~~~~~~~~~~~~~~~~~~^~~~~~~~~~~~~~~~~~~~~~~~~~~~~~
GPIO_Program.c(70): warning: binary integer literals are a GNU extension [-Wgnu-binary-literal]
                MGPIOC_CRL &= ~((0b1111) << (4 * Copy_uint8PinID));
                                 ^
GPIO_Program.c(70): warning: implicit conversion changes signedness: 'int' to 'unsigned long' [-Wsign-conversion]
                MGPIOC_CRL &= ~((0b1111) << (4 * Copy_uint8PinID));
                           ~~ ^~~~~~~~~~~~~~~~~~~~~~~~~~~~~~~~~~~~
GPIO_Program.c(71): warning: implicit conversion changes signedness: 'int' to 'unsigned long' [-Wsign-conversion]
                MGPIOC_CRL |= ((Copy_uint8PinMode) << (4 * Copy_uint8PinID));
                           ~~  ~~~~~~~~~~~~~~~~~~~~^~~~~~~~~~~~~~~~~~~~~~~~
GPIO_Program.c(77): warning: binary integer literals are a GNU extension [-Wgnu-binary-literal]
                MGPIOC_CRH &= ~((0b1111) << (4 * (Copy_uint8PinID - 8)));
                                 ^
GPIO_Program.c(77): warning: implicit conversion changes signedness: 'int' to 'unsigned long' [-Wsign-conversion]
                MGPIOC_CRH &= ~((0b1111) << (4 * (Copy_uint8PinID - 8)));
                           ~~ ^~~~~~~~~~~~~~~~~~~~~~~~~~~~~~~~~~~~~~~~~~
GPIO_Program.c(78): warning: implicit conversion changes signedness: 'int' to 'unsigned long' [-Wsign-conversion]
                MGPIOC_CRH |= ((Copy_uint8PinMode) << (4 * (Copy_uint8PinID - 8)));
                           ~~  ~~~~~~~~~~~~~~~~~~~~^~~~~~~~~~~~~~~~~~~~~~~~~~~~~~
GPIO_Program.c(319): warning: no newline at end of file [-Wnewline-eof]
}
 ^
24 warnings generated.
compiling GPIO_Program.c...
NVIC_Program.c(12): warning: In file included from...
./Std_Types.h(14): warning: In file included from...
./Platform_Types.h(73): warning: no newline at end of file [-Wnewline-eof]
#endif /*_PLATFORM_TYPES_H_*/
                             ^
NVIC_Program.c(12): warning: In file included from...
./Std_Types.h(31): warning: no newline at end of file [-Wnewline-eof]
#endif /*_STD_TYPES_H_*/
                        ^
NVIC_Program.c(14): warning: In file included from...
./NVIC_Private.h(211): warning: no newline at end of file [-Wnewline-eof]
#endif /*_NVIC_PRIVATE_H_*/
                           ^
NVIC_Program.c(15): warning: In file included from...
./NVIC_Interface.h(151): warning: no newline at end of file [-Wnewline-eof]
#endif /*_NVIC_INTERFACE_H_*/
                             ^
NVIC_Program.c(16): warning: In file included from...
./NVIC_Config.h(16): warning: no newline at end of file [-Wnewline-eof]
#endif /*_NVIC_CONFIG_H_*/
                          ^
NVIC_Program.c(202): warning: implicit conversion loses integer precision: 'int' to 'uint8' (aka 'unsigned char') [-Wimplicit-int-conversion]
                Loc_uint8PriorityValue = (Copy_uint8GroupPriority << 4);
                                       ~  ~~~~~~~~~~~~~~~~~~~~~~~~^~~~
NVIC_Program.c(210): warning: implicit conversion loses integer precision: 'int' to 'uint8' (aka 'unsigned char') [-Wimplicit-int-conversion]
                Loc_uint8PriorityValue = ((Copy_uint8SubGroupPriority) | (Copy_uint8GroupPriority << ((Loc_uint16AIRCRPriorityGroupVal - (uint16)MNVIC_PRIORITY_GROUP_4_SUB_0) / 0x100)));
                                       ~  ~~~~~~~~~~~~~~~~~~~~~~~~~~~~~^~~~~~~~~~~~~~~~~~~~~~~~~~~~~~~~~~~~~~~~~~~~~~~~~~~~~~~~~~~~~~~~~~~~~~~~~~~~~~~~~~~~~~~~~~~~~~~~~~~~~~~~~~~~~~~~~
NVIC_Program.c(211): warning: implicit conversion loses integer precision: 'int' to 'uint8' (aka 'unsigned char') [-Wimplicit-int-conversion]
                NVIC -> IPR[Copy_uint32InterruptNumber] = Loc_uint8PriorityValue << 4;
                                                        ~ ~~~~~~~~~~~~~~~~~~~~~~~^~~~
NVIC_Program.c(216): warning: implicit conversion loses integer precision: 'int' to 'uint8' (aka 'unsigned char') [-Wimplicit-int-conversion]
                Loc_uint8PriorityValue = (Copy_uint8SubGroupPriority << 4);
                                       ~  ~~~~~~~~~~~~~~~~~~~~~~~~~~~^~~~
9 warnings generated.
compiling NVIC_Program.c...
ESP32_Program.c(15): warning: In file included from...
./Std_Types.h(14): warning: In file included from...
./Platform_Types.h(73): warning: no newline at end of file [-Wnewline-eof]
#endif /*_PLATFORM_TYPES_H_*/
                             ^
ESP32_Program.c(15): warning: In file included from...
./Std_Types.h(31): warning: no newline at end of file [-Wnewline-eof]
#endif /*_STD_TYPES_H_*/
                        ^
ESP32_Program.c(18): warning: In file included from...
./GPIO_Interface.h(119): warning: no newline at end of file [-Wnewline-eof]
#endif /*_GPIO_INTERFACE_H_*/
                             ^
ESP32_Program.c(19): warning: In file included from...
./UART_Interface.h(128): warning: no newline at end of file [-Wnewline-eof]
#endif /*_UART_INTERFACE_H_*/
                             ^
ESP32_Program.c(20): warning: In file included from...
./NVIC_Interface.h(151): warning: no newline at end of file [-Wnewline-eof]
#endif /*_NVIC_INTERFACE_H_*/
                             ^
ESP32_Program.c(22): warning: In file included from...
./ESP32_Interface.h(31): warning: no newline at end of file [-Wnewline-eof]
#endif /*_ESP32_INTERFACE_H_*/
                              ^
ESP32_Program.c(23): warning: In file included from...
./ESP32_Private.h(22): warning: no newline at end of file [-Wnewline-eof]
#endif /*_ESP32_PRIVATE_H_*/
                            ^
ESP32_Program.c(24): warning: In file included from...
./ESP32_Config.h(37): warning: no previous extern declaration for non-static variable 'HESP32_AvailableTasks' [-Wmissing-variable-declarations]
uint8 HESP32_AvailableTasks[HESP32_NO_OF_TASKS][20] =   {       "command1", //UV led on
      ^
./ESP32_Config.h(37): note: declare 'static' if the variable is not intended to be used outside of this translation unit
uint8 HESP32_AvailableTasks[HESP32_NO_OF_TASKS][20] =   {       "command1", //UV led on
^
./ESP32_Config.h(49): warning: no previous extern declaration for non-static variable 'HESP32_AvailableAbsTasks' [-Wmissing-variable-declarations]
uint8 HESP32_AvailableAbsTasks[HESP32_NO_OF_ABS_TASKS][20] ={   "reference",
      ^
./ESP32_Config.h(49): note: declare 'static' if the variable is not intended to be used outside of this translation unit
uint8 HESP32_AvailableAbsTasks[HESP32_NO_OF_ABS_TASKS][20] ={   "reference",
^
./ESP32_Config.h(52): warning: no newline at end of file [-Wnewline-eof]
#endif /*_ESP32_CONFIG_H_*/
                           ^
ESP32_Program.c(50): warning: passing 'uint8 [20]' to parameter of type 'const char *' converts between pointers to integer types with different sign [-Wpointer-sign]
                        Loc_uint8Compare = strncmp((HESP32_AvailableTasks[Loc_uint8Index]), glbl_uint8CommandBuffer, strlen((HESP32_AvailableTasks[Loc_uint8Index])));
                                                                                                                            ^~~~~~~~~~~~~~~~~~~~~~~~~~~~~~~~~~~~~~~
D:\KEIL_v5\ARM\ARMCLANG\Bin\..\include\string.h(335): note: passing argument to parameter here
extern _ARMABI size_t strlen(const char * /*s*/) __attribute__((__nonnull__(1)));
                                               ^
ESP32_Program.c(50): warning: passing 'uint8 [20]' to parameter of type 'const char *' converts between pointers to integer types with different sign [-Wpointer-sign]
                        Loc_uint8Compare = strncmp((HESP32_AvailableTasks[Loc_uint8Index]), glbl_uint8CommandBuffer, strlen((HESP32_AvailableTasks[Loc_uint8Index])));
                                                   ^~~~~~~~~~~~~~~~~~~~~~~~~~~~~~~~~~~~~~~
D:\KEIL_v5\ARM\ARMCLANG\Bin\..\include\string.h(132): note: passing argument to parameter here
extern _ARMABI int strncmp(const char * /*s1*/, const char * /*s2*/, size_t /*n*/) __attribute__((__nonnull__(1,2)));
                                              ^
ESP32_Program.c(50): warning: passing 'volatile uint8 [20]' to parameter of type 'const char *' discards qualifiers [-Wincompatible-pointer-types-discards-qualifiers]
                        Loc_uint8Compare = strncmp((HESP32_AvailableTasks[Loc_uint8Index]), glbl_uint8CommandBuffer, strlen((HESP32_AvailableTasks[Loc_uint8Index])));
                                                                                            ^~~~~~~~~~~~~~~~~~~~~~~
D:\KEIL_v5\ARM\ARMCLANG\Bin\..\include\string.h(132): note: passing argument to parameter here
extern _ARMABI int strncmp(const char * /*s1*/, const char * /*s2*/, size_t /*n*/) __attribute__((__nonnull__(1,2)));
                                                                   ^
ESP32_Program.c(50): warning: implicit conversion loses integer precision: 'int' to 'uint8' (aka 'unsigned char') [-Wimplicit-int-conversion]
                        Loc_uint8Compare = strncmp((HESP32_AvailableTasks[Loc_uint8Index]), glbl_uint8CommandBuffer, strlen((HESP32_AvailableTasks[Loc_uint8Index])));
                                         ~ ^~~~~~~~~~~~~~~~~~~~~~~~~~~~~~~~~~~~~~~~~~~~~~~~~~~~~~~~~~~~~~~~~~~~~~~~~~~~~~~~~~~~~~~~~~~~~~~~~~~~~~~~~~~~~~~~~~~~~~~~~~
ESP32_Program.c(62): warning: passing 'char [13]' to parameter of type 'uint8 *' (aka 'unsigned char *') converts between pointers to integer types with different sign [-Wpointer-sign]
                                                                                                                        HESP32_SendCommand("acknowledged");
                                                                                                                                           ^~~~~~~~~~~~~~
./ESP32_Interface.h(26): note: passing argument to parameter 'P_uint8Command' here
Std_ReturnType HESP32_SendCommand                (uint8* P_uint8Command);
                                                         ^
ESP32_Program.c(76): warning: passing 'char [16]' to parameter of type 'uint8 *' (aka 'unsigned char *') converts between pointers to integer types with different sign [-Wpointer-sign]
                                                        HESP32_SendCommand("invalid command");
                                                                           ^~~~~~~~~~~~~~~~~
./ESP32_Interface.h(26): note: passing argument to parameter 'P_uint8Command' here
Std_ReturnType HESP32_SendCommand                (uint8* P_uint8Command);
                                                         ^
ESP32_Program.c(84): warning: passing 'volatile uint8 [20]' to parameter of type 'const char *' discards qualifiers [-Wincompatible-pointer-types-discards-qualifiers]
                                                                glbl_float32AbsWavelength = strtof(glbl_uint8CommandBuffer, NULL_PTR);
                                                                                                   ^~~~~~~~~~~~~~~~~~~~~~~
D:\KEIL_v5\ARM\ARMCLANG\Bin\..\include\stdlib.h(206): note: passing argument to parameter here
extern _ARMABI float strtof(const char * __restrict /*nptr*/, char ** __restrict /*endptr*/) __attribute__((__nonnull__(1)));
                                                            ^
ESP32_Program.c(93): warning: passing 'uint8 [20]' to parameter of type 'const char *' converts between pointers to integer types with different sign [-Wpointer-sign]
                                                                                Loc_uint8Compare = strncmp(glbl_uint8CommandBuffer, HESP32_AvailableAbsTasks[Loc_uin8Index], strlen(HESP32_AvailableAbsTasks[Loc_uin8Index]));
                                                                                                                                                                                    ^~~~~~~~~~~~~~~~~~~~~~~~~~~~~~~~~~~~~~~
D:\KEIL_v5\ARM\ARMCLANG\Bin\..\include\string.h(335): note: passing argument to parameter here
extern _ARMABI size_t strlen(const char * /*s*/) __attribute__((__nonnull__(1)));
                                               ^
ESP32_Program.c(93): warning: passing 'volatile uint8 [20]' to parameter of type 'const char *' discards qualifiers [-Wincompatible-pointer-types-discards-qualifiers]
                                                                                Loc_uint8Compare = strncmp(glbl_uint8CommandBuffer, HESP32_AvailableAbsTasks[Loc_uin8Index], strlen(HESP32_AvailableAbsTasks[Loc_uin8Index]));
                                                                                                           ^~~~~~~~~~~~~~~~~~~~~~~
D:\KEIL_v5\ARM\ARMCLANG\Bin\..\include\string.h(132): note: passing argument to parameter here
extern _ARMABI int strncmp(const char * /*s1*/, const char * /*s2*/, size_t /*n*/) __attribute__((__nonnull__(1,2)));
                                              ^
ESP32_Program.c(93): warning: passing 'uint8 [20]' to parameter of type 'const char *' converts between pointers to integer types with different sign [-Wpointer-sign]
                                                                                Loc_uint8Compare = strncmp(glbl_uint8CommandBuffer, HESP32_AvailableAbsTasks[Loc_uin8Index], strlen(HESP32_AvailableAbsTasks[Loc_uin8Index]));
                                                                                                                                    ^~~~~~~~~~~~~~~~~~~~~~~~~~~~~~~~~~~~~~~
D:\KEIL_v5\ARM\ARMCLANG\Bin\..\include\string.h(132): note: passing argument to parameter here
extern _ARMABI int strncmp(const char * /*s1*/, const char * /*s2*/, size_t /*n*/) __attribute__((__nonnull__(1,2)));
                                                                   ^
ESP32_Program.c(93): warning: implicit conversion loses integer precision: 'int' to 'uint8' (aka 'unsigned char') [-Wimplicit-int-conversion]
                                                                                Loc_uint8Compare = strncmp(glbl_uint8CommandBuffer, HESP32_AvailableAbsTasks[Loc_uin8Index], strlen(HESP32_AvailableAbsTasks[Loc_uin8Index]));
                                                                                                 ~ ^~~~~~~~~~~~~~~~~~~~~~~~~~~~~~~~~~~~~~~~~~~~~~~~~~~~~~~~~~~~~~~~~~~~~~~~~~~~~~~~~~~~~~~~~~~~~~~~~~~~~~~~~~~~~~~~~~~~~~~~~~
ESP32_Program.c(98): warning: passing 'volatile float32 *' (aka 'volatile float *') to parameter of type 'float32 *' (aka 'float *') discards qualifiers [-Wincompatible-pointer-types-discards-qualifiers]
                                                                                                        (glbl_PAbsCallbackFunc[Loc_uin8Index])(&glbl_float32AbsWavelength);
                                                                                                                                               ^~~~~~~~~~~~~~~~~~~~~~~~~~
ESP32_Program.c(137): warning: binary integer literals are a GNU extension [-Wgnu-binary-literal]
        MGPIO_SetPinMode(MUART1_TX_PORT_ID, MUART1_TX_PIN_ID, MGPIO_OUTPUT_AF_PUSH_PULL_2MHZ);
                                                              ^
./GPIO_Interface.h(57): note: expanded from macro 'MGPIO_OUTPUT_AF_PUSH_PULL_2MHZ'
#define MGPIO_OUTPUT_AF_PUSH_PULL_2MHZ              (uint32)0b1010     /* GPIO Output Alternate Function Push-Pull Mode, 2MHz */
                                                            ^
ESP32_Program.c(138): warning: binary integer literals are a GNU extension [-Wgnu-binary-literal]
        MGPIO_SetPinMode(MUART1_RX_PORT_ID, MUART1_RX_PIN_ID, MGPIO_INPUT_PULL_UP_OR_DOWN_MODE);
                                                              ^
./GPIO_Interface.h(47): note: expanded from macro 'MGPIO_INPUT_PULL_UP_OR_DOWN_MODE'
#define MGPIO_INPUT_PULL_UP_OR_DOWN_MODE            (uint32)0b1000     /* GPIO Input Pull down Mode */
                                                            ^
ESP32_Program.c(234): warning: no newline at end of file [-Wnewline-eof]
}
 ^
25 warnings generated.
compiling ESP32_Program.c...
RCC_Program.c(13): warning: In file included from...
./Std_Types.h(14): warning: In file included from...
./Platform_Types.h(73): warning: no newline at end of file [-Wnewline-eof]
#endif /*_PLATFORM_TYPES_H_*/
                             ^
RCC_Program.c(13): warning: In file included from...
./Std_Types.h(31): warning: no newline at end of file [-Wnewline-eof]
#endif /*_STD_TYPES_H_*/
                        ^
RCC_Program.c(15): warning: In file included from...
./RCC_Private.h(129): warning: no newline at end of file [-Wnewline-eof]
#endif /*_RCC_PRIVATE_H_*/
                          ^
RCC_Program.c(16): warning: In file included from...
./RCC_Config.h(86): warning: no newline at end of file [-Wnewline-eof]
#endif /*_RCC_CONFIG_H_*/
                         ^
RCC_Program.c(47): warning: implicit conversion changes signedness: 'int' to 'unsigned long' [-Wsign-conversion]
                CLR_BIT(MRCC_CR, MRCC_CR_HSEBYP);
                ^~~~~~~~~~~~~~~~~~~~~~~~~~~~~~~~
./BIT_MATH.h(15): note: expanded from macro 'CLR_BIT'
#define CLR_BIT(REG,BIT)                        (REG &= ~(1 << BIT))
                                                     ~~ ^~~~~~~~~~~
RCC_Program.c(61): warning: implicit conversion changes signedness: 'int' to 'unsigned long' [-Wsign-conversion]
            CLR_BIT(MRCC_CFGR, (MRCC_CFGR_SW_START + 1));
            ^~~~~~~~~~~~~~~~~~~~~~~~~~~~~~~~~~~~~~~~~~~~
./BIT_MATH.h(15): note: expanded from macro 'CLR_BIT'
#define CLR_BIT(REG,BIT)                        (REG &= ~(1 << BIT))
                                                     ~~ ^~~~~~~~~~~
RCC_Program.c(123): warning: binary integer literals are a GNU extension [-Wgnu-binary-literal]
    MRCC_CFGR &= ~(((uint32)0b1111) << (MRCC_CFGR_HPRE_START));
                            ^
RCC_Program.c(124): warning: binary integer literals are a GNU extension [-Wgnu-binary-literal]
    MRCC_CFGR |= (((uint32)(MRCC_AHB_PRESCALAR)) << (MRCC_CFGR_HPRE_START));
                            ^
./RCC_Config.h(64): note: expanded from macro 'MRCC_AHB_PRESCALAR'
#define MRCC_AHB_PRESCALAR                          MRCC_AHB_CLK_DIV_1
                                                    ^
./RCC_Private.h(106): note: expanded from macro 'MRCC_AHB_CLK_DIV_1'
#define MRCC_AHB_CLK_DIV_1                               0b0000
                                                         ^
RCC_Program.c(126): warning: binary integer literals are a GNU extension [-Wgnu-binary-literal]
    MRCC_CFGR &= ~(((uint32)0b111) << (MRCC_CFGR_PPRE1_START));
                            ^
RCC_Program.c(127): warning: binary integer literals are a GNU extension [-Wgnu-binary-literal]
    MRCC_CFGR |= (((uint32)(MRCC_APB1_PRESCALAR)) << (MRCC_CFGR_PPRE1_START));
                            ^
./RCC_Config.h(74): note: expanded from macro 'MRCC_APB1_PRESCALAR'
#define MRCC_APB1_PRESCALAR                         MRCC_APB1_CLK_DIV_1
                                                    ^
./RCC_Private.h(117): note: expanded from macro 'MRCC_APB1_CLK_DIV_1'
#define MRCC_APB1_CLK_DIV_1                              0b000
                                                         ^
RCC_Program.c(129): warning: binary integer literals are a GNU extension [-Wgnu-binary-literal]
    MRCC_CFGR &= ~(((uint32)0b111) << (MRCC_CFGR_PPRE2_START));
                            ^
RCC_Program.c(130): warning: binary integer literals are a GNU extension [-Wgnu-binary-literal]
    MRCC_CFGR |= (((uint32)(MRCC_APB2_PRESCALAR)) << (MRCC_CFGR_PPRE2_START));
                            ^
./RCC_Config.h(84): note: expanded from macro 'MRCC_APB2_PRESCALAR'
#define MRCC_APB2_PRESCALAR                         MRCC_APB2_CLK_DIV_1
                                                    ^
./RCC_Private.h(124): note: expanded from macro 'MRCC_APB2_CLK_DIV_1'
#define MRCC_APB2_CLK_DIV_1                              0b000
                                                         ^
RCC_Program.c(217): warning: no newline at end of file [-Wnewline-eof]
}
 ^
13 warnings generated.
compiling RCC_Program.c...
main.c(2): warning: In file included from...
./Std_Types.h(14): warning: In file included from...
./Platform_Types.h(73): warning: no newline at end of file [-Wnewline-eof]
#endif /*_PLATFORM_TYPES_H_*/
                             ^
main.c(2): warning: In file included from...
./Std_Types.h(31): warning: no newline at end of file [-Wnewline-eof]
#endif /*_STD_TYPES_H_*/
                        ^
main.c(5): warning: In file included from...
./GPIO_Interface.h(119): warning: no newline at end of file [-Wnewline-eof]
#endif /*_GPIO_INTERFACE_H_*/
                             ^
main.c(6): warning: In file included from...
./NVIC_Interface.h(151): warning: no newline at end of file [-Wnewline-eof]
#endif /*_NVIC_INTERFACE_H_*/
                             ^
main.c(7): warning: In file included from...
./UART_Interface.h(128): warning: no newline at end of file [-Wnewline-eof]
#endif /*_UART_INTERFACE_H_*/
                             ^
main.c(8): warning: In file included from...
./STK_Interface.h(69): warning: no newline at end of file [-Wnewline-eof]
#endif /*_STK_INTERFACE_H_*/
                            ^
main.c(10): warning: In file included from...
./ESP32_Interface.h(31): warning: no newline at end of file [-Wnewline-eof]
#endif /*_ESP32_INTERFACE_H_*/
                              ^
main.c(15): warning: passing 'char [30]' to parameter of type 'uint8 *' (aka 'unsigned char *') converts between pointers to integer types with different sign [-Wpointer-sign]
                HESP32_SendCommand("UV Led Successfully turned on");
                                   ^~~~~~~~~~~~~~~~~~~~~~~~~~~~~~~
./ESP32_Interface.h(26): note: passing argument to parameter 'P_uint8Command' here
Std_ReturnType HESP32_SendCommand                (uint8* P_uint8Command);
                                                         ^
main.c(12): warning: no previous prototype for function 'uv_LED_On' [-Wmissing-prototypes]
void uv_LED_On(void)
     ^
main.c(12): note: declare 'static' if the function is not intended to be used outside of this translation unit
void uv_LED_On(void)
^
static 
main.c(21): warning: passing 'char [31]' to parameter of type 'uint8 *' (aka 'unsigned char *') converts between pointers to integer types with different sign [-Wpointer-sign]
                HESP32_SendCommand("UV Led Successfully turned off");
                                   ^~~~~~~~~~~~~~~~~~~~~~~~~~~~~~~~
./ESP32_Interface.h(26): note: passing argument to parameter 'P_uint8Command' here
Std_ReturnType HESP32_SendCommand                (uint8* P_uint8Command);
                                                         ^
main.c(18): warning: no previous prototype for function 'uv_LED_Off' [-Wmissing-prototypes]
void uv_LED_Off(void)
     ^
main.c(18): note: declare 'static' if the function is not intended to be used outside of this translation unit
void uv_LED_Off(void)
^
static 
main.c(27): warning: passing 'char [35]' to parameter of type 'uint8 *' (aka 'unsigned char *') converts between pointers to integer types with different sign [-Wpointer-sign]
                HESP32_SendCommand("Visible Led Successfully turned on");
                                   ^~~~~~~~~~~~~~~~~~~~~~~~~~~~~~~~~~~~
./ESP32_Interface.h(26): note: passing argument to parameter 'P_uint8Command' here
Std_ReturnType HESP32_SendCommand                (uint8* P_uint8Command);
                                                         ^
main.c(24): warning: no previous prototype for function 'vis_LED_On' [-Wmissing-prototypes]
void vis_LED_On(void)
     ^
main.c(24): note: declare 'static' if the function is not intended to be used outside of this translation unit
void vis_LED_On(void)
^
static 
main.c(33): warning: passing 'char [36]' to parameter of type 'uint8 *' (aka 'unsigned char *') converts between pointers to integer types with different sign [-Wpointer-sign]
                HESP32_SendCommand("Visible Led Successfully turned off");
                                   ^~~~~~~~~~~~~~~~~~~~~~~~~~~~~~~~~~~~~
./ESP32_Interface.h(26): note: passing argument to parameter 'P_uint8Command' here
Std_ReturnType HESP32_SendCommand                (uint8* P_uint8Command);
                                                         ^
main.c(30): warning: no previous prototype for function 'vis_LED_Off' [-Wmissing-prototypes]
void vis_LED_Off(void)
     ^
main.c(30): note: declare 'static' if the function is not intended to be used outside of this translation unit
void vis_LED_Off(void)
^
static 
main.c(44): warning: passing 'char [3]' to parameter of type 'uint8 *' (aka 'unsigned char *') converts between pointers to integer types with different sign [-Wpointer-sign]
                                HESP32_SendCommand("on");
                                                   ^~~~
./ESP32_Interface.h(26): note: passing argument to parameter 'P_uint8Command' here
Std_ReturnType HESP32_SendCommand                (uint8* P_uint8Command);
                                                         ^
main.c(49): warning: passing 'char [4]' to parameter of type 'uint8 *' (aka 'unsigned char *') converts between pointers to integer types with different sign [-Wpointer-sign]
                                HESP32_SendCommand("off");
                                                   ^~~~~
./ESP32_Interface.h(26): note: passing argument to parameter 'P_uint8Command' here
Std_ReturnType HESP32_SendCommand                (uint8* P_uint8Command);
                                                         ^
main.c(36): warning: no previous prototype for function 'uv_status' [-Wmissing-prototypes]
void uv_status(void)
     ^
main.c(36): note: declare 'static' if the function is not intended to be used outside of this translation unit
void uv_status(void)
^
static 
main.c(62): warning: passing 'char [3]' to parameter of type 'uint8 *' (aka 'unsigned char *') converts between pointers to integer types with different sign [-Wpointer-sign]
                                HESP32_SendCommand("on");
                                                   ^~~~
./ESP32_Interface.h(26): note: passing argument to parameter 'P_uint8Command' here
Std_ReturnType HESP32_SendCommand                (uint8* P_uint8Command);
                                                         ^
main.c(67): warning: passing 'char [4]' to parameter of type 'uint8 *' (aka 'unsigned char *') converts between pointers to integer types with different sign [-Wpointer-sign]
                                HESP32_SendCommand("off");
                                                   ^~~~~
./ESP32_Interface.h(26): note: passing argument to parameter 'P_uint8Command' here
Std_ReturnType HESP32_SendCommand                (uint8* P_uint8Command);
                                                         ^
main.c(54): warning: no previous prototype for function 'vis_status' [-Wmissing-prototypes]
void vis_status(void)
     ^
main.c(54): note: declare 'static' if the function is not intended to be used outside of this translation unit
void vis_status(void)
^
static 
main.c(74): warning: passing 'char [5]' to parameter of type 'uint8 *' (aka 'unsigned char *') converts between pointers to integer types with different sign [-Wpointer-sign]
        HESP32_SendCommand("1000");
                           ^~~~~~
./ESP32_Interface.h(26): note: passing argument to parameter 'P_uint8Command' here
Std_ReturnType HESP32_SendCommand                (uint8* P_uint8Command);
                                                         ^
main.c(72): warning: no previous prototype for function 'wavelength' [-Wmissing-prototypes]
void wavelength(void)
     ^
main.c(72): note: declare 'static' if the function is not intended to be used outside of this translation unit
void wavelength(void)
^
static 
main.c(80): warning: passing 'char [6]' to parameter of type 'uint8 *' (aka 'unsigned char *') converts between pointers to integer types with different sign [-Wpointer-sign]
                                HESP32_SendCommand("17.23");
                                                   ^~~~~~~
./ESP32_Interface.h(26): note: passing argument to parameter 'P_uint8Command' here
Std_ReturnType HESP32_SendCommand                (uint8* P_uint8Command);
                                                         ^
main.c(76): warning: no previous prototype for function 'Abs_Check_1' [-Wmissing-prototypes]
void Abs_Check_1(float32* P_float32RxAbs)
     ^
main.c(76): note: declare 'static' if the function is not intended to be used outside of this translation unit
void Abs_Check_1(float32* P_float32RxAbs)
^
static 
main.c(90): warning: passing 'char [6]' to parameter of type 'uint8 *' (aka 'unsigned char *') converts between pointers to integer types with different sign [-Wpointer-sign]
                                HESP32_SendCommand("30.94");
                                                   ^~~~~~~
./ESP32_Interface.h(26): note: passing argument to parameter 'P_uint8Command' here
Std_ReturnType HESP32_SendCommand                (uint8* P_uint8Command);
                                                         ^
main.c(86): warning: no previous prototype for function 'Abs_Check_2' [-Wmissing-prototypes]
void Abs_Check_2(float32* P_float32RxAbs)
     ^
main.c(86): note: declare 'static' if the function is not intended to be used outside of this translation unit
void Abs_Check_2(float32* P_float32RxAbs)
^
static 
main.c(101): warning: binary integer literals are a GNU extension [-Wgnu-binary-literal]
    MGPIO_SetPinMode(MGPIO_PORTA, MGPIO_PIN5, MGPIO_OUTPUT_PUSH_PULL_2MHZ);
                                              ^
./GPIO_Interface.h(55): note: expanded from macro 'MGPIO_OUTPUT_PUSH_PULL_2MHZ'
#define MGPIO_OUTPUT_PUSH_PULL_2MHZ                 (uint32)0b0010     /* GPIO Output Push-Pull Mode, 2MHz */
                                                            ^
main.c(104): warning: binary integer literals are a GNU extension [-Wgnu-binary-literal]
    MGPIO_SetPinMode(MGPIO_PORTA, MGPIO_PIN4, MGPIO_OUTPUT_PUSH_PULL_2MHZ);
                                              ^
./GPIO_Interface.h(55): note: expanded from macro 'MGPIO_OUTPUT_PUSH_PULL_2MHZ'
#define MGPIO_OUTPUT_PUSH_PULL_2MHZ                 (uint32)0b0010     /* GPIO Output Push-Pull Mode, 2MHz */
                                                            ^
29 warnings generated.
compiling main.c...
assembling startup_stm32f10x_md.s...
STK_Program.c(2): warning: non-portable path to file '"Std_Types.h"'; specified path differs in case from file name on disk [-Wnonportable-include-path]
#include "STD_TYPES.h"
         ^~~~~~~~~~~~~
         "Std_Types.h"
STK_Program.c(2): warning: In file included from...
./STD_TYPES.h(14): warning: In file included from...
./Platform_Types.h(73): warning: no newline at end of file [-Wnewline-eof]
#endif /*_PLATFORM_TYPES_H_*/
                             ^
STK_Program.c(2): warning: In file included from...
./STD_TYPES.h(31): warning: no newline at end of file [-Wnewline-eof]
#endif /*_STD_TYPES_H_*/
                        ^
STK_Program.c(4): warning: In file included from...
./STK_Private.h(88): warning: no newline at end of file [-Wnewline-eof]
#endif /*_STK_PRIVATE_H_*/
                          ^
STK_Program.c(5): warning: In file included from...
./STK_Interface.h(69): warning: no newline at end of file [-Wnewline-eof]
#endif /*_STK_INTERFACE_H_*/
                            ^
STK_Program.c(135): warning: implicit conversion changes signedness: 'int' to 'unsigned long' [-Wsign-conversion]
    CLR_BIT((STK -> CTRL), STK_CTRL_ENABLE);
    ^~~~~~~~~~~~~~~~~~~~~~~~~~~~~~~~~~~~~~~
./BIT_MATH.h(15): note: expanded from macro 'CLR_BIT'
#define CLR_BIT(REG,BIT)                        (REG &= ~(1 << BIT))
                                                     ~~ ^~~~~~~~~~~
STK_Program.c(149): warning: implicit conversion changes signedness: 'int' to 'unsigned long' [-Wsign-conversion]
    CLR_BIT((STK -> CTRL), STK_CTRL_ENABLE);
    ^~~~~~~~~~~~~~~~~~~~~~~~~~~~~~~~~~~~~~~
./BIT_MATH.h(15): note: expanded from macro 'CLR_BIT'
#define CLR_BIT(REG,BIT)                        (REG &= ~(1 << BIT))
                                                     ~~ ^~~~~~~~~~~
STK_Program.c(170): warning: implicit conversion changes signedness: 'int' to 'unsigned long' [-Wsign-conversion]
        CLR_BIT((STK -> CTRL), STK_CTRL_ENABLE);
        ^~~~~~~~~~~~~~~~~~~~~~~~~~~~~~~~~~~~~~~
./BIT_MATH.h(15): note: expanded from macro 'CLR_BIT'
#define CLR_BIT(REG,BIT)                        (REG &= ~(1 << BIT))
                                                     ~~ ^~~~~~~~~~~
STK_Program.c(185): warning: implicit conversion changes signedness: 'int' to 'unsigned long' [-Wsign-conversion]
        CLR_BIT((STK -> CTRL), STK_CTRL_ENABLE);
        ^~~~~~~~~~~~~~~~~~~~~~~~~~~~~~~~~~~~~~~
./BIT_MATH.h(15): note: expanded from macro 'CLR_BIT'
#define CLR_BIT(REG,BIT)                        (REG &= ~(1 << BIT))
                                                     ~~ ^~~~~~~~~~~
STK_Program.c(222): warning: no previous prototype for function 'SysTick_Handler' [-Wmissing-prototypes]
void SysTick_Handler(void)
     ^
STK_Program.c(222): note: declare 'static' if the function is not intended to be used outside of this translation unit
void SysTick_Handler(void)
^
static 
10 warnings generated.
compiling STK_Program.c...
UART_Program.c(12): warning: In file included from...
./Std_Types.h(14): warning: In file included from...
./Platform_Types.h(73): warning: no newline at end of file [-Wnewline-eof]
#endif /*_PLATFORM_TYPES_H_*/
                             ^
UART_Program.c(12): warning: In file included from...
./Std_Types.h(31): warning: no newline at end of file [-Wnewline-eof]
#endif /*_STD_TYPES_H_*/
                        ^
UART_Program.c(14): warning: In file included from...
./UART_Private.h(299): warning: no newline at end of file [-Wnewline-eof]
#endif /*_UART_PRIVATE_H_*/
                           ^
UART_Program.c(15): warning: In file included from...
./UART_Interface.h(128): warning: no newline at end of file [-Wnewline-eof]
#endif /*_UART_INTERFACE_H_*/
                             ^
UART_Program.c(16): warning: In file included from...
./UART_Config.h(53): warning: no newline at end of file [-Wnewline-eof]
#endif /*_UART_CONFIG_H_*/
                          ^
UART_Program.c(17): warning: In file included from...
./GPIO_Interface.h(119): warning: no newline at end of file [-Wnewline-eof]
#endif /*_GPIO_INTERFACE_H_*/
                             ^
UART_Program.c(37): warning: implicit conversion changes signedness: 'int' to 'unsigned long' [-Wsign-conversion]
        CLR_BIT(((UART[Copy_UARTChoice]) -> CR1), MUART_CR1_M_BIT);
        ^~~~~~~~~~~~~~~~~~~~~~~~~~~~~~~~~~~~~~~~~~~~~~~~~~~~~~~~~~
./BIT_MATH.h(15): note: expanded from macro 'CLR_BIT'
#define CLR_BIT(REG,BIT)                        (REG &= ~(1 << BIT))
                                                     ~~ ^~~~~~~~~~~
UART_Program.c(45): warning: implicit conversion changes signedness: 'int' to 'unsigned long' [-Wsign-conversion]
        CLR_BIT(((UART[Copy_UARTChoice]) -> CR1), MUART_CR1_PCE_BIT);
        ^~~~~~~~~~~~~~~~~~~~~~~~~~~~~~~~~~~~~~~~~~~~~~~~~~~~~~~~~~~~
./BIT_MATH.h(15): note: expanded from macro 'CLR_BIT'
#define CLR_BIT(REG,BIT)                        (REG &= ~(1 << BIT))
                                                     ~~ ^~~~~~~~~~~
UART_Program.c(56): warning: binary integer literals are a GNU extension [-Wgnu-binary-literal]
    ((UART[Copy_UARTChoice]) -> CR2) &= ~(((uint32) 0b11) << MUART_CR2_STOP_START_BIT);
                                                    ^
UART_Program.c(58): warning: binary integer literals are a GNU extension [-Wgnu-binary-literal]
    #if ((MUART_NO_OF_STOP_BITS == MUART_HALF_STOP_BIT) || (MUART_NO_OF_STOP_BITS == MUART_ONE_STOP_BIT) || (MUART_NO_OF_STOP_BITS == MUART_ONE_HALF_STOP_BIT) || (MUART_NO_OF_STOP_BITS == MUART_TWO_STOP_BIT))
          ^
./UART_Config.h(34): note: expanded from macro 'MUART_NO_OF_STOP_BITS'
#define MUART_NO_OF_STOP_BITS           MUART_ONE_STOP_BIT
                                        ^
./UART_Private.h(282): note: expanded from macro 'MUART_ONE_STOP_BIT'
#define MUART_ONE_STOP_BIT                          0b00
                                                    ^
UART_Program.c(58): warning: binary integer literals are a GNU extension [-Wgnu-binary-literal]
    #if ((MUART_NO_OF_STOP_BITS == MUART_HALF_STOP_BIT) || (MUART_NO_OF_STOP_BITS == MUART_ONE_STOP_BIT) || (MUART_NO_OF_STOP_BITS == MUART_ONE_HALF_STOP_BIT) || (MUART_NO_OF_STOP_BITS == MUART_TWO_STOP_BIT))
                                   ^
./UART_Private.h(283): note: expanded from macro 'MUART_HALF_STOP_BIT'
#define MUART_HALF_STOP_BIT                         0b01
                                                    ^
UART_Program.c(58): warning: binary integer literals are a GNU extension [-Wgnu-binary-literal]
    #if ((MUART_NO_OF_STOP_BITS == MUART_HALF_STOP_BIT) || (MUART_NO_OF_STOP_BITS == MUART_ONE_STOP_BIT) || (MUART_NO_OF_STOP_BITS == MUART_ONE_HALF_STOP_BIT) || (MUART_NO_OF_STOP_BITS == MUART_TWO_STOP_BIT))
                                                            ^
./UART_Config.h(34): note: expanded from macro 'MUART_NO_OF_STOP_BITS'
#define MUART_NO_OF_STOP_BITS           MUART_ONE_STOP_BIT
                                        ^
./UART_Private.h(282): note: expanded from macro 'MUART_ONE_STOP_BIT'
#define MUART_ONE_STOP_BIT                          0b00
                                                    ^
UART_Program.c(58): warning: binary integer literals are a GNU extension [-Wgnu-binary-literal]
    #if ((MUART_NO_OF_STOP_BITS == MUART_HALF_STOP_BIT) || (MUART_NO_OF_STOP_BITS == MUART_ONE_STOP_BIT) || (MUART_NO_OF_STOP_BITS == MUART_ONE_HALF_STOP_BIT) || (MUART_NO_OF_STOP_BITS == MUART_TWO_STOP_BIT))
                                                                                     ^
./UART_Private.h(282): note: expanded from macro 'MUART_ONE_STOP_BIT'
#define MUART_ONE_STOP_BIT                          0b00
                                                    ^
UART_Program.c(58): warning: binary integer literals are a GNU extension [-Wgnu-binary-literal]
    #if ((MUART_NO_OF_STOP_BITS == MUART_HALF_STOP_BIT) || (MUART_NO_OF_STOP_BITS == MUART_ONE_STOP_BIT) || (MUART_NO_OF_STOP_BITS == MUART_ONE_HALF_STOP_BIT) || (MUART_NO_OF_STOP_BITS == MUART_TWO_STOP_BIT))
                                                                                                             ^
./UART_Config.h(34): note: expanded from macro 'MUART_NO_OF_STOP_BITS'
#define MUART_NO_OF_STOP_BITS           MUART_ONE_STOP_BIT
                                        ^
./UART_Private.h(282): note: expanded from macro 'MUART_ONE_STOP_BIT'
#define MUART_ONE_STOP_BIT                          0b00
                                                    ^
UART_Program.c(58): warning: binary integer literals are a GNU extension [-Wgnu-binary-literal]
    #if ((MUART_NO_OF_STOP_BITS == MUART_HALF_STOP_BIT) || (MUART_NO_OF_STOP_BITS == MUART_ONE_STOP_BIT) || (MUART_NO_OF_STOP_BITS == MUART_ONE_HALF_STOP_BIT) || (MUART_NO_OF_STOP_BITS == MUART_TWO_STOP_BIT))
                                                                                                                                      ^
./UART_Private.h(285): note: expanded from macro 'MUART_ONE_HALF_STOP_BIT'
#define MUART_ONE_HALF_STOP_BIT                     0b11
                                                    ^
UART_Program.c(58): warning: binary integer literals are a GNU extension [-Wgnu-binary-literal]
    #if ((MUART_NO_OF_STOP_BITS == MUART_HALF_STOP_BIT) || (MUART_NO_OF_STOP_BITS == MUART_ONE_STOP_BIT) || (MUART_NO_OF_STOP_BITS == MUART_ONE_HALF_STOP_BIT) || (MUART_NO_OF_STOP_BITS == MUART_TWO_STOP_BIT))
                                                                                                                                                                   ^
./UART_Config.h(34): note: expanded from macro 'MUART_NO_OF_STOP_BITS'
#define MUART_NO_OF_STOP_BITS           MUART_ONE_STOP_BIT
                                        ^
./UART_Private.h(282): note: expanded from macro 'MUART_ONE_STOP_BIT'
#define MUART_ONE_STOP_BIT                          0b00
                                                    ^
UART_Program.c(58): warning: binary integer literals are a GNU extension [-Wgnu-binary-literal]
    #if ((MUART_NO_OF_STOP_BITS == MUART_HALF_STOP_BIT) || (MUART_NO_OF_STOP_BITS == MUART_ONE_STOP_BIT) || (MUART_NO_OF_STOP_BITS == MUART_ONE_HALF_STOP_BIT) || (MUART_NO_OF_STOP_BITS == MUART_TWO_STOP_BIT))
                                                                                                                                                                                            ^
./UART_Private.h(284): note: expanded from macro 'MUART_TWO_STOP_BIT'
#define MUART_TWO_STOP_BIT                          0b10
                                                    ^
UART_Program.c(59): warning: binary integer literals are a GNU extension [-Wgnu-binary-literal]
        ((UART[Copy_UARTChoice]) -> CR2) |= (((uint32) MUART_NO_OF_STOP_BITS) << MUART_CR2_STOP_START_BIT);
                                                       ^
./UART_Config.h(34): note: expanded from macro 'MUART_NO_OF_STOP_BITS'
#define MUART_NO_OF_STOP_BITS           MUART_ONE_STOP_BIT
                                        ^
./UART_Private.h(282): note: expanded from macro 'MUART_ONE_STOP_BIT'
#define MUART_ONE_STOP_BIT                          0b00
                                                    ^
UART_Program.c(67): warning: implicit conversion changes signedness: 'int' to 'unsigned long' [-Wsign-conversion]
        CLR_BIT(((UART[Copy_UARTChoice]) -> CR1), MUART_CR1_TCIE_BIT);
        ^~~~~~~~~~~~~~~~~~~~~~~~~~~~~~~~~~~~~~~~~~~~~~~~~~~~~~~~~~~~~
./BIT_MATH.h(15): note: expanded from macro 'CLR_BIT'
#define CLR_BIT(REG,BIT)                        (REG &= ~(1 << BIT))
                                                     ~~ ^~~~~~~~~~~
UART_Program.c(84): warning: implicit conversion increases floating-point precision: 'float' to 'double' [-Wdouble-promotion]
    uint16 Loc_uint16Fraction = (uint16)(((Loc_float32UARTDIV - Loc_uint16Mantissa) * 16) + 0.5);
                                          ~~~~~~~~~~~~~~~~~~~~~~~~~~~~~~~~~~~~~~~~~~^~~~  ~
UART_Program.c(91): warning: implicit conversion changes signedness: 'int' to 'uint32' (aka 'unsigned long') [-Wsign-conversion]
    ((UART[Copy_UARTChoice]) -> BRR) = (Loc_uint16Fraction << MUART_BRR_FRACTION_START_BIT) | (Loc_uint16Mantissa << MUART_BRR_MANTISSA_START_BIT);
                                     ~ ~~~~~~~~~~~~~~~~~~~~~~~~~~~~~~~~~~~~~~~~~~~~~~~~~~~~~^~~~~~~~~~~~~~~~~~~~~~~~~~~~~~~~~~~~~~~~~~~~~~~~~~~~~~
UART_Program.c(97): warning: implicit conversion changes signedness: 'int' to 'unsigned long' [-Wsign-conversion]
        CLR_BIT(((UART[Copy_UARTChoice]) -> SR) , MUART_SR_TC_BIT);
        ^~~~~~~~~~~~~~~~~~~~~~~~~~~~~~~~~~~~~~~~~~~~~~~~~~~~~~~~~~
./BIT_MATH.h(15): note: expanded from macro 'CLR_BIT'
#define CLR_BIT(REG,BIT)                        (REG &= ~(1 << BIT))
                                                     ~~ ^~~~~~~~~~~
UART_Program.c(98): warning: implicit conversion changes signedness: 'int' to 'unsigned long' [-Wsign-conversion]
    CLR_BIT(((UART[Copy_UARTChoice]) -> SR) , MUART_SR_RXNE_BIT);
    ^~~~~~~~~~~~~~~~~~~~~~~~~~~~~~~~~~~~~~~~~~~~~~~~~~~~~~~~~~~~
./BIT_MATH.h(15): note: expanded from macro 'CLR_BIT'
#define CLR_BIT(REG,BIT)                        (REG &= ~(1 << BIT))
                                                     ~~ ^~~~~~~~~~~
UART_Program.c(128): warning: implicit conversion changes signedness: 'int' to 'unsigned long' [-Wsign-conversion]
    CLR_BIT(((UART[Copy_UARTChoice]) -> SR) , MUART_SR_TC_BIT);
    ^~~~~~~~~~~~~~~~~~~~~~~~~~~~~~~~~~~~~~~~~~~~~~~~~~~~~~~~~~
./BIT_MATH.h(15): note: expanded from macro 'CLR_BIT'
#define CLR_BIT(REG,BIT)                        (REG &= ~(1 << BIT))
                                                     ~~ ^~~~~~~~~~~
UART_Program.c(116): warning: while loop has empty body [-Wempty-body]
    while(!(GET_BIT(((UART[Copy_UARTChoice]) -> SR), MUART_SR_TXE_BIT)));
                                                                        ^
UART_Program.c(116): note: put the semicolon on a separate line to silence this warning
UART_Program.c(147): warning: while loop has empty body [-Wempty-body]
    while(!(GET_BIT(((UART[Copy_UARTChoice]) -> SR), MUART_SR_TXE_BIT)));
                                                                        ^
UART_Program.c(147): note: put the semicolon on a separate line to silence this warning
UART_Program.c(176): warning: implicit conversion changes signedness: 'int' to 'unsigned long' [-Wsign-conversion]
        CLR_BIT(((UART[Copy_UARTChoice]) -> SR) , MUART_SR_RXNE_BIT);
        ^~~~~~~~~~~~~~~~~~~~~~~~~~~~~~~~~~~~~~~~~~~~~~~~~~~~~~~~~~~~
./BIT_MATH.h(15): note: expanded from macro 'CLR_BIT'
#define CLR_BIT(REG,BIT)                        (REG &= ~(1 << BIT))
                                                     ~~ ^~~~~~~~~~~
UART_Program.c(239): warning: implicit conversion changes signedness: 'int' to 'unsigned long' [-Wsign-conversion]
        CLR_BIT(((UART[Copy_UARTChoice]) -> SR) , MUART_SR_RXNE_BIT);
        ^~~~~~~~~~~~~~~~~~~~~~~~~~~~~~~~~~~~~~~~~~~~~~~~~~~~~~~~~~~~
./BIT_MATH.h(15): note: expanded from macro 'CLR_BIT'
#define CLR_BIT(REG,BIT)                        (REG &= ~(1 << BIT))
                                                     ~~ ^~~~~~~~~~~
UART_Program.c(334): warning: implicit conversion changes signedness: 'int' to 'unsigned long' [-Wsign-conversion]
    CLR_BIT(((UART[0]) -> SR) , MUART_SR_TC_BIT);
    ^~~~~~~~~~~~~~~~~~~~~~~~~~~~~~~~~~~~~~~~~~~~
./BIT_MATH.h(15): note: expanded from macro 'CLR_BIT'
#define CLR_BIT(REG,BIT)                        (REG &= ~(1 << BIT))
                                                     ~~ ^~~~~~~~~~~
UART_Program.c(335): warning: implicit conversion changes signedness: 'int' to 'unsigned long' [-Wsign-conversion]
    CLR_BIT(((UART[0]) -> SR) , MUART_SR_RXNE_BIT);
    ^~~~~~~~~~~~~~~~~~~~~~~~~~~~~~~~~~~~~~~~~~~~~~
./BIT_MATH.h(15): note: expanded from macro 'CLR_BIT'
#define CLR_BIT(REG,BIT)                        (REG &= ~(1 << BIT))
                                                     ~~ ^~~~~~~~~~~
UART_Program.c(324): warning: no previous prototype for function 'USART1_IRQHandler' [-Wmissing-prototypes]
void USART1_IRQHandler(void)
     ^
UART_Program.c(324): note: declare 'static' if the function is not intended to be used outside of this translation unit
void USART1_IRQHandler(void)
^
static 
UART_Program.c(347): warning: implicit conversion changes signedness: 'int' to 'unsigned long' [-Wsign-conversion]
    CLR_BIT(((UART[1]) -> SR) , MUART_SR_TC_BIT);
    ^~~~~~~~~~~~~~~~~~~~~~~~~~~~~~~~~~~~~~~~~~~~
./BIT_MATH.h(15): note: expanded from macro 'CLR_BIT'
#define CLR_BIT(REG,BIT)                        (REG &= ~(1 << BIT))
                                                     ~~ ^~~~~~~~~~~
UART_Program.c(348): warning: implicit conversion changes signedness: 'int' to 'unsigned long' [-Wsign-conversion]
    CLR_BIT(((UART[1]) -> SR) , MUART_SR_RXNE_BIT);
    ^~~~~~~~~~~~~~~~~~~~~~~~~~~~~~~~~~~~~~~~~~~~~~
./BIT_MATH.h(15): note: expanded from macro 'CLR_BIT'
#define CLR_BIT(REG,BIT)                        (REG &= ~(1 << BIT))
                                                     ~~ ^~~~~~~~~~~
UART_Program.c(337): warning: no previous prototype for function 'USART2_IRQHandler' [-Wmissing-prototypes]
void USART2_IRQHandler(void)
     ^
UART_Program.c(337): note: declare 'static' if the function is not intended to be used outside of this translation unit
void USART2_IRQHandler(void)
^
static 
UART_Program.c(361): warning: implicit conversion changes signedness: 'int' to 'unsigned long' [-Wsign-conversion]
    CLR_BIT(((UART[2]) -> SR) , MUART_SR_TC_BIT);
    ^~~~~~~~~~~~~~~~~~~~~~~~~~~~~~~~~~~~~~~~~~~~
./BIT_MATH.h(15): note: expanded from macro 'CLR_BIT'
#define CLR_BIT(REG,BIT)                        (REG &= ~(1 << BIT))
                                                     ~~ ^~~~~~~~~~~
UART_Program.c(362): warning: implicit conversion changes signedness: 'int' to 'unsigned long' [-Wsign-conversion]
    CLR_BIT(((UART[2]) -> SR) , MUART_SR_RXNE_BIT);
    ^~~~~~~~~~~~~~~~~~~~~~~~~~~~~~~~~~~~~~~~~~~~~~
./BIT_MATH.h(15): note: expanded from macro 'CLR_BIT'
#define CLR_BIT(REG,BIT)                        (REG &= ~(1 << BIT))
                                                     ~~ ^~~~~~~~~~~
UART_Program.c(363): warning: no newline at end of file [-Wnewline-eof]
}
 ^
UART_Program.c(351): warning: no previous prototype for function 'USART3_IRQHandler' [-Wmissing-prototypes]
void USART3_IRQHandler(void)
     ^
UART_Program.c(351): note: declare 'static' if the function is not intended to be used outside of this translation unit
void USART3_IRQHandler(void)
^
static 
38 warnings generated.
compiling UART_Program.c...
linking...
Program Size: Code=9904 RO-data=752 RW-data=240 ZI-data=1720  
FromELF: creating hex file...
".\Objects\STM32_TEST.axf" - 0 Error(s), 149 Warning(s).

<h2>Software Packages used:</h2>

Package Vendor: ARM
                http://www.keil.com/pack/ARM.CMSIS.5.9.0.pack
                ARM.CMSIS.5.9.0
                CMSIS (Common Microcontroller Software Interface Standard)
   * Component: CORE Version: 5.6.0

Package Vendor: Keil
                https://www.keil.com/pack/Keil.STM32F1xx_DFP.2.4.1.pack
                Keil.STM32F1xx_DFP.2.4.1
                STMicroelectronics STM32F1 Series Device Support, Drivers and Examples
   * Component: Startup Version: 1.0.0

<h2>Collection of Component include folders:</h2>
  .\RTE\Device\STM32F103C8
  .\RTE\_Target_1
  C:\Users\Ahmed\AppData\Local\Arm\Packs\ARM\CMSIS\5.9.0\CMSIS\Core\Include
  C:\Users\Ahmed\AppData\Local\Arm\Packs\Keil\STM32F1xx_DFP\2.4.1\Device\Include

<h2>Collection of Component Files used:</h2>

   * Component: ARM::CMSIS:CORE:5.6.0

   * Component: Keil::Device:Startup:1.0.0
      Include file:  RTE_Driver\Config\RTE_Device.h
      Source file:   Device\Source\ARM\STM32F1xx_OPT.s
      Source file:   Device\Source\system_stm32f10x.c
      Source file:   Device\Source\ARM\startup_stm32f10x_md.s
Build Time Elapsed:  00:00:02
</pre>
</body>
</html>
