Archive member included to satisfy reference by file (symbol)

D:/ST/STM32CubeIDE_1.13.1/STM32CubeIDE/plugins/com.st.stm32cube.ide.mcu.externaltools.gnu-tools-for-stm32.12.3.rel1.win32_1.0.100.202403111256/tools/bin/../lib/gcc/arm-none-eabi/12.3.1/../../../../arm-none-eabi/lib/thumb/v7-m/nofp\libc_nano.a(libc_a-atof.o)
                              ./Src/APP/SCommands/SCommands_Program.o (atof)
D:/ST/STM32CubeIDE_1.13.1/STM32CubeIDE/plugins/com.st.stm32cube.ide.mcu.externaltools.gnu-tools-for-stm32.12.3.rel1.win32_1.0.100.202403111256/tools/bin/../lib/gcc/arm-none-eabi/12.3.1/../../../../arm-none-eabi/lib/thumb/v7-m/nofp\libc_nano.a(libc_a-atoi.o)
                              ./Src/APP/SCommands/SCommands_Program.o (atoi)
D:/ST/STM32CubeIDE_1.13.1/STM32CubeIDE/plugins/com.st.stm32cube.ide.mcu.externaltools.gnu-tools-for-stm32.12.3.rel1.win32_1.0.100.202403111256/tools/bin/../lib/gcc/arm-none-eabi/12.3.1/../../../../arm-none-eabi/lib/thumb/v7-m/nofp\libc_nano.a(libc_a-exit.o)
                              D:/ST/STM32CubeIDE_1.13.1/STM32CubeIDE/plugins/com.st.stm32cube.ide.mcu.externaltools.gnu-tools-for-stm32.12.3.rel1.win32_1.0.100.202403111256/tools/bin/../lib/gcc/arm-none-eabi/12.3.1/../../../../arm-none-eabi/lib/thumb/v7-m/nofp/crt0.o (exit)
D:/ST/STM32CubeIDE_1.13.1/STM32CubeIDE/plugins/com.st.stm32cube.ide.mcu.externaltools.gnu-tools-for-stm32.12.3.rel1.win32_1.0.100.202403111256/tools/bin/../lib/gcc/arm-none-eabi/12.3.1/../../../../arm-none-eabi/lib/thumb/v7-m/nofp\libc_nano.a(libc_a-rand.o)
                              ./Src/APP/SCommands/SCommands_Program.o (srand)
D:/ST/STM32CubeIDE_1.13.1/STM32CubeIDE/plugins/com.st.stm32cube.ide.mcu.externaltools.gnu-tools-for-stm32.12.3.rel1.win32_1.0.100.202403111256/tools/bin/../lib/gcc/arm-none-eabi/12.3.1/../../../../arm-none-eabi/lib/thumb/v7-m/nofp\libc_nano.a(libc_a-strtod.o)
                              D:/ST/STM32CubeIDE_1.13.1/STM32CubeIDE/plugins/com.st.stm32cube.ide.mcu.externaltools.gnu-tools-for-stm32.12.3.rel1.win32_1.0.100.202403111256/tools/bin/../lib/gcc/arm-none-eabi/12.3.1/../../../../arm-none-eabi/lib/thumb/v7-m/nofp\libc_nano.a(libc_a-atof.o) (strtod)
D:/ST/STM32CubeIDE_1.13.1/STM32CubeIDE/plugins/com.st.stm32cube.ide.mcu.externaltools.gnu-tools-for-stm32.12.3.rel1.win32_1.0.100.202403111256/tools/bin/../lib/gcc/arm-none-eabi/12.3.1/../../../../arm-none-eabi/lib/thumb/v7-m/nofp\libc_nano.a(libc_a-strtol.o)
                              D:/ST/STM32CubeIDE_1.13.1/STM32CubeIDE/plugins/com.st.stm32cube.ide.mcu.externaltools.gnu-tools-for-stm32.12.3.rel1.win32_1.0.100.202403111256/tools/bin/../lib/gcc/arm-none-eabi/12.3.1/../../../../arm-none-eabi/lib/thumb/v7-m/nofp\libc_nano.a(libc_a-atoi.o) (_strtol_r)
D:/ST/STM32CubeIDE_1.13.1/STM32CubeIDE/plugins/com.st.stm32cube.ide.mcu.externaltools.gnu-tools-for-stm32.12.3.rel1.win32_1.0.100.202403111256/tools/bin/../lib/gcc/arm-none-eabi/12.3.1/../../../../arm-none-eabi/lib/thumb/v7-m/nofp\libc_nano.a(libc_a-ctype_.o)
                              D:/ST/STM32CubeIDE_1.13.1/STM32CubeIDE/plugins/com.st.stm32cube.ide.mcu.externaltools.gnu-tools-for-stm32.12.3.rel1.win32_1.0.100.202403111256/tools/bin/../lib/gcc/arm-none-eabi/12.3.1/../../../../arm-none-eabi/lib/thumb/v7-m/nofp\libc_nano.a(libc_a-strtol.o) (_ctype_)
D:/ST/STM32CubeIDE_1.13.1/STM32CubeIDE/plugins/com.st.stm32cube.ide.mcu.externaltools.gnu-tools-for-stm32.12.3.rel1.win32_1.0.100.202403111256/tools/bin/../lib/gcc/arm-none-eabi/12.3.1/../../../../arm-none-eabi/lib/thumb/v7-m/nofp\libc_nano.a(libc_a-findfp.o)
                              D:/ST/STM32CubeIDE_1.13.1/STM32CubeIDE/plugins/com.st.stm32cube.ide.mcu.externaltools.gnu-tools-for-stm32.12.3.rel1.win32_1.0.100.202403111256/tools/bin/../lib/gcc/arm-none-eabi/12.3.1/../../../../arm-none-eabi/lib/thumb/v7-m/nofp\libc_nano.a(libc_a-exit.o) (__stdio_exit_handler)
D:/ST/STM32CubeIDE_1.13.1/STM32CubeIDE/plugins/com.st.stm32cube.ide.mcu.externaltools.gnu-tools-for-stm32.12.3.rel1.win32_1.0.100.202403111256/tools/bin/../lib/gcc/arm-none-eabi/12.3.1/../../../../arm-none-eabi/lib/thumb/v7-m/nofp\libc_nano.a(libc_a-fwalk.o)
                              D:/ST/STM32CubeIDE_1.13.1/STM32CubeIDE/plugins/com.st.stm32cube.ide.mcu.externaltools.gnu-tools-for-stm32.12.3.rel1.win32_1.0.100.202403111256/tools/bin/../lib/gcc/arm-none-eabi/12.3.1/../../../../arm-none-eabi/lib/thumb/v7-m/nofp\libc_nano.a(libc_a-findfp.o) (_fwalk_sglue)
D:/ST/STM32CubeIDE_1.13.1/STM32CubeIDE/plugins/com.st.stm32cube.ide.mcu.externaltools.gnu-tools-for-stm32.12.3.rel1.win32_1.0.100.202403111256/tools/bin/../lib/gcc/arm-none-eabi/12.3.1/../../../../arm-none-eabi/lib/thumb/v7-m/nofp\libc_nano.a(libc_a-stdio.o)
                              D:/ST/STM32CubeIDE_1.13.1/STM32CubeIDE/plugins/com.st.stm32cube.ide.mcu.externaltools.gnu-tools-for-stm32.12.3.rel1.win32_1.0.100.202403111256/tools/bin/../lib/gcc/arm-none-eabi/12.3.1/../../../../arm-none-eabi/lib/thumb/v7-m/nofp\libc_nano.a(libc_a-findfp.o) (__sread)
[...]
Memory Configuration

Name             Origin             Length             Attributes
RAM              0x20000000         0x00005000         xrw
FLASH            0x08000000         0x00010000         xr
*default*        0x00000000         0xffffffff

Linker script and memory map

LOAD D:/ST/STM32CubeIDE_1.13.1/STM32CubeIDE/plugins/com.st.stm32cube.ide.mcu.externaltools.gnu-tools-for-stm32.12.3.rel1.win32_1.0.100.202403111256/tools/bin/../lib/gcc/arm-none-eabi/12.3.1/thumb/v7-m/nofp/crti.o
LOAD D:/ST/STM32CubeIDE_1.13.1/STM32CubeIDE/plugins/com.st.stm32cube.ide.mcu.externaltools.gnu-tools-for-stm32.12.3.rel1.win32_1.0.100.202403111256/tools/bin/../lib/gcc/arm-none-eabi/12.3.1/thumb/v7-m/nofp/crtbegin.o
LOAD D:/ST/STM32CubeIDE_1.13.1/STM32CubeIDE/plugins/com.st.stm32cube.ide.mcu.externaltools.gnu-tools-for-stm32.12.3.rel1.win32_1.0.100.202403111256/tools/bin/../lib/gcc/arm-none-eabi/12.3.1/../../../../arm-none-eabi/lib/thumb/v7-m/nofp/crt0.o
LOAD ./Src/APP/SCommands/SCommands_Program.o
LOAD ./Src/APP/SPECTRO/SPECTRO_Program.o
LOAD ./Src/APP/Signal_Conditioning/signal_conditioning.o
LOAD ./Src/APP/SpectroStatus/SpectroStatus_Program.o
LOAD ./Src/HAL/ADS1115/ADC.o
LOAD ./Src/HAL/EEPROM/I2C_Slave_EEPROM.o
LOAD ./Src/HAL/ESP32/ESP32_Program.o
LOAD ./Src/HAL/LCD/LCD_Program.o
LOAD ./Src/HAL/MCP4151/MCP4151.o
LOAD ./Src/HAL/PWRSupply/HPWRSupply_Program.o
LOAD ./Src/HAL/SPWRVolt/SPWRVolt_Program.o
LOAD ./Src/HAL/STEPPER_MOTOR/MOTORS_Program.o
LOAD ./Src/MCAL/ADC/ADC_Program.o
LOAD ./Src/MCAL/AFIO/AFIO_Program.o
LOAD ./Src/MCAL/EXTI/EXTI_Program.o
LOAD ./Src/MCAL/GI/GI_Program.o
LOAD ./Src/MCAL/GPIO/GPIO_Program.o
LOAD ./Src/MCAL/GPTMR/GPTMR_Program.o
LOAD ./Src/MCAL/I2C/I2C_Program.o
LOAD ./Src/MCAL/NVIC/NVIC_Program.o
LOAD ./Src/MCAL/RCC/RCC_Program.o
LOAD ./Src/MCAL/RTC/RTC_Program.o
LOAD ./Src/MCAL/SCB/SCB_Program.o
LOAD ./Src/MCAL/SPI/SPI_Program.o
LOAD ./Src/MCAL/STK/STK_Program.o
LOAD ./Src/MCAL/UART/UART_Program.o
LOAD ./Src/main.o
LOAD ./Src/syscalls.o
LOAD ./Src/sysmem.o
LOAD ./Startup/startup_stm32f103c8tx.o
START GROUP
LOAD D:/ST/STM32CubeIDE_1.13.1/STM32CubeIDE/plugins/com.st.stm32cube.ide.mcu.externaltools.gnu-tools-for-stm32.12.3.rel1.win32_1.0.100.202403111256/tools/bin/../lib/gcc/arm-none-eabi/12.3.1/../../../../arm-none-eabi/lib/thumb/v7-m/nofp\libc_nano.a
LOAD D:/ST/STM32CubeIDE_1.13.1/STM32CubeIDE/plugins/com.st.stm32cube.ide.mcu.externaltools.gnu-tools-for-stm32.12.3.rel1.win32_1.0.100.202403111256/tools/bin/../lib/gcc/arm-none-eabi/12.3.1/../../../../arm-none-eabi/lib/thumb/v7-m/nofp\libm.a
END GROUP
START GROUP
LOAD D:/ST/STM32CubeIDE_1.13.1/STM32CubeIDE/plugins/com.st.stm32cube.ide.mcu.externaltools.gnu-tools-for-stm32.12.3.rel1.win32_1.0.100.202403111256/tools/bin/../lib/gcc/arm-none-eabi/12.3.1/thumb/v7-m/nofp\libgcc.a
LOAD D:/ST/STM32CubeIDE_1.13.1/STM32CubeIDE/plugins/com.st.stm32cube.ide.mcu.externaltools.gnu-tools-for-stm32.12.3.rel1.win32_1.0.100.202403111256/tools/bin/../lib/gcc/arm-none-eabi/12.3.1/../../../../arm-none-eabi/lib/thumb/v7-m/nofp\libg_nano.a
LOAD D:/ST/STM32CubeIDE_1.13.1/STM32CubeIDE/plugins/com.st.stm32cube.ide.mcu.externaltools.gnu-tools-for-stm32.12.3.rel1.win32_1.0.100.202403111256/tools/bin/../lib/gcc/arm-none-eabi/12.3.1/../../../../arm-none-eabi/lib/thumb/v7-m/nofp\libc_nano.a
END GROUP
START GROUP
LOAD D:/ST/STM32CubeIDE_1.13.1/STM32CubeIDE/plugins/com.st.stm32cube.ide.mcu.externaltools.gnu-tools-for-stm32.12.3.rel1.win32_1.0.100.202403111256/tools/bin/../lib/gcc/arm-none-eabi/12.3.1/thumb/v7-m/nofp\libgcc.a
LOAD D:/ST/STM32CubeIDE_1.13.1/STM32CubeIDE/plugins/com.st.stm32cube.ide.mcu.externaltools.gnu-tools-for-stm32.12.3.rel1.win32_1.0.100.202403111256/tools/bin/../lib/gcc/arm-none-eabi/12.3.1/../../../../arm-none-eabi/lib/thumb/v7-m/nofp\libc_nano.a
LOAD D:/ST/STM32CubeIDE_1.13.1/STM32CubeIDE/plugins/com.st.stm32cube.ide.mcu.externaltools.gnu-tools-for-stm32.12.3.rel1.win32_1.0.100.202403111256/tools/bin/../lib/gcc/arm-none-eabi/12.3.1/../../../../arm-none-eabi/lib/thumb/v7-m/nofp\libnosys.a
END GROUP
START GROUP
LOAD D:/ST/STM32CubeIDE_1.13.1/STM32CubeIDE/plugins/com.st.stm32cube.ide.mcu.externaltools.gnu-tools-for-stm32.12.3.rel1.win32_1.0.100.202403111256/tools/bin/../lib/gcc/arm-none-eabi/12.3.1/thumb/v7-m/nofp\libgcc.a
LOAD D:/ST/STM32CubeIDE_1.13.1/STM32CubeIDE/plugins/com.st.stm32cube.ide.mcu.externaltools.gnu-tools-for-stm32.12.3.rel1.win32_1.0.100.202403111256/tools/bin/../lib/gcc/arm-none-eabi/12.3.1/../../../../arm-none-eabi/lib/thumb/v7-m/nofp\libc_nano.a
LOAD D:/ST/STM32CubeIDE_1.13.1/STM32CubeIDE/plugins/com.st.stm32cube.ide.mcu.externaltools.gnu-tools-for-stm32.12.3.rel1.win32_1.0.100.202403111256/tools/bin/../lib/gcc/arm-none-eabi/12.3.1/../../../../arm-none-eabi/lib/thumb/v7-m/nofp\libnosys.a
END GROUP
LOAD D:/ST/STM32CubeIDE_1.13.1/STM32CubeIDE/plugins/com.st.stm32cube.ide.mcu.externaltools.gnu-tools-for-stm32.12.3.rel1.win32_1.0.100.202403111256/tools/bin/../lib/gcc/arm-none-eabi/12.3.1/thumb/v7-m/nofp/crtend.o
LOAD D:/ST/STM32CubeIDE_1.13.1/STM32CubeIDE/plugins/com.st.stm32cube.ide.mcu.externaltools.gnu-tools-for-stm32.12.3.rel1.win32_1.0.100.202403111256/tools/bin/../lib/gcc/arm-none-eabi/12.3.1/thumb/v7-m/nofp/crtn.o
                0x20005000                        _estack = (ORIGIN (RAM) + LENGTH (RAM))
                0x00000200                        _Min_Heap_Size = 0x200
                0x00000400                        _Min_Stack_Size = 0x400

.isr_vector     0x08000000      0x130
                0x08000000                        . = ALIGN (0x4)
 *(.isr_vector)
 .isr_vector    0x08000000      0x130 ./Startup/startup_stm32f103c8tx.o
                0x08000000                g_pfnVectors
                0x08000130                        . = ALIGN (0x4)

.text           0x08000130     0xc3f0
                0x08000130                        . = ALIGN (0x4)
 *(.text)
 .text          0x08000130       0x40 D:/ST/STM32CubeIDE_1.13.1/STM32CubeIDE/plugins/com.st.stm32cube.ide.mcu.externaltools.gnu-tools-for-stm32.12.3.rel1.win32_1.0.100.202403111256/tools/bin/../lib/gcc/arm-none-eabi/12.3.1/thumb/v7-m/nofp/crtbegin.o
 .text          0x08000170       0x14 D:/ST/STM32CubeIDE_1.13.1/STM32CubeIDE/plugins/com.st.stm32cube.ide.mcu.externaltools.gnu-tools-for-stm32.12.3.rel1.win32_1.0.100.202403111256/tools/bin/../lib/gcc/arm-none-eabi/12.3.1/../../../../arm-none-eabi/lib/thumb/v7-m/nofp\libc_nano.a(libc_a-strcmp.o)
                0x08000170                strcmp
 .text          0x08000184       0x10 D:/ST/STM32CubeIDE_1.13.1/STM32CubeIDE/plugins/com.st.stm32cube.ide.mcu.externaltools.gnu-tools-for-stm32.12.3.rel1.win32_1.0.100.202403111256/tools/bin/../lib/gcc/arm-none-eabi/12.3.1/../../../../arm-none-eabi/lib/thumb/v7-m/nofp\libc_nano.a(libc_a-strlen.o)
                0x08000184                strlen
 .text          0x08000194      0x378 D:/ST/STM32CubeIDE_1.13.1/STM32CubeIDE/plugins/com.st.stm32cube.ide.mcu.externaltools.gnu-tools-for-stm32.12.3.rel1.win32_1.0.100.202403111256/tools/bin/../lib/gcc/arm-none-eabi/12.3.1/thumb/v7-m/nofp\libgcc.a(_arm_addsubdf3.o)
                0x08000194                __aeabi_drsub
                0x0800019c                __aeabi_dsub
                0x0800019c                __subdf3
                0x080001a0                __aeabi_dadd
                0x080001a0                __adddf3
                0x08000418                __floatunsidf
                0x08000418                __aeabi_ui2d
                0x08000438                __floatsidf
                0x08000438                __aeabi_i2d
                0x0800045c                __aeabi_f2d
                0x0800045c                __extendsfdf2
                0x080004a0                __floatundidf
                0x080004a0                __aeabi_ul2d
                0x080004b0                __floatdidf
                0x080004b0                __aeabi_l2d
 .text          0x0800050c      0x424 D:/ST/STM32CubeIDE_1.13.1/STM32CubeIDE/plugins/com.st.stm32cube.ide.mcu.externaltools.gnu-tools-for-stm32.12.3.rel1.win32_1.0.100.202403111256/tools/bin/../lib/gcc/arm-none-eabi/12.3.1/thumb/v7-m/nofp\libgcc.a(_arm_muldivdf3.o)
                0x0800050c                __aeabi_dmul
                0x0800050c                __muldf3
                0x08000760                __divdf3
                0x08000760                __aeabi_ddiv
 .text          0x08000930      0x110 D:/ST/STM32CubeIDE_1.13.1/STM32CubeIDE/plugins/com.st.stm32cube.ide.mcu.externaltools.gnu-tools-for-stm32.12.3.rel1.win32_1.0.100.202403111256/tools/bin/../lib/gcc/arm-none-eabi/12.3.1/thumb/v7-m/nofp\libgcc.a(_arm_cmpdf2.o)
                0x08000930                __gtdf2
                0x08000930                __gedf2
                0x08000938                __ltdf2
                0x08000938                __ledf2
                0x08000940                __nedf2
                0x08000940                __eqdf2
                0x08000940                __cmpdf2
                0x080009bc                __aeabi_cdrcmple
                0x080009cc                __aeabi_cdcmpeq
                0x080009cc                __aeabi_cdcmple
                0x080009dc                __aeabi_dcmpeq
                0x080009f0                __aeabi_dcmplt
                0x08000a04                __aeabi_dcmple
                0x08000a18                __aeabi_dcmpge
                0x08000a2c                __aeabi_dcmpgt
 .text          0x08000a40       0x2c D:/ST/STM32CubeIDE_1.13.1/STM32CubeIDE/plugins/com.st.stm32cube.ide.mcu.externaltools.gnu-tools-for-stm32.12.3.rel1.win32_1.0.100.202403111256/tools/bin/../lib/gcc/arm-none-eabi/12.3.1/thumb/v7-m/nofp\libgcc.a(_arm_unorddf2.o)
                0x08000a40                __unorddf2
                0x08000a40                __aeabi_dcmpun
 .text          0x08000a6c       0x40 D:/ST/STM32CubeIDE_1.13.1/STM32CubeIDE/plugins/com.st.stm32cube.ide.mcu.externaltools.gnu-tools-for-stm32.12.3.rel1.win32_1.0.100.202403111256/tools/bin/../lib/gcc/arm-none-eabi/12.3.1/thumb/v7-m/nofp\libgcc.a(_arm_fixunsdfsi.o)
                0x08000a6c                __aeabi_d2uiz
                0x08000a6c                __fixunsdfsi
 .text          0x08000aac       0xa0 D:/ST/STM32CubeIDE_1.13.1/STM32CubeIDE/plugins/com.st.stm32cube.ide.mcu.externaltools.gnu-tools-for-stm32.12.3.rel1.win32_1.0.100.202403111256/tools/bin/../lib/gcc/arm-none-eabi/12.3.1/thumb/v7-m/nofp\libgcc.a(_arm_truncdfsf2.o)
                0x08000aac                __truncdfsf2
                0x08000aac                __aeabi_d2f
 .text          0x08000b4c      0x21c D:/ST/STM32CubeIDE_1.13.1/STM32CubeIDE/plugins/com.st.stm32cube.ide.mcu.externaltools.gnu-tools-for-stm32.12.3.rel1.win32_1.0.100.202403111256/tools/bin/../lib/gcc/arm-none-eabi/12.3.1/thumb/v7-m/nofp\libgcc.a(_arm_addsubsf3.o)
                0x08000b4c                __aeabi_frsub
                0x08000b54                __subsf3
                0x08000b54                __aeabi_fsub
                0x08000b58                __aeabi_fadd
                0x08000b58                __addsf3
                0x08000cb8                __aeabi_ui2f
                0x08000cb8                __floatunsisf
                0x08000cc0                __aeabi_i2f
                0x08000cc0                __floatsisf
                0x08000cdc                __aeabi_ul2f
                0x08000cdc                __floatundisf
                0x08000cec                __aeabi_l2f
                0x08000cec                __floatdisf
 .text          0x08000d68      0x2a0 D:/ST/STM32CubeIDE_1.13.1/STM32CubeIDE/plugins/com.st.stm32cube.ide.mcu.externaltools.gnu-tools-for-stm32.12.3.rel1.win32_1.0.100.202403111256/tools/bin/../lib/gcc/arm-none-eabi/12.3.1/thumb/v7-m/nofp\libgcc.a(_arm_muldivsf3.o)
                0x08000d68                __mulsf3
                0x08000d68                __aeabi_fmul
                0x08000ed0                __aeabi_fdiv
                0x08000ed0                __divsf3
 .text          0x08001008       0xec D:/ST/STM32CubeIDE_1.13.1/STM32CubeIDE/plugins/com.st.stm32cube.ide.mcu.externaltools.gnu-tools-for-stm32.12.3.rel1.win32_1.0.100.202403111256/tools/bin/../lib/gcc/arm-none-eabi/12.3.1/thumb/v7-m/nofp\libgcc.a(_arm_cmpsf2.o)
                0x08001008                __gesf2
                0x08001008                __gtsf2
                0x08001010                __lesf2
                0x08001010                __ltsf2
                0x08001018                __nesf2
                0x08001018                __eqsf2
                0x08001018                __cmpsf2
                0x08001078                __aeabi_cfrcmple
                0x08001080                __aeabi_cfcmpeq
                0x08001080                __aeabi_cfcmple
                0x08001090                __aeabi_fcmpeq
                0x080010a4                __aeabi_fcmplt
                0x080010b8                __aeabi_fcmple
                0x080010cc                __aeabi_fcmpge
                0x080010e0                __aeabi_fcmpgt
 .text          0x080010f4       0x4c D:/ST/STM32CubeIDE_1.13.1/STM32CubeIDE/plugins/com.st.stm32cube.ide.mcu.externaltools.gnu-tools-for-stm32.12.3.rel1.win32_1.0.100.202403111256/tools/bin/../lib/gcc/arm-none-eabi/12.3.1/thumb/v7-m/nofp\libgcc.a(_arm_fixsfsi.o)
                0x080010f4                __aeabi_f2iz
                0x080010f4                __fixsfsi
 .text          0x08001140       0x40 D:/ST/STM32CubeIDE_1.13.1/STM32CubeIDE/plugins/com.st.stm32cube.ide.mcu.externaltools.gnu-tools-for-stm32.12.3.rel1.win32_1.0.100.202403111256/tools/bin/../lib/gcc/arm-none-eabi/12.3.1/thumb/v7-m/nofp\libgcc.a(_arm_fixunssfsi.o)
                0x08001140                __fixunssfsi
                0x08001140                __aeabi_f2uiz
 .text          0x08001180       0xa0 D:/ST/STM32CubeIDE_1.13.1/STM32CubeIDE/plugins/com.st.stm32cube.ide.mcu.externaltools.gnu-tools-for-stm32.12.3.rel1.win32_1.0.100.202403111256/tools/bin/../lib/gcc/arm-none-eabi/12.3.1/thumb/v7-m/nofp\libgcc.a(_aeabi_ldivmod.o)
                0x08001180                __aeabi_ldivmod
 .text          0x08001220       0x30 D:/ST/STM32CubeIDE_1.13.1/STM32CubeIDE/plugins/com.st.stm32cube.ide.mcu.externaltools.gnu-tools-for-stm32.12.3.rel1.win32_1.0.100.202403111256/tools/bin/../lib/gcc/arm-none-eabi/12.3.1/thumb/v7-m/nofp\libgcc.a(_fixdfdi.o)
                0x08001220                __fixdfdi
                0x08001220                __aeabi_d2lz
 .text          0x08001250       0x3c D:/ST/STM32CubeIDE_1.13.1/STM32CubeIDE/plugins/com.st.stm32cube.ide.mcu.externaltools.gnu-tools-for-stm32.12.3.rel1.win32_1.0.100.202403111256/tools/bin/../lib/gcc/arm-none-eabi/12.3.1/thumb/v7-m/nofp\libgcc.a(_fixunsdfdi.o)
                0x08001250                __fixunsdfdi
                0x08001250                __aeabi_d2ulz
 .text          0x0800128c      0x2b8 D:/ST/STM32CubeIDE_1.13.1/STM32CubeIDE/plugins/com.st.stm32cube.ide.mcu.externaltools.gnu-tools-for-stm32.12.3.rel1.win32_1.0.100.202403111256/tools/bin/../lib/gcc/arm-none-eabi/12.3.1/thumb/v7-m/nofp\libgcc.a(_udivmoddi4.o)
                0x0800128c                __udivmoddi4
 .text          0x08001544        0x4 D:/ST/STM32CubeIDE_1.13.1/STM32CubeIDE/plugins/com.st.stm32cube.ide.mcu.externaltools.gnu-tools-for-stm32.12.3.rel1.win32_1.0.100.202403111256/tools/bin/../lib/gcc/arm-none-eabi/12.3.1/thumb/v7-m/nofp\libgcc.a(_dvmd_tls.o)
                0x08001544                __aeabi_idiv0
                0x08001544                __aeabi_ldiv0
 *(.text*)
 .text.SCommands_Init
                0x08001548      0x16c ./Src/APP/SCommands/SCommands_Program.o
                0x08001548                SCommands_Init
 .text.SCommands_GetUVStatus
                0x080016b4       0x4c ./Src/APP/SCommands/SCommands_Program.o
                0x080016b4                SCommands_GetUVStatus
 .text.SCommands_SetUVOn
                0x08001700       0x3c ./Src/APP/SCommands/SCommands_Program.o
                0x08001700                SCommands_SetUVOn
 .text.SCommands_SetUVOff
                0x0800173c       0x3c ./Src/APP/SCommands/SCommands_Program.o
                0x0800173c                SCommands_SetUVOff
 .text.SCommands_GetVisStatus
                0x08001778       0x40 ./Src/APP/SCommands/SCommands_Program.o
                0x08001778                SCommands_GetVisStatus
 .text.SCommands_SetVisOn
                0x080017b8       0x3c ./Src/APP/SCommands/SCommands_Program.o
                0x080017b8                SCommands_SetVisOn
 .text.SCommands_SetVisOff
                0x080017f4       0x3c ./Src/APP/SCommands/SCommands_Program.o
                0x080017f4                SCommands_SetVisOff
 .text.SCommands_GetSupplyVoltages
                0x08001830      0x248 ./Src/APP/SCommands/SCommands_Program.o
                0x08001830                SCommands_GetSupplyVoltages
 .text.SCommands_SendCurrentMotorsSteps
                0x08001a78       0x6a ./Src/APP/SCommands/SCommands_Program.o
                0x08001a78                SCommands_SendCurrentMotorsSteps
 .text.SCommands_HomeLampMotor
                0x08001ae2       0x46 ./Src/APP/SCommands/SCommands_Program.o
                0x08001ae2                SCommands_HomeLampMotor
 .text.SCommands_HomeWLSelectMotor
                0x08001b28       0x46 ./Src/APP/SCommands/SCommands_Program.o
                0x08001b28                SCommands_HomeWLSelectMotor
 .text.SCommands_HomeFilterSelectMotor
                0x08001b6e       0x46 ./Src/APP/SCommands/SCommands_Program.o
                0x08001b6e                SCommands_HomeFilterSelectMotor
 .text.SCommands_SendCurrentWL
                0x08001bb4       0x54 ./Src/APP/SCommands/SCommands_Program.o
                0x08001bb4                SCommands_SendCurrentWL
 .text.SCommands_GetLampMotorPosition
                0x08001c08       0x44 ./Src/APP/SCommands/SCommands_Program.o
                0x08001c08                SCommands_GetLampMotorPosition
 .text.SCommands_SetLampMotorVisible
                0x08001c4c       0x34 ./Src/APP/SCommands/SCommands_Program.o
                0x08001c4c                SCommands_SetLampMotorVisible
 .text.SCommands_SetLampMotorUV
                0x08001c80       0x34 ./Src/APP/SCommands/SCommands_Program.o
                0x08001c80                SCommands_SetLampMotorUV
 .text.SCommands_SendCurrentDateTime
                0x08001cb4       0x32 ./Src/APP/SCommands/SCommands_Program.o
                0x08001cb4                SCommands_SendCurrentDateTime
 *fill*         0x08001ce6        0x2 
 .text.SCommands_SendCurrentDetectorValues
                0x08001ce8      0x10c ./Src/APP/SCommands/SCommands_Program.o
                0x08001ce8                SCommands_SendCurrentDetectorValues
 .text.SCommands_UpdateDateTime
                0x08001df4      0x150 ./Src/APP/SCommands/SCommands_Program.o
                0x08001df4                SCommands_UpdateDateTime
 .text.SCommands_SaveFilterMotorCalibSteps
                0x08001f44       0x50 ./Src/APP/SCommands/SCommands_Program.o
                0x08001f44                SCommands_SaveFilterMotorCalibSteps
 .text.SCommands_SaveFilterMotorCalibWL
                0x08001f94       0x50 ./Src/APP/SCommands/SCommands_Program.o
                0x08001f94                SCommands_SaveFilterMotorCalibWL
 .text.SCommands_ScanOperation
                0x08001fe4      0x350 ./Src/APP/SCommands/SCommands_Program.o
                0x08001fe4                SCommands_ScanOperation
 .text.SCommands_StartOperation
                0x08002334      0x1f0 ./Src/APP/SCommands/SCommands_Program.o
                0x08002334                SCommands_StartOperation
 .text.SCommands_SetReferenceGain
                0x08002524       0x54 ./Src/APP/SCommands/SCommands_Program.o
                0x08002524                SCommands_SetReferenceGain
 .text.SCommands_SetSampleGain
                0x08002578       0x54 ./Src/APP/SCommands/SCommands_Program.o
                0x08002578                SCommands_SetSampleGain
 .text.SCommands_MoveFilterRight
                0x080025cc       0x50 ./Src/APP/SCommands/SCommands_Program.o
                0x080025cc                SCommands_MoveFilterRight
 .text.SCommands_MoveFilterLeft
                0x0800261c       0x50 ./Src/APP/SCommands/SCommands_Program.o
                0x0800261c                SCommands_MoveFilterLeft
 .text.SCommands_SelectFilter
                0x0800266c       0x4c ./Src/APP/SCommands/SCommands_Program.o
                0x0800266c                SCommands_SelectFilter
 .text.SCommands_SelectGratingWL
                0x080026b8       0x54 ./Src/APP/SCommands/SCommands_Program.o
                0x080026b8                SCommands_SelectGratingWL
 .text.SCommands_MoveGratingLeft
                0x0800270c       0x50 ./Src/APP/SCommands/SCommands_Program.o
                0x0800270c                SCommands_MoveGratingLeft
 .text.SCommands_MoveGratingRight
                0x0800275c       0x50 ./Src/APP/SCommands/SCommands_Program.o
                0x0800275c                SCommands_MoveGratingRight
 .text.SPECTRO_InitSystem
                0x080027ac       0x4c ./Src/APP/SPECTRO/SPECTRO_Program.o
                0x080027ac                SPECTRO_InitSystem
 .text.SPECTRO_InitSoftware
                0x080027f8       0xc4 ./Src/APP/SPECTRO/SPECTRO_Program.o
                0x080027f8                SPECTRO_InitSoftware
 .text.SPECTRO_InitHardware
                0x080028bc       0x64 ./Src/APP/SPECTRO/SPECTRO_Program.o
                0x080028bc                SPECTRO_InitHardware
 .text.SPECTRO_CalibrationScan
                0x08002920      0x1e0 ./Src/APP/SPECTRO/SPECTRO_Program.o
                0x08002920                SPECTRO_CalibrationScan
 .text.SPECTRO_InitCalibration
                0x08002b00       0x5c ./Src/APP/SPECTRO/SPECTRO_Program.o
                0x08002b00                SPECTRO_InitCalibration
 *fill*         0x08002b5c        0x4 
 .text.read_reference_voltage
                0x08002b60      0x1c0 ./Src/APP/Signal_Conditioning/signal_conditioning.o
                0x08002b60                read_reference_voltage
 .text.read_sample_voltage
                0x08002d20      0x1c0 ./Src/APP/Signal_Conditioning/signal_conditioning.o
                0x08002d20                read_sample_voltage
 .text.SpectroStatus_SetNewStatus
                0x08002ee0       0x20 ./Src/APP/SpectroStatus/SpectroStatus_Program.o
                0x08002ee0                SpectroStatus_SetNewStatus
 .text.adc_init
                0x08002f00       0x50 ./Src/HAL/ADS1115/ADC.o
                0x08002f00                adc_init
 .text.adc_read_mv
                0x08002f50      0x134 ./Src/HAL/ADS1115/ADC.o
                0x08002f50                adc_read_mv
 .text.eeprom_write_Nbytes
                0x08003084       0xbc ./Src/HAL/EEPROM/I2C_Slave_EEPROM.o
                0x08003084                eeprom_write_Nbytes
 .text.eeprom_read_byte
                0x08003140       0x5c ./Src/HAL/EEPROM/I2C_Slave_EEPROM.o
                0x08003140                eeprom_read_byte
 .text.float_to_string_manual
                0x0800319c      0x1b8 ./Src/HAL/ESP32/ESP32_Program.o
                0x0800319c                float_to_string_manual
 .text.HESP32_ParseReceivedCommand
                0x08003354      0x134 ./Src/HAL/ESP32/ESP32_Program.o
                0x08003354                HESP32_ParseReceivedCommand
 .text.HESP32_InitInterface
                0x08003488       0x5c ./Src/HAL/ESP32/ESP32_Program.o
                0x08003488                HESP32_InitInterface
 .text.HESP32_SendCommand
                0x080034e4       0x36 ./Src/HAL/ESP32/ESP32_Program.o
                0x080034e4                HESP32_SendCommand
 *fill*         0x0800351a        0x2 
 .text.HESP32_SetCommandCallbackFunction
                0x0800351c       0x40 ./Src/HAL/ESP32/ESP32_Program.o
                0x0800351c                HESP32_SetCommandCallbackFunction
 .text.HESP32_SetCommandCallbackArgFunction
                0x0800355c       0x44 ./Src/HAL/ESP32/ESP32_Program.o
                0x0800355c                HESP32_SetCommandCallbackArgFunction
 .text.HESP32_SendMotorStatus
                0x080035a0       0x9e ./Src/HAL/ESP32/ESP32_Program.o
                0x080035a0                HESP32_SendMotorStatus
 .text.HESP32_SendDateTime
                0x0800363e       0xa6 ./Src/HAL/ESP32/ESP32_Program.o
                0x0800363e                HESP32_SendDateTime
 .text.HESP32_SendIntensities
                0x080036e4       0x70 ./Src/HAL/ESP32/ESP32_Program.o
                0x080036e4                HESP32_SendIntensities
 .text.HESP32_SendVoltages
                0x08003754       0x58 ./Src/HAL/ESP32/ESP32_Program.o
                0x08003754                HESP32_SendVoltages
 .text.HESP32_SendAllDetectorValues
                0x080037ac       0xde ./Src/HAL/ESP32/ESP32_Program.o
                0x080037ac                HESP32_SendAllDetectorValues
 .text.delay_ms
                0x0800388a       0x34 ./Src/HAL/MCP4151/MCP4151.o
                0x0800388a                delay_ms
 .text.delay_micro
                0x080038be       0x2c ./Src/HAL/MCP4151/MCP4151.o
                0x080038be                delay_micro
 *fill*         0x080038ea        0x2 
 .text.MCP4151_Sample_SetWiperPosition
                0x080038ec       0x64 ./Src/HAL/MCP4151/MCP4151.o
                0x080038ec                MCP4151_Sample_SetWiperPosition
 .text.MCP4151_Referance_SetWiperPosition
                0x08003950       0x64 ./Src/HAL/MCP4151/MCP4151.o
                0x08003950                MCP4151_Referance_SetWiperPosition
 .text.MCP4151_Init
                0x080039b4       0x4c ./Src/HAL/MCP4151/MCP4151.o
                0x080039b4                MCP4151_Init
 .text.Set_Sample_Gain
                0x08003a00       0x44 ./Src/HAL/MCP4151/MCP4151.o
                0x08003a00                Set_Sample_Gain
 .text.Set_Reference_Gain
                0x08003a44       0x44 ./Src/HAL/MCP4151/MCP4151.o
                0x08003a44                Set_Reference_Gain
 .text.steps_calculate
                0x08003a88       0xac ./Src/HAL/MCP4151/MCP4151.o
                0x08003a88                steps_calculate
 *fill*         0x08003b34        0x4 
 .text.get_reference_gain
                0x08003b38       0x84 ./Src/HAL/MCP4151/MCP4151.o
                0x08003b38                get_reference_gain
 *fill*         0x08003bbc        0x4 
 .text.get_sample_gain
                0x08003bc0       0x84 ./Src/HAL/MCP4151/MCP4151.o
                0x08003bc0                get_sample_gain
 .text.HPWRSupply_GetSenseValue
                0x08003c44       0x90 ./Src/HAL/PWRSupply/HPWRSupply_Program.o
                0x08003c44                HPWRSupply_GetSenseValue
 .text.HPWRSupply_InitSupplies
                0x08003cd4       0xb0 ./Src/HAL/PWRSupply/HPWRSupply_Program.o
                0x08003cd4                HPWRSupply_InitSupplies
 .text.HPWRSupply_SetSupplyMode
                0x08003d84      0x130 ./Src/HAL/PWRSupply/HPWRSupply_Program.o
                0x08003d84                HPWRSupply_SetSupplyMode
 .text.HPWRSupply_CheckSupplyStatus
                0x08003eb4       0xe4 ./Src/HAL/PWRSupply/HPWRSupply_Program.o
                0x08003eb4                HPWRSupply_CheckSupplyStatus
 .text.SPWRVolt_GetConversionValue
                0x08003f98       0x64 ./Src/HAL/SPWRVolt/SPWRVolt_Program.o
                0x08003f98                SPWRVolt_GetConversionValue
 .text.SPWRVolt_Init
                0x08003ffc       0x88 ./Src/HAL/SPWRVolt/SPWRVolt_Program.o
                0x08003ffc                SPWRVolt_Init
 .text.SPWRVolt_GetVoltage
                0x08004084       0x40 ./Src/HAL/SPWRVolt/SPWRVolt_Program.o
                0x08004084                SPWRVolt_GetVoltage
 .text.HMOTORS_Init
                0x080040c4      0x128 ./Src/HAL/STEPPER_MOTOR/MOTORS_Program.o
                0x080040c4                HMOTORS_Init
 .text.HMOTOR_Step
                0x080041ec      0x11c ./Src/HAL/STEPPER_MOTOR/MOTORS_Program.o
                0x080041ec                HMOTOR_Step
 .text.HMOTOR_MoveLampMotor
                0x08004308       0x64 ./Src/HAL/STEPPER_MOTOR/MOTORS_Program.o
                0x08004308                HMOTOR_MoveLampMotor
 .text.HMOTOR_MoveFilterMotor
                0x0800436c      0x338 ./Src/HAL/STEPPER_MOTOR/MOTORS_Program.o
                0x0800436c                HMOTOR_MoveFilterMotor
 .text.HMOTOR_GetWLSelectCalibration
                0x080046a4       0x2c ./Src/HAL/STEPPER_MOTOR/MOTORS_Program.o
                0x080046a4                HMOTOR_GetWLSelectCalibration
 .text.HMOTOR_MoveWLSelectMotor
                0x080046d0       0xf0 ./Src/HAL/STEPPER_MOTOR/MOTORS_Program.o
                0x080046d0                HMOTOR_MoveWLSelectMotor
 .text.HMOTOR_GoHome
                0x080047c0      0x164 ./Src/HAL/STEPPER_MOTOR/MOTORS_Program.o
                0x080047c0                HMOTOR_GoHome
 .text.HMOTOR_GetCurrentMotorSteps
                0x08004924       0x3c ./Src/HAL/STEPPER_MOTOR/MOTORS_Program.o
                0x08004924                HMOTOR_GetCurrentMotorSteps
 .text.HMOTOR_GetCurrentWL
                0x08004960       0x3c ./Src/HAL/STEPPER_MOTOR/MOTORS_Program.o
                0x08004960                HMOTOR_GetCurrentWL
 .text.HMOTOR_FilterHomeIndicator
                0x0800499c       0x18 ./Src/HAL/STEPPER_MOTOR/MOTORS_Program.o
                0x0800499c                HMOTOR_FilterHomeIndicator
 .text.HMOTOR_WLHomeIndicator
                0x080049b4       0x18 ./Src/HAL/STEPPER_MOTOR/MOTORS_Program.o
                0x080049b4                HMOTOR_WLHomeIndicator
 .text.HMOTOR_StepNoDelay
                0x080049cc       0xd8 ./Src/HAL/STEPPER_MOTOR/MOTORS_Program.o
                0x080049cc                HMOTOR_StepNoDelay
 .text.HMOTOR_GetStepsPerNm
                0x08004aa4       0x2c ./Src/HAL/STEPPER_MOTOR/MOTORS_Program.o
                0x08004aa4                HMOTOR_GetStepsPerNm
 .text.MADC_Init
                0x08004ad0      0x150 ./Src/MCAL/ADC/ADC_Program.o
                0x08004ad0                MADC_Init
 .text.MADC_Conversion
                0x08004c20       0xac ./Src/MCAL/ADC/ADC_Program.o
                0x08004c20                MADC_Conversion
 .text.ADC1_2_IRQHandler
                0x08004ccc       0x4c ./Src/MCAL/ADC/ADC_Program.o
                0x08004ccc                ADC1_2_IRQHandler
 .text.MAFIO_SetEXTIPinConfigurations
                0x08004d18       0x8c ./Src/MCAL/AFIO/AFIO_Program.o
                0x08004d18                MAFIO_SetEXTIPinConfigurations
 .text.MEXTI_EnableExternalInterrupt
                0x08004da4       0xc8 ./Src/MCAL/EXTI/EXTI_Program.o
                0x08004da4                MEXTI_EnableExternalInterrupt
 .text.MEXTI_SetCallbackFunction
                0x08004e6c       0x38 ./Src/MCAL/EXTI/EXTI_Program.o
                0x08004e6c                MEXTI_SetCallbackFunction
 .text.EXTI0_IRQHandler
                0x08004ea4       0x2c ./Src/MCAL/EXTI/EXTI_Program.o
                0x08004ea4                EXTI0_IRQHandler
 .text.EXTI1_IRQHandler
                0x08004ed0       0x2c ./Src/MCAL/EXTI/EXTI_Program.o
                0x08004ed0                EXTI1_IRQHandler
 .text.EXTI2_IRQHandler
                0x08004efc       0x2c ./Src/MCAL/EXTI/EXTI_Program.o
                0x08004efc                EXTI2_IRQHandler
 .text.EXTI3_IRQHandler
                0x08004f28       0x2c ./Src/MCAL/EXTI/EXTI_Program.o
                0x08004f28                EXTI3_IRQHandler
 .text.EXTI4_IRQHandler
                0x08004f54       0x2c ./Src/MCAL/EXTI/EXTI_Program.o
                0x08004f54                EXTI4_IRQHandler
 .text.EXTI9_5_IRQHandler
                0x08004f80       0xd8 ./Src/MCAL/EXTI/EXTI_Program.o
                0x08004f80                EXTI9_5_IRQHandler
 .text.EXTI15_10_IRQHandler
                0x08005058      0x100 ./Src/MCAL/EXTI/EXTI_Program.o
                0x08005058                EXTI15_10_IRQHandler
 .text.MGPIO_SetPinMode
                0x08005158      0x1cc ./Src/MCAL/GPIO/GPIO_Program.o
                0x08005158                MGPIO_SetPinMode
 .text.MGPIO_SetPinValue
                0x08005324      0x134 ./Src/MCAL/GPIO/GPIO_Program.o
                0x08005324                MGPIO_SetPinValue
 .text.MGPIO_GetPinValue
                0x08005458       0xb4 ./Src/MCAL/GPIO/GPIO_Program.o
                0x08005458                MGPIO_GetPinValue
 .text.MGPIO_ActivatePullUp
                0x0800550c       0xa8 ./Src/MCAL/GPIO/GPIO_Program.o
                0x0800550c                MGPIO_ActivatePullUp
 .text.MGPTMR_GetPreloadValue
                0x080055b4       0x4c ./Src/MCAL/GPTMR/GPTMR_Program.o
                0x080055b4                MGPTMR_GetPreloadValue
 .text.MGPTMR_Init
                0x08005600      0x100 ./Src/MCAL/GPTMR/GPTMR_Program.o
                0x08005600                MGPTMR_Init
 .text.MGPTMR_StartTimer
                0x08005700       0x40 ./Src/MCAL/GPTMR/GPTMR_Program.o
                0x08005700                MGPTMR_StartTimer
 .text.MGPTMR_StopTimer
                0x08005740       0x34 ./Src/MCAL/GPTMR/GPTMR_Program.o
                0x08005740                MGPTMR_StopTimer
 .text.MGPTMR_SetTimerPeriod
                0x08005774       0x50 ./Src/MCAL/GPTMR/GPTMR_Program.o
                0x08005774                MGPTMR_SetTimerPeriod
 .text.MGPTMR_SetTimerUpdateCallbackFunc
                0x080057c4       0x38 ./Src/MCAL/GPTMR/GPTMR_Program.o
                0x080057c4                MGPTMR_SetTimerUpdateCallbackFunc
 .text.TIM2_IRQHandler
                0x080057fc       0x30 ./Src/MCAL/GPTMR/GPTMR_Program.o
                0x080057fc                TIM2_IRQHandler
 .text.TIM3_IRQHandler
                0x0800582c       0x30 ./Src/MCAL/GPTMR/GPTMR_Program.o
                0x0800582c                TIM3_IRQHandler
 .text.TIM4_IRQHandler
                0x0800585c       0x30 ./Src/MCAL/GPTMR/GPTMR_Program.o
                0x0800585c                TIM4_IRQHandler
 .text.MCAL_I2C_Init
                0x0800588c      0x188 ./Src/MCAL/I2C/I2C_Program.o
                0x0800588c                MCAL_I2C_Init
 .text.MCAL_I2C_RESET
                0x08005a14       0x50 ./Src/MCAL/I2C/I2C_Program.o
                0x08005a14                MCAL_I2C_RESET
 .text.MCAL_I2C_GPIO_Set_Pins
                0x08005a64       0x54 ./Src/MCAL/I2C/I2C_Program.o
                0x08005a64                MCAL_I2C_GPIO_Set_Pins
 .text.MCAL_I2C_MASTER_TX
                0x08005ab8       0xb8 ./Src/MCAL/I2C/I2C_Program.o
                0x08005ab8                MCAL_I2C_MASTER_TX
 .text.MCAL_I2C_MASTER_RX
                0x08005b70      0x110 ./Src/MCAL/I2C/I2C_Program.o
                0x08005b70                MCAL_I2C_MASTER_RX
 .text.I2C_GenerateSTART
                0x08005c80       0x4e ./Src/MCAL/I2C/I2C_Program.o
                0x08005c80                I2C_GenerateSTART
 *fill*         0x08005cce        0x2 
 .text.I2C_GetFlagStatus
                0x08005cd0      0x10c ./Src/MCAL/I2C/I2C_Program.o
                0x08005cd0                I2C_GetFlagStatus
 .text.I2C_SendAddress
                0x08005ddc       0x3e ./Src/MCAL/I2C/I2C_Program.o
                0x08005ddc                I2C_SendAddress
 .text.I2C_GenerateSTOP
                0x08005e1a       0x36 ./Src/MCAL/I2C/I2C_Program.o
                0x08005e1a                I2C_GenerateSTOP
 .text.I2C_ACKnowledgeConfig
                0x08005e50       0x36 ./Src/MCAL/I2C/I2C_Program.o
                0x08005e50                I2C_ACKnowledgeConfig
 *fill*         0x08005e86        0x2 
 .text.MNVIC_EnableInterrupt
                0x08005e88       0x68 ./Src/MCAL/NVIC/NVIC_Program.o
                0x08005e88                MNVIC_EnableInterrupt
 .text.MNVIC_SetInterruptPriority
                0x08005ef0       0xd4 ./Src/MCAL/NVIC/NVIC_Program.o
                0x08005ef0                MNVIC_SetInterruptPriority
 .text.MRCC_InitClock
                0x08005fc4       0x90 ./Src/MCAL/RCC/RCC_Program.o
                0x08005fc4                MRCC_InitClock
 .text.MRCC_EnablePeripheralClock
                0x08006054       0x94 ./Src/MCAL/RCC/RCC_Program.o
                0x08006054                MRCC_EnablePeripheralClock
 .text.MRTC_CalculateSeconds
                0x080060e8       0xb4 ./Src/MCAL/RTC/RTC_Program.o
                0x080060e8                MRTC_CalculateSeconds
 .text.MRTC_CalculateDateTime
                0x0800619c      0x110 ./Src/MCAL/RTC/RTC_Program.o
                0x0800619c                MRTC_CalculateDateTime
 .text.MRTC_Init
                0x080062ac      0x104 ./Src/MCAL/RTC/RTC_Program.o
                0x080062ac                MRTC_Init
 .text.MRTC_SetDateAndTime
                0x080063b0       0xa8 ./Src/MCAL/RTC/RTC_Program.o
                0x080063b0                MRTC_SetDateAndTime
 .text.MRTC_GetDateAndTime
                0x08006458       0x60 ./Src/MCAL/RTC/RTC_Program.o
                0x08006458                MRTC_GetDateAndTime
 .text.RTC_IRQHandler
                0x080064b8       0x2c ./Src/MCAL/RTC/RTC_Program.o
                0x080064b8                RTC_IRQHandler
 .text.MSCB_SetPriorityGrouping
                0x080064e4       0x84 ./Src/MCAL/SCB/SCB_Program.o
                0x080064e4                MSCB_SetPriorityGrouping
 .text.MCAL_SPI_Init
                0x08006568      0x10c ./Src/MCAL/SPI/SPI_Program.o
                0x08006568                MCAL_SPI_Init
 .text.MCAL_SPI_SendData
                0x08006674       0x80 ./Src/MCAL/SPI/SPI_Program.o
                0x08006674                MCAL_SPI_SendData
 .text.MCAL_SPI_GPIO_Set_Pins
                0x080066f4      0x100 ./Src/MCAL/SPI/SPI_Program.o
                0x080066f4                MCAL_SPI_GPIO_Set_Pins
 .text.STK_uint8CalculateReloadValue
                0x080067f4       0x4e ./Src/MCAL/STK/STK_Program.o
                0x080067f4                STK_uint8CalculateReloadValue
 .text.STK_uint8CalculateReloadValueUs
                0x08006842       0x46 ./Src/MCAL/STK/STK_Program.o
                0x08006842                STK_uint8CalculateReloadValueUs
 .text.MSTK_uint8Init
                0x08006888       0x44 ./Src/MCAL/STK/STK_Program.o
                0x08006888                MSTK_uint8Init
 .text.MSTK_uint8Delay
                0x080068cc       0x88 ./Src/MCAL/STK/STK_Program.o
                0x080068cc                MSTK_uint8Delay
 .text.MSTK_uint8DelayUs
                0x08006954       0x88 ./Src/MCAL/STK/STK_Program.o
                0x08006954                MSTK_uint8DelayUs
 .text.SysTick_Handler
                0x080069dc       0x1c ./Src/MCAL/STK/STK_Program.o
                0x080069dc                SysTick_Handler
 .text.MUART_Init
                0x080069f8      0x1a0 ./Src/MCAL/UART/UART_Program.o
                0x080069f8                MUART_Init
 .text.MUART_TxChar
                0x08006b98       0x78 ./Src/MCAL/UART/UART_Program.o
                0x08006b98                MUART_TxChar
 .text.MUART_RxCharAsynchronous
                0x08006c10       0x5c ./Src/MCAL/UART/UART_Program.o
                0x08006c10                MUART_RxCharAsynchronous
 .text.MUART_TxString
                0x08006c6c       0x56 ./Src/MCAL/UART/UART_Program.o
                0x08006c6c                MUART_TxString
 *fill*         0x08006cc2        0x2 
 .text.MUART_SetRxCompleteCallback
                0x08006cc4       0x3c ./Src/MCAL/UART/UART_Program.o
                0x08006cc4                MUART_SetRxCompleteCallback
 .text.MUART_SendIntegerValue
                0x08006d00       0xe8 ./Src/MCAL/UART/UART_Program.o
                0x08006d00                MUART_SendIntegerValue
 .text.USART1_IRQHandler
                0x08006de8       0x40 ./Src/MCAL/UART/UART_Program.o
                0x08006de8                USART1_IRQHandler
 .text.USART2_IRQHandler
                0x08006e28       0x40 ./Src/MCAL/UART/UART_Program.o
                0x08006e28                USART2_IRQHandler
 .text.USART3_IRQHandler
                0x08006e68       0x40 ./Src/MCAL/UART/UART_Program.o
                0x08006e68                USART3_IRQHandler
 .text.main     0x08006ea8        0xc ./Src/main.o
                0x08006ea8                main
 .text._getpid  0x08006eb4        0xe ./Src/syscalls.o
                0x08006eb4                _getpid
 .text._kill    0x08006ec2       0x20 ./Src/syscalls.o
                0x08006ec2                _kill
 .text._exit    0x08006ee2       0x16 ./Src/syscalls.o
                0x08006ee2                _exit
 .text._read    0x08006ef8       0x3a ./Src/syscalls.o
                0x08006ef8                _read
 .text._write   0x08006f32       0x38 ./Src/syscalls.o
                0x08006f32                _write
 .text._close   0x08006f6a       0x16 ./Src/syscalls.o
                0x08006f6a                _close
 .text._fstat   0x08006f80       0x1e ./Src/syscalls.o
                0x08006f80                _fstat
 .text._isatty  0x08006f9e       0x14 ./Src/syscalls.o
                0x08006f9e                _isatty
 .text._lseek   0x08006fb2       0x18 ./Src/syscalls.o
                0x08006fb2                _lseek
 *fill*         0x08006fca        0x2 
 .text._sbrk    0x08006fcc       0x6c ./Src/sysmem.o
                0x08006fcc                _sbrk
 .text.Reset_Handler
                0x08007038       0x50 ./Startup/startup_stm32f103c8tx.o
                0x08007038                Reset_Handler
 .text.Default_Handler
                0x08007088        0x2 ./Startup/startup_stm32f103c8tx.o
                0x08007088                TIM8_TRG_COM_IRQHandler
                0x08007088                TIM8_CC_IRQHandler
                0x08007088                DebugMon_Handler
                0x08007088                TIM1_CC_IRQHandler
                0x08007088                HardFault_Handler
                0x08007088                TIM6_IRQHandler
                0x08007088                PVD_IRQHandler
                0x08007088                SDIO_IRQHandler
                0x08007088                PendSV_Handler
                0x08007088                NMI_Handler
                0x08007088                USB_HP_CAN_TX_IRQHandler
                0x08007088                I2C2_EV_IRQHandler
                0x08007088                UsageFault_Handler
                0x08007088                SPI1_IRQHandler
                0x08007088                CAN_SCE_IRQHandler
                0x08007088                TAMPER_IRQHandler
                0x08007088                TIM8_UP_IRQHandler
                0x08007088                DMA2_Channel2_IRQHandler
                0x08007088                DMA1_Channel4_IRQHandler
                0x08007088                DMA1_Channel7_IRQHandler
                0x08007088                UART5_IRQHandler
                0x08007088                ADC3_IRQHandler
                0x08007088                CAN_RX1_IRQHandler
                0x08007088                DMA2_Channel1_IRQHandler
                0x08007088                I2C1_EV_IRQHandler
                0x08007088                DMA1_Channel6_IRQHandler
                0x08007088                UART4_IRQHandler
                0x08007088                RCC_IRQHandler
                0x08007088                TIM1_TRG_COM_IRQHandler
                0x08007088                DMA1_Channel1_IRQHandler
                0x08007088                Default_Handler
                0x08007088                TIM7_IRQHandler
                0x08007088                TIM5_IRQHandler
                0x08007088                SPI2_IRQHandler
                0x08007088                USB_LP_CAN_RX0_IRQHandler
                0x08007088                MemManage_Handler
                0x08007088                SVC_Handler
                0x08007088                DMA1_Channel5_IRQHandler
                0x08007088                DMA1_Channel3_IRQHandler
                0x08007088                FSMC_IRQHandler
                0x08007088                TIM1_UP_IRQHandler
                0x08007088                WWDG_IRQHandler
                0x08007088                TIM1_BRK_IRQHandler
                0x08007088                RTCAlarm_IRQHandler
                0x08007088                DMA2_Channel4_5_IRQHandler
                0x08007088                I2C2_ER_IRQHandler
                0x08007088                DMA1_Channel2_IRQHandler
                0x08007088                TIM8_BRK_IRQHandler
                0x08007088                FLASH_IRQHandler
                0x08007088                BusFault_Handler
                0x08007088                SPI3_IRQHandler
                0x08007088                I2C1_ER_IRQHandler
                0x08007088                DMA2_Channel3_IRQHandler
 .text.atof     0x0800708a        0x6 D:/ST/STM32CubeIDE_1.13.1/STM32CubeIDE/plugins/com.st.stm32cube.ide.mcu.externaltools.gnu-tools-for-stm32.12.3.rel1.win32_1.0.100.202403111256/tools/bin/../lib/gcc/arm-none-eabi/12.3.1/../../../../arm-none-eabi/lib/thumb/v7-m/nofp\libc_nano.a(libc_a-atof.o)
                0x0800708a                atof
 .text.atoi     0x08007090        0x8 D:/ST/STM32CubeIDE_1.13.1/STM32CubeIDE/plugins/com.st.stm32cube.ide.mcu.externaltools.gnu-tools-for-stm32.12.3.rel1.win32_1.0.100.202403111256/tools/bin/../lib/gcc/arm-none-eabi/12.3.1/../../../../arm-none-eabi/lib/thumb/v7-m/nofp\libc_nano.a(libc_a-atoi.o)
                0x08007090                atoi
 .text.sulp     0x08007098       0x42 D:/ST/STM32CubeIDE_1.13.1/STM32CubeIDE/plugins/com.st.stm32cube.ide.mcu.externaltools.gnu-tools-for-stm32.12.3.rel1.win32_1.0.100.202403111256/tools/bin/../lib/gcc/arm-none-eabi/12.3.1/../../../../arm-none-eabi/lib/thumb/v7-m/nofp\libc_nano.a(libc_a-strtod.o)
 *fill*         0x080070da        0x6 
 .text._strtod_l
                0x080070e0      0xbb0 D:/ST/STM32CubeIDE_1.13.1/STM32CubeIDE/plugins/com.st.stm32cube.ide.mcu.externaltools.gnu-tools-for-stm32.12.3.rel1.win32_1.0.100.202403111256/tools/bin/../lib/gcc/arm-none-eabi/12.3.1/../../../../arm-none-eabi/lib/thumb/v7-m/nofp\libc_nano.a(libc_a-strtod.o)
                0x080070e0                _strtod_l
 .text.strtod   0x08007c90       0x18 D:/ST/STM32CubeIDE_1.13.1/STM32CubeIDE/plugins/com.st.stm32cube.ide.mcu.externaltools.gnu-tools-for-stm32.12.3.rel1.win32_1.0.100.202403111256/tools/bin/../lib/gcc/arm-none-eabi/12.3.1/../../../../arm-none-eabi/lib/thumb/v7-m/nofp\libc_nano.a(libc_a-strtod.o)
                0x08007c90                strtod
 .text._strtol_l.constprop.0
                0x08007ca8       0xf4 D:/ST/STM32CubeIDE_1.13.1/STM32CubeIDE/plugins/com.st.stm32cube.ide.mcu.externaltools.gnu-tools-for-stm32.12.3.rel1.win32_1.0.100.202403111256/tools/bin/../lib/gcc/arm-none-eabi/12.3.1/../../../../arm-none-eabi/lib/thumb/v7-m/nofp\libc_nano.a(libc_a-strtol.o)
 .text._strtol_r
                0x08007d9c        0x4 D:/ST/STM32CubeIDE_1.13.1/STM32CubeIDE/plugins/com.st.stm32cube.ide.mcu.externaltools.gnu-tools-for-stm32.12.3.rel1.win32_1.0.100.202403111256/tools/bin/../lib/gcc/arm-none-eabi/12.3.1/../../../../arm-none-eabi/lib/thumb/v7-m/nofp\libc_nano.a(libc_a-strtol.o)
                0x08007d9c                _strtol_r
 .text.strtol   0x08007da0       0x14 D:/ST/STM32CubeIDE_1.13.1/STM32CubeIDE/plugins/com.st.stm32cube.ide.mcu.externaltools.gnu-tools-for-stm32.12.3.rel1.win32_1.0.100.202403111256/tools/bin/../lib/gcc/arm-none-eabi/12.3.1/../../../../arm-none-eabi/lib/thumb/v7-m/nofp\libc_nano.a(libc_a-strtol.o)
                0x08007da0                strtol
 .text.std      0x08007db4       0x6c D:/ST/STM32CubeIDE_1.13.1/STM32CubeIDE/plugins/com.st.stm32cube.ide.mcu.externaltools.gnu-tools-for-stm32.12.3.rel1.win32_1.0.100.202403111256/tools/bin/../lib/gcc/arm-none-eabi/12.3.1/../../../../arm-none-eabi/lib/thumb/v7-m/nofp\libc_nano.a(libc_a-findfp.o)
 .text.stdio_exit_handler
                0x08007e20       0x18 D:/ST/STM32CubeIDE_1.13.1/STM32CubeIDE/plugins/com.st.stm32cube.ide.mcu.externaltools.gnu-tools-for-stm32.12.3.rel1.win32_1.0.100.202403111256/tools/bin/../lib/gcc/arm-none-eabi/12.3.1/../../../../arm-none-eabi/lib/thumb/v7-m/nofp\libc_nano.a(libc_a-findfp.o)
 .text.cleanup_stdio
                0x08007e38       0x40 D:/ST/STM32CubeIDE_1.13.1/STM32CubeIDE/plugins/com.st.stm32cube.ide.mcu.externaltools.gnu-tools-for-stm32.12.3.rel1.win32_1.0.100.202403111256/tools/bin/../lib/gcc/arm-none-eabi/12.3.1/../../../../arm-none-eabi/lib/thumb/v7-m/nofp\libc_nano.a(libc_a-findfp.o)
 .text.global_stdio_init.part.0
                0x08007e78       0x3c D:/ST/STM32CubeIDE_1.13.1/STM32CubeIDE/plugins/com.st.stm32cube.ide.mcu.externaltools.gnu-tools-for-stm32.12.3.rel1.win32_1.0.100.202403111256/tools/bin/../lib/gcc/arm-none-eabi/12.3.1/../../../../arm-none-eabi/lib/thumb/v7-m/nofp\libc_nano.a(libc_a-findfp.o)
 .text.__sfp_lock_acquire
                0x08007eb4        0xc D:/ST/STM32CubeIDE_1.13.1/STM32CubeIDE/plugins/com.st.stm32cube.ide.mcu.externaltools.gnu-tools-for-stm32.12.3.rel1.win32_1.0.100.202403111256/tools/bin/../lib/gcc/arm-none-eabi/12.3.1/../../../../arm-none-eabi/lib/thumb/v7-m/nofp\libc_nano.a(libc_a-findfp.o)
                0x08007eb4                __sfp_lock_acquire
 .text.__sfp_lock_release
                0x08007ec0        0xc D:/ST/STM32CubeIDE_1.13.1/STM32CubeIDE/plugins/com.st.stm32cube.ide.mcu.externaltools.gnu-tools-for-stm32.12.3.rel1.win32_1.0.100.202403111256/tools/bin/../lib/gcc/arm-none-eabi/12.3.1/../../../../arm-none-eabi/lib/thumb/v7-m/nofp\libc_nano.a(libc_a-findfp.o)
                0x08007ec0                __sfp_lock_release
 .text.__sinit  0x08007ecc       0x30 D:/ST/STM32CubeIDE_1.13.1/STM32CubeIDE/plugins/com.st.stm32cube.ide.mcu.externaltools.gnu-tools-for-stm32.12.3.rel1.win32_1.0.100.202403111256/tools/bin/../lib/gcc/arm-none-eabi/12.3.1/../../../../arm-none-eabi/lib/thumb/v7-m/nofp\libc_nano.a(libc_a-findfp.o)
                0x08007ecc                __sinit
 .text._fwalk_sglue
                0x08007efc       0x3c D:/ST/STM32CubeIDE_1.13.1/STM32CubeIDE/plugins/com.st.stm32cube.ide.mcu.externaltools.gnu-tools-for-stm32.12.3.rel1.win32_1.0.100.202403111256/tools/bin/../lib/gcc/arm-none-eabi/12.3.1/../../../../arm-none-eabi/lib/thumb/v7-m/nofp\libc_nano.a(libc_a-fwalk.o)
                0x08007efc                _fwalk_sglue
 .text.__sread  0x08007f38       0x22 D:/ST/STM32CubeIDE_1.13.1/STM32CubeIDE/plugins/com.st.stm32cube.ide.mcu.externaltools.gnu-tools-for-stm32.12.3.rel1.win32_1.0.100.202403111256/tools/bin/../lib/gcc/arm-none-eabi/12.3.1/../../../../arm-none-eabi/lib/thumb/v7-m/nofp\libc_nano.a(libc_a-stdio.o)
                0x08007f38                __sread
 .text.__seofread
                0x08007f5a        0x4 D:/ST/STM32CubeIDE_1.13.1/STM32CubeIDE/plugins/com.st.stm32cube.ide.mcu.externaltools.gnu-tools-for-stm32.12.3.rel1.win32_1.0.100.202403111256/tools/bin/../lib/gcc/arm-none-eabi/12.3.1/../../../../arm-none-eabi/lib/thumb/v7-m/nofp\libc_nano.a(libc_a-stdio.o)
                0x08007f5a                __seofread
 .text.__swrite
                0x08007f5e       0x38 D:/ST/STM32CubeIDE_1.13.1/STM32CubeIDE/plugins/com.st.stm32cube.ide.mcu.externaltools.gnu-tools-for-stm32.12.3.rel1.win32_1.0.100.202403111256/tools/bin/../lib/gcc/arm-none-eabi/12.3.1/../../../../arm-none-eabi/lib/thumb/v7-m/nofp\libc_nano.a(libc_a-stdio.o)
                0x08007f5e                __swrite
 .text.__sseek  0x08007f96       0x24 D:/ST/STM32CubeIDE_1.13.1/STM32CubeIDE/plugins/com.st.stm32cube.ide.mcu.externaltools.gnu-tools-for-stm32.12.3.rel1.win32_1.0.100.202403111256/tools/bin/../lib/gcc/arm-none-eabi/12.3.1/../../../../arm-none-eabi/lib/thumb/v7-m/nofp\libc_nano.a(libc_a-stdio.o)
                0x08007f96                __sseek
 .text.__sclose
                0x08007fba        0x8 D:/ST/STM32CubeIDE_1.13.1/STM32CubeIDE/plugins/com.st.stm32cube.ide.mcu.externaltools.gnu-tools-for-stm32.12.3.rel1.win32_1.0.100.202403111256/tools/bin/../lib/gcc/arm-none-eabi/12.3.1/../../../../arm-none-eabi/lib/thumb/v7-m/nofp\libc_nano.a(libc_a-stdio.o)
                0x08007fba                __sclose
 .text.memset   0x08007fc2       0x10 D:/ST/STM32CubeIDE_1.13.1/STM32CubeIDE/plugins/com.st.stm32cube.ide.mcu.externaltools.gnu-tools-for-stm32.12.3.rel1.win32_1.0.100.202403111256/tools/bin/../lib/gcc/arm-none-eabi/12.3.1/../../../../arm-none-eabi/lib/thumb/v7-m/nofp\libc_nano.a(libc_a-memset.o)
                0x08007fc2                memset
 .text.strncmp  0x08007fd2       0x24 D:/ST/STM32CubeIDE_1.13.1/STM32CubeIDE/plugins/com.st.stm32cube.ide.mcu.externaltools.gnu-tools-for-stm32.12.3.rel1.win32_1.0.100.202403111256/tools/bin/../lib/gcc/arm-none-eabi/12.3.1/../../../../arm-none-eabi/lib/thumb/v7-m/nofp\libc_nano.a(libc_a-strncmp.o)
                0x08007fd2                strncmp
 *fill*         0x08007ff6        0x2 
 .text.strtok   0x08007ff8       0x68 D:/ST/STM32CubeIDE_1.13.1/STM32CubeIDE/plugins/com.st.stm32cube.ide.mcu.externaltools.gnu-tools-for-stm32.12.3.rel1.win32_1.0.100.202403111256/tools/bin/../lib/gcc/arm-none-eabi/12.3.1/../../../../arm-none-eabi/lib/thumb/v7-m/nofp\libc_nano.a(libc_a-strtok.o)
                0x08007ff8                strtok
 .text.__strtok_r
                0x08008060       0x50 D:/ST/STM32CubeIDE_1.13.1/STM32CubeIDE/plugins/com.st.stm32cube.ide.mcu.externaltools.gnu-tools-for-stm32.12.3.rel1.win32_1.0.100.202403111256/tools/bin/../lib/gcc/arm-none-eabi/12.3.1/../../../../arm-none-eabi/lib/thumb/v7-m/nofp\libc_nano.a(libc_a-strtok_r.o)
                0x08008060                __strtok_r
 .text.difftime
                0x080080b0        0xe D:/ST/STM32CubeIDE_1.13.1/STM32CubeIDE/plugins/com.st.stm32cube.ide.mcu.externaltools.gnu-tools-for-stm32.12.3.rel1.win32_1.0.100.202403111256/tools/bin/../lib/gcc/arm-none-eabi/12.3.1/../../../../arm-none-eabi/lib/thumb/v7-m/nofp\libc_nano.a(libc_a-difftime.o)
                0x080080b0                difftime
 *fill*         0x080080be        0x2 
 .text.localtime
                0x080080c0       0x3c D:/ST/STM32CubeIDE_1.13.1/STM32CubeIDE/plugins/com.st.stm32cube.ide.mcu.externaltools.gnu-tools-for-stm32.12.3.rel1.win32_1.0.100.202403111256/tools/bin/../lib/gcc/arm-none-eabi/12.3.1/../../../../arm-none-eabi/lib/thumb/v7-m/nofp\libc_nano.a(libc_a-lcltime.o)
                0x080080c0                localtime
 .text.localtime_r
                0x080080fc      0x1dc D:/ST/STM32CubeIDE_1.13.1/STM32CubeIDE/plugins/com.st.stm32cube.ide.mcu.externaltools.gnu-tools-for-stm32.12.3.rel1.win32_1.0.100.202403111256/tools/bin/../lib/gcc/arm-none-eabi/12.3.1/../../../../arm-none-eabi/lib/thumb/v7-m/nofp\libc_nano.a(libc_a-lcltime_r.o)
                0x080080fc                localtime_r
 .text.validate_structure
                0x080082d8      0x1a8 D:/ST/STM32CubeIDE_1.13.1/STM32CubeIDE/plugins/com.st.stm32cube.ide.mcu.externaltools.gnu-tools-for-stm32.12.3.rel1.win32_1.0.100.202403111256/tools/bin/../lib/gcc/arm-none-eabi/12.3.1/../../../../arm-none-eabi/lib/thumb/v7-m/nofp\libc_nano.a(libc_a-mktime.o)
 .text.mktime   0x08008480      0x360 D:/ST/STM32CubeIDE_1.13.1/STM32CubeIDE/plugins/com.st.stm32cube.ide.mcu.externaltools.gnu-tools-for-stm32.12.3.rel1.win32_1.0.100.202403111256/tools/bin/../lib/gcc/arm-none-eabi/12.3.1/../../../../arm-none-eabi/lib/thumb/v7-m/nofp\libc_nano.a(libc_a-mktime.o)
                0x08008480                mktime
 .text.__tzcalc_limits
                0x080087e0      0x150 D:/ST/STM32CubeIDE_1.13.1/STM32CubeIDE/plugins/com.st.stm32cube.ide.mcu.externaltools.gnu-tools-for-stm32.12.3.rel1.win32_1.0.100.202403111256/tools/bin/../lib/gcc/arm-none-eabi/12.3.1/../../../../arm-none-eabi/lib/thumb/v7-m/nofp\libc_nano.a(libc_a-tzcalc_limits.o)
                0x080087e0                __tzcalc_limits
 .text.__tz_lock
                0x08008930        0xc D:/ST/STM32CubeIDE_1.13.1/STM32CubeIDE/plugins/com.st.stm32cube.ide.mcu.externaltools.gnu-tools-for-stm32.12.3.rel1.win32_1.0.100.202403111256/tools/bin/../lib/gcc/arm-none-eabi/12.3.1/../../../../arm-none-eabi/lib/thumb/v7-m/nofp\libc_nano.a(libc_a-tzlock.o)
                0x08008930                __tz_lock
 .text.__tz_unlock
                0x0800893c        0xc D:/ST/STM32CubeIDE_1.13.1/STM32CubeIDE/plugins/com.st.stm32cube.ide.mcu.externaltools.gnu-tools-for-stm32.12.3.rel1.win32_1.0.100.202403111256/tools/bin/../lib/gcc/arm-none-eabi/12.3.1/../../../../arm-none-eabi/lib/thumb/v7-m/nofp\libc_nano.a(libc_a-tzlock.o)
                0x0800893c                __tz_unlock
 .text._tzset_unlocked
                0x08008948        0xc D:/ST/STM32CubeIDE_1.13.1/STM32CubeIDE/plugins/com.st.stm32cube.ide.mcu.externaltools.gnu-tools-for-stm32.12.3.rel1.win32_1.0.100.202403111256/tools/bin/../lib/gcc/arm-none-eabi/12.3.1/../../../../arm-none-eabi/lib/thumb/v7-m/nofp\libc_nano.a(libc_a-tzset.o)
                0x08008948                _tzset_unlocked
 .text._tzset_unlocked_r
                0x08008954      0x448 D:/ST/STM32CubeIDE_1.13.1/STM32CubeIDE/plugins/com.st.stm32cube.ide.mcu.externaltools.gnu-tools-for-stm32.12.3.rel1.win32_1.0.100.202403111256/tools/bin/../lib/gcc/arm-none-eabi/12.3.1/../../../../arm-none-eabi/lib/thumb/v7-m/nofp\libc_nano.a(libc_a-tzset_r.o)
                0x08008954                _tzset_unlocked_r
 .text._close_r
                0x08008d9c       0x20 D:/ST/STM32CubeIDE_1.13.1/STM32CubeIDE/plugins/com.st.stm32cube.ide.mcu.externaltools.gnu-tools-for-stm32.12.3.rel1.win32_1.0.100.202403111256/tools/bin/../lib/gcc/arm-none-eabi/12.3.1/../../../../arm-none-eabi/lib/thumb/v7-m/nofp\libc_nano.a(libc_a-closer.o)
                0x08008d9c                _close_r
 .text._lseek_r
                0x08008dbc       0x24 D:/ST/STM32CubeIDE_1.13.1/STM32CubeIDE/plugins/com.st.stm32cube.ide.mcu.externaltools.gnu-tools-for-stm32.12.3.rel1.win32_1.0.100.202403111256/tools/bin/../lib/gcc/arm-none-eabi/12.3.1/../../../../arm-none-eabi/lib/thumb/v7-m/nofp\libc_nano.a(libc_a-lseekr.o)
                0x08008dbc                _lseek_r
 .text._read_r  0x08008de0       0x24 D:/ST/STM32CubeIDE_1.13.1/STM32CubeIDE/plugins/com.st.stm32cube.ide.mcu.externaltools.gnu-tools-for-stm32.12.3.rel1.win32_1.0.100.202403111256/tools/bin/../lib/gcc/arm-none-eabi/12.3.1/../../../../arm-none-eabi/lib/thumb/v7-m/nofp\libc_nano.a(libc_a-readr.o)
                0x08008de0                _read_r
 .text._write_r
                0x08008e04       0x24 D:/ST/STM32CubeIDE_1.13.1/STM32CubeIDE/plugins/com.st.stm32cube.ide.mcu.externaltools.gnu-tools-for-stm32.12.3.rel1.win32_1.0.100.202403111256/tools/bin/../lib/gcc/arm-none-eabi/12.3.1/../../../../arm-none-eabi/lib/thumb/v7-m/nofp\libc_nano.a(libc_a-writer.o)
                0x08008e04                _write_r
 .text.__errno  0x08008e28        0xc D:/ST/STM32CubeIDE_1.13.1/STM32CubeIDE/plugins/com.st.stm32cube.ide.mcu.externaltools.gnu-tools-for-stm32.12.3.rel1.win32_1.0.100.202403111256/tools/bin/../lib/gcc/arm-none-eabi/12.3.1/../../../../arm-none-eabi/lib/thumb/v7-m/nofp\libc_nano.a(libc_a-errno.o)
                0x08008e28                __errno
 .text.__libc_init_array
                0x08008e34       0x48 D:/ST/STM32CubeIDE_1.13.1/STM32CubeIDE/plugins/com.st.stm32cube.ide.mcu.externaltools.gnu-tools-for-stm32.12.3.rel1.win32_1.0.100.202403111256/tools/bin/../lib/gcc/arm-none-eabi/12.3.1/../../../../arm-none-eabi/lib/thumb/v7-m/nofp\libc_nano.a(libc_a-init.o)
                0x08008e34                __libc_init_array
 .text.__retarget_lock_init_recursive
                0x08008e7c        0x2 D:/ST/STM32CubeIDE_1.13.1/STM32CubeIDE/plugins/com.st.stm32cube.ide.mcu.externaltools.gnu-tools-for-stm32.12.3.rel1.win32_1.0.100.202403111256/tools/bin/../lib/gcc/arm-none-eabi/12.3.1/../../../../arm-none-eabi/lib/thumb/v7-m/nofp\libc_nano.a(libc_a-lock.o)
                0x08008e7c                __retarget_lock_init_recursive
 .text.__retarget_lock_acquire
                0x08008e7e        0x2 D:/ST/STM32CubeIDE_1.13.1/STM32CubeIDE/plugins/com.st.stm32cube.ide.mcu.externaltools.gnu-tools-for-stm32.12.3.rel1.win32_1.0.100.202403111256/tools/bin/../lib/gcc/arm-none-eabi/12.3.1/../../../../arm-none-eabi/lib/thumb/v7-m/nofp\libc_nano.a(libc_a-lock.o)
                0x08008e7e                __retarget_lock_acquire
 .text.__retarget_lock_acquire_recursive
                0x08008e80        0x2 D:/ST/STM32CubeIDE_1.13.1/STM32CubeIDE/plugins/com.st.stm32cube.ide.mcu.externaltools.gnu-tools-for-stm32.12.3.rel1.win32_1.0.100.202403111256/tools/bin/../lib/gcc/arm-none-eabi/12.3.1/../../../../arm-none-eabi/lib/thumb/v7-m/nofp\libc_nano.a(libc_a-lock.o)
                0x08008e80                __retarget_lock_acquire_recursive
 .text.__retarget_lock_release
                0x08008e82        0x2 D:/ST/STM32CubeIDE_1.13.1/STM32CubeIDE/plugins/com.st.stm32cube.ide.mcu.externaltools.gnu-tools-for-stm32.12.3.rel1.win32_1.0.100.202403111256/tools/bin/../lib/gcc/arm-none-eabi/12.3.1/../../../../arm-none-eabi/lib/thumb/v7-m/nofp\libc_nano.a(libc_a-lock.o)
                0x08008e82                __retarget_lock_release
 .text.__retarget_lock_release_recursive
                0x08008e84        0x2 D:/ST/STM32CubeIDE_1.13.1/STM32CubeIDE/plugins/com.st.stm32cube.ide.mcu.externaltools.gnu-tools-for-stm32.12.3.rel1.win32_1.0.100.202403111256/tools/bin/../lib/gcc/arm-none-eabi/12.3.1/../../../../arm-none-eabi/lib/thumb/v7-m/nofp\libc_nano.a(libc_a-lock.o)
                0x08008e84                __retarget_lock_release_recursive
 .text.strcpy   0x08008e86       0x10 D:/ST/STM32CubeIDE_1.13.1/STM32CubeIDE/plugins/com.st.stm32cube.ide.mcu.externaltools.gnu-tools-for-stm32.12.3.rel1.win32_1.0.100.202403111256/tools/bin/../lib/gcc/arm-none-eabi/12.3.1/../../../../arm-none-eabi/lib/thumb/v7-m/nofp\libc_nano.a(libc_a-strcpy.o)
                0x08008e86                strcpy
 .text.memcpy   0x08008e96       0x1c D:/ST/STM32CubeIDE_1.13.1/STM32CubeIDE/plugins/com.st.stm32cube.ide.mcu.externaltools.gnu-tools-for-stm32.12.3.rel1.win32_1.0.100.202403111256/tools/bin/../lib/gcc/arm-none-eabi/12.3.1/../../../../arm-none-eabi/lib/thumb/v7-m/nofp\libc_nano.a(libc_a-memcpy-stub.o)
                0x08008e96                memcpy
 *fill*         0x08008eb2        0x2 
 .text.nan      0x08008eb4        0xc D:/ST/STM32CubeIDE_1.13.1/STM32CubeIDE/plugins/com.st.stm32cube.ide.mcu.externaltools.gnu-tools-for-stm32.12.3.rel1.win32_1.0.100.202403111256/tools/bin/../lib/gcc/arm-none-eabi/12.3.1/../../../../arm-none-eabi/lib/thumb/v7-m/nofp\libc_nano.a(libm_a-s_nan.o)
                0x08008eb4                nan
 .text.__assert_func
                0x08008ec0       0x3c D:/ST/STM32CubeIDE_1.13.1/STM32CubeIDE/plugins/com.st.stm32cube.ide.mcu.externaltools.gnu-tools-for-stm32.12.3.rel1.win32_1.0.100.202403111256/tools/bin/../lib/gcc/arm-none-eabi/12.3.1/../../../../arm-none-eabi/lib/thumb/v7-m/nofp\libc_nano.a(libc_a-assert.o)
                0x08008ec0                __assert_func
 .text.div      0x08008efc       0x10 D:/ST/STM32CubeIDE_1.13.1/STM32CubeIDE/plugins/com.st.stm32cube.ide.mcu.externaltools.gnu-tools-for-stm32.12.3.rel1.win32_1.0.100.202403111256/tools/bin/../lib/gcc/arm-none-eabi/12.3.1/../../../../arm-none-eabi/lib/thumb/v7-m/nofp\libc_nano.a(libc_a-div.o)
                0x08008efc                div
 .text._free_r  0x08008f0c       0x90 D:/ST/STM32CubeIDE_1.13.1/STM32CubeIDE/plugins/com.st.stm32cube.ide.mcu.externaltools.gnu-tools-for-stm32.12.3.rel1.win32_1.0.100.202403111256/tools/bin/../lib/gcc/arm-none-eabi/12.3.1/../../../../arm-none-eabi/lib/thumb/v7-m/nofp\libc_nano.a(libc_a-freer.o)
                0x08008f0c                _free_r
 .text.rshift   0x08008f9c       0xa6 D:/ST/STM32CubeIDE_1.13.1/STM32CubeIDE/plugins/com.st.stm32cube.ide.mcu.externaltools.gnu-tools-for-stm32.12.3.rel1.win32_1.0.100.202403111256/tools/bin/../lib/gcc/arm-none-eabi/12.3.1/../../../../arm-none-eabi/lib/thumb/v7-m/nofp\libc_nano.a(libc_a-gdtoa-gethex.o)
 .text.__hexdig_fun
                0x08009042       0x2a D:/ST/STM32CubeIDE_1.13.1/STM32CubeIDE/plugins/com.st.stm32cube.ide.mcu.externaltools.gnu-tools-for-stm32.12.3.rel1.win32_1.0.100.202403111256/tools/bin/../lib/gcc/arm-none-eabi/12.3.1/../../../../arm-none-eabi/lib/thumb/v7-m/nofp\libc_nano.a(libc_a-gdtoa-gethex.o)
                0x08009042                __hexdig_fun
 .text.__gethex
                0x0800906c      0x420 D:/ST/STM32CubeIDE_1.13.1/STM32CubeIDE/plugins/com.st.stm32cube.ide.mcu.externaltools.gnu-tools-for-stm32.12.3.rel1.win32_1.0.100.202403111256/tools/bin/../lib/gcc/arm-none-eabi/12.3.1/../../../../arm-none-eabi/lib/thumb/v7-m/nofp\libc_nano.a(libc_a-gdtoa-gethex.o)
                0x0800906c                __gethex
 .text.L_shift  0x0800948c       0x24 D:/ST/STM32CubeIDE_1.13.1/STM32CubeIDE/plugins/com.st.stm32cube.ide.mcu.externaltools.gnu-tools-for-stm32.12.3.rel1.win32_1.0.100.202403111256/tools/bin/../lib/gcc/arm-none-eabi/12.3.1/../../../../arm-none-eabi/lib/thumb/v7-m/nofp\libc_nano.a(libc_a-gdtoa-hexnan.o)
 .text.__match  0x080094b0       0x28 D:/ST/STM32CubeIDE_1.13.1/STM32CubeIDE/plugins/com.st.stm32cube.ide.mcu.externaltools.gnu-tools-for-stm32.12.3.rel1.win32_1.0.100.202403111256/tools/bin/../lib/gcc/arm-none-eabi/12.3.1/../../../../arm-none-eabi/lib/thumb/v7-m/nofp\libc_nano.a(libc_a-gdtoa-hexnan.o)
                0x080094b0                __match
 .text.__hexnan
                0x080094d8      0x136 D:/ST/STM32CubeIDE_1.13.1/STM32CubeIDE/plugins/com.st.stm32cube.ide.mcu.externaltools.gnu-tools-for-stm32.12.3.rel1.win32_1.0.100.202403111256/tools/bin/../lib/gcc/arm-none-eabi/12.3.1/../../../../arm-none-eabi/lib/thumb/v7-m/nofp\libc_nano.a(libc_a-gdtoa-hexnan.o)
                0x080094d8                __hexnan
 *fill*         0x0800960e        0x2 
 .text._findenv_r
                0x08009610       0x78 D:/ST/STM32CubeIDE_1.13.1/STM32CubeIDE/plugins/com.st.stm32cube.ide.mcu.externaltools.gnu-tools-for-stm32.12.3.rel1.win32_1.0.100.202403111256/tools/bin/../lib/gcc/arm-none-eabi/12.3.1/../../../../arm-none-eabi/lib/thumb/v7-m/nofp\libc_nano.a(libc_a-getenv_r.o)
                0x08009610                _findenv_r
 .text._getenv_r
                0x08009688        0xe D:/ST/STM32CubeIDE_1.13.1/STM32CubeIDE/plugins/com.st.stm32cube.ide.mcu.externaltools.gnu-tools-for-stm32.12.3.rel1.win32_1.0.100.202403111256/tools/bin/../lib/gcc/arm-none-eabi/12.3.1/../../../../arm-none-eabi/lib/thumb/v7-m/nofp\libc_nano.a(libc_a-getenv_r.o)
                0x08009688                _getenv_r
 *fill*         0x08009696        0x2 
 .text.malloc   0x08009698       0x10 D:/ST/STM32CubeIDE_1.13.1/STM32CubeIDE/plugins/com.st.stm32cube.ide.mcu.externaltools.gnu-tools-for-stm32.12.3.rel1.win32_1.0.100.202403111256/tools/bin/../lib/gcc/arm-none-eabi/12.3.1/../../../../arm-none-eabi/lib/thumb/v7-m/nofp\libc_nano.a(libc_a-malloc.o)
                0x08009698                malloc
 .text.free     0x080096a8       0x10 D:/ST/STM32CubeIDE_1.13.1/STM32CubeIDE/plugins/com.st.stm32cube.ide.mcu.externaltools.gnu-tools-for-stm32.12.3.rel1.win32_1.0.100.202403111256/tools/bin/../lib/gcc/arm-none-eabi/12.3.1/../../../../arm-none-eabi/lib/thumb/v7-m/nofp\libc_nano.a(libc_a-malloc.o)
                0x080096a8                free
 .text.sbrk_aligned
                0x080096b8       0x44 D:/ST/STM32CubeIDE_1.13.1/STM32CubeIDE/plugins/com.st.stm32cube.ide.mcu.externaltools.gnu-tools-for-stm32.12.3.rel1.win32_1.0.100.202403111256/tools/bin/../lib/gcc/arm-none-eabi/12.3.1/../../../../arm-none-eabi/lib/thumb/v7-m/nofp\libc_nano.a(libc_a-mallocr.o)
 .text._malloc_r
                0x080096fc      0x100 D:/ST/STM32CubeIDE_1.13.1/STM32CubeIDE/plugins/com.st.stm32cube.ide.mcu.externaltools.gnu-tools-for-stm32.12.3.rel1.win32_1.0.100.202403111256/tools/bin/../lib/gcc/arm-none-eabi/12.3.1/../../../../arm-none-eabi/lib/thumb/v7-m/nofp\libc_nano.a(libc_a-mallocr.o)
                0x080096fc                _malloc_r
 .text.__ascii_mbtowc
                0x080097fc       0x24 D:/ST/STM32CubeIDE_1.13.1/STM32CubeIDE/plugins/com.st.stm32cube.ide.mcu.externaltools.gnu-tools-for-stm32.12.3.rel1.win32_1.0.100.202403111256/tools/bin/../lib/gcc/arm-none-eabi/12.3.1/../../../../arm-none-eabi/lib/thumb/v7-m/nofp\libc_nano.a(libc_a-mbtowc_r.o)
                0x080097fc                __ascii_mbtowc
 .text.__malloc_lock
                0x08009820        0xc D:/ST/STM32CubeIDE_1.13.1/STM32CubeIDE/plugins/com.st.stm32cube.ide.mcu.externaltools.gnu-tools-for-stm32.12.3.rel1.win32_1.0.100.202403111256/tools/bin/../lib/gcc/arm-none-eabi/12.3.1/../../../../arm-none-eabi/lib/thumb/v7-m/nofp\libc_nano.a(libc_a-mlock.o)
                0x08009820                __malloc_lock
 .text.__malloc_unlock
                0x0800982c        0xc D:/ST/STM32CubeIDE_1.13.1/STM32CubeIDE/plugins/com.st.stm32cube.ide.mcu.externaltools.gnu-tools-for-stm32.12.3.rel1.win32_1.0.100.202403111256/tools/bin/../lib/gcc/arm-none-eabi/12.3.1/../../../../arm-none-eabi/lib/thumb/v7-m/nofp\libc_nano.a(libc_a-mlock.o)
                0x0800982c                __malloc_unlock
 .text._Balloc  0x08009838       0x80 D:/ST/STM32CubeIDE_1.13.1/STM32CubeIDE/plugins/com.st.stm32cube.ide.mcu.externaltools.gnu-tools-for-stm32.12.3.rel1.win32_1.0.100.202403111256/tools/bin/../lib/gcc/arm-none-eabi/12.3.1/../../../../arm-none-eabi/lib/thumb/v7-m/nofp\libc_nano.a(libc_a-mprec.o)
                0x08009838                _Balloc
 .text._Bfree   0x080098b8       0x44 D:/ST/STM32CubeIDE_1.13.1/STM32CubeIDE/plugins/com.st.stm32cube.ide.mcu.externaltools.gnu-tools-for-stm32.12.3.rel1.win32_1.0.100.202403111256/tools/bin/../lib/gcc/arm-none-eabi/12.3.1/../../../../arm-none-eabi/lib/thumb/v7-m/nofp\libc_nano.a(libc_a-mprec.o)
                0x080098b8                _Bfree
 .text.__multadd
                0x080098fc       0x8c D:/ST/STM32CubeIDE_1.13.1/STM32CubeIDE/plugins/com.st.stm32cube.ide.mcu.externaltools.gnu-tools-for-stm32.12.3.rel1.win32_1.0.100.202403111256/tools/bin/../lib/gcc/arm-none-eabi/12.3.1/../../../../arm-none-eabi/lib/thumb/v7-m/nofp\libc_nano.a(libc_a-mprec.o)
                0x080098fc                __multadd
 .text.__s2b    0x08009988       0x94 D:/ST/STM32CubeIDE_1.13.1/STM32CubeIDE/plugins/com.st.stm32cube.ide.mcu.externaltools.gnu-tools-for-stm32.12.3.rel1.win32_1.0.100.202403111256/tools/bin/../lib/gcc/arm-none-eabi/12.3.1/../../../../arm-none-eabi/lib/thumb/v7-m/nofp\libc_nano.a(libc_a-mprec.o)
                0x08009988                __s2b
 .text.__hi0bits
                0x08009a1c       0x3e D:/ST/STM32CubeIDE_1.13.1/STM32CubeIDE/plugins/com.st.stm32cube.ide.mcu.externaltools.gnu-tools-for-stm32.12.3.rel1.win32_1.0.100.202403111256/tools/bin/../lib/gcc/arm-none-eabi/12.3.1/../../../../arm-none-eabi/lib/thumb/v7-m/nofp\libc_nano.a(libc_a-mprec.o)
                0x08009a1c                __hi0bits
 .text.__lo0bits
                0x08009a5a       0x5a D:/ST/STM32CubeIDE_1.13.1/STM32CubeIDE/plugins/com.st.stm32cube.ide.mcu.externaltools.gnu-tools-for-stm32.12.3.rel1.win32_1.0.100.202403111256/tools/bin/../lib/gcc/arm-none-eabi/12.3.1/../../../../arm-none-eabi/lib/thumb/v7-m/nofp\libc_nano.a(libc_a-mprec.o)
                0x08009a5a                __lo0bits
 .text.__i2b    0x08009ab4       0x2c D:/ST/STM32CubeIDE_1.13.1/STM32CubeIDE/plugins/com.st.stm32cube.ide.mcu.externaltools.gnu-tools-for-stm32.12.3.rel1.win32_1.0.100.202403111256/tools/bin/../lib/gcc/arm-none-eabi/12.3.1/../../../../arm-none-eabi/lib/thumb/v7-m/nofp\libc_nano.a(libc_a-mprec.o)
                0x08009ab4                __i2b
 .text.__multiply
                0x08009ae0      0x150 D:/ST/STM32CubeIDE_1.13.1/STM32CubeIDE/plugins/com.st.stm32cube.ide.mcu.externaltools.gnu-tools-for-stm32.12.3.rel1.win32_1.0.100.202403111256/tools/bin/../lib/gcc/arm-none-eabi/12.3.1/../../../../arm-none-eabi/lib/thumb/v7-m/nofp\libc_nano.a(libc_a-mprec.o)
                0x08009ae0                __multiply
 .text.__pow5mult
                0x08009c30       0xb4 D:/ST/STM32CubeIDE_1.13.1/STM32CubeIDE/plugins/com.st.stm32cube.ide.mcu.externaltools.gnu-tools-for-stm32.12.3.rel1.win32_1.0.100.202403111256/tools/bin/../lib/gcc/arm-none-eabi/12.3.1/../../../../arm-none-eabi/lib/thumb/v7-m/nofp\libc_nano.a(libc_a-mprec.o)
                0x08009c30                __pow5mult
 .text.__lshift
                0x08009ce4       0xd8 D:/ST/STM32CubeIDE_1.13.1/STM32CubeIDE/plugins/com.st.stm32cube.ide.mcu.externaltools.gnu-tools-for-stm32.12.3.rel1.win32_1.0.100.202403111256/tools/bin/../lib/gcc/arm-none-eabi/12.3.1/../../../../arm-none-eabi/lib/thumb/v7-m/nofp\libc_nano.a(libc_a-mprec.o)
                0x08009ce4                __lshift
 .text.__mcmp   0x08009dbc       0x36 D:/ST/STM32CubeIDE_1.13.1/STM32CubeIDE/plugins/com.st.stm32cube.ide.mcu.externaltools.gnu-tools-for-stm32.12.3.rel1.win32_1.0.100.202403111256/tools/bin/../lib/gcc/arm-none-eabi/12.3.1/../../../../arm-none-eabi/lib/thumb/v7-m/nofp\libc_nano.a(libc_a-mprec.o)
                0x08009dbc                __mcmp
 *fill*         0x08009df2        0x2 
 .text.__mdiff  0x08009df4      0x128 D:/ST/STM32CubeIDE_1.13.1/STM32CubeIDE/plugins/com.st.stm32cube.ide.mcu.externaltools.gnu-tools-for-stm32.12.3.rel1.win32_1.0.100.202403111256/tools/bin/../lib/gcc/arm-none-eabi/12.3.1/../../../../arm-none-eabi/lib/thumb/v7-m/nofp\libc_nano.a(libc_a-mprec.o)
                0x08009df4                __mdiff
 .text.__ulp    0x08009f1c       0x40 D:/ST/STM32CubeIDE_1.13.1/STM32CubeIDE/plugins/com.st.stm32cube.ide.mcu.externaltools.gnu-tools-for-stm32.12.3.rel1.win32_1.0.100.202403111256/tools/bin/../lib/gcc/arm-none-eabi/12.3.1/../../../../arm-none-eabi/lib/thumb/v7-m/nofp\libc_nano.a(libc_a-mprec.o)
                0x08009f1c                __ulp
 .text.__b2d    0x08009f5c       0x90 D:/ST/STM32CubeIDE_1.13.1/STM32CubeIDE/plugins/com.st.stm32cube.ide.mcu.externaltools.gnu-tools-for-stm32.12.3.rel1.win32_1.0.100.202403111256/tools/bin/../lib/gcc/arm-none-eabi/12.3.1/../../../../arm-none-eabi/lib/thumb/v7-m/nofp\libc_nano.a(libc_a-mprec.o)
                0x08009f5c                __b2d
 .text.__d2b    0x08009fec       0xb0 D:/ST/STM32CubeIDE_1.13.1/STM32CubeIDE/plugins/com.st.stm32cube.ide.mcu.externaltools.gnu-tools-for-stm32.12.3.rel1.win32_1.0.100.202403111256/tools/bin/../lib/gcc/arm-none-eabi/12.3.1/../../../../arm-none-eabi/lib/thumb/v7-m/nofp\libc_nano.a(libc_a-mprec.o)
                0x08009fec                __d2b
 .text.__ratio  0x0800a09c       0x60 D:/ST/STM32CubeIDE_1.13.1/STM32CubeIDE/plugins/com.st.stm32cube.ide.mcu.externaltools.gnu-tools-for-stm32.12.3.rel1.win32_1.0.100.202403111256/tools/bin/../lib/gcc/arm-none-eabi/12.3.1/../../../../arm-none-eabi/lib/thumb/v7-m/nofp\libc_nano.a(libc_a-mprec.o)
                0x0800a09c                __ratio
 .text.__copybits
                0x0800a0fc       0x46 D:/ST/STM32CubeIDE_1.13.1/STM32CubeIDE/plugins/com.st.stm32cube.ide.mcu.externaltools.gnu-tools-for-stm32.12.3.rel1.win32_1.0.100.202403111256/tools/bin/../lib/gcc/arm-none-eabi/12.3.1/../../../../arm-none-eabi/lib/thumb/v7-m/nofp\libc_nano.a(libc_a-mprec.o)
                0x0800a0fc                __copybits
 .text.__any_on
                0x0800a142       0x42 D:/ST/STM32CubeIDE_1.13.1/STM32CubeIDE/plugins/com.st.stm32cube.ide.mcu.externaltools.gnu-tools-for-stm32.12.3.rel1.win32_1.0.100.202403111256/tools/bin/../lib/gcc/arm-none-eabi/12.3.1/../../../../arm-none-eabi/lib/thumb/v7-m/nofp\libc_nano.a(libc_a-mprec.o)
                0x0800a142                __any_on
 .text._strtoul_l.constprop.0
                0x0800a184       0xdc D:/ST/STM32CubeIDE_1.13.1/STM32CubeIDE/plugins/com.st.stm32cube.ide.mcu.externaltools.gnu-tools-for-stm32.12.3.rel1.win32_1.0.100.202403111256/tools/bin/../lib/gcc/arm-none-eabi/12.3.1/../../../../arm-none-eabi/lib/thumb/v7-m/nofp\libc_nano.a(libc_a-strtoul.o)
 .text._strtoul_r
                0x0800a260        0x4 D:/ST/STM32CubeIDE_1.13.1/STM32CubeIDE/plugins/com.st.stm32cube.ide.mcu.externaltools.gnu-tools-for-stm32.12.3.rel1.win32_1.0.100.202403111256/tools/bin/../lib/gcc/arm-none-eabi/12.3.1/../../../../arm-none-eabi/lib/thumb/v7-m/nofp\libc_nano.a(libc_a-strtoul.o)
                0x0800a260                _strtoul_r
 .text.strtoul  0x0800a264       0x14 D:/ST/STM32CubeIDE_1.13.1/STM32CubeIDE/plugins/com.st.stm32cube.ide.mcu.externaltools.gnu-tools-for-stm32.12.3.rel1.win32_1.0.100.202403111256/tools/bin/../lib/gcc/arm-none-eabi/12.3.1/../../../../arm-none-eabi/lib/thumb/v7-m/nofp\libc_nano.a(libc_a-strtoul.o)
                0x0800a264                strtoul
 .text.__ascii_wctomb
                0x0800a278       0x1a D:/ST/STM32CubeIDE_1.13.1/STM32CubeIDE/plugins/com.st.stm32cube.ide.mcu.externaltools.gnu-tools-for-stm32.12.3.rel1.win32_1.0.100.202403111256/tools/bin/../lib/gcc/arm-none-eabi/12.3.1/../../../../arm-none-eabi/lib/thumb/v7-m/nofp\libc_nano.a(libc_a-wctomb_r.o)
                0x0800a278                __ascii_wctomb
 *fill*         0x0800a292        0x2 
 .text.__sflush_r
                0x0800a294      0x100 D:/ST/STM32CubeIDE_1.13.1/STM32CubeIDE/plugins/com.st.stm32cube.ide.mcu.externaltools.gnu-tools-for-stm32.12.3.rel1.win32_1.0.100.202403111256/tools/bin/../lib/gcc/arm-none-eabi/12.3.1/../../../../arm-none-eabi/lib/thumb/v7-m/nofp\libc_nano.a(libc_a-fflush.o)
                0x0800a294                __sflush_r
 .text._fflush_r
                0x0800a394       0x50 D:/ST/STM32CubeIDE_1.13.1/STM32CubeIDE/plugins/com.st.stm32cube.ide.mcu.externaltools.gnu-tools-for-stm32.12.3.rel1.win32_1.0.100.202403111256/tools/bin/../lib/gcc/arm-none-eabi/12.3.1/../../../../arm-none-eabi/lib/thumb/v7-m/nofp\libc_nano.a(libc_a-fflush.o)
                0x0800a394                _fflush_r
 .text.fprintf  0x0800a3e4       0x24 D:/ST/STM32CubeIDE_1.13.1/STM32CubeIDE/plugins/com.st.stm32cube.ide.mcu.externaltools.gnu-tools-for-stm32.12.3.rel1.win32_1.0.100.202403111256/tools/bin/../lib/gcc/arm-none-eabi/12.3.1/../../../../arm-none-eabi/lib/thumb/v7-m/nofp\libc_nano.a(libc_a-fprintf.o)
                0x0800a3e4                fiprintf
                0x0800a3e4                fprintf
 .text.sscanf   0x0800a408       0x54 D:/ST/STM32CubeIDE_1.13.1/STM32CubeIDE/plugins/com.st.stm32cube.ide.mcu.externaltools.gnu-tools-for-stm32.12.3.rel1.win32_1.0.100.202403111256/tools/bin/../lib/gcc/arm-none-eabi/12.3.1/../../../../arm-none-eabi/lib/thumb/v7-m/nofp\libc_nano.a(libc_a-sscanf.o)
                0x0800a408                siscanf
                0x0800a408                sscanf
 .text.__gettzinfo
                0x0800a45c        0x8 D:/ST/STM32CubeIDE_1.13.1/STM32CubeIDE/plugins/com.st.stm32cube.ide.mcu.externaltools.gnu-tools-for-stm32.12.3.rel1.win32_1.0.100.202403111256/tools/bin/../lib/gcc/arm-none-eabi/12.3.1/../../../../arm-none-eabi/lib/thumb/v7-m/nofp\libc_nano.a(libc_a-gettzinfo.o)
                0x0800a45c                __gettzinfo
 .text.gmtime_r
                0x0800a464      0x14c D:/ST/STM32CubeIDE_1.13.1/STM32CubeIDE/plugins/com.st.stm32cube.ide.mcu.externaltools.gnu-tools-for-stm32.12.3.rel1.win32_1.0.100.202403111256/tools/bin/../lib/gcc/arm-none-eabi/12.3.1/../../../../arm-none-eabi/lib/thumb/v7-m/nofp\libc_nano.a(libc_a-gmtime_r.o)
                0x0800a464                gmtime_r
 .text._sbrk_r  0x0800a5b0       0x20 D:/ST/STM32CubeIDE_1.13.1/STM32CubeIDE/plugins/com.st.stm32cube.ide.mcu.externaltools.gnu-tools-for-stm32.12.3.rel1.win32_1.0.100.202403111256/tools/bin/../lib/gcc/arm-none-eabi/12.3.1/../../../../arm-none-eabi/lib/thumb/v7-m/nofp\libc_nano.a(libc_a-sbrkr.o)
                0x0800a5b0                _sbrk_r
 .text.abort    0x0800a5d0        0xe D:/ST/STM32CubeIDE_1.13.1/STM32CubeIDE/plugins/com.st.stm32cube.ide.mcu.externaltools.gnu-tools-for-stm32.12.3.rel1.win32_1.0.100.202403111256/tools/bin/../lib/gcc/arm-none-eabi/12.3.1/../../../../arm-none-eabi/lib/thumb/v7-m/nofp\libc_nano.a(libc_a-abort.o)
                0x0800a5d0                abort
 .text._calloc_r
                0x0800a5de       0x28 D:/ST/STM32CubeIDE_1.13.1/STM32CubeIDE/plugins/com.st.stm32cube.ide.mcu.externaltools.gnu-tools-for-stm32.12.3.rel1.win32_1.0.100.202403111256/tools/bin/../lib/gcc/arm-none-eabi/12.3.1/../../../../arm-none-eabi/lib/thumb/v7-m/nofp\libc_nano.a(libc_a-callocr.o)
                0x0800a5de                _calloc_r
 *fill*         0x0800a606        0x2 
 .text.__env_lock
                0x0800a608        0xc D:/ST/STM32CubeIDE_1.13.1/STM32CubeIDE/plugins/com.st.stm32cube.ide.mcu.externaltools.gnu-tools-for-stm32.12.3.rel1.win32_1.0.100.202403111256/tools/bin/../lib/gcc/arm-none-eabi/12.3.1/../../../../arm-none-eabi/lib/thumb/v7-m/nofp\libc_nano.a(libc_a-envlock.o)
                0x0800a608                __env_lock
 .text.__env_unlock
                0x0800a614        0xc D:/ST/STM32CubeIDE_1.13.1/STM32CubeIDE/plugins/com.st.stm32cube.ide.mcu.externaltools.gnu-tools-for-stm32.12.3.rel1.win32_1.0.100.202403111256/tools/bin/../lib/gcc/arm-none-eabi/12.3.1/../../../../arm-none-eabi/lib/thumb/v7-m/nofp\libc_nano.a(libc_a-envlock.o)
                0x0800a614                __env_unlock
 .text._sungetc_r
                0x0800a620       0x76 D:/ST/STM32CubeIDE_1.13.1/STM32CubeIDE/plugins/com.st.stm32cube.ide.mcu.externaltools.gnu-tools-for-stm32.12.3.rel1.win32_1.0.100.202403111256/tools/bin/../lib/gcc/arm-none-eabi/12.3.1/../../../../arm-none-eabi/lib/thumb/v7-m/nofp\libc_nano.a(libc_a-nano-svfscanf.o)
                0x0800a620                _sungetc_r
 .text.__ssrefill_r
                0x0800a696       0x3a D:/ST/STM32CubeIDE_1.13.1/STM32CubeIDE/plugins/com.st.stm32cube.ide.mcu.externaltools.gnu-tools-for-stm32.12.3.rel1.win32_1.0.100.202403111256/tools/bin/../lib/gcc/arm-none-eabi/12.3.1/../../../../arm-none-eabi/lib/thumb/v7-m/nofp\libc_nano.a(libc_a-nano-svfscanf.o)
                0x0800a696                __ssrefill_r
 .text.__ssvfscanf_r
                0x0800a6d0      0x2e4 D:/ST/STM32CubeIDE_1.13.1/STM32CubeIDE/plugins/com.st.stm32cube.ide.mcu.externaltools.gnu-tools-for-stm32.12.3.rel1.win32_1.0.100.202403111256/tools/bin/../lib/gcc/arm-none-eabi/12.3.1/../../../../arm-none-eabi/lib/thumb/v7-m/nofp\libc_nano.a(libc_a-nano-svfscanf.o)
                0x0800a6d0                __ssvfiscanf_r
                0x0800a6d0                __ssvfscanf_r
 .text.__sfputc_r
                0x0800a9b4       0x2a D:/ST/STM32CubeIDE_1.13.1/STM32CubeIDE/plugins/com.st.stm32cube.ide.mcu.externaltools.gnu-tools-for-stm32.12.3.rel1.win32_1.0.100.202403111256/tools/bin/../lib/gcc/arm-none-eabi/12.3.1/../../../../arm-none-eabi/lib/thumb/v7-m/nofp\libc_nano.a(libc_a-nano-vfprintf.o)
 .text.__sfputs_r
                0x0800a9de       0x24 D:/ST/STM32CubeIDE_1.13.1/STM32CubeIDE/plugins/com.st.stm32cube.ide.mcu.externaltools.gnu-tools-for-stm32.12.3.rel1.win32_1.0.100.202403111256/tools/bin/../lib/gcc/arm-none-eabi/12.3.1/../../../../arm-none-eabi/lib/thumb/v7-m/nofp\libc_nano.a(libc_a-nano-vfprintf.o)
                0x0800a9de                __sfputs_r
 *fill*         0x0800aa02        0x2 
 .text._vfprintf_r
                0x0800aa04      0x230 D:/ST/STM32CubeIDE_1.13.1/STM32CubeIDE/plugins/com.st.stm32cube.ide.mcu.externaltools.gnu-tools-for-stm32.12.3.rel1.win32_1.0.100.202403111256/tools/bin/../lib/gcc/arm-none-eabi/12.3.1/../../../../arm-none-eabi/lib/thumb/v7-m/nofp\libc_nano.a(libc_a-nano-vfprintf.o)
                0x0800aa04                _vfprintf_r
                0x0800aa04                _vfiprintf_r
 .text._printf_common
                0x0800ac34       0xe4 D:/ST/STM32CubeIDE_1.13.1/STM32CubeIDE/plugins/com.st.stm32cube.ide.mcu.externaltools.gnu-tools-for-stm32.12.3.rel1.win32_1.0.100.202403111256/tools/bin/../lib/gcc/arm-none-eabi/12.3.1/../../../../arm-none-eabi/lib/thumb/v7-m/nofp\libc_nano.a(libc_a-nano-vfprintf_i.o)
                0x0800ac34                _printf_common
 .text._printf_i
                0x0800ad18      0x240 D:/ST/STM32CubeIDE_1.13.1/STM32CubeIDE/plugins/com.st.stm32cube.ide.mcu.externaltools.gnu-tools-for-stm32.12.3.rel1.win32_1.0.100.202403111256/tools/bin/../lib/gcc/arm-none-eabi/12.3.1/../../../../arm-none-eabi/lib/thumb/v7-m/nofp\libc_nano.a(libc_a-nano-vfprintf_i.o)
                0x0800ad18                _printf_i
 .text._scanf_chars
                0x0800af58       0xb4 D:/ST/STM32CubeIDE_1.13.1/STM32CubeIDE/plugins/com.st.stm32cube.ide.mcu.externaltools.gnu-tools-for-stm32.12.3.rel1.win32_1.0.100.202403111256/tools/bin/../lib/gcc/arm-none-eabi/12.3.1/../../../../arm-none-eabi/lib/thumb/v7-m/nofp\libc_nano.a(libc_a-nano-vfscanf_i.o)
                0x0800af58                _scanf_chars
 .text._scanf_i
                0x0800b00c      0x1e4 D:/ST/STM32CubeIDE_1.13.1/STM32CubeIDE/plugins/com.st.stm32cube.ide.mcu.externaltools.gnu-tools-for-stm32.12.3.rel1.win32_1.0.100.202403111256/tools/bin/../lib/gcc/arm-none-eabi/12.3.1/../../../../arm-none-eabi/lib/thumb/v7-m/nofp\libc_nano.a(libc_a-nano-vfscanf_i.o)
                0x0800b00c                _scanf_i
 .text.__sccl   0x0800b1f0       0x72 D:/ST/STM32CubeIDE_1.13.1/STM32CubeIDE/plugins/com.st.stm32cube.ide.mcu.externaltools.gnu-tools-for-stm32.12.3.rel1.win32_1.0.100.202403111256/tools/bin/../lib/gcc/arm-none-eabi/12.3.1/../../../../arm-none-eabi/lib/thumb/v7-m/nofp\libc_nano.a(libc_a-sccl.o)
                0x0800b1f0                __sccl
 .text.__submore
                0x0800b262       0x70 D:/ST/STM32CubeIDE_1.13.1/STM32CubeIDE/plugins/com.st.stm32cube.ide.mcu.externaltools.gnu-tools-for-stm32.12.3.rel1.win32_1.0.100.202403111256/tools/bin/../lib/gcc/arm-none-eabi/12.3.1/../../../../arm-none-eabi/lib/thumb/v7-m/nofp\libc_nano.a(libc_a-ungetc.o)
                0x0800b262                __submore
 .text.__swbuf_r
                0x0800b2d2       0x7c D:/ST/STM32CubeIDE_1.13.1/STM32CubeIDE/plugins/com.st.stm32cube.ide.mcu.externaltools.gnu-tools-for-stm32.12.3.rel1.win32_1.0.100.202403111256/tools/bin/../lib/gcc/arm-none-eabi/12.3.1/../../../../arm-none-eabi/lib/thumb/v7-m/nofp\libc_nano.a(libc_a-wbuf.o)
                0x0800b2d2                __swbuf_r
 *fill*         0x0800b34e        0x2 
 .text.__swsetup_r
                0x0800b350       0xac D:/ST/STM32CubeIDE_1.13.1/STM32CubeIDE/plugins/com.st.stm32cube.ide.mcu.externaltools.gnu-tools-for-stm32.12.3.rel1.win32_1.0.100.202403111256/tools/bin/../lib/gcc/arm-none-eabi/12.3.1/../../../../arm-none-eabi/lib/thumb/v7-m/nofp\libc_nano.a(libc_a-wsetup.o)
                0x0800b350                __swsetup_r
 .text._raise_r
                0x0800b3fc       0x50 D:/ST/STM32CubeIDE_1.13.1/STM32CubeIDE/plugins/com.st.stm32cube.ide.mcu.externaltools.gnu-tools-for-stm32.12.3.rel1.win32_1.0.100.202403111256/tools/bin/../lib/gcc/arm-none-eabi/12.3.1/../../../../arm-none-eabi/lib/thumb/v7-m/nofp\libc_nano.a(libc_a-signal.o)
                0x0800b3fc                _raise_r
 .text.raise    0x0800b44c       0x10 D:/ST/STM32CubeIDE_1.13.1/STM32CubeIDE/plugins/com.st.stm32cube.ide.mcu.externaltools.gnu-tools-for-stm32.12.3.rel1.win32_1.0.100.202403111256/tools/bin/../lib/gcc/arm-none-eabi/12.3.1/../../../../arm-none-eabi/lib/thumb/v7-m/nofp\libc_nano.a(libc_a-signal.o)
                0x0800b44c                raise
 .text._kill_r  0x0800b45c       0x24 D:/ST/STM32CubeIDE_1.13.1/STM32CubeIDE/plugins/com.st.stm32cube.ide.mcu.externaltools.gnu-tools-for-stm32.12.3.rel1.win32_1.0.100.202403111256/tools/bin/../lib/gcc/arm-none-eabi/12.3.1/../../../../arm-none-eabi/lib/thumb/v7-m/nofp\libc_nano.a(libc_a-signalr.o)
                0x0800b45c                _kill_r
 .text._getpid_r
                0x0800b480        0x4 D:/ST/STM32CubeIDE_1.13.1/STM32CubeIDE/plugins/com.st.stm32cube.ide.mcu.externaltools.gnu-tools-for-stm32.12.3.rel1.win32_1.0.100.202403111256/tools/bin/../lib/gcc/arm-none-eabi/12.3.1/../../../../arm-none-eabi/lib/thumb/v7-m/nofp\libc_nano.a(libc_a-signalr.o)
                0x0800b480                _getpid_r
 .text.memchr   0x0800b484       0x1c D:/ST/STM32CubeIDE_1.13.1/STM32CubeIDE/plugins/com.st.stm32cube.ide.mcu.externaltools.gnu-tools-for-stm32.12.3.rel1.win32_1.0.100.202403111256/tools/bin/../lib/gcc/arm-none-eabi/12.3.1/../../../../arm-none-eabi/lib/thumb/v7-m/nofp\libc_nano.a(libc_a-memchr-stub.o)
                0x0800b484                memchr
 .text._realloc_r
                0x0800b4a0       0x5c D:/ST/STM32CubeIDE_1.13.1/STM32CubeIDE/plugins/com.st.stm32cube.ide.mcu.externaltools.gnu-tools-for-stm32.12.3.rel1.win32_1.0.100.202403111256/tools/bin/../lib/gcc/arm-none-eabi/12.3.1/../../../../arm-none-eabi/lib/thumb/v7-m/nofp\libc_nano.a(libc_a-reallocr.o)
                0x0800b4a0                _realloc_r
 .text.__swhatbuf_r
                0x0800b4fc       0x4a D:/ST/STM32CubeIDE_1.13.1/STM32CubeIDE/plugins/com.st.stm32cube.ide.mcu.externaltools.gnu-tools-for-stm32.12.3.rel1.win32_1.0.100.202403111256/tools/bin/../lib/gcc/arm-none-eabi/12.3.1/../../../../arm-none-eabi/lib/thumb/v7-m/nofp\libc_nano.a(libc_a-makebuf.o)
                0x0800b4fc                __swhatbuf_r
 .text.__smakebuf_r
                0x0800b546       0x78 D:/ST/STM32CubeIDE_1.13.1/STM32CubeIDE/plugins/com.st.stm32cube.ide.mcu.externaltools.gnu-tools-for-stm32.12.3.rel1.win32_1.0.100.202403111256/tools/bin/../lib/gcc/arm-none-eabi/12.3.1/../../../../arm-none-eabi/lib/thumb/v7-m/nofp\libc_nano.a(libc_a-makebuf.o)
                0x0800b546                __smakebuf_r
 *fill*         0x0800b5be        0x2 
 .text._fstat_r
                0x0800b5c0       0x24 D:/ST/STM32CubeIDE_1.13.1/STM32CubeIDE/plugins/com.st.stm32cube.ide.mcu.externaltools.gnu-tools-for-stm32.12.3.rel1.win32_1.0.100.202403111256/tools/bin/../lib/gcc/arm-none-eabi/12.3.1/../../../../arm-none-eabi/lib/thumb/v7-m/nofp\libc_nano.a(libc_a-fstatr.o)
                0x0800b5c0                _fstat_r
 .text._isatty_r
                0x0800b5e4       0x20 D:/ST/STM32CubeIDE_1.13.1/STM32CubeIDE/plugins/com.st.stm32cube.ide.mcu.externaltools.gnu-tools-for-stm32.12.3.rel1.win32_1.0.100.202403111256/tools/bin/../lib/gcc/arm-none-eabi/12.3.1/../../../../arm-none-eabi/lib/thumb/v7-m/nofp\libc_nano.a(libc_a-isattyr.o)
                0x0800b5e4                _isatty_r
 .text._malloc_usable_size_r
                0x0800b604       0x10 D:/ST/STM32CubeIDE_1.13.1/STM32CubeIDE/plugins/com.st.stm32cube.ide.mcu.externaltools.gnu-tools-for-stm32.12.3.rel1.win32_1.0.100.202403111256/tools/bin/../lib/gcc/arm-none-eabi/12.3.1/../../../../arm-none-eabi/lib/thumb/v7-m/nofp\libc_nano.a(libc_a-msizer.o)
                0x0800b604                _malloc_usable_size_r
 .text.pow      0x0800b614       0xd0 D:/ST/STM32CubeIDE_1.13.1/STM32CubeIDE/plugins/com.st.stm32cube.ide.mcu.externaltools.gnu-tools-for-stm32.12.3.rel1.win32_1.0.100.202403111256/tools/bin/../lib/gcc/arm-none-eabi/12.3.1/../../../../arm-none-eabi/lib/thumb/v7-m/nofp\libm.a(libm_a-w_pow.o)
                0x0800b614                pow
 .text.finite   0x0800b6e4        0xc D:/ST/STM32CubeIDE_1.13.1/STM32CubeIDE/plugins/com.st.stm32cube.ide.mcu.externaltools.gnu-tools-for-stm32.12.3.rel1.win32_1.0.100.202403111256/tools/bin/../lib/gcc/arm-none-eabi/12.3.1/../../../../arm-none-eabi/lib/thumb/v7-m/nofp\libm.a(libm_a-s_finite.o)
                0x0800b6e4                finite
 .text.round    0x0800b6f0       0x8c D:/ST/STM32CubeIDE_1.13.1/STM32CubeIDE/plugins/com.st.stm32cube.ide.mcu.externaltools.gnu-tools-for-stm32.12.3.rel1.win32_1.0.100.202403111256/tools/bin/../lib/gcc/arm-none-eabi/12.3.1/../../../../arm-none-eabi/lib/thumb/v7-m/nofp\libm.a(libm_a-s_round.o)
                0x0800b6f0                round
 .text.roundf   0x0800b77c       0x48 D:/ST/STM32CubeIDE_1.13.1/STM32CubeIDE/plugins/com.st.stm32cube.ide.mcu.externaltools.gnu-tools-for-stm32.12.3.rel1.win32_1.0.100.202403111256/tools/bin/../lib/gcc/arm-none-eabi/12.3.1/../../../../arm-none-eabi/lib/thumb/v7-m/nofp\libm.a(libm_a-sf_round.o)
                0x0800b77c                roundf
 *fill*         0x0800b7c4        0x4 
 .text.__ieee754_pow
                0x0800b7c8      0xa50 D:/ST/STM32CubeIDE_1.13.1/STM32CubeIDE/plugins/com.st.stm32cube.ide.mcu.externaltools.gnu-tools-for-stm32.12.3.rel1.win32_1.0.100.202403111256/tools/bin/../lib/gcc/arm-none-eabi/12.3.1/../../../../arm-none-eabi/lib/thumb/v7-m/nofp\libm.a(libm_a-e_pow.o)
                0x0800b7c8                __ieee754_pow
 .text.fabs     0x0800c218        0x8 D:/ST/STM32CubeIDE_1.13.1/STM32CubeIDE/plugins/com.st.stm32cube.ide.mcu.externaltools.gnu-tools-for-stm32.12.3.rel1.win32_1.0.100.202403111256/tools/bin/../lib/gcc/arm-none-eabi/12.3.1/../../../../arm-none-eabi/lib/thumb/v7-m/nofp\libm.a(libm_a-s_fabs.o)
                0x0800c218                fabs
 .text.scalbn   0x0800c220       0xec D:/ST/STM32CubeIDE_1.13.1/STM32CubeIDE/plugins/com.st.stm32cube.ide.mcu.externaltools.gnu-tools-for-stm32.12.3.rel1.win32_1.0.100.202403111256/tools/bin/../lib/gcc/arm-none-eabi/12.3.1/../../../../arm-none-eabi/lib/thumb/v7-m/nofp\libm.a(libm_a-s_scalbn.o)
                0x0800c220                scalbn
 .text.with_errno
                0x0800c30c       0x14 D:/ST/STM32CubeIDE_1.13.1/STM32CubeIDE/plugins/com.st.stm32cube.ide.mcu.externaltools.gnu-tools-for-stm32.12.3.rel1.win32_1.0.100.202403111256/tools/bin/../lib/gcc/arm-none-eabi/12.3.1/../../../../arm-none-eabi/lib/thumb/v7-m/nofp\libm.a(libm_a-math_err.o)
 .text.xflow    0x0800c320       0x26 D:/ST/STM32CubeIDE_1.13.1/STM32CubeIDE/plugins/com.st.stm32cube.ide.mcu.externaltools.gnu-tools-for-stm32.12.3.rel1.win32_1.0.100.202403111256/tools/bin/../lib/gcc/arm-none-eabi/12.3.1/../../../../arm-none-eabi/lib/thumb/v7-m/nofp\libm.a(libm_a-math_err.o)
 .text.__math_uflow
                0x0800c346        0xa D:/ST/STM32CubeIDE_1.13.1/STM32CubeIDE/plugins/com.st.stm32cube.ide.mcu.externaltools.gnu-tools-for-stm32.12.3.rel1.win32_1.0.100.202403111256/tools/bin/../lib/gcc/arm-none-eabi/12.3.1/../../../../arm-none-eabi/lib/thumb/v7-m/nofp\libm.a(libm_a-math_err.o)
                0x0800c346                __math_uflow
 .text.__math_oflow
                0x0800c350        0xa D:/ST/STM32CubeIDE_1.13.1/STM32CubeIDE/plugins/com.st.stm32cube.ide.mcu.externaltools.gnu-tools-for-stm32.12.3.rel1.win32_1.0.100.202403111256/tools/bin/../lib/gcc/arm-none-eabi/12.3.1/../../../../arm-none-eabi/lib/thumb/v7-m/nofp\libm.a(libm_a-math_err.o)
                0x0800c350                __math_oflow
 *fill*         0x0800c35a        0x2 
 .text.__ieee754_sqrt
                0x0800c35c      0x1ac D:/ST/STM32CubeIDE_1.13.1/STM32CubeIDE/plugins/com.st.stm32cube.ide.mcu.externaltools.gnu-tools-for-stm32.12.3.rel1.win32_1.0.100.202403111256/tools/bin/../lib/gcc/arm-none-eabi/12.3.1/../../../../arm-none-eabi/lib/thumb/v7-m/nofp\libm.a(libm_a-e_sqrt.o)
                0x0800c35c                __ieee754_sqrt